cd /home/debarkak/Documents/GitHub/arkanaOS/src && wget -O wayland-1.24.0.tar.xz https://gitlab.freedesktop.org/wayland/wayland/-/releases/1.24.0/downloads/wayland-1.24.0.tar.xz && tar xf wayland-1.24.0.tar.xz
touch .wayland-obtained
mkdir -p /home/debarkak/Documents/GitHub/arkanaOS/src/wayland-1.24.0/build && cd /home/debarkak/Documents/GitHub/arkanaOS/src/wayland-1.24.0/build && meson setup --native-file /home/debarkak/Documents/GitHub/arkanaOS/src/cross_file.txt .. --prefix=/usr --buildtype=release -D documentation=false && ninja && \
DESTDIR=/home/debarkak/Documents/GitHub/arkanaOS/staging ninja install
touch .wayland-done
cd /home/debarkak/Documents/GitHub/arkanaOS/src && wget -O wayland-protocols-1.45.tar.xz https://gitlab.freedesktop.org/wayland/wayland-protocols/-/releases/1.45/downloads/wayland-protocols-1.45.tar.xz && tar xf wayland-protocols-1.45.tar.xz
touch .wayland-protocols-obtained
mkdir -p /home/debarkak/Documents/GitHub/arkanaOS/src/wayland-protocols-1.45/build && cd /home/debarkak/Documents/GitHub/arkanaOS/src/wayland-protocols-1.45/build && meson setup --native-file /home/debarkak/Documents/GitHub/arkanaOS/src/cross_file.txt .. --prefix=/usr --buildtype=release && ninja && \
DESTDIR=/home/debarkak/Documents/GitHub/arkanaOS/staging ninja install
touch .wayland-protocols-done
cd /home/debarkak/Documents/GitHub/arkanaOS/src && wget -O weston-14.0.2.tar.xz https://gitlab.freedesktop.org/wayland/weston/-/releases/14.0.2/downloads/weston-14.0.2.tar.xz && tar xf weston-14.0.2.tar.xz
touch .weston-obtained
mkdir -p /home/debarkak/Documents/GitHub/arkanaOS/src/weston-14.0.2/build && cd /home/debarkak/Documents/GitHub/arkanaOS/src/weston-14.0.2/build && meson setup --native-file /home/debarkak/Documents/GitHub/arkanaOS/src/cross_file.txt .. --prefix=/usr --buildtype=release -Ddemo-clients=false -Dbackend-vnc=false && \
DESTDIR=/home/debarkak/Documents/GitHub/arkanaOS/staging ninja install
touch .weston-done
cd /home/debarkak/Documents/GitHub/arkanaOS/src && wget -O libxkbcommon-1.11.0.tar.gz https://github.com/lfs-book/libxkbcommon/archive/v1.11.0/libxkbcommon-1.11.0.tar.gz && tar xf libxkbcommon-1.11.0.tar.gz
touch .libxkbcommon-obtained
mkdir -p /home/debarkak/Documents/GitHub/arkanaOS/src/libxkbcommon-1.11.0/build && cd /home/debarkak/Documents/GitHub/arkanaOS/src/libxkbcommon-1.11.0/build && meson setup --native-file /home/debarkak/Documents/GitHub/arkanaOS/src/cross_file.txt .. --prefix=/usr --buildtype=release -D enable-docs=false && ninja && \
DESTDIR=/home/debarkak/Documents/GitHub/arkanaOS/staging ninja install
touch .libxkbcommon-done
cd /home/debarkak/Documents/GitHub/arkanaOS/src && wget -O libunwind-1.8.3.tar.gz https://github.com/libunwind/libunwind/releases/download/v1.8.3/libunwind-1.8.3.tar.gz && tar xf libunwind-1.8.3.tar.gz
touch .libunwind-obtained
cd /home/debarkak/Documents/GitHub/arkanaOS/src/libunwind-1.8.3 && sed -i '/func.s/s/s//' tests/Gtest-nomalloc.c && ./configure --prefix=/usr --disable-static && make -j8 && \
make DESTDIR=/home/debarkak/Documents/GitHub/arkanaOS/staging install
bash: line 1: cd: /home/debarkak/Documents/GitHub/arkanaOS/src/libunwind-1.8.3: No such file or directory
make: *** [arkanas/06_graphics_ext.mk:164: .libunwind-done] Error 1
cd /home/debarkak/Documents/GitHub/arkanaOS/src && wget -O libwebp-1.6.0.tar.gz https://storage.googleapis.com/downloads.webmproject.org/releases/webp/libwebp-1.6.0.tar.gz && tar xf libwebp-1.6.0.tar.gz
touch .libwebp-obtained
cd /home/debarkak/Documents/GitHub/arkanaOS/src/libwebp-1.6.0 && ./configure --prefix=/usr --enable-libwebpmux --enable-libwebpdemux --enable-libwebpdecoder \
--enable-libwebpextras --enable-swap-16bit-csp --disable-static && make -j8 && make DESTDIR=/home/debarkak/Documents/GitHub/arkanaOS/staging install
bash: line 1: cd: /home/debarkak/Documents/GitHub/arkanaOS/src/libwebp-1.6.0: No such file or directory
make: *** [arkanas/06_graphics_ext.mk:175: .libwebp-done] Error 1
cd /home/debarkak/Documents/GitHub/arkanaOS/src && wget -O giflib-5.2.2.tar.gz https://sourceforge.net/projects/giflib/files/giflib-5.2.2.tar.gz && tar xf giflib-5.2.2.tar.gz
touch .giflib-obtained
cd /home/debarkak/Documents/GitHub/arkanaOS/src/giflib-5.2.2 && cp pic/gifgrid.gif doc/giflib-logo.gif && make -j8 && make PREFIX=/home/debarkak/Documents/GitHub/arkanaOS/staging/usr install
bash: line 1: cd: /home/debarkak/Documents/GitHub/arkanaOS/src/giflib-5.2.2: No such file or directory
make: *** [arkanas/06_graphics_ext.mk:186: .giflib-done] Error 1
cd /home/debarkak/Documents/GitHub/arkanaOS/src && wget -O libtiff-4.7.1.tar.gz https://download.osgeo.org/libtiff/tiff-4.7.1.tar.gz && tar xf libtiff-4.7.1.tar.gz
touch .libtiff-obtained
mkdir -p /home/debarkak/Documents/GitHub/arkanaOS/src/tiff-4.7.1/build && cd /home/debarkak/Documents/GitHub/arkanaOS/src/tiff-4.7.1/build && cmake -D CMAKE_INSTALL_PREFIX=/usr -D CMAKE_BUILD_TYPE=Release \
-W no-dev -G Ninja .. && ninja && DESTDIR=/home/debarkak/Documents/GitHub/arkanaOS/staging ninja install
touch .libtiff-done
cd /home/debarkak/Documents/GitHub/arkanaOS/src && wget -O libdeflate-1.24.tar.gz https://github.com/ebiggers/libdeflate/releases/download/v1.24/libdeflate-1.24.tar.gz && tar xf libdeflate-1.24.tar.gz
touch .libdeflate-obtained
cd /home/debarkak/Documents/GitHub/arkanaOS/src/libdeflate-1.24 && \
sed -i 's/#  define EVEX512.*/#  define EVEX512 ""/' lib/x86/cpu_features.h && \
sed -i 's/#  define NO_EVEX512.*/#  define NO_EVEX512 ""/' lib/x86/cpu_features.h && \
mkdir -p build && cd build && cmake -D CMAKE_INSTALL_PREFIX=/usr -D CMAKE_BUILD_TYPE=Release .. && \
make -j8 && make DESTDIR=/home/debarkak/Documents/GitHub/arkanaOS/staging install
bash: line 1: cd: /home/debarkak/Documents/GitHub/arkanaOS/src/libdeflate-1.24: No such file or directory
make: *** [arkanas/06_graphics_ext.mk:207: .libdeflate-done] Error 1
cd /home/debarkak/Documents/GitHub/arkanaOS/src && wget -O jbigkit-2.1.tar.gz https://www.cl.cam.ac.uk/~mgk25/jbigkit/download/jbigkit-2.1.tar.gz && tar xf jbigkit-2.1.tar.gz
touch .libjbig-obtained
cd /home/debarkak/Documents/GitHub/arkanaOS/src/jbigkit-2.1 && (curl -s -f https://gitlab.archlinux.org/archlinux/packaging/packages/jbigkit/-/raw/main/jbigkit-2.1-shared_lib.patch | patch -N -p1 || true) && make -j8 && cp -a libjbig/libjbig.so.2.1 /home/debarkak/Documents/GitHub/arkanaOS/staging/usr/lib && \
ln -sf libjbig.so.2.1 /home/debarkak/Documents/GitHub/arkanaOS/staging/usr/lib/libjbig.so
bash: line 1: cd: /home/debarkak/Documents/GitHub/arkanaOS/src/jbigkit-2.1: No such file or directory
make: *** [arkanas/06_graphics_ext.mk:222: .libjbig-done] Error 1
cd /home/debarkak/Documents/GitHub/arkanaOS/src && wget -O xwayland-24.1.9.tar.xz https://www.x.org/pub/individual/xserver/xwayland-24.1.9.tar.xz && tar xf xwayland-24.1.9.tar.xz
touch .xwayland-obtained
cd /home/debarkak/Documents/GitHub/arkanaOS/src/xwayland-24.1.9 && sed -i '/install_man/,$d' meson.build && mkdir -p build && cd build && meson setup --native-file /home/debarkak/Documents/GitHub/arkanaOS/src/cross_file.txt --prefix=/usr --buildtype=release -Dxkb_output_dir=/var/lib/xkb .. && \
ninja && DESTDIR=/home/debarkak/Documents/GitHub/arkanaOS/staging ninja install
touch .xwayland-done
cd /home/debarkak/Documents/GitHub/arkanaOS/src && wget -O libepoxy-1.5.10.tar.xz https://download.gnome.org/sources/libepoxy/1.5/libepoxy-1.5.10.tar.xz && tar xf libepoxy-1.5.10.tar.xz
touch .libepoxy-obtained
cd /home/debarkak/Documents/GitHub/arkanaOS/src/libepoxy-1.5.10 && mkdir -p build && cd build && meson setup --native-file /home/debarkak/Documents/GitHub/arkanaOS/src/cross_file.txt --prefix=/usr --buildtype=release .. && ninja && DESTDIR=/home/debarkak/Documents/GitHub/arkanaOS/staging ninja install
touch .libepoxy-done
cd /home/debarkak/Documents/GitHub/arkanaOS/src && wget -O labwc-0.9.3.tar.gz https://github.com/labwc/labwc/archive/refs/tags/0.9.3.tar.gz && tar xf labwc-0.9.3.tar.gz
touch .labwc-obtained
cd /home/debarkak/Documents/GitHub/arkanaOS/src && wget -O wlroots-0.19.0.tar.gz https://gitlab.freedesktop.org/wlroots/wlroots/-/archive/0.19.0/wlroots-0.19.0.tar.gz && tar xf wlroots-0.19.0.tar.gz
touch .wlroots-obtained
cd /home/debarkak/Documents/GitHub/arkanaOS/src && wget -O libdisplay-info-0.2.0.tar.gz https://gitlab.freedesktop.org/emersion/libdisplay-info/-/archive/0.2.0/libdisplay-info-0.2.0.tar.gz && tar xf libdisplay-info-0.2.0.tar.gz
touch .libdisplay-info-obtained
cd /home/debarkak/Documents/GitHub/arkanaOS/src/libdisplay-info-0.2.0 && mkdir -p build && cd build && meson setup --native-file /home/debarkak/Documents/GitHub/arkanaOS/src/cross_file.txt --prefix=/usr --buildtype=release .. && ninja && DESTDIR=/home/debarkak/Documents/GitHub/arkanaOS/staging ninja install
touch .libdisplay-info-done
cd /home/debarkak/Documents/GitHub/arkanaOS/src && wget -O seatd-0.9.2.tar.gz https://git.sr.ht/~kennylevinsen/seatd/archive/0.9.2.tar.gz && tar xf seatd-0.9.2.tar.gz
touch .seatd-obtained
cd /home/debarkak/Documents/GitHub/arkanaOS/src/seatd-0.9.2 && mkdir -p build && cd build && meson setup --native-file /home/debarkak/Documents/GitHub/arkanaOS/src/cross_file.txt --prefix=/usr --buildtype=release -Dc_args="-Uunix" -Dserver=enabled -Dlibseat-logind=disabled .. && ninja && DESTDIR=/home/debarkak/Documents/GitHub/arkanaOS/staging ninja install
# Generate a systemd service so that apps can obtain user sessions via it
echo '[Unit]' > /home/debarkak/Documents/GitHub/arkanaOS/staging/usr/lib/systemd/system/seatd.service
echo 'Description=Seat management daemon' >> /home/debarkak/Documents/GitHub/arkanaOS/staging/usr/lib/systemd/system/seatd.service
echo >> /home/debarkak/Documents/GitHub/arkanaOS/staging/usr/lib/systemd/system/seatd.service
echo '[Service]' >> /home/debarkak/Documents/GitHub/arkanaOS/staging/usr/lib/systemd/system/seatd.service
echo 'Type=simple' >> /home/debarkak/Documents/GitHub/arkanaOS/staging/usr/lib/systemd/system/seatd.service
echo 'ExecStart=/usr/bin/seatd -g video' >> /home/debarkak/Documents/GitHub/arkanaOS/staging/usr/lib/systemd/system/seatd.service
echo 'Restart=always' >> /home/debarkak/Documents/GitHub/arkanaOS/staging/usr/lib/systemd/system/seatd.service
echo >> /home/debarkak/Documents/GitHub/arkanaOS/staging/usr/lib/systemd/system/seatd.service
echo '[Install]' >> /home/debarkak/Documents/GitHub/arkanaOS/staging/usr/lib/systemd/system/seatd.service
echo 'WantedBy=multi-user.target' >> /home/debarkak/Documents/GitHub/arkanaOS/staging/usr/lib/systemd/system/seatd.service
ln -sf /usr/lib/systemd/system/seatd.service /home/debarkak/Documents/GitHub/arkanaOS/staging/etc/systemd/system/multi-user.target.wants/seatd.service
touch .seatd-done
cd /home/debarkak/Documents/GitHub/arkanaOS/src && wget -O hwdata-0.392.tar.gz https://github.com/vcrhonek/hwdata/archive/refs/tags/v0.392.tar.gz && tar xf hwdata-0.392.tar.gz
touch .hwdata-obtained
cd /home/debarkak/Documents/GitHub/arkanaOS/src/hwdata-0.392 && ./configure --prefix=/usr && make -j8 && make DESTDIR=/home/debarkak/Documents/GitHub/arkanaOS/staging install
bash: line 1: cd: /home/debarkak/Documents/GitHub/arkanaOS/src/hwdata-0.392: No such file or directory
make: *** [arkanas/06_graphics_ext.mk:268: .hwdata-done] Error 1
cd /home/debarkak/Documents/GitHub/arkanaOS/src/wlroots-0.19.0 && rm -rf build && mkdir -p build && cd build && \
PKG_CONFIG_PATH="/home/debarkak/Documents/GitHub/arkanaOS/staging/usr/lib/pkgconfig:/home/debarkak/Documents/GitHub/arkanaOS/staging/usr/share/pkgconfig" \
CFLAGS="-I/home/debarkak/Documents/GitHub/arkanaOS/staging/usr/include" LDFLAGS="-L/home/debarkak/Documents/GitHub/arkanaOS/staging/usr/lib" \
PKG_CONFIG_PATH="/home/debarkak/Documents/GitHub/arkanaOS/staging/usr/lib/pkgconfig:/home/debarkak/Documents/GitHub/arkanaOS/staging/usr/share/pkgconfig" \
meson setup --native-file /home/debarkak/Documents/GitHub/arkanaOS/src/cross_file.txt --prefix=/usr --buildtype=release -D backends=drm,libinput -D renderers=gles2 -D examples=false .. && ninja && DESTDIR=/home/debarkak/Documents/GitHub/arkanaOS/staging ninja install && \
sed -i 's|prefix=/usr|prefix=/home/debarkak/Documents/GitHub/arkanaOS/staging/usr|g' /home/debarkak/Documents/GitHub/arkanaOS/staging/usr/lib/pkgconfig/wlroots*.pc
touch .wlroots-done
cd /home/debarkak/Documents/GitHub/arkanaOS/src && wget -O xcb-util-wm-0.4.2.tar.xz https://xcb.freedesktop.org/dist/xcb-util-wm-0.4.2.tar.xz && tar xf xcb-util-wm-0.4.2.tar.xz
touch .xcb-util-wm-obtained
cd /home/debarkak/Documents/GitHub/arkanaOS/src/xcb-util-wm-0.4.2 && ./configure --prefix=/usr && make -j8 && make DESTDIR=/home/debarkak/Documents/GitHub/arkanaOS/staging install && \
sed -i 's|prefix=/usr|prefix=/home/debarkak/Documents/GitHub/arkanaOS/staging/usr|g' /home/debarkak/Documents/GitHub/arkanaOS/staging/usr/lib/pkgconfig/xcb-*.pc
bash: line 1: cd: /home/debarkak/Documents/GitHub/arkanaOS/src/xcb-util-wm-0.4.2: No such file or directory
make: *** [arkanas/06_graphics_ext.mk:293: .xcb-util-wm-done] Error 1
cd /home/debarkak/Documents/GitHub/arkanaOS/src && wget -O libsfdo-v0.1.3.tar.gz https://gitlab.freedesktop.org/vyivel/libsfdo/-/archive/v0.1.3/libsfdo-v0.1.3.tar.gz && tar xf libsfdo-v0.1.3.tar.gz
touch .libsfdo-obtained
cd /home/debarkak/Documents/GitHub/arkanaOS/src/libsfdo-v0.1.3 && mkdir -p build && cd build && meson setup --native-file /home/debarkak/Documents/GitHub/arkanaOS/src/cross_file.txt --prefix=/usr --buildtype=release .. && ninja && DESTDIR=/home/debarkak/Documents/GitHub/arkanaOS/staging ninja install && \
sed -i 's|prefix=/usr|prefix=/home/debarkak/Documents/GitHub/arkanaOS/staging/usr|g' /home/debarkak/Documents/GitHub/arkanaOS/staging/usr/lib/pkgconfig/libsfdo*.pc
touch .libsfdo-done
cd /home/debarkak/Documents/GitHub/arkanaOS/src && wget -O libxml2-2.14.5.tar.gz https://download.gnome.org/sources/libxml2/2.14/libxml2-2.14.5.tar.xz && tar xf libxml2-2.14.5.tar.gz
touch .libxml2-obtained
cd /home/debarkak/Documents/GitHub/arkanaOS/src/libxml2-2.14.5 && ./configure --prefix=/usr --sysconfdir=/etc --without-python && \
make -j8 && make DESTDIR=/home/debarkak/Documents/GitHub/arkanaOS/staging install
bash: line 1: cd: /home/debarkak/Documents/GitHub/arkanaOS/src/libxml2-2.14.5: No such file or directory
make: *** [arkanas/06_graphics_ext.mk:324: .libxml2-done] Error 1
cd /home/debarkak/Documents/GitHub/arkanaOS/src/labwc-0.9.3 && rm -rf build && mkdir -p build && cd build && \
PKG_CONFIG_PATH="/home/debarkak/Documents/GitHub/arkanaOS/staging/usr/lib/pkgconfig:/home/debarkak/Documents/GitHub/arkanaOS/staging/usr/share/pkgconfig" \
CFLAGS="-I/home/debarkak/Documents/GitHub/arkanaOS/staging/usr/include/wlroots-0.19 -I/home/debarkak/Documents/GitHub/arkanaOS/staging/usr/include -I/home/debarkak/Documents/GitHub/arkanaOS/staging/usr/include/pixman-1" \
LDFLAGS="-L/home/debarkak/Documents/GitHub/arkanaOS/staging/usr/lib -lwacom" \
PKG_CONFIG_PATH="/home/debarkak/Documents/GitHub/arkanaOS/staging/usr/lib/pkgconfig:/home/debarkak/Documents/GitHub/arkanaOS/staging/usr/share/pkgconfig" \
meson setup --prefix=/usr --native-file /home/debarkak/Documents/GitHub/arkanaOS/src/cross_file.txt -Dc_args="-Uunix" --buildtype=release --wrap-mode=nodownload .. && ninja && DESTDIR=/home/debarkak/Documents/GitHub/arkanaOS/staging ninja install
# Why is pam_systemd.so not doing this for us?
echo >> /home/debarkak/Documents/GitHub/arkanaOS/staging/etc/profile
echo '# Set XDG_RUNTIME_DIR if not already set by the system' >> /home/debarkak/Documents/GitHub/arkanaOS/staging/etc/profile
echo 'if [ -z "$XDG_RUNTIME_DIR" ]; then' >> /home/debarkak/Documents/GitHub/arkanaOS/staging/etc/profile
echo '    export XDG_RUNTIME_DIR="/run/user/$(id -u)"' >> /home/debarkak/Documents/GitHub/arkanaOS/staging/etc/profile
echo '    export DBUS_SESSION_BUS_ADDRESS="unix:path=/run/user/$(id -u)/bus"' >> /home/debarkak/Documents/GitHub/arkanaOS/staging/etc/profile
echo 'fi' >> /home/debarkak/Documents/GitHub/arkanaOS/staging/etc/profile
# You will have to create this for every new user.
mkdir -p /home/debarkak/Documents/GitHub/arkanaOS/staging/usr/lib/tmpfiles.d
echo '# Type  Path               Mode  UID   GID   Age  Argument' > /home/debarkak/Documents/GitHub/arkanaOS/staging/usr/lib/tmpfiles.d/user-runtime.conf
echo 'd       /run/user          0755  root  root  -' >> /home/debarkak/Documents/GitHub/arkanaOS/staging/usr/lib/tmpfiles.d/user-runtime.conf
echo 'd       /run/user/0        0700  root  root  -' >> /home/debarkak/Documents/GitHub/arkanaOS/staging/usr/lib/tmpfiles.d/user-runtime.conf
echo 'd       /run/user/1000     0700  1000  1000  -' >> /home/debarkak/Documents/GitHub/arkanaOS/staging/usr/lib/tmpfiles.d/user-runtime.conf
touch .labwc-done
