note: GCC 15 compatibility mode set
mkdir -p /build/arkana/src /build/arkana/staging /build/arkana/iso-staging /build/arkana/cpio-staging /build/arkana/output
for arkana in arkanas/*.mk; do \
	make -f $arkana || { echo "fatal: failed to make the $arkana arkana"; exit 1; } \
done
make[1]: Entering directory '/build/arkana'
mkdir -p /build/arkana/staging /build/arkana/output /build/arkana/src
mkdir -p /build/arkana/staging/{boot,dev,etc,home,mnt,opt,proc,root,run,sys,tmp,var}
mkdir -p /build/arkana/staging/usr/{bin,include,lib,local,share,src}
ln -sf bin /build/arkana/staging/usr/sbin
ln -sf lib /build/arkana/staging/usr/lib64
ln -sf lib /build/arkana/staging/usr/libexec
ln -sf usr/bin /build/arkana/staging/bin
ln -sf usr/bin /build/arkana/staging/sbin
ln -sf usr/lib /build/arkana/staging/lib
ln -sf usr/lib /build/arkana/staging/lib64
touch .dirs-done
BUILD=$(($(cat /build/arkana/.buildnum)+1)); \
echo "arkanaOS nightly ($(date +%Y%m%d)) (build $BUILD)" > /build/arkana/staging/etc/issue; \
echo $BUILD > /build/arkana/.buildnum
cd /build/arkana/src && wget -O gmp-6.3.0.tar.gz https://mirrors.ocf.berkeley.edu/gnu/gmp/gmp-6.3.0.tar.gz && tar xf gmp-6.3.0.tar.gz
--2026-08-05 12:21:01--  https://mirrors.ocf.berkeley.edu/gnu/gmp/gmp-6.3.0.tar.gz
Loaded CA certificate '/etc/ssl/certs/ca-certificates.crt'
Resolving mirrors.ocf.berkeley.edu (mirrors.ocf.berkeley.edu)... 169.229.200.70, 2607:f140:0:32::70
Connecting to mirrors.ocf.berkeley.edu (mirrors.ocf.berkeley.edu)|169.229.200.70|:443... connected.
HTTP request sent, awaiting response... 200 OK
Length: 3332377 (3.2M) [application/octet-stream]
Saving to: ‘gmp-6.3.0.tar.gz’

     0K .......... .......... .......... .......... ..........  1%  121K 26s
    50K .......... .......... .......... .......... ..........  3%  123K 26s
   100K .......... .......... .......... .......... ..........  4%  163K 23s
   150K .......... .......... .......... .......... ..........  6% 6.49M 17s
   200K .......... .......... .......... .......... ..........  7%  253K 16s
   250K .......... .......... .......... .......... ..........  9%  175M 13s
   300K .......... .......... .......... .......... .......... 10%  162K 14s
   350K .......... .......... .......... .......... .......... 12% 15.8M 12s
   400K .......... .......... .......... .......... .......... 13% 8.05M 10s
   450K .......... .......... .......... .......... .......... 15%  954K 9s
   500K .......... .......... .......... .......... .......... 16%  986K 9s
   550K .......... .......... .......... .......... .......... 18%  169K 9s
   600K .......... .......... .......... .......... .......... 19% 24.2M 8s
   650K .......... .......... .......... .......... .......... 21%  238M 7s
   700K .......... .......... .......... .......... .......... 23% 6.97M 7s
   750K .......... .......... .......... .......... .......... 24% 1.27M 6s
   800K .......... .......... .......... .......... .......... 26% 1.77M 6s
   850K .......... .......... .......... .......... .......... 27% 1.77M 6s
   900K .......... .......... .......... .......... .......... 29% 1.81M 5s
   950K .......... .......... .......... .......... .......... 30% 1.77M 5s
  1000K .......... .......... .......... .......... .......... 32% 1.77M 5s
  1050K .......... .......... .......... .......... .......... 33% 1.81M 4s
  1100K .......... .......... .......... .......... .......... 35%  253K 4s
  1150K .......... .......... .......... .......... .......... 36% 37.7M 4s
  1200K .......... .......... .......... .......... .......... 38% 42.3M 4s
  1250K .......... .......... .......... .......... .......... 39%  116M 4s
  1300K .......... .......... .......... .......... .......... 41% 3.17M 3s
  1350K .......... .......... .......... .......... .......... 43% 2.69M 3s
  1400K .......... .......... .......... .......... .......... 44% 2.81M 3s
  1450K .......... .......... .......... .......... .......... 46% 2.87M 3s
  1500K .......... .......... .......... .......... .......... 47% 3.03M 3s
  1550K .......... .......... .......... .......... .......... 49% 2.37M 3s
  1600K .......... .......... .......... .......... .......... 50% 3.07M 3s
  1650K .......... .......... .......... .......... .......... 52% 3.21M 2s
  1700K .......... .......... .......... .......... .......... 53% 3.17M 2s
  1750K .......... .......... .......... .......... .......... 55% 3.14M 2s
  1800K .......... .......... .......... .......... .......... 56% 3.15M 2s
  1850K .......... .......... .......... .......... .......... 58% 3.15M 2s
  1900K .......... .......... .......... .......... .......... 59% 3.14M 2s
  1950K .......... .......... .......... .......... .......... 61% 2.32M 2s
  2000K .......... .......... .......... .......... .......... 62%  289K 2s
  2050K .......... .......... .......... .......... .......... 64% 87.9M 2s
  2100K .......... .......... .......... .......... .......... 66% 58.3M 1s
  2150K .......... .......... .......... .......... .......... 67%  511M 1s
  2200K .......... .......... .......... .......... .......... 69% 72.1M 1s
  2250K .......... .......... .......... .......... .......... 70% 25.9M 1s
  2300K .......... .......... .......... .......... .......... 72%  515M 1s
  2350K .......... .......... .......... .......... .......... 73% 40.7M 1s
  2400K .......... .......... .......... .......... .......... 75% 31.0M 1s
  2450K .......... .......... .......... .......... .......... 76% 6.45M 1s
  2500K .......... .......... .......... .......... .......... 78% 4.89M 1s
  2550K .......... .......... .......... .......... .......... 79% 5.21M 1s
  2600K .......... .......... .......... .......... .......... 81% 5.21M 1s
  2650K .......... .......... .......... .......... .......... 82% 5.25M 1s
  2700K .......... .......... .......... .......... .......... 84% 5.73M 1s
  2750K .......... .......... .......... .......... .......... 86% 3.98M 0s
  2800K .......... .......... .......... .......... .......... 87% 5.75M 0s
  2850K .......... .......... .......... .......... .......... 89% 5.66M 0s
  2900K .......... .......... .......... .......... .......... 90% 5.49M 0s
  2950K .......... .......... .......... .......... .......... 92% 6.19M 0s
  3000K .......... .......... .......... .......... .......... 93% 5.89M 0s
  3050K .......... .......... .......... .......... .......... 95% 6.20M 0s
  3100K .......... .......... .......... .......... .......... 96% 5.64M 0s
  3150K .......... .......... .......... .......... .......... 98% 4.61M 0s
  3200K .......... .......... .......... .......... .......... 99% 6.85M 0s
  3250K ....                                                  100% 7.96T=3.0s

2026-08-05 12:21:06 (1.05 MB/s) - ‘gmp-6.3.0.tar.gz’ saved [3332377/3332377]

touch .gmp-obtained
cd /build/arkana/src/gmp-6.3.0 && ./configure --prefix=/usr --enable-cxx --docdir=/usr/share/doc/gmp-6.3.0 CFLAGS="-O2 -pedantic -fomit-frame-pointer -m64 -std=gnu17" && \
make -j8 && make DESTDIR=/build/arkana/staging install
checking build system type... x86_64-pc-linux-gnu
checking host system type... x86_64-pc-linux-gnu
checking for a BSD-compatible install... /usr/bin/install -c
checking whether build environment is sane... yes
checking for a thread-safe mkdir -p... /usr/bin/mkdir -p
checking for gawk... gawk
checking whether make sets $(MAKE)... yes
checking whether make supports nested variables... yes
checking whether to enable maintainer-specific portions of Makefiles... no
checking ABI=64
checking whether ccache gcc is gcc... yes
checking compiler ccache gcc -O2 -pedantic -fomit-frame-pointer -m64 -std=gnu17 ... yes
checking for gcc... ccache gcc
checking whether the C compiler works... yes
checking for C compiler default output file name... a.out
checking for suffix of executables... 
checking whether we are cross compiling... no
checking for suffix of object files... o
checking whether we are using the GNU C compiler... yes
checking whether ccache gcc accepts -g... yes
checking for ccache gcc option to accept ISO C89... none needed
checking whether ccache gcc understands -c and -o together... yes
checking for ccache gcc option to accept ISO C99... none needed
checking how to run the C preprocessor... ccache gcc -E
checking build system compiler ccache gcc... yes
checking for build system preprocessor... ccache gcc -E
checking for build system executable suffix... 
checking whether build system compiler is ANSI... yes
checking for build system compiler math library... -lm
checking whether we are using the GNU C++ compiler... yes
checking whether ccache g++ accepts -g... yes
checking C++ compiler ccache g++  -O2 -pedantic -fomit-frame-pointer -m64 -std=gnu17... yes
checking how to run the C++ preprocessor... ccache g++ -E
checking for grep that handles long lines and -e... /usr/bin/grep
checking for egrep... /usr/bin/grep -E
using ABI="64"
      CC="ccache gcc"
      CFLAGS="-O2 -pedantic -fomit-frame-pointer -m64 -std=gnu17"
      CPPFLAGS=""
      CXX="ccache g++"
      CXXFLAGS="-O2 -pedantic -fomit-frame-pointer -m64 -std=gnu17"
      MPN_PATH=" x86_64/k8 x86_64 generic"
checking whether assembler supports --noexecstack option... yes
checking for ar... ar
checking for BSD- or MS-compatible name lister (nm)... /usr/bin/nm -B
checking the name lister (/usr/bin/nm -B) interface... BSD nm
checking how to print strings... printf
checking for a sed that does not truncate output... /usr/bin/sed
checking for fgrep... /usr/bin/grep -F
checking for ld used by ccache gcc... /usr/bin/ld
checking if the linker (/usr/bin/ld) is GNU ld... yes
checking whether ln -s works... yes
checking the maximum length of command line arguments... 1572864
checking how to convert x86_64-pc-linux-gnu file names to x86_64-pc-linux-gnu format... func_convert_file_noop
checking how to convert x86_64-pc-linux-gnu file names to toolchain format... func_convert_file_noop
checking for /usr/bin/ld option to reload object files... -r
checking for objdump... objdump
checking how to recognize dependent libraries... pass_all
checking for dlltool... dlltool
checking how to associate runtime and link libraries... printf %s\n
checking for archiver @FILE support... @
checking for strip... strip
checking for ranlib... ranlib
checking command to parse /usr/bin/nm -B output from ccache gcc object... ok
checking for sysroot... no
checking for a working dd... /usr/bin/dd
checking how to truncate binary pipes... /usr/bin/dd bs=4096 count=1
checking for mt... no
checking if : is a manifest tool... no
checking for ANSI C header files... yes
checking for sys/types.h... yes
checking for sys/stat.h... yes
checking for stdlib.h... yes
checking for string.h... yes
checking for memory.h... yes
checking for strings.h... yes
checking for inttypes.h... yes
checking for stdint.h... yes
checking for unistd.h... yes
checking for dlfcn.h... yes
checking for objdir... .libs
checking if ccache gcc supports -fno-rtti -fno-exceptions... no
checking for ccache gcc option to produce PIC... -fPIC -DPIC
checking if ccache gcc PIC flag -fPIC -DPIC works... yes
checking if ccache gcc static flag -static works... yes
checking if ccache gcc supports -c -o file.o... yes
checking if ccache gcc supports -c -o file.o... (cached) yes
checking whether the ccache gcc linker (/usr/bin/ld -m elf_x86_64) supports shared libraries... yes
checking whether -lc should be explicitly linked in... no
checking dynamic linker characteristics... GNU/Linux ld.so
checking how to hardcode library paths into programs... immediate
checking whether stripping libraries is possible... yes
checking if libtool supports shared libraries... yes
checking whether to build shared libraries... yes
checking whether to build static libraries... yes
checking how to run the C++ preprocessor... ccache g++ -E
checking for ld used by ccache g++... /usr/bin/ld -m elf_x86_64
checking if the linker (/usr/bin/ld -m elf_x86_64) is GNU ld... yes
checking whether the ccache g++ linker (/usr/bin/ld -m elf_x86_64) supports shared libraries... yes
checking for ccache g++ option to produce PIC... -fPIC -DPIC
checking if ccache g++ PIC flag -fPIC -DPIC works... yes
checking if ccache g++ static flag -static works... yes
checking if ccache g++ supports -c -o file.o... yes
checking if ccache g++ supports -c -o file.o... (cached) yes
checking whether the ccache g++ linker (/usr/bin/ld -m elf_x86_64) supports shared libraries... yes
checking dynamic linker characteristics... (cached) GNU/Linux ld.so
checking how to hardcode library paths into programs... immediate
checking for ANSI C header files... (cached) yes
checking whether time.h and sys/time.h may both be included... yes
checking fcntl.h usability... yes
checking fcntl.h presence... yes
checking for fcntl.h... yes
checking float.h usability... yes
checking float.h presence... yes
checking for float.h... yes
checking invent.h usability... no
checking invent.h presence... no
checking for invent.h... no
checking langinfo.h usability... yes
checking langinfo.h presence... yes
checking for langinfo.h... yes
checking locale.h usability... yes
checking locale.h presence... yes
checking for locale.h... yes
checking nl_types.h usability... yes
checking nl_types.h presence... yes
checking for nl_types.h... yes
checking sys/attributes.h usability... no
checking sys/attributes.h presence... no
checking for sys/attributes.h... no
checking sys/iograph.h usability... no
checking sys/iograph.h presence... no
checking for sys/iograph.h... no
checking sys/mman.h usability... yes
checking sys/mman.h presence... yes
checking for sys/mman.h... yes
checking sys/param.h usability... yes
checking sys/param.h presence... yes
checking for sys/param.h... yes
checking sys/processor.h usability... no
checking sys/processor.h presence... no
checking for sys/processor.h... no
checking sys/pstat.h usability... no
checking sys/pstat.h presence... no
checking for sys/pstat.h... no
checking sys/sysinfo.h usability... yes
checking sys/sysinfo.h presence... yes
checking for sys/sysinfo.h... yes
checking sys/syssgi.h usability... no
checking sys/syssgi.h presence... no
checking for sys/syssgi.h... no
checking sys/systemcfg.h usability... no
checking sys/systemcfg.h presence... no
checking for sys/systemcfg.h... no
checking sys/time.h usability... yes
checking sys/time.h presence... yes
checking for sys/time.h... yes
checking sys/times.h usability... yes
checking sys/times.h presence... yes
checking for sys/times.h... yes
checking for sys/resource.h... yes
checking for sys/sysctl.h... no
checking for machine/hal_sysinfo.h... no
checking whether fgetc is declared... yes
checking whether fscanf is declared... yes
checking whether optarg is declared... yes
checking whether ungetc is declared... yes
checking whether vfprintf is declared... yes
checking whether sys_errlist is declared... no
checking whether sys_nerr is declared... no
checking return type of signal handlers... void
checking for intmax_t... yes
checking for long double... yes
checking for long long... yes
checking for ptrdiff_t... yes
checking for quad_t... yes
checking for uint_least32_t... yes
checking for intptr_t... yes
checking for working volatile... yes
checking for C/C++ restrict keyword... __restrict
checking whether gcc __attribute__ ((const)) works... yes
checking whether gcc __attribute__ ((malloc)) works... yes
checking whether gcc __attribute__ ((mode (XX))) works... yes
checking whether gcc __attribute__ ((noreturn)) works... yes
checking whether gcc hidden aliases work... yes
checking for inline... inline
checking for cos in -lm... yes
checking for working alloca.h... yes
checking for alloca (via gmp-impl.h)... yes
checking how to allocate temporary memory... alloca
checking whether byte ordering is bigendian... no
checking format of `double' floating point... IEEE little endian
checking for alarm... yes
checking for attr_get... no
checking for clock... yes
checking for cputime... no
checking for getpagesize... yes
checking for getrusage... yes
checking for gettimeofday... yes
checking for getsysinfo... no
checking for localeconv... yes
checking for memset... yes
checking for mmap... yes
checking for mprotect... yes
checking for nl_langinfo... yes
checking for obstack_vprintf... yes
checking for popen... yes
checking for processor_info... no
checking for pstat_getprocessor... no
checking for raise... yes
checking for read_real_time... no
checking for sigaction... yes
checking for sigaltstack... yes
checking for sigstack... yes
checking for syssgi... no
checking for strchr... yes
checking for strerror... yes
checking for strnlen... yes
checking for strtol... yes
checking for strtoul... yes
checking for sysconf... yes
checking for sysctl... no
checking for sysctlbyname... no
checking for times... yes
checking for library containing clock_gettime... none required
checking for vsnprintf... yes
checking whether vsnprintf works... yes
checking whether sscanf needs writable input... no
checking for struct pst_processor.psp_iticksperclktick... no
checking sstream usability... yes
checking sstream presence... yes
checking for sstream... yes
checking for std::locale... yes
checking for suitable m4... m4
checking if m4wrap produces spurious output... no
checking how to switch to text section... .text
checking how to switch to data section... .data
checking for assembler label suffix... :
checking for assembler global directive... .globl
checking for assembler global directive attribute... 
checking if globals are prefixed by underscore... no
checking how to switch to read-only data section... 	.section	.rodata
checking for assembler .type directive... .type	$1,@$2
checking for assembler .size directive... .size	$1,$2
checking for assembler local label prefix... .L
checking for assembler byte directive... .byte
checking how to define a 32-bit word... .long
checking if .align assembly directive is logarithmic... no
checking if the .align directive accepts an 0x90 fill in .text... yes
checking for assembler COFF type directives... no
checking size of void *... 8
checking size of unsigned short... 2
checking size of unsigned... 4
checking size of unsigned long... 8
checking size of mp_limb_t... 8
checking for stack_t... yes
checking for tputs in -lncurses... yes
checking for readline in -lreadline... yes
checking readline/readline.h usability... yes
checking readline/readline.h presence... yes
checking for readline/readline.h... yes
checking readline/history.h usability... yes
checking readline/history.h presence... yes
checking for readline/history.h... yes
checking readline detected... yes
checking for bison... bison -y
checking for flex... flex
checking lex output file root... lex.yy
checking lex library... -lfl
checking whether yytext is a pointer... yes
creating config.m4
checking that generated files are newer than configure... done
configure: creating ./config.status
config.status: creating demos/pexpr-config.h
config.status: creating demos/calc/calc-config.h
config.status: creating Makefile
config.status: creating mpf/Makefile
config.status: creating mpn/Makefile
config.status: creating mpq/Makefile
config.status: creating mpz/Makefile
config.status: creating printf/Makefile
config.status: creating scanf/Makefile
config.status: creating rand/Makefile
config.status: creating cxx/Makefile
config.status: creating tests/Makefile
config.status: creating tests/devel/Makefile
config.status: creating tests/mpf/Makefile
config.status: creating tests/mpn/Makefile
config.status: creating tests/mpq/Makefile
config.status: creating tests/mpz/Makefile
config.status: creating tests/rand/Makefile
config.status: creating tests/misc/Makefile
config.status: creating tests/cxx/Makefile
config.status: creating doc/Makefile
config.status: creating tune/Makefile
config.status: creating demos/Makefile
config.status: creating demos/calc/Makefile
config.status: creating demos/expr/Makefile
config.status: creating gmp.h
config.status: creating gmp.pc
config.status: creating gmpxx.pc
config.status: creating config.h
config.status: linking mpn/x86_64/invert_limb_table.asm to mpn/invert_limb_table.asm
config.status: linking mpn/generic/add.c to mpn/add.c
config.status: linking mpn/generic/add_1.c to mpn/add_1.c
config.status: linking mpn/x86_64/aors_n.asm to mpn/add_n.asm
config.status: linking mpn/generic/sub.c to mpn/sub.c
config.status: linking mpn/generic/sub_1.c to mpn/sub_1.c
config.status: linking mpn/x86_64/aors_n.asm to mpn/sub_n.asm
config.status: linking mpn/x86_64/cnd_aors_n.asm to mpn/cnd_add_n.asm
config.status: linking mpn/x86_64/cnd_aors_n.asm to mpn/cnd_sub_n.asm
config.status: linking mpn/generic/cnd_swap.c to mpn/cnd_swap.c
config.status: linking mpn/generic/neg.c to mpn/neg.c
config.status: linking mpn/x86_64/com.asm to mpn/com.asm
config.status: linking mpn/x86_64/mul_1.asm to mpn/mul_1.asm
config.status: linking mpn/x86_64/aorsmul_1.asm to mpn/addmul_1.asm
config.status: linking mpn/x86_64/aorsmul_1.asm to mpn/submul_1.asm
config.status: linking mpn/x86_64/aors_err1_n.asm to mpn/add_err1_n.asm
config.status: linking mpn/x86_64/aors_err2_n.asm to mpn/add_err2_n.asm
config.status: linking mpn/x86_64/aors_err3_n.asm to mpn/add_err3_n.asm
config.status: linking mpn/x86_64/aors_err1_n.asm to mpn/sub_err1_n.asm
config.status: linking mpn/x86_64/aors_err2_n.asm to mpn/sub_err2_n.asm
config.status: linking mpn/x86_64/aors_err3_n.asm to mpn/sub_err3_n.asm
config.status: linking mpn/x86_64/lshift.asm to mpn/lshift.asm
config.status: linking mpn/x86_64/rshift.asm to mpn/rshift.asm
config.status: linking mpn/x86_64/dive_1.asm to mpn/dive_1.asm
config.status: linking mpn/generic/diveby3.c to mpn/diveby3.c
config.status: linking mpn/generic/divis.c to mpn/divis.c
config.status: linking mpn/generic/divrem.c to mpn/divrem.c
config.status: linking mpn/x86_64/divrem_1.asm to mpn/divrem_1.asm
config.status: linking mpn/x86_64/divrem_2.asm to mpn/divrem_2.asm
config.status: linking mpn/generic/fib2_ui.c to mpn/fib2_ui.c
config.status: linking mpn/generic/fib2m.c to mpn/fib2m.c
config.status: linking mpn/generic/mod_1.c to mpn/mod_1.c
config.status: linking mpn/x86_64/mod_34lsub1.asm to mpn/mod_34lsub1.asm
config.status: linking mpn/x86_64/mode1o.asm to mpn/mode1o.asm
config.status: linking mpn/generic/pre_mod_1.c to mpn/pre_mod_1.c
config.status: linking mpn/generic/dump.c to mpn/dump.c
config.status: linking mpn/x86_64/mod_1_1.asm to mpn/mod_1_1.asm
config.status: linking mpn/x86_64/mod_1_2.asm to mpn/mod_1_2.asm
config.status: linking mpn/generic/mod_1_3.c to mpn/mod_1_3.c
config.status: linking mpn/x86_64/mod_1_4.asm to mpn/mod_1_4.asm
config.status: linking mpn/x86_64/lshiftc.asm to mpn/lshiftc.asm
config.status: linking mpn/generic/mul.c to mpn/mul.c
config.status: linking mpn/generic/mul_fft.c to mpn/mul_fft.c
config.status: linking mpn/generic/mul_n.c to mpn/mul_n.c
config.status: linking mpn/generic/sqr.c to mpn/sqr.c
config.status: linking mpn/x86_64/k8/mul_basecase.asm to mpn/mul_basecase.asm
config.status: linking mpn/x86_64/k8/sqr_basecase.asm to mpn/sqr_basecase.asm
config.status: linking mpn/generic/nussbaumer_mul.c to mpn/nussbaumer_mul.c
config.status: linking mpn/x86_64/k8/mulmid_basecase.asm to mpn/mulmid_basecase.asm
config.status: linking mpn/generic/toom42_mulmid.c to mpn/toom42_mulmid.c
config.status: linking mpn/generic/mulmid_n.c to mpn/mulmid_n.c
config.status: linking mpn/generic/mulmid.c to mpn/mulmid.c
config.status: linking mpn/generic/random.c to mpn/random.c
config.status: linking mpn/generic/random2.c to mpn/random2.c
config.status: linking mpn/generic/pow_1.c to mpn/pow_1.c
config.status: linking mpn/generic/rootrem.c to mpn/rootrem.c
config.status: linking mpn/generic/sqrtrem.c to mpn/sqrtrem.c
config.status: linking mpn/generic/sizeinbase.c to mpn/sizeinbase.c
config.status: linking mpn/generic/get_str.c to mpn/get_str.c
config.status: linking mpn/generic/set_str.c to mpn/set_str.c
config.status: linking mpn/generic/compute_powtab.c to mpn/compute_powtab.c
config.status: linking mpn/generic/scan0.c to mpn/scan0.c
config.status: linking mpn/generic/scan1.c to mpn/scan1.c
config.status: linking mpn/x86_64/popham.asm to mpn/popcount.asm
config.status: linking mpn/x86_64/popham.asm to mpn/hamdist.asm
config.status: linking mpn/generic/cmp.c to mpn/cmp.c
config.status: linking mpn/generic/zero_p.c to mpn/zero_p.c
config.status: linking mpn/generic/perfsqr.c to mpn/perfsqr.c
config.status: linking mpn/generic/perfpow.c to mpn/perfpow.c
config.status: linking mpn/generic/strongfibo.c to mpn/strongfibo.c
config.status: linking mpn/x86_64/gcd_11.asm to mpn/gcd_11.asm
config.status: linking mpn/x86_64/gcd_22.asm to mpn/gcd_22.asm
config.status: linking mpn/generic/gcd_1.c to mpn/gcd_1.c
config.status: linking mpn/generic/gcd.c to mpn/gcd.c
config.status: linking mpn/generic/gcdext_1.c to mpn/gcdext_1.c
config.status: linking mpn/generic/gcdext.c to mpn/gcdext.c
config.status: linking mpn/generic/gcd_subdiv_step.c to mpn/gcd_subdiv_step.c
config.status: linking mpn/generic/gcdext_lehmer.c to mpn/gcdext_lehmer.c
config.status: linking mpn/generic/div_q.c to mpn/div_q.c
config.status: linking mpn/generic/tdiv_qr.c to mpn/tdiv_qr.c
config.status: linking mpn/generic/jacbase.c to mpn/jacbase.c
config.status: linking mpn/generic/jacobi_2.c to mpn/jacobi_2.c
config.status: linking mpn/generic/jacobi.c to mpn/jacobi.c
config.status: linking mpn/generic/get_d.c to mpn/get_d.c
config.status: linking mpn/generic/matrix22_mul.c to mpn/matrix22_mul.c
config.status: linking mpn/generic/matrix22_mul1_inverse_vector.c to mpn/matrix22_mul1_inverse_vector.c
config.status: linking mpn/generic/hgcd_matrix.c to mpn/hgcd_matrix.c
config.status: linking mpn/generic/hgcd2.c to mpn/hgcd2.c
config.status: linking mpn/generic/hgcd_step.c to mpn/hgcd_step.c
config.status: linking mpn/generic/hgcd_reduce.c to mpn/hgcd_reduce.c
config.status: linking mpn/generic/hgcd.c to mpn/hgcd.c
config.status: linking mpn/generic/hgcd_appr.c to mpn/hgcd_appr.c
config.status: linking mpn/generic/hgcd2_jacobi.c to mpn/hgcd2_jacobi.c
config.status: linking mpn/generic/hgcd_jacobi.c to mpn/hgcd_jacobi.c
config.status: linking mpn/generic/mullo_n.c to mpn/mullo_n.c
config.status: linking mpn/x86_64/k8/mullo_basecase.asm to mpn/mullo_basecase.asm
config.status: linking mpn/generic/sqrlo.c to mpn/sqrlo.c
config.status: linking mpn/generic/sqrlo_basecase.c to mpn/sqrlo_basecase.c
config.status: linking mpn/generic/toom22_mul.c to mpn/toom22_mul.c
config.status: linking mpn/generic/toom32_mul.c to mpn/toom32_mul.c
config.status: linking mpn/generic/toom42_mul.c to mpn/toom42_mul.c
config.status: linking mpn/generic/toom52_mul.c to mpn/toom52_mul.c
config.status: linking mpn/generic/toom62_mul.c to mpn/toom62_mul.c
config.status: linking mpn/generic/toom33_mul.c to mpn/toom33_mul.c
config.status: linking mpn/generic/toom43_mul.c to mpn/toom43_mul.c
config.status: linking mpn/generic/toom53_mul.c to mpn/toom53_mul.c
config.status: linking mpn/generic/toom54_mul.c to mpn/toom54_mul.c
config.status: linking mpn/generic/toom63_mul.c to mpn/toom63_mul.c
config.status: linking mpn/generic/toom44_mul.c to mpn/toom44_mul.c
config.status: linking mpn/generic/toom6h_mul.c to mpn/toom6h_mul.c
config.status: linking mpn/generic/toom6_sqr.c to mpn/toom6_sqr.c
config.status: linking mpn/generic/toom8h_mul.c to mpn/toom8h_mul.c
config.status: linking mpn/generic/toom8_sqr.c to mpn/toom8_sqr.c
config.status: linking mpn/generic/toom_couple_handling.c to mpn/toom_couple_handling.c
config.status: linking mpn/generic/toom2_sqr.c to mpn/toom2_sqr.c
config.status: linking mpn/generic/toom3_sqr.c to mpn/toom3_sqr.c
config.status: linking mpn/generic/toom4_sqr.c to mpn/toom4_sqr.c
config.status: linking mpn/generic/toom_eval_dgr3_pm1.c to mpn/toom_eval_dgr3_pm1.c
config.status: linking mpn/generic/toom_eval_dgr3_pm2.c to mpn/toom_eval_dgr3_pm2.c
config.status: linking mpn/generic/toom_eval_pm1.c to mpn/toom_eval_pm1.c
config.status: linking mpn/generic/toom_eval_pm2.c to mpn/toom_eval_pm2.c
config.status: linking mpn/generic/toom_eval_pm2exp.c to mpn/toom_eval_pm2exp.c
config.status: linking mpn/generic/toom_eval_pm2rexp.c to mpn/toom_eval_pm2rexp.c
config.status: linking mpn/generic/toom_interpolate_5pts.c to mpn/toom_interpolate_5pts.c
config.status: linking mpn/generic/toom_interpolate_6pts.c to mpn/toom_interpolate_6pts.c
config.status: linking mpn/generic/toom_interpolate_7pts.c to mpn/toom_interpolate_7pts.c
config.status: linking mpn/generic/toom_interpolate_8pts.c to mpn/toom_interpolate_8pts.c
config.status: linking mpn/generic/toom_interpolate_12pts.c to mpn/toom_interpolate_12pts.c
config.status: linking mpn/generic/toom_interpolate_16pts.c to mpn/toom_interpolate_16pts.c
config.status: linking mpn/generic/invertappr.c to mpn/invertappr.c
config.status: linking mpn/generic/invert.c to mpn/invert.c
config.status: linking mpn/generic/binvert.c to mpn/binvert.c
config.status: linking mpn/generic/mulmod_bnm1.c to mpn/mulmod_bnm1.c
config.status: linking mpn/generic/sqrmod_bnm1.c to mpn/sqrmod_bnm1.c
config.status: linking mpn/generic/mulmod_bknp1.c to mpn/mulmod_bknp1.c
config.status: linking mpn/generic/div_qr_1.c to mpn/div_qr_1.c
config.status: linking mpn/x86_64/k8/div_qr_1n_pi1.asm to mpn/div_qr_1n_pi1.asm
config.status: linking mpn/generic/div_qr_2.c to mpn/div_qr_2.c
config.status: linking mpn/x86_64/div_qr_2n_pi1.asm to mpn/div_qr_2n_pi1.asm
config.status: linking mpn/x86_64/div_qr_2u_pi1.asm to mpn/div_qr_2u_pi1.asm
config.status: linking mpn/generic/sbpi1_div_q.c to mpn/sbpi1_div_q.c
config.status: linking mpn/generic/sbpi1_div_qr.c to mpn/sbpi1_div_qr.c
config.status: linking mpn/generic/sbpi1_divappr_q.c to mpn/sbpi1_divappr_q.c
config.status: linking mpn/generic/dcpi1_div_q.c to mpn/dcpi1_div_q.c
config.status: linking mpn/generic/dcpi1_div_qr.c to mpn/dcpi1_div_qr.c
config.status: linking mpn/generic/dcpi1_divappr_q.c to mpn/dcpi1_divappr_q.c
config.status: linking mpn/generic/mu_div_qr.c to mpn/mu_div_qr.c
config.status: linking mpn/generic/mu_divappr_q.c to mpn/mu_divappr_q.c
config.status: linking mpn/generic/mu_div_q.c to mpn/mu_div_q.c
config.status: linking mpn/x86_64/k8/bdiv_q_1.asm to mpn/bdiv_q_1.asm
config.status: linking mpn/generic/sbpi1_bdiv_q.c to mpn/sbpi1_bdiv_q.c
config.status: linking mpn/generic/sbpi1_bdiv_qr.c to mpn/sbpi1_bdiv_qr.c
config.status: linking mpn/generic/sbpi1_bdiv_r.c to mpn/sbpi1_bdiv_r.c
config.status: linking mpn/generic/dcpi1_bdiv_q.c to mpn/dcpi1_bdiv_q.c
config.status: linking mpn/generic/dcpi1_bdiv_qr.c to mpn/dcpi1_bdiv_qr.c
config.status: linking mpn/generic/mu_bdiv_q.c to mpn/mu_bdiv_q.c
config.status: linking mpn/generic/mu_bdiv_qr.c to mpn/mu_bdiv_qr.c
config.status: linking mpn/generic/bdiv_q.c to mpn/bdiv_q.c
config.status: linking mpn/generic/bdiv_qr.c to mpn/bdiv_qr.c
config.status: linking mpn/generic/broot.c to mpn/broot.c
config.status: linking mpn/generic/brootinv.c to mpn/brootinv.c
config.status: linking mpn/generic/bsqrt.c to mpn/bsqrt.c
config.status: linking mpn/generic/bsqrtinv.c to mpn/bsqrtinv.c
config.status: linking mpn/generic/divexact.c to mpn/divexact.c
config.status: linking mpn/x86_64/bdiv_dbm1c.asm to mpn/bdiv_dbm1c.asm
config.status: linking mpn/x86_64/k8/redc_1.asm to mpn/redc_1.asm
config.status: linking mpn/generic/redc_2.c to mpn/redc_2.c
config.status: linking mpn/generic/redc_n.c to mpn/redc_n.c
config.status: linking mpn/generic/powm.c to mpn/powm.c
config.status: linking mpn/generic/powlo.c to mpn/powlo.c
config.status: linking mpn/generic/sec_powm.c to mpn/sec_powm.c
config.status: linking mpn/generic/sec_mul.c to mpn/sec_mul.c
config.status: linking mpn/generic/sec_sqr.c to mpn/sec_sqr.c
config.status: linking mpn/generic/sec_div.c to mpn/sec_div_qr.c
config.status: linking mpn/generic/sec_div.c to mpn/sec_div_r.c
config.status: linking mpn/generic/sec_pi1_div.c to mpn/sec_pi1_div_qr.c
config.status: linking mpn/generic/sec_pi1_div.c to mpn/sec_pi1_div_r.c
config.status: linking mpn/generic/sec_aors_1.c to mpn/sec_add_1.c
config.status: linking mpn/generic/sec_aors_1.c to mpn/sec_sub_1.c
config.status: linking mpn/generic/sec_invert.c to mpn/sec_invert.c
config.status: linking mpn/generic/trialdiv.c to mpn/trialdiv.c
config.status: linking mpn/generic/remove.c to mpn/remove.c
config.status: linking mpn/x86_64/logops_n.asm to mpn/and_n.asm
config.status: linking mpn/x86_64/logops_n.asm to mpn/andn_n.asm
config.status: linking mpn/x86_64/logops_n.asm to mpn/nand_n.asm
config.status: linking mpn/x86_64/logops_n.asm to mpn/ior_n.asm
config.status: linking mpn/x86_64/logops_n.asm to mpn/iorn_n.asm
config.status: linking mpn/x86_64/logops_n.asm to mpn/nior_n.asm
config.status: linking mpn/x86_64/logops_n.asm to mpn/xor_n.asm
config.status: linking mpn/x86_64/logops_n.asm to mpn/xnor_n.asm
config.status: linking mpn/x86_64/copyi.asm to mpn/copyi.asm
config.status: linking mpn/x86_64/copyd.asm to mpn/copyd.asm
config.status: linking mpn/generic/zero.c to mpn/zero.c
config.status: linking mpn/x86_64/sec_tabselect.asm to mpn/sec_tabselect.asm
config.status: linking mpn/generic/comb_tables.c to mpn/comb_tables.c
config.status: linking mpn/x86_64/invert_limb.asm to mpn/invert_limb.asm
config.status: linking mpn/x86_64/sqr_diag_addlsh1.asm to mpn/sqr_diag_addlsh1.asm
config.status: linking mpn/x86_64/mul_2.asm to mpn/mul_2.asm
config.status: linking mpn/x86_64/k8/addmul_2.asm to mpn/addmul_2.asm
config.status: linking mpn/x86_64/aorrlsh1_n.asm to mpn/addlsh1_n.asm
config.status: linking mpn/x86_64/sublsh1_n.asm to mpn/sublsh1_n.asm
config.status: linking mpn/x86_64/aorrlsh1_n.asm to mpn/rsblsh1_n.asm
config.status: linking mpn/x86_64/rsh1aors_n.asm to mpn/rsh1add_n.asm
config.status: linking mpn/x86_64/rsh1aors_n.asm to mpn/rsh1sub_n.asm
config.status: linking mpn/x86_64/aorrlsh2_n.asm to mpn/addlsh2_n.asm
config.status: linking mpn/x86_64/aorrlsh2_n.asm to mpn/rsblsh2_n.asm
config.status: linking mpn/x86_64/k8/aorrlsh_n.asm to mpn/addlsh_n.asm
config.status: linking mpn/x86_64/k8/aorrlsh_n.asm to mpn/rsblsh_n.asm
config.status: linking mpn/generic/add_n_sub_n.c to mpn/add_n_sub_n.c
config.status: linking mpn/x86_64/k8/addaddmul_1msb0.asm to mpn/addaddmul_1msb0.asm
config.status: linking mpn/x86_64/k8/gmp-mparam.h to gmp-mparam.h
config.status: executing libtool commands
configure: summary of build options:

  Version:           GNU MP 6.3.0
  Host type:         x86_64-pc-linux-gnu
  ABI:               64
  Install prefix:    /usr
  Compiler:          ccache gcc
  Static libraries:  yes
  Shared libraries:  yes

make[2]: Entering directory '/build/arkana/src/gmp-6.3.0'
ccache gcc `test -f 'gen-fac.c' || echo './'`gen-fac.c -o gen-fac
ccache gcc `test -f 'gen-sieve.c' || echo './'`gen-sieve.c -o gen-sieve
ccache gcc `test -f 'gen-fib.c' || echo './'`gen-fib.c -o gen-fib
ccache gcc `test -f 'gen-bases.c' || echo './'`gen-bases.c -o gen-bases -lm
ccache gcc `test -f 'gen-trialdivtab.c' || echo './'`gen-trialdivtab.c -o gen-trialdivtab -lm
ccache gcc `test -f 'gen-jacobitab.c' || echo './'`gen-jacobitab.c -o gen-jacobitab
ccache gcc `test -f 'gen-psqr.c' || echo './'`gen-psqr.c -o gen-psqr -lm
./gen-jacobitab >mpn/jacobitab.h || (rm -f mpn/jacobitab.h; exit 1)
./gen-fac 64 0 >fac_table.h || (rm -f fac_table.h; exit 1)
./gen-bases header 64 0 >mp_bases.h || (rm -f mp_bases.h; exit 1)
./gen-bases table 64 0 >mpn/mp_bases.c || (rm -f mpn/mp_bases.c; exit 1)
./gen-trialdivtab 64 8000 >trialdivtab.h || (rm -f trialdivtab.h; exit 1)
./gen-sieve 64 >sieve_table.h || (rm -f sieve_table.h; exit 1)
./gen-psqr 64 0 >mpn/perfsqr.h || (rm -f mpn/perfsqr.h; exit 1)
./gen-fib header 64 0 >fib_table.h || (rm -f fib_table.h; exit 1)
./gen-fib table 64 0 >mpn/fib_table.c || (rm -f mpn/fib_table.c; exit 1)
make  all-recursive
make[3]: Entering directory '/build/arkana/src/gmp-6.3.0'
Making all in tests
make[4]: Entering directory '/build/arkana/src/gmp-6.3.0/tests'
Making all in .
make[5]: Entering directory '/build/arkana/src/gmp-6.3.0/tests'
make[5]: Nothing to be done for 'all-am'.
make[5]: Leaving directory '/build/arkana/src/gmp-6.3.0/tests'
Making all in devel
make[5]: Entering directory '/build/arkana/src/gmp-6.3.0/tests/devel'
make[5]: Nothing to be done for 'all'.
make[5]: Leaving directory '/build/arkana/src/gmp-6.3.0/tests/devel'
Making all in mpn
make[5]: Entering directory '/build/arkana/src/gmp-6.3.0/tests/mpn'
make[5]: Nothing to be done for 'all'.
make[5]: Leaving directory '/build/arkana/src/gmp-6.3.0/tests/mpn'
Making all in mpz
make[5]: Entering directory '/build/arkana/src/gmp-6.3.0/tests/mpz'
make[5]: Nothing to be done for 'all'.
make[5]: Leaving directory '/build/arkana/src/gmp-6.3.0/tests/mpz'
Making all in mpq
make[5]: Entering directory '/build/arkana/src/gmp-6.3.0/tests/mpq'
make[5]: Nothing to be done for 'all'.
make[5]: Leaving directory '/build/arkana/src/gmp-6.3.0/tests/mpq'
Making all in mpf
make[5]: Entering directory '/build/arkana/src/gmp-6.3.0/tests/mpf'
make[5]: Nothing to be done for 'all'.
make[5]: Leaving directory '/build/arkana/src/gmp-6.3.0/tests/mpf'
Making all in rand
make[5]: Entering directory '/build/arkana/src/gmp-6.3.0/tests/rand'
make[5]: Nothing to be done for 'all'.
make[5]: Leaving directory '/build/arkana/src/gmp-6.3.0/tests/rand'
Making all in misc
make[5]: Entering directory '/build/arkana/src/gmp-6.3.0/tests/misc'
make[5]: Nothing to be done for 'all'.
make[5]: Leaving directory '/build/arkana/src/gmp-6.3.0/tests/misc'
Making all in cxx
make[5]: Entering directory '/build/arkana/src/gmp-6.3.0/tests/cxx'
make[5]: Nothing to be done for 'all'.
make[5]: Leaving directory '/build/arkana/src/gmp-6.3.0/tests/cxx'
make[4]: Leaving directory '/build/arkana/src/gmp-6.3.0/tests'
Making all in mpn
make[4]: Entering directory '/build/arkana/src/gmp-6.3.0/mpn'
/bin/sh ../libtool  --tag=CC   --mode=compile ccache gcc -DHAVE_CONFIG_H -I. -I..  -D__GMP_WITHIN_GMP -I.. -DOPERATION_`echo fib_table | sed 's/_$//'`   -O2 -pedantic -fomit-frame-pointer -m64 -std=gnu17 -c -o fib_table.lo fib_table.c
/bin/sh ../libtool  --tag=CC   --mode=compile ccache gcc -DHAVE_CONFIG_H -I. -I..  -D__GMP_WITHIN_GMP -I.. -DOPERATION_`echo mp_bases | sed 's/_$//'`   -O2 -pedantic -fomit-frame-pointer -m64 -std=gnu17 -c -o mp_bases.lo mp_bases.c
/bin/sh ../libtool --mode=compile --tag=CC ../mpn/m4-ccas --m4="m4" ccache gcc -c -DHAVE_CONFIG_H -I. -I..  -D__GMP_WITHIN_GMP -I.. -DOPERATION_`echo invert_limb_table | sed 's/_$//'`   -O2 -pedantic -fomit-frame-pointer -m64 -std=gnu17 -Wa,--noexecstack `test -f 'invert_limb_table.asm' || echo './'`invert_limb_table.asm
/bin/sh ../libtool  --tag=CC   --mode=compile ccache gcc -DHAVE_CONFIG_H -I. -I..  -D__GMP_WITHIN_GMP -I.. -DOPERATION_`echo add | sed 's/_$//'`   -O2 -pedantic -fomit-frame-pointer -m64 -std=gnu17 -c -o add.lo add.c
/bin/sh ../libtool  --tag=CC   --mode=compile ccache gcc -DHAVE_CONFIG_H -I. -I..  -D__GMP_WITHIN_GMP -I.. -DOPERATION_`echo add_1 | sed 's/_$//'`   -O2 -pedantic -fomit-frame-pointer -m64 -std=gnu17 -c -o add_1.lo add_1.c
/bin/sh ../libtool --mode=compile --tag=CC ../mpn/m4-ccas --m4="m4" ccache gcc -c -DHAVE_CONFIG_H -I. -I..  -D__GMP_WITHIN_GMP -I.. -DOPERATION_`echo add_n | sed 's/_$//'`   -O2 -pedantic -fomit-frame-pointer -m64 -std=gnu17 -Wa,--noexecstack `test -f 'add_n.asm' || echo './'`add_n.asm
/bin/sh ../libtool  --tag=CC   --mode=compile ccache gcc -DHAVE_CONFIG_H -I. -I..  -D__GMP_WITHIN_GMP -I.. -DOPERATION_`echo sub | sed 's/_$//'`   -O2 -pedantic -fomit-frame-pointer -m64 -std=gnu17 -c -o sub.lo sub.c
/bin/sh ../libtool  --tag=CC   --mode=compile ccache gcc -DHAVE_CONFIG_H -I. -I..  -D__GMP_WITHIN_GMP -I.. -DOPERATION_`echo sub_1 | sed 's/_$//'`   -O2 -pedantic -fomit-frame-pointer -m64 -std=gnu17 -c -o sub_1.lo sub_1.c
libtool: compile:  ccache gcc -DHAVE_CONFIG_H -I. -I.. -D__GMP_WITHIN_GMP -I.. -DOPERATION_sub -O2 -pedantic -fomit-frame-pointer -m64 -std=gnu17 -c sub.c  -fPIC -DPIC -o .libs/sub.o
libtool: compile:  ccache gcc -DHAVE_CONFIG_H -I. -I.. -D__GMP_WITHIN_GMP -I.. -DOPERATION_fib_table -O2 -pedantic -fomit-frame-pointer -m64 -std=gnu17 -c fib_table.c  -fPIC -DPIC -o .libs/fib_table.o
libtool: compile:  ccache gcc -DHAVE_CONFIG_H -I. -I.. -D__GMP_WITHIN_GMP -I.. -DOPERATION_add_1 -O2 -pedantic -fomit-frame-pointer -m64 -std=gnu17 -c add_1.c  -fPIC -DPIC -o .libs/add_1.o
libtool: compile:  ccache gcc -DHAVE_CONFIG_H -I. -I.. -D__GMP_WITHIN_GMP -I.. -DOPERATION_add -O2 -pedantic -fomit-frame-pointer -m64 -std=gnu17 -c add.c  -fPIC -DPIC -o .libs/add.o
libtool: compile:  ccache gcc -DHAVE_CONFIG_H -I. -I.. -D__GMP_WITHIN_GMP -I.. -DOPERATION_sub_1 -O2 -pedantic -fomit-frame-pointer -m64 -std=gnu17 -c sub_1.c  -fPIC -DPIC -o .libs/sub_1.o
libtool: compile:  ccache gcc -DHAVE_CONFIG_H -I. -I.. -D__GMP_WITHIN_GMP -I.. -DOPERATION_mp_bases -O2 -pedantic -fomit-frame-pointer -m64 -std=gnu17 -c mp_bases.c  -fPIC -DPIC -o .libs/mp_bases.o
libtool: compile:  ../mpn/m4-ccas --m4=m4 ccache gcc -c -DHAVE_CONFIG_H -I. -I.. -D__GMP_WITHIN_GMP -I.. -DOPERATION_invert_limb_table -O2 -pedantic -fomit-frame-pointer -m64 -std=gnu17 -Wa,--noexecstack invert_limb_table.asm  -fPIC -DPIC -o .libs/invert_limb_table.o
libtool: compile:  ../mpn/m4-ccas --m4=m4 ccache gcc -c -DHAVE_CONFIG_H -I. -I.. -D__GMP_WITHIN_GMP -I.. -DOPERATION_add_n -O2 -pedantic -fomit-frame-pointer -m64 -std=gnu17 -Wa,--noexecstack add_n.asm  -fPIC -DPIC -o .libs/add_n.o
m4  -DHAVE_CONFIG_H -D__GMP_WITHIN_GMP -DOPERATION_invert_limb_table -DPIC invert_limb_table.asm >tmp-invert_limb_table.s
m4  -DHAVE_CONFIG_H -D__GMP_WITHIN_GMP -DOPERATION_add_n -DPIC add_n.asm >tmp-add_n.s
 ccache gcc -c -DHAVE_CONFIG_H -I. -I.. -D__GMP_WITHIN_GMP -I.. -DOPERATION_invert_limb_table -O2 -pedantic -fomit-frame-pointer -m64 -std=gnu17 -Wa,--noexecstack tmp-invert_limb_table.s -fPIC -DPIC -o .libs/invert_limb_table.o
 ccache gcc -c -DHAVE_CONFIG_H -I. -I.. -D__GMP_WITHIN_GMP -I.. -DOPERATION_add_n -O2 -pedantic -fomit-frame-pointer -m64 -std=gnu17 -Wa,--noexecstack tmp-add_n.s -fPIC -DPIC -o .libs/add_n.o
libtool: compile:  ../mpn/m4-ccas --m4=m4 ccache gcc -c -DHAVE_CONFIG_H -I. -I.. -D__GMP_WITHIN_GMP -I.. -DOPERATION_add_n -O2 -pedantic -fomit-frame-pointer -m64 -std=gnu17 -Wa,--noexecstack add_n.asm -o add_n.o >/dev/null 2>&1
libtool: compile:  ../mpn/m4-ccas --m4=m4 ccache gcc -c -DHAVE_CONFIG_H -I. -I.. -D__GMP_WITHIN_GMP -I.. -DOPERATION_invert_limb_table -O2 -pedantic -fomit-frame-pointer -m64 -std=gnu17 -Wa,--noexecstack invert_limb_table.asm -o invert_limb_table.o >/dev/null 2>&1
libtool: compile:  ccache gcc -DHAVE_CONFIG_H -I. -I.. -D__GMP_WITHIN_GMP -I.. -DOPERATION_fib_table -O2 -pedantic -fomit-frame-pointer -m64 -std=gnu17 -c fib_table.c -o fib_table.o >/dev/null 2>&1
libtool: compile:  ccache gcc -DHAVE_CONFIG_H -I. -I.. -D__GMP_WITHIN_GMP -I.. -DOPERATION_mp_bases -O2 -pedantic -fomit-frame-pointer -m64 -std=gnu17 -c mp_bases.c -o mp_bases.o >/dev/null 2>&1
libtool: compile:  ccache gcc -DHAVE_CONFIG_H -I. -I.. -D__GMP_WITHIN_GMP -I.. -DOPERATION_add_1 -O2 -pedantic -fomit-frame-pointer -m64 -std=gnu17 -c add_1.c -o add_1.o >/dev/null 2>&1
/bin/sh ../libtool --mode=compile --tag=CC ../mpn/m4-ccas --m4="m4" ccache gcc -c -DHAVE_CONFIG_H -I. -I..  -D__GMP_WITHIN_GMP -I.. -DOPERATION_`echo sub_n | sed 's/_$//'`   -O2 -pedantic -fomit-frame-pointer -m64 -std=gnu17 -Wa,--noexecstack `test -f 'sub_n.asm' || echo './'`sub_n.asm
libtool: compile:  ccache gcc -DHAVE_CONFIG_H -I. -I.. -D__GMP_WITHIN_GMP -I.. -DOPERATION_add -O2 -pedantic -fomit-frame-pointer -m64 -std=gnu17 -c add.c -o add.o >/dev/null 2>&1
/bin/sh ../libtool --mode=compile --tag=CC ../mpn/m4-ccas --m4="m4" ccache gcc -c -DHAVE_CONFIG_H -I. -I..  -D__GMP_WITHIN_GMP -I.. -DOPERATION_`echo cnd_add_n | sed 's/_$//'`   -O2 -pedantic -fomit-frame-pointer -m64 -std=gnu17 -Wa,--noexecstack `test -f 'cnd_add_n.asm' || echo './'`cnd_add_n.asm
libtool: compile:  ccache gcc -DHAVE_CONFIG_H -I. -I.. -D__GMP_WITHIN_GMP -I.. -DOPERATION_sub -O2 -pedantic -fomit-frame-pointer -m64 -std=gnu17 -c sub.c -o sub.o >/dev/null 2>&1
libtool: compile:  ccache gcc -DHAVE_CONFIG_H -I. -I.. -D__GMP_WITHIN_GMP -I.. -DOPERATION_sub_1 -O2 -pedantic -fomit-frame-pointer -m64 -std=gnu17 -c sub_1.c -o sub_1.o >/dev/null 2>&1
libtool: compile:  ../mpn/m4-ccas --m4=m4 ccache gcc -c -DHAVE_CONFIG_H -I. -I.. -D__GMP_WITHIN_GMP -I.. -DOPERATION_sub_n -O2 -pedantic -fomit-frame-pointer -m64 -std=gnu17 -Wa,--noexecstack sub_n.asm  -fPIC -DPIC -o .libs/sub_n.o
libtool: compile:  ../mpn/m4-ccas --m4=m4 ccache gcc -c -DHAVE_CONFIG_H -I. -I.. -D__GMP_WITHIN_GMP -I.. -DOPERATION_cnd_add_n -O2 -pedantic -fomit-frame-pointer -m64 -std=gnu17 -Wa,--noexecstack cnd_add_n.asm  -fPIC -DPIC -o .libs/cnd_add_n.o
m4  -DHAVE_CONFIG_H -D__GMP_WITHIN_GMP -DOPERATION_sub_n -DPIC sub_n.asm >tmp-sub_n.s
/bin/sh ../libtool --mode=compile --tag=CC ../mpn/m4-ccas --m4="m4" ccache gcc -c -DHAVE_CONFIG_H -I. -I..  -D__GMP_WITHIN_GMP -I.. -DOPERATION_`echo cnd_sub_n | sed 's/_$//'`   -O2 -pedantic -fomit-frame-pointer -m64 -std=gnu17 -Wa,--noexecstack `test -f 'cnd_sub_n.asm' || echo './'`cnd_sub_n.asm
/bin/sh ../libtool  --tag=CC   --mode=compile ccache gcc -DHAVE_CONFIG_H -I. -I..  -D__GMP_WITHIN_GMP -I.. -DOPERATION_`echo cnd_swap | sed 's/_$//'`   -O2 -pedantic -fomit-frame-pointer -m64 -std=gnu17 -c -o cnd_swap.lo cnd_swap.c
m4  -DHAVE_CONFIG_H -D__GMP_WITHIN_GMP -DOPERATION_cnd_add_n -DPIC cnd_add_n.asm >tmp-cnd_add_n.s
 ccache gcc -c -DHAVE_CONFIG_H -I. -I.. -D__GMP_WITHIN_GMP -I.. -DOPERATION_sub_n -O2 -pedantic -fomit-frame-pointer -m64 -std=gnu17 -Wa,--noexecstack tmp-sub_n.s -fPIC -DPIC -o .libs/sub_n.o
/bin/sh ../libtool  --tag=CC   --mode=compile ccache gcc -DHAVE_CONFIG_H -I. -I..  -D__GMP_WITHIN_GMP -I.. -DOPERATION_`echo neg | sed 's/_$//'`   -O2 -pedantic -fomit-frame-pointer -m64 -std=gnu17 -c -o neg.lo neg.c
/bin/sh ../libtool --mode=compile --tag=CC ../mpn/m4-ccas --m4="m4" ccache gcc -c -DHAVE_CONFIG_H -I. -I..  -D__GMP_WITHIN_GMP -I.. -DOPERATION_`echo com | sed 's/_$//'`   -O2 -pedantic -fomit-frame-pointer -m64 -std=gnu17 -Wa,--noexecstack `test -f 'com.asm' || echo './'`com.asm
 ccache gcc -c -DHAVE_CONFIG_H -I. -I.. -D__GMP_WITHIN_GMP -I.. -DOPERATION_cnd_add_n -O2 -pedantic -fomit-frame-pointer -m64 -std=gnu17 -Wa,--noexecstack tmp-cnd_add_n.s -fPIC -DPIC -o .libs/cnd_add_n.o
libtool: compile:  ../mpn/m4-ccas --m4=m4 ccache gcc -c -DHAVE_CONFIG_H -I. -I.. -D__GMP_WITHIN_GMP -I.. -DOPERATION_sub_n -O2 -pedantic -fomit-frame-pointer -m64 -std=gnu17 -Wa,--noexecstack sub_n.asm -o sub_n.o >/dev/null 2>&1
/bin/sh ../libtool --mode=compile --tag=CC ../mpn/m4-ccas --m4="m4" ccache gcc -c -DHAVE_CONFIG_H -I. -I..  -D__GMP_WITHIN_GMP -I.. -DOPERATION_`echo mul_1 | sed 's/_$//'`   -O2 -pedantic -fomit-frame-pointer -m64 -std=gnu17 -Wa,--noexecstack `test -f 'mul_1.asm' || echo './'`mul_1.asm
/bin/sh ../libtool --mode=compile --tag=CC ../mpn/m4-ccas --m4="m4" ccache gcc -c -DHAVE_CONFIG_H -I. -I..  -D__GMP_WITHIN_GMP -I.. -DOPERATION_`echo addmul_1 | sed 's/_$//'`   -O2 -pedantic -fomit-frame-pointer -m64 -std=gnu17 -Wa,--noexecstack `test -f 'addmul_1.asm' || echo './'`addmul_1.asm
libtool: compile:  ../mpn/m4-ccas --m4=m4 ccache gcc -c -DHAVE_CONFIG_H -I. -I.. -D__GMP_WITHIN_GMP -I.. -DOPERATION_cnd_add_n -O2 -pedantic -fomit-frame-pointer -m64 -std=gnu17 -Wa,--noexecstack cnd_add_n.asm -o cnd_add_n.o >/dev/null 2>&1
libtool: compile:  ccache gcc -DHAVE_CONFIG_H -I. -I.. -D__GMP_WITHIN_GMP -I.. -DOPERATION_cnd_swap -O2 -pedantic -fomit-frame-pointer -m64 -std=gnu17 -c cnd_swap.c  -fPIC -DPIC -o .libs/cnd_swap.o
libtool: compile:  ../mpn/m4-ccas --m4=m4 ccache gcc -c -DHAVE_CONFIG_H -I. -I.. -D__GMP_WITHIN_GMP -I.. -DOPERATION_cnd_sub_n -O2 -pedantic -fomit-frame-pointer -m64 -std=gnu17 -Wa,--noexecstack cnd_sub_n.asm  -fPIC -DPIC -o .libs/cnd_sub_n.o
libtool: compile:  ccache gcc -DHAVE_CONFIG_H -I. -I.. -D__GMP_WITHIN_GMP -I.. -DOPERATION_neg -O2 -pedantic -fomit-frame-pointer -m64 -std=gnu17 -c neg.c  -fPIC -DPIC -o .libs/neg.o
m4  -DHAVE_CONFIG_H -D__GMP_WITHIN_GMP -DOPERATION_cnd_sub_n -DPIC cnd_sub_n.asm >tmp-cnd_sub_n.s
libtool: compile:  ../mpn/m4-ccas --m4=m4 ccache gcc -c -DHAVE_CONFIG_H -I. -I.. -D__GMP_WITHIN_GMP -I.. -DOPERATION_com -O2 -pedantic -fomit-frame-pointer -m64 -std=gnu17 -Wa,--noexecstack com.asm  -fPIC -DPIC -o .libs/com.o
 ccache gcc -c -DHAVE_CONFIG_H -I. -I.. -D__GMP_WITHIN_GMP -I.. -DOPERATION_cnd_sub_n -O2 -pedantic -fomit-frame-pointer -m64 -std=gnu17 -Wa,--noexecstack tmp-cnd_sub_n.s -fPIC -DPIC -o .libs/cnd_sub_n.o
libtool: compile:  ../mpn/m4-ccas --m4=m4 ccache gcc -c -DHAVE_CONFIG_H -I. -I.. -D__GMP_WITHIN_GMP -I.. -DOPERATION_addmul_1 -O2 -pedantic -fomit-frame-pointer -m64 -std=gnu17 -Wa,--noexecstack addmul_1.asm  -fPIC -DPIC -o .libs/addmul_1.o
m4  -DHAVE_CONFIG_H -D__GMP_WITHIN_GMP -DOPERATION_com -DPIC com.asm >tmp-com.s
/bin/sh ../libtool --mode=compile --tag=CC ../mpn/m4-ccas --m4="m4" ccache gcc -c -DHAVE_CONFIG_H -I. -I..  -D__GMP_WITHIN_GMP -I.. -DOPERATION_`echo submul_1 | sed 's/_$//'`   -O2 -pedantic -fomit-frame-pointer -m64 -std=gnu17 -Wa,--noexecstack `test -f 'submul_1.asm' || echo './'`submul_1.asm
libtool: compile:  ../mpn/m4-ccas --m4=m4 ccache gcc -c -DHAVE_CONFIG_H -I. -I.. -D__GMP_WITHIN_GMP -I.. -DOPERATION_mul_1 -O2 -pedantic -fomit-frame-pointer -m64 -std=gnu17 -Wa,--noexecstack mul_1.asm  -fPIC -DPIC -o .libs/mul_1.o
m4  -DHAVE_CONFIG_H -D__GMP_WITHIN_GMP -DOPERATION_addmul_1 -DPIC addmul_1.asm >tmp-addmul_1.s
libtool: compile:  ../mpn/m4-ccas --m4=m4 ccache gcc -c -DHAVE_CONFIG_H -I. -I.. -D__GMP_WITHIN_GMP -I.. -DOPERATION_cnd_sub_n -O2 -pedantic -fomit-frame-pointer -m64 -std=gnu17 -Wa,--noexecstack cnd_sub_n.asm -o cnd_sub_n.o >/dev/null 2>&1
 ccache gcc -c -DHAVE_CONFIG_H -I. -I.. -D__GMP_WITHIN_GMP -I.. -DOPERATION_com -O2 -pedantic -fomit-frame-pointer -m64 -std=gnu17 -Wa,--noexecstack tmp-com.s -fPIC -DPIC -o .libs/com.o
/bin/sh ../libtool --mode=compile --tag=CC ../mpn/m4-ccas --m4="m4" ccache gcc -c -DHAVE_CONFIG_H -I. -I..  -D__GMP_WITHIN_GMP -I.. -DOPERATION_`echo add_err1_n | sed 's/_$//'`   -O2 -pedantic -fomit-frame-pointer -m64 -std=gnu17 -Wa,--noexecstack `test -f 'add_err1_n.asm' || echo './'`add_err1_n.asm
 ccache gcc -c -DHAVE_CONFIG_H -I. -I.. -D__GMP_WITHIN_GMP -I.. -DOPERATION_addmul_1 -O2 -pedantic -fomit-frame-pointer -m64 -std=gnu17 -Wa,--noexecstack tmp-addmul_1.s -fPIC -DPIC -o .libs/addmul_1.o
m4  -DHAVE_CONFIG_H -D__GMP_WITHIN_GMP -DOPERATION_mul_1 -DPIC mul_1.asm >tmp-mul_1.s
libtool: compile:  ../mpn/m4-ccas --m4=m4 ccache gcc -c -DHAVE_CONFIG_H -I. -I.. -D__GMP_WITHIN_GMP -I.. -DOPERATION_com -O2 -pedantic -fomit-frame-pointer -m64 -std=gnu17 -Wa,--noexecstack com.asm -o com.o >/dev/null 2>&1
 ccache gcc -c -DHAVE_CONFIG_H -I. -I.. -D__GMP_WITHIN_GMP -I.. -DOPERATION_mul_1 -O2 -pedantic -fomit-frame-pointer -m64 -std=gnu17 -Wa,--noexecstack tmp-mul_1.s -fPIC -DPIC -o .libs/mul_1.o
libtool: compile:  ../mpn/m4-ccas --m4=m4 ccache gcc -c -DHAVE_CONFIG_H -I. -I.. -D__GMP_WITHIN_GMP -I.. -DOPERATION_addmul_1 -O2 -pedantic -fomit-frame-pointer -m64 -std=gnu17 -Wa,--noexecstack addmul_1.asm -o addmul_1.o >/dev/null 2>&1
libtool: compile:  ../mpn/m4-ccas --m4=m4 ccache gcc -c -DHAVE_CONFIG_H -I. -I.. -D__GMP_WITHIN_GMP -I.. -DOPERATION_submul_1 -O2 -pedantic -fomit-frame-pointer -m64 -std=gnu17 -Wa,--noexecstack submul_1.asm  -fPIC -DPIC -o .libs/submul_1.o
libtool: compile:  ../mpn/m4-ccas --m4=m4 ccache gcc -c -DHAVE_CONFIG_H -I. -I.. -D__GMP_WITHIN_GMP -I.. -DOPERATION_mul_1 -O2 -pedantic -fomit-frame-pointer -m64 -std=gnu17 -Wa,--noexecstack mul_1.asm -o mul_1.o >/dev/null 2>&1
libtool: compile:  ../mpn/m4-ccas --m4=m4 ccache gcc -c -DHAVE_CONFIG_H -I. -I.. -D__GMP_WITHIN_GMP -I.. -DOPERATION_add_err1_n -O2 -pedantic -fomit-frame-pointer -m64 -std=gnu17 -Wa,--noexecstack add_err1_n.asm  -fPIC -DPIC -o .libs/add_err1_n.o
/bin/sh ../libtool --mode=compile --tag=CC ../mpn/m4-ccas --m4="m4" ccache gcc -c -DHAVE_CONFIG_H -I. -I..  -D__GMP_WITHIN_GMP -I.. -DOPERATION_`echo add_err2_n | sed 's/_$//'`   -O2 -pedantic -fomit-frame-pointer -m64 -std=gnu17 -Wa,--noexecstack `test -f 'add_err2_n.asm' || echo './'`add_err2_n.asm
m4  -DHAVE_CONFIG_H -D__GMP_WITHIN_GMP -DOPERATION_submul_1 -DPIC submul_1.asm >tmp-submul_1.s
m4  -DHAVE_CONFIG_H -D__GMP_WITHIN_GMP -DOPERATION_add_err1_n -DPIC add_err1_n.asm >tmp-add_err1_n.s
libtool: compile:  ccache gcc -DHAVE_CONFIG_H -I. -I.. -D__GMP_WITHIN_GMP -I.. -DOPERATION_cnd_swap -O2 -pedantic -fomit-frame-pointer -m64 -std=gnu17 -c cnd_swap.c -o cnd_swap.o >/dev/null 2>&1
libtool: compile:  ccache gcc -DHAVE_CONFIG_H -I. -I.. -D__GMP_WITHIN_GMP -I.. -DOPERATION_neg -O2 -pedantic -fomit-frame-pointer -m64 -std=gnu17 -c neg.c -o neg.o >/dev/null 2>&1
 ccache gcc -c -DHAVE_CONFIG_H -I. -I.. -D__GMP_WITHIN_GMP -I.. -DOPERATION_submul_1 -O2 -pedantic -fomit-frame-pointer -m64 -std=gnu17 -Wa,--noexecstack tmp-submul_1.s -fPIC -DPIC -o .libs/submul_1.o
 ccache gcc -c -DHAVE_CONFIG_H -I. -I.. -D__GMP_WITHIN_GMP -I.. -DOPERATION_add_err1_n -O2 -pedantic -fomit-frame-pointer -m64 -std=gnu17 -Wa,--noexecstack tmp-add_err1_n.s -fPIC -DPIC -o .libs/add_err1_n.o
/bin/sh ../libtool --mode=compile --tag=CC ../mpn/m4-ccas --m4="m4" ccache gcc -c -DHAVE_CONFIG_H -I. -I..  -D__GMP_WITHIN_GMP -I.. -DOPERATION_`echo add_err3_n | sed 's/_$//'`   -O2 -pedantic -fomit-frame-pointer -m64 -std=gnu17 -Wa,--noexecstack `test -f 'add_err3_n.asm' || echo './'`add_err3_n.asm
/bin/sh ../libtool --mode=compile --tag=CC ../mpn/m4-ccas --m4="m4" ccache gcc -c -DHAVE_CONFIG_H -I. -I..  -D__GMP_WITHIN_GMP -I.. -DOPERATION_`echo sub_err1_n | sed 's/_$//'`   -O2 -pedantic -fomit-frame-pointer -m64 -std=gnu17 -Wa,--noexecstack `test -f 'sub_err1_n.asm' || echo './'`sub_err1_n.asm
libtool: compile:  ../mpn/m4-ccas --m4=m4 ccache gcc -c -DHAVE_CONFIG_H -I. -I.. -D__GMP_WITHIN_GMP -I.. -DOPERATION_add_err1_n -O2 -pedantic -fomit-frame-pointer -m64 -std=gnu17 -Wa,--noexecstack add_err1_n.asm -o add_err1_n.o >/dev/null 2>&1
/bin/sh ../libtool --mode=compile --tag=CC ../mpn/m4-ccas --m4="m4" ccache gcc -c -DHAVE_CONFIG_H -I. -I..  -D__GMP_WITHIN_GMP -I.. -DOPERATION_`echo sub_err2_n | sed 's/_$//'`   -O2 -pedantic -fomit-frame-pointer -m64 -std=gnu17 -Wa,--noexecstack `test -f 'sub_err2_n.asm' || echo './'`sub_err2_n.asm
libtool: compile:  ../mpn/m4-ccas --m4=m4 ccache gcc -c -DHAVE_CONFIG_H -I. -I.. -D__GMP_WITHIN_GMP -I.. -DOPERATION_submul_1 -O2 -pedantic -fomit-frame-pointer -m64 -std=gnu17 -Wa,--noexecstack submul_1.asm -o submul_1.o >/dev/null 2>&1
libtool: compile:  ../mpn/m4-ccas --m4=m4 ccache gcc -c -DHAVE_CONFIG_H -I. -I.. -D__GMP_WITHIN_GMP -I.. -DOPERATION_add_err2_n -O2 -pedantic -fomit-frame-pointer -m64 -std=gnu17 -Wa,--noexecstack add_err2_n.asm  -fPIC -DPIC -o .libs/add_err2_n.o
m4  -DHAVE_CONFIG_H -D__GMP_WITHIN_GMP -DOPERATION_add_err2_n -DPIC add_err2_n.asm >tmp-add_err2_n.s
 ccache gcc -c -DHAVE_CONFIG_H -I. -I.. -D__GMP_WITHIN_GMP -I.. -DOPERATION_add_err2_n -O2 -pedantic -fomit-frame-pointer -m64 -std=gnu17 -Wa,--noexecstack tmp-add_err2_n.s -fPIC -DPIC -o .libs/add_err2_n.o
libtool: compile:  ../mpn/m4-ccas --m4=m4 ccache gcc -c -DHAVE_CONFIG_H -I. -I.. -D__GMP_WITHIN_GMP -I.. -DOPERATION_sub_err1_n -O2 -pedantic -fomit-frame-pointer -m64 -std=gnu17 -Wa,--noexecstack sub_err1_n.asm  -fPIC -DPIC -o .libs/sub_err1_n.o
libtool: compile:  ../mpn/m4-ccas --m4=m4 ccache gcc -c -DHAVE_CONFIG_H -I. -I.. -D__GMP_WITHIN_GMP -I.. -DOPERATION_add_err3_n -O2 -pedantic -fomit-frame-pointer -m64 -std=gnu17 -Wa,--noexecstack add_err3_n.asm  -fPIC -DPIC -o .libs/add_err3_n.o
libtool: compile:  ../mpn/m4-ccas --m4=m4 ccache gcc -c -DHAVE_CONFIG_H -I. -I.. -D__GMP_WITHIN_GMP -I.. -DOPERATION_add_err2_n -O2 -pedantic -fomit-frame-pointer -m64 -std=gnu17 -Wa,--noexecstack add_err2_n.asm -o add_err2_n.o >/dev/null 2>&1
m4  -DHAVE_CONFIG_H -D__GMP_WITHIN_GMP -DOPERATION_add_err3_n -DPIC add_err3_n.asm >tmp-add_err3_n.s
libtool: compile:  ../mpn/m4-ccas --m4=m4 ccache gcc -c -DHAVE_CONFIG_H -I. -I.. -D__GMP_WITHIN_GMP -I.. -DOPERATION_sub_err2_n -O2 -pedantic -fomit-frame-pointer -m64 -std=gnu17 -Wa,--noexecstack sub_err2_n.asm  -fPIC -DPIC -o .libs/sub_err2_n.o
/bin/sh ../libtool --mode=compile --tag=CC ../mpn/m4-ccas --m4="m4" ccache gcc -c -DHAVE_CONFIG_H -I. -I..  -D__GMP_WITHIN_GMP -I.. -DOPERATION_`echo sub_err3_n | sed 's/_$//'`   -O2 -pedantic -fomit-frame-pointer -m64 -std=gnu17 -Wa,--noexecstack `test -f 'sub_err3_n.asm' || echo './'`sub_err3_n.asm
/bin/sh ../libtool --mode=compile --tag=CC ../mpn/m4-ccas --m4="m4" ccache gcc -c -DHAVE_CONFIG_H -I. -I..  -D__GMP_WITHIN_GMP -I.. -DOPERATION_`echo lshift | sed 's/_$//'`   -O2 -pedantic -fomit-frame-pointer -m64 -std=gnu17 -Wa,--noexecstack `test -f 'lshift.asm' || echo './'`lshift.asm
/bin/sh ../libtool --mode=compile --tag=CC ../mpn/m4-ccas --m4="m4" ccache gcc -c -DHAVE_CONFIG_H -I. -I..  -D__GMP_WITHIN_GMP -I.. -DOPERATION_`echo rshift | sed 's/_$//'`   -O2 -pedantic -fomit-frame-pointer -m64 -std=gnu17 -Wa,--noexecstack `test -f 'rshift.asm' || echo './'`rshift.asm
/bin/sh ../libtool --mode=compile --tag=CC ../mpn/m4-ccas --m4="m4" ccache gcc -c -DHAVE_CONFIG_H -I. -I..  -D__GMP_WITHIN_GMP -I.. -DOPERATION_`echo dive_1 | sed 's/_$//'`   -O2 -pedantic -fomit-frame-pointer -m64 -std=gnu17 -Wa,--noexecstack `test -f 'dive_1.asm' || echo './'`dive_1.asm
m4  -DHAVE_CONFIG_H -D__GMP_WITHIN_GMP -DOPERATION_sub_err1_n -DPIC sub_err1_n.asm >tmp-sub_err1_n.s
 ccache gcc -c -DHAVE_CONFIG_H -I. -I.. -D__GMP_WITHIN_GMP -I.. -DOPERATION_add_err3_n -O2 -pedantic -fomit-frame-pointer -m64 -std=gnu17 -Wa,--noexecstack tmp-add_err3_n.s -fPIC -DPIC -o .libs/add_err3_n.o
m4  -DHAVE_CONFIG_H -D__GMP_WITHIN_GMP -DOPERATION_sub_err2_n -DPIC sub_err2_n.asm >tmp-sub_err2_n.s
 ccache gcc -c -DHAVE_CONFIG_H -I. -I.. -D__GMP_WITHIN_GMP -I.. -DOPERATION_sub_err1_n -O2 -pedantic -fomit-frame-pointer -m64 -std=gnu17 -Wa,--noexecstack tmp-sub_err1_n.s -fPIC -DPIC -o .libs/sub_err1_n.o
libtool: compile:  ../mpn/m4-ccas --m4=m4 ccache gcc -c -DHAVE_CONFIG_H -I. -I.. -D__GMP_WITHIN_GMP -I.. -DOPERATION_add_err3_n -O2 -pedantic -fomit-frame-pointer -m64 -std=gnu17 -Wa,--noexecstack add_err3_n.asm -o add_err3_n.o >/dev/null 2>&1
 ccache gcc -c -DHAVE_CONFIG_H -I. -I.. -D__GMP_WITHIN_GMP -I.. -DOPERATION_sub_err2_n -O2 -pedantic -fomit-frame-pointer -m64 -std=gnu17 -Wa,--noexecstack tmp-sub_err2_n.s -fPIC -DPIC -o .libs/sub_err2_n.o
libtool: compile:  ../mpn/m4-ccas --m4=m4 ccache gcc -c -DHAVE_CONFIG_H -I. -I.. -D__GMP_WITHIN_GMP -I.. -DOPERATION_sub_err1_n -O2 -pedantic -fomit-frame-pointer -m64 -std=gnu17 -Wa,--noexecstack sub_err1_n.asm -o sub_err1_n.o >/dev/null 2>&1
libtool: compile:  ../mpn/m4-ccas --m4=m4 ccache gcc -c -DHAVE_CONFIG_H -I. -I.. -D__GMP_WITHIN_GMP -I.. -DOPERATION_rshift -O2 -pedantic -fomit-frame-pointer -m64 -std=gnu17 -Wa,--noexecstack rshift.asm  -fPIC -DPIC -o .libs/rshift.o
/bin/sh ../libtool  --tag=CC   --mode=compile ccache gcc -DHAVE_CONFIG_H -I. -I..  -D__GMP_WITHIN_GMP -I.. -DOPERATION_`echo diveby3 | sed 's/_$//'`   -O2 -pedantic -fomit-frame-pointer -m64 -std=gnu17 -c -o diveby3.lo diveby3.c
libtool: compile:  ../mpn/m4-ccas --m4=m4 ccache gcc -c -DHAVE_CONFIG_H -I. -I.. -D__GMP_WITHIN_GMP -I.. -DOPERATION_sub_err3_n -O2 -pedantic -fomit-frame-pointer -m64 -std=gnu17 -Wa,--noexecstack sub_err3_n.asm  -fPIC -DPIC -o .libs/sub_err3_n.o
m4  -DHAVE_CONFIG_H -D__GMP_WITHIN_GMP -DOPERATION_rshift -DPIC rshift.asm >tmp-rshift.s
libtool: compile:  ../mpn/m4-ccas --m4=m4 ccache gcc -c -DHAVE_CONFIG_H -I. -I.. -D__GMP_WITHIN_GMP -I.. -DOPERATION_dive_1 -O2 -pedantic -fomit-frame-pointer -m64 -std=gnu17 -Wa,--noexecstack dive_1.asm  -fPIC -DPIC -o .libs/dive_1.o
libtool: compile:  ../mpn/m4-ccas --m4=m4 ccache gcc -c -DHAVE_CONFIG_H -I. -I.. -D__GMP_WITHIN_GMP -I.. -DOPERATION_lshift -O2 -pedantic -fomit-frame-pointer -m64 -std=gnu17 -Wa,--noexecstack lshift.asm  -fPIC -DPIC -o .libs/lshift.o
m4  -DHAVE_CONFIG_H -D__GMP_WITHIN_GMP -DOPERATION_dive_1 -DPIC dive_1.asm >tmp-dive_1.s
m4  -DHAVE_CONFIG_H -D__GMP_WITHIN_GMP -DOPERATION_sub_err3_n -DPIC sub_err3_n.asm >tmp-sub_err3_n.s
 ccache gcc -c -DHAVE_CONFIG_H -I. -I.. -D__GMP_WITHIN_GMP -I.. -DOPERATION_rshift -O2 -pedantic -fomit-frame-pointer -m64 -std=gnu17 -Wa,--noexecstack tmp-rshift.s -fPIC -DPIC -o .libs/rshift.o
m4  -DHAVE_CONFIG_H -D__GMP_WITHIN_GMP -DOPERATION_lshift -DPIC lshift.asm >tmp-lshift.s
libtool: compile:  ../mpn/m4-ccas --m4=m4 ccache gcc -c -DHAVE_CONFIG_H -I. -I.. -D__GMP_WITHIN_GMP -I.. -DOPERATION_sub_err2_n -O2 -pedantic -fomit-frame-pointer -m64 -std=gnu17 -Wa,--noexecstack sub_err2_n.asm -o sub_err2_n.o >/dev/null 2>&1
/bin/sh ../libtool  --tag=CC   --mode=compile ccache gcc -DHAVE_CONFIG_H -I. -I..  -D__GMP_WITHIN_GMP -I.. -DOPERATION_`echo divis | sed 's/_$//'`   -O2 -pedantic -fomit-frame-pointer -m64 -std=gnu17 -c -o divis.lo divis.c
 ccache gcc -c -DHAVE_CONFIG_H -I. -I.. -D__GMP_WITHIN_GMP -I.. -DOPERATION_dive_1 -O2 -pedantic -fomit-frame-pointer -m64 -std=gnu17 -Wa,--noexecstack tmp-dive_1.s -fPIC -DPIC -o .libs/dive_1.o
 ccache gcc -c -DHAVE_CONFIG_H -I. -I.. -D__GMP_WITHIN_GMP -I.. -DOPERATION_lshift -O2 -pedantic -fomit-frame-pointer -m64 -std=gnu17 -Wa,--noexecstack tmp-lshift.s -fPIC -DPIC -o .libs/lshift.o
 ccache gcc -c -DHAVE_CONFIG_H -I. -I.. -D__GMP_WITHIN_GMP -I.. -DOPERATION_sub_err3_n -O2 -pedantic -fomit-frame-pointer -m64 -std=gnu17 -Wa,--noexecstack tmp-sub_err3_n.s -fPIC -DPIC -o .libs/sub_err3_n.o
libtool: compile:  ../mpn/m4-ccas --m4=m4 ccache gcc -c -DHAVE_CONFIG_H -I. -I.. -D__GMP_WITHIN_GMP -I.. -DOPERATION_rshift -O2 -pedantic -fomit-frame-pointer -m64 -std=gnu17 -Wa,--noexecstack rshift.asm -o rshift.o >/dev/null 2>&1
libtool: compile:  ccache gcc -DHAVE_CONFIG_H -I. -I.. -D__GMP_WITHIN_GMP -I.. -DOPERATION_diveby3 -O2 -pedantic -fomit-frame-pointer -m64 -std=gnu17 -c diveby3.c  -fPIC -DPIC -o .libs/diveby3.o
/bin/sh ../libtool  --tag=CC   --mode=compile ccache gcc -DHAVE_CONFIG_H -I. -I..  -D__GMP_WITHIN_GMP -I.. -DOPERATION_`echo divrem | sed 's/_$//'`   -O2 -pedantic -fomit-frame-pointer -m64 -std=gnu17 -c -o divrem.lo divrem.c
libtool: compile:  ../mpn/m4-ccas --m4=m4 ccache gcc -c -DHAVE_CONFIG_H -I. -I.. -D__GMP_WITHIN_GMP -I.. -DOPERATION_sub_err3_n -O2 -pedantic -fomit-frame-pointer -m64 -std=gnu17 -Wa,--noexecstack sub_err3_n.asm -o sub_err3_n.o >/dev/null 2>&1
libtool: compile:  ../mpn/m4-ccas --m4=m4 ccache gcc -c -DHAVE_CONFIG_H -I. -I.. -D__GMP_WITHIN_GMP -I.. -DOPERATION_dive_1 -O2 -pedantic -fomit-frame-pointer -m64 -std=gnu17 -Wa,--noexecstack dive_1.asm -o dive_1.o >/dev/null 2>&1
libtool: compile:  ../mpn/m4-ccas --m4=m4 ccache gcc -c -DHAVE_CONFIG_H -I. -I.. -D__GMP_WITHIN_GMP -I.. -DOPERATION_lshift -O2 -pedantic -fomit-frame-pointer -m64 -std=gnu17 -Wa,--noexecstack lshift.asm -o lshift.o >/dev/null 2>&1
libtool: compile:  ccache gcc -DHAVE_CONFIG_H -I. -I.. -D__GMP_WITHIN_GMP -I.. -DOPERATION_divis -O2 -pedantic -fomit-frame-pointer -m64 -std=gnu17 -c divis.c  -fPIC -DPIC -o .libs/divis.o
/bin/sh ../libtool --mode=compile --tag=CC ../mpn/m4-ccas --m4="m4" ccache gcc -c -DHAVE_CONFIG_H -I. -I..  -D__GMP_WITHIN_GMP -I.. -DOPERATION_`echo divrem_1 | sed 's/_$//'`   -O2 -pedantic -fomit-frame-pointer -m64 -std=gnu17 -Wa,--noexecstack `test -f 'divrem_1.asm' || echo './'`divrem_1.asm
libtool: compile:  ccache gcc -DHAVE_CONFIG_H -I. -I.. -D__GMP_WITHIN_GMP -I.. -DOPERATION_divrem -O2 -pedantic -fomit-frame-pointer -m64 -std=gnu17 -c divrem.c  -fPIC -DPIC -o .libs/divrem.o
/bin/sh ../libtool --mode=compile --tag=CC ../mpn/m4-ccas --m4="m4" ccache gcc -c -DHAVE_CONFIG_H -I. -I..  -D__GMP_WITHIN_GMP -I.. -DOPERATION_`echo divrem_2 | sed 's/_$//'`   -O2 -pedantic -fomit-frame-pointer -m64 -std=gnu17 -Wa,--noexecstack `test -f 'divrem_2.asm' || echo './'`divrem_2.asm
libtool: compile:  ../mpn/m4-ccas --m4=m4 ccache gcc -c -DHAVE_CONFIG_H -I. -I.. -D__GMP_WITHIN_GMP -I.. -DOPERATION_divrem_1 -O2 -pedantic -fomit-frame-pointer -m64 -std=gnu17 -Wa,--noexecstack divrem_1.asm  -fPIC -DPIC -o .libs/divrem_1.o
/bin/sh ../libtool  --tag=CC   --mode=compile ccache gcc -DHAVE_CONFIG_H -I. -I..  -D__GMP_WITHIN_GMP -I.. -DOPERATION_`echo fib2_ui | sed 's/_$//'`   -O2 -pedantic -fomit-frame-pointer -m64 -std=gnu17 -c -o fib2_ui.lo fib2_ui.c
/bin/sh ../libtool  --tag=CC   --mode=compile ccache gcc -DHAVE_CONFIG_H -I. -I..  -D__GMP_WITHIN_GMP -I.. -DOPERATION_`echo fib2m | sed 's/_$//'`   -O2 -pedantic -fomit-frame-pointer -m64 -std=gnu17 -c -o fib2m.lo fib2m.c
/bin/sh ../libtool  --tag=CC   --mode=compile ccache gcc -DHAVE_CONFIG_H -I. -I..  -D__GMP_WITHIN_GMP -I.. -DOPERATION_`echo mod_1 | sed 's/_$//'`   -O2 -pedantic -fomit-frame-pointer -m64 -std=gnu17 -c -o mod_1.lo mod_1.c
m4  -DHAVE_CONFIG_H -D__GMP_WITHIN_GMP -DOPERATION_divrem_1 -DPIC divrem_1.asm >tmp-divrem_1.s
libtool: compile:  ../mpn/m4-ccas --m4=m4 ccache gcc -c -DHAVE_CONFIG_H -I. -I.. -D__GMP_WITHIN_GMP -I.. -DOPERATION_divrem_2 -O2 -pedantic -fomit-frame-pointer -m64 -std=gnu17 -Wa,--noexecstack divrem_2.asm  -fPIC -DPIC -o .libs/divrem_2.o
 ccache gcc -c -DHAVE_CONFIG_H -I. -I.. -D__GMP_WITHIN_GMP -I.. -DOPERATION_divrem_1 -O2 -pedantic -fomit-frame-pointer -m64 -std=gnu17 -Wa,--noexecstack tmp-divrem_1.s -fPIC -DPIC -o .libs/divrem_1.o
m4  -DHAVE_CONFIG_H -D__GMP_WITHIN_GMP -DOPERATION_divrem_2 -DPIC divrem_2.asm >tmp-divrem_2.s
libtool: compile:  ccache gcc -DHAVE_CONFIG_H -I. -I.. -D__GMP_WITHIN_GMP -I.. -DOPERATION_diveby3 -O2 -pedantic -fomit-frame-pointer -m64 -std=gnu17 -c diveby3.c -o diveby3.o >/dev/null 2>&1
libtool: compile:  ccache gcc -DHAVE_CONFIG_H -I. -I.. -D__GMP_WITHIN_GMP -I.. -DOPERATION_fib2_ui -O2 -pedantic -fomit-frame-pointer -m64 -std=gnu17 -c fib2_ui.c  -fPIC -DPIC -o .libs/fib2_ui.o
 ccache gcc -c -DHAVE_CONFIG_H -I. -I.. -D__GMP_WITHIN_GMP -I.. -DOPERATION_divrem_2 -O2 -pedantic -fomit-frame-pointer -m64 -std=gnu17 -Wa,--noexecstack tmp-divrem_2.s -fPIC -DPIC -o .libs/divrem_2.o
libtool: compile:  ../mpn/m4-ccas --m4=m4 ccache gcc -c -DHAVE_CONFIG_H -I. -I.. -D__GMP_WITHIN_GMP -I.. -DOPERATION_divrem_1 -O2 -pedantic -fomit-frame-pointer -m64 -std=gnu17 -Wa,--noexecstack divrem_1.asm -o divrem_1.o >/dev/null 2>&1
libtool: compile:  ccache gcc -DHAVE_CONFIG_H -I. -I.. -D__GMP_WITHIN_GMP -I.. -DOPERATION_fib2m -O2 -pedantic -fomit-frame-pointer -m64 -std=gnu17 -c fib2m.c  -fPIC -DPIC -o .libs/fib2m.o
libtool: compile:  ../mpn/m4-ccas --m4=m4 ccache gcc -c -DHAVE_CONFIG_H -I. -I.. -D__GMP_WITHIN_GMP -I.. -DOPERATION_divrem_2 -O2 -pedantic -fomit-frame-pointer -m64 -std=gnu17 -Wa,--noexecstack divrem_2.asm -o divrem_2.o >/dev/null 2>&1
libtool: compile:  ccache gcc -DHAVE_CONFIG_H -I. -I.. -D__GMP_WITHIN_GMP -I.. -DOPERATION_mod_1 -O2 -pedantic -fomit-frame-pointer -m64 -std=gnu17 -c mod_1.c  -fPIC -DPIC -o .libs/mod_1.o
libtool: compile:  ccache gcc -DHAVE_CONFIG_H -I. -I.. -D__GMP_WITHIN_GMP -I.. -DOPERATION_divrem -O2 -pedantic -fomit-frame-pointer -m64 -std=gnu17 -c divrem.c -o divrem.o >/dev/null 2>&1
libtool: compile:  ccache gcc -DHAVE_CONFIG_H -I. -I.. -D__GMP_WITHIN_GMP -I.. -DOPERATION_divis -O2 -pedantic -fomit-frame-pointer -m64 -std=gnu17 -c divis.c -o divis.o >/dev/null 2>&1
/bin/sh ../libtool --mode=compile --tag=CC ../mpn/m4-ccas --m4="m4" ccache gcc -c -DHAVE_CONFIG_H -I. -I..  -D__GMP_WITHIN_GMP -I.. -DOPERATION_`echo mod_34lsub1 | sed 's/_$//'`   -O2 -pedantic -fomit-frame-pointer -m64 -std=gnu17 -Wa,--noexecstack `test -f 'mod_34lsub1.asm' || echo './'`mod_34lsub1.asm
/bin/sh ../libtool --mode=compile --tag=CC ../mpn/m4-ccas --m4="m4" ccache gcc -c -DHAVE_CONFIG_H -I. -I..  -D__GMP_WITHIN_GMP -I.. -DOPERATION_`echo mode1o | sed 's/_$//'`   -O2 -pedantic -fomit-frame-pointer -m64 -std=gnu17 -Wa,--noexecstack `test -f 'mode1o.asm' || echo './'`mode1o.asm
/bin/sh ../libtool  --tag=CC   --mode=compile ccache gcc -DHAVE_CONFIG_H -I. -I..  -D__GMP_WITHIN_GMP -I.. -DOPERATION_`echo pre_mod_1 | sed 's/_$//'`   -O2 -pedantic -fomit-frame-pointer -m64 -std=gnu17 -c -o pre_mod_1.lo pre_mod_1.c
libtool: compile:  ../mpn/m4-ccas --m4=m4 ccache gcc -c -DHAVE_CONFIG_H -I. -I.. -D__GMP_WITHIN_GMP -I.. -DOPERATION_mod_34lsub1 -O2 -pedantic -fomit-frame-pointer -m64 -std=gnu17 -Wa,--noexecstack mod_34lsub1.asm  -fPIC -DPIC -o .libs/mod_34lsub1.o
libtool: compile:  ccache gcc -DHAVE_CONFIG_H -I. -I.. -D__GMP_WITHIN_GMP -I.. -DOPERATION_fib2_ui -O2 -pedantic -fomit-frame-pointer -m64 -std=gnu17 -c fib2_ui.c -o fib2_ui.o >/dev/null 2>&1
m4  -DHAVE_CONFIG_H -D__GMP_WITHIN_GMP -DOPERATION_mod_34lsub1 -DPIC mod_34lsub1.asm >tmp-mod_34lsub1.s
libtool: compile:  ../mpn/m4-ccas --m4=m4 ccache gcc -c -DHAVE_CONFIG_H -I. -I.. -D__GMP_WITHIN_GMP -I.. -DOPERATION_mode1o -O2 -pedantic -fomit-frame-pointer -m64 -std=gnu17 -Wa,--noexecstack mode1o.asm  -fPIC -DPIC -o .libs/mode1o.o
 ccache gcc -c -DHAVE_CONFIG_H -I. -I.. -D__GMP_WITHIN_GMP -I.. -DOPERATION_mod_34lsub1 -O2 -pedantic -fomit-frame-pointer -m64 -std=gnu17 -Wa,--noexecstack tmp-mod_34lsub1.s -fPIC -DPIC -o .libs/mod_34lsub1.o
libtool: compile:  ccache gcc -DHAVE_CONFIG_H -I. -I.. -D__GMP_WITHIN_GMP -I.. -DOPERATION_mod_1 -O2 -pedantic -fomit-frame-pointer -m64 -std=gnu17 -c mod_1.c -o mod_1.o >/dev/null 2>&1
libtool: compile:  ccache gcc -DHAVE_CONFIG_H -I. -I.. -D__GMP_WITHIN_GMP -I.. -DOPERATION_pre_mod_1 -O2 -pedantic -fomit-frame-pointer -m64 -std=gnu17 -c pre_mod_1.c  -fPIC -DPIC -o .libs/pre_mod_1.o
m4  -DHAVE_CONFIG_H -D__GMP_WITHIN_GMP -DOPERATION_mode1o -DPIC mode1o.asm >tmp-mode1o.s
/bin/sh ../libtool  --tag=CC   --mode=compile ccache gcc -DHAVE_CONFIG_H -I. -I..  -D__GMP_WITHIN_GMP -I.. -DOPERATION_`echo dump | sed 's/_$//'`   -O2 -pedantic -fomit-frame-pointer -m64 -std=gnu17 -c -o dump.lo dump.c
 ccache gcc -c -DHAVE_CONFIG_H -I. -I.. -D__GMP_WITHIN_GMP -I.. -DOPERATION_mode1o -O2 -pedantic -fomit-frame-pointer -m64 -std=gnu17 -Wa,--noexecstack tmp-mode1o.s -fPIC -DPIC -o .libs/mode1o.o
libtool: compile:  ccache gcc -DHAVE_CONFIG_H -I. -I.. -D__GMP_WITHIN_GMP -I.. -DOPERATION_fib2m -O2 -pedantic -fomit-frame-pointer -m64 -std=gnu17 -c fib2m.c -o fib2m.o >/dev/null 2>&1
libtool: compile:  ../mpn/m4-ccas --m4=m4 ccache gcc -c -DHAVE_CONFIG_H -I. -I.. -D__GMP_WITHIN_GMP -I.. -DOPERATION_mod_34lsub1 -O2 -pedantic -fomit-frame-pointer -m64 -std=gnu17 -Wa,--noexecstack mod_34lsub1.asm -o mod_34lsub1.o >/dev/null 2>&1
libtool: compile:  ../mpn/m4-ccas --m4=m4 ccache gcc -c -DHAVE_CONFIG_H -I. -I.. -D__GMP_WITHIN_GMP -I.. -DOPERATION_mode1o -O2 -pedantic -fomit-frame-pointer -m64 -std=gnu17 -Wa,--noexecstack mode1o.asm -o mode1o.o >/dev/null 2>&1
/bin/sh ../libtool --mode=compile --tag=CC ../mpn/m4-ccas --m4="m4" ccache gcc -c -DHAVE_CONFIG_H -I. -I..  -D__GMP_WITHIN_GMP -I.. -DOPERATION_`echo mod_1_1 | sed 's/_$//'`   -O2 -pedantic -fomit-frame-pointer -m64 -std=gnu17 -Wa,--noexecstack `test -f 'mod_1_1.asm' || echo './'`mod_1_1.asm
libtool: compile:  ccache gcc -DHAVE_CONFIG_H -I. -I.. -D__GMP_WITHIN_GMP -I.. -DOPERATION_dump -O2 -pedantic -fomit-frame-pointer -m64 -std=gnu17 -c dump.c  -fPIC -DPIC -o .libs/dump.o
/bin/sh ../libtool --mode=compile --tag=CC ../mpn/m4-ccas --m4="m4" ccache gcc -c -DHAVE_CONFIG_H -I. -I..  -D__GMP_WITHIN_GMP -I.. -DOPERATION_`echo mod_1_2 | sed 's/_$//'`   -O2 -pedantic -fomit-frame-pointer -m64 -std=gnu17 -Wa,--noexecstack `test -f 'mod_1_2.asm' || echo './'`mod_1_2.asm
/bin/sh ../libtool  --tag=CC   --mode=compile ccache gcc -DHAVE_CONFIG_H -I. -I..  -D__GMP_WITHIN_GMP -I.. -DOPERATION_`echo mod_1_3 | sed 's/_$//'`   -O2 -pedantic -fomit-frame-pointer -m64 -std=gnu17 -c -o mod_1_3.lo mod_1_3.c
/bin/sh ../libtool --mode=compile --tag=CC ../mpn/m4-ccas --m4="m4" ccache gcc -c -DHAVE_CONFIG_H -I. -I..  -D__GMP_WITHIN_GMP -I.. -DOPERATION_`echo mod_1_4 | sed 's/_$//'`   -O2 -pedantic -fomit-frame-pointer -m64 -std=gnu17 -Wa,--noexecstack `test -f 'mod_1_4.asm' || echo './'`mod_1_4.asm
libtool: compile:  ccache gcc -DHAVE_CONFIG_H -I. -I.. -D__GMP_WITHIN_GMP -I.. -DOPERATION_pre_mod_1 -O2 -pedantic -fomit-frame-pointer -m64 -std=gnu17 -c pre_mod_1.c -o pre_mod_1.o >/dev/null 2>&1
libtool: compile:  ../mpn/m4-ccas --m4=m4 ccache gcc -c -DHAVE_CONFIG_H -I. -I.. -D__GMP_WITHIN_GMP -I.. -DOPERATION_mod_1_1 -O2 -pedantic -fomit-frame-pointer -m64 -std=gnu17 -Wa,--noexecstack mod_1_1.asm  -fPIC -DPIC -o .libs/mod_1_1.o
m4  -DHAVE_CONFIG_H -D__GMP_WITHIN_GMP -DOPERATION_mod_1_1 -DPIC mod_1_1.asm >tmp-mod_1_1.s
 ccache gcc -c -DHAVE_CONFIG_H -I. -I.. -D__GMP_WITHIN_GMP -I.. -DOPERATION_mod_1_1 -O2 -pedantic -fomit-frame-pointer -m64 -std=gnu17 -Wa,--noexecstack tmp-mod_1_1.s -fPIC -DPIC -o .libs/mod_1_1.o
libtool: compile:  ../mpn/m4-ccas --m4=m4 ccache gcc -c -DHAVE_CONFIG_H -I. -I.. -D__GMP_WITHIN_GMP -I.. -DOPERATION_mod_1_2 -O2 -pedantic -fomit-frame-pointer -m64 -std=gnu17 -Wa,--noexecstack mod_1_2.asm  -fPIC -DPIC -o .libs/mod_1_2.o
libtool: compile:  ccache gcc -DHAVE_CONFIG_H -I. -I.. -D__GMP_WITHIN_GMP -I.. -DOPERATION_mod_1_3 -O2 -pedantic -fomit-frame-pointer -m64 -std=gnu17 -c mod_1_3.c  -fPIC -DPIC -o .libs/mod_1_3.o
m4  -DHAVE_CONFIG_H -D__GMP_WITHIN_GMP -DOPERATION_mod_1_2 -DPIC mod_1_2.asm >tmp-mod_1_2.s
/bin/sh ../libtool --mode=compile --tag=CC ../mpn/m4-ccas --m4="m4" ccache gcc -c -DHAVE_CONFIG_H -I. -I..  -D__GMP_WITHIN_GMP -I.. -DOPERATION_`echo lshiftc | sed 's/_$//'`   -O2 -pedantic -fomit-frame-pointer -m64 -std=gnu17 -Wa,--noexecstack `test -f 'lshiftc.asm' || echo './'`lshiftc.asm
libtool: compile:  ../mpn/m4-ccas --m4=m4 ccache gcc -c -DHAVE_CONFIG_H -I. -I.. -D__GMP_WITHIN_GMP -I.. -DOPERATION_mod_1_4 -O2 -pedantic -fomit-frame-pointer -m64 -std=gnu17 -Wa,--noexecstack mod_1_4.asm  -fPIC -DPIC -o .libs/mod_1_4.o
libtool: compile:  ../mpn/m4-ccas --m4=m4 ccache gcc -c -DHAVE_CONFIG_H -I. -I.. -D__GMP_WITHIN_GMP -I.. -DOPERATION_mod_1_1 -O2 -pedantic -fomit-frame-pointer -m64 -std=gnu17 -Wa,--noexecstack mod_1_1.asm -o mod_1_1.o >/dev/null 2>&1
 ccache gcc -c -DHAVE_CONFIG_H -I. -I.. -D__GMP_WITHIN_GMP -I.. -DOPERATION_mod_1_2 -O2 -pedantic -fomit-frame-pointer -m64 -std=gnu17 -Wa,--noexecstack tmp-mod_1_2.s -fPIC -DPIC -o .libs/mod_1_2.o
m4  -DHAVE_CONFIG_H -D__GMP_WITHIN_GMP -DOPERATION_mod_1_4 -DPIC mod_1_4.asm >tmp-mod_1_4.s
 ccache gcc -c -DHAVE_CONFIG_H -I. -I.. -D__GMP_WITHIN_GMP -I.. -DOPERATION_mod_1_4 -O2 -pedantic -fomit-frame-pointer -m64 -std=gnu17 -Wa,--noexecstack tmp-mod_1_4.s -fPIC -DPIC -o .libs/mod_1_4.o
libtool: compile:  ccache gcc -DHAVE_CONFIG_H -I. -I.. -D__GMP_WITHIN_GMP -I.. -DOPERATION_dump -O2 -pedantic -fomit-frame-pointer -m64 -std=gnu17 -c dump.c -o dump.o >/dev/null 2>&1
libtool: compile:  ../mpn/m4-ccas --m4=m4 ccache gcc -c -DHAVE_CONFIG_H -I. -I.. -D__GMP_WITHIN_GMP -I.. -DOPERATION_mod_1_2 -O2 -pedantic -fomit-frame-pointer -m64 -std=gnu17 -Wa,--noexecstack mod_1_2.asm -o mod_1_2.o >/dev/null 2>&1
libtool: compile:  ../mpn/m4-ccas --m4=m4 ccache gcc -c -DHAVE_CONFIG_H -I. -I.. -D__GMP_WITHIN_GMP -I.. -DOPERATION_mod_1_4 -O2 -pedantic -fomit-frame-pointer -m64 -std=gnu17 -Wa,--noexecstack mod_1_4.asm -o mod_1_4.o >/dev/null 2>&1
libtool: compile:  ../mpn/m4-ccas --m4=m4 ccache gcc -c -DHAVE_CONFIG_H -I. -I.. -D__GMP_WITHIN_GMP -I.. -DOPERATION_lshiftc -O2 -pedantic -fomit-frame-pointer -m64 -std=gnu17 -Wa,--noexecstack lshiftc.asm  -fPIC -DPIC -o .libs/lshiftc.o
/bin/sh ../libtool  --tag=CC   --mode=compile ccache gcc -DHAVE_CONFIG_H -I. -I..  -D__GMP_WITHIN_GMP -I.. -DOPERATION_`echo mul | sed 's/_$//'`   -O2 -pedantic -fomit-frame-pointer -m64 -std=gnu17 -c -o mul.lo mul.c
m4  -DHAVE_CONFIG_H -D__GMP_WITHIN_GMP -DOPERATION_lshiftc -DPIC lshiftc.asm >tmp-lshiftc.s
/bin/sh ../libtool  --tag=CC   --mode=compile ccache gcc -DHAVE_CONFIG_H -I. -I..  -D__GMP_WITHIN_GMP -I.. -DOPERATION_`echo mul_fft | sed 's/_$//'`   -O2 -pedantic -fomit-frame-pointer -m64 -std=gnu17 -c -o mul_fft.lo mul_fft.c
/bin/sh ../libtool  --tag=CC   --mode=compile ccache gcc -DHAVE_CONFIG_H -I. -I..  -D__GMP_WITHIN_GMP -I.. -DOPERATION_`echo mul_n | sed 's/_$//'`   -O2 -pedantic -fomit-frame-pointer -m64 -std=gnu17 -c -o mul_n.lo mul_n.c
 ccache gcc -c -DHAVE_CONFIG_H -I. -I.. -D__GMP_WITHIN_GMP -I.. -DOPERATION_lshiftc -O2 -pedantic -fomit-frame-pointer -m64 -std=gnu17 -Wa,--noexecstack tmp-lshiftc.s -fPIC -DPIC -o .libs/lshiftc.o
/bin/sh ../libtool  --tag=CC   --mode=compile ccache gcc -DHAVE_CONFIG_H -I. -I..  -D__GMP_WITHIN_GMP -I.. -DOPERATION_`echo sqr | sed 's/_$//'`   -O2 -pedantic -fomit-frame-pointer -m64 -std=gnu17 -c -o sqr.lo sqr.c
/bin/sh ../libtool --mode=compile --tag=CC ../mpn/m4-ccas --m4="m4" ccache gcc -c -DHAVE_CONFIG_H -I. -I..  -D__GMP_WITHIN_GMP -I.. -DOPERATION_`echo mul_basecase | sed 's/_$//'`   -O2 -pedantic -fomit-frame-pointer -m64 -std=gnu17 -Wa,--noexecstack `test -f 'mul_basecase.asm' || echo './'`mul_basecase.asm
libtool: compile:  ccache gcc -DHAVE_CONFIG_H -I. -I.. -D__GMP_WITHIN_GMP -I.. -DOPERATION_mul -O2 -pedantic -fomit-frame-pointer -m64 -std=gnu17 -c mul.c  -fPIC -DPIC -o .libs/mul.o
libtool: compile:  ../mpn/m4-ccas --m4=m4 ccache gcc -c -DHAVE_CONFIG_H -I. -I.. -D__GMP_WITHIN_GMP -I.. -DOPERATION_lshiftc -O2 -pedantic -fomit-frame-pointer -m64 -std=gnu17 -Wa,--noexecstack lshiftc.asm -o lshiftc.o >/dev/null 2>&1
libtool: compile:  ccache gcc -DHAVE_CONFIG_H -I. -I.. -D__GMP_WITHIN_GMP -I.. -DOPERATION_mul_n -O2 -pedantic -fomit-frame-pointer -m64 -std=gnu17 -c mul_n.c  -fPIC -DPIC -o .libs/mul_n.o
libtool: compile:  ccache gcc -DHAVE_CONFIG_H -I. -I.. -D__GMP_WITHIN_GMP -I.. -DOPERATION_mod_1_3 -O2 -pedantic -fomit-frame-pointer -m64 -std=gnu17 -c mod_1_3.c -o mod_1_3.o >/dev/null 2>&1
libtool: compile:  ccache gcc -DHAVE_CONFIG_H -I. -I.. -D__GMP_WITHIN_GMP -I.. -DOPERATION_mul_fft -O2 -pedantic -fomit-frame-pointer -m64 -std=gnu17 -c mul_fft.c  -fPIC -DPIC -o .libs/mul_fft.o
libtool: compile:  ccache gcc -DHAVE_CONFIG_H -I. -I.. -D__GMP_WITHIN_GMP -I.. -DOPERATION_sqr -O2 -pedantic -fomit-frame-pointer -m64 -std=gnu17 -c sqr.c  -fPIC -DPIC -o .libs/sqr.o
libtool: compile:  ../mpn/m4-ccas --m4=m4 ccache gcc -c -DHAVE_CONFIG_H -I. -I.. -D__GMP_WITHIN_GMP -I.. -DOPERATION_mul_basecase -O2 -pedantic -fomit-frame-pointer -m64 -std=gnu17 -Wa,--noexecstack mul_basecase.asm  -fPIC -DPIC -o .libs/mul_basecase.o
m4  -DHAVE_CONFIG_H -D__GMP_WITHIN_GMP -DOPERATION_mul_basecase -DPIC mul_basecase.asm >tmp-mul_basecase.s
/bin/sh ../libtool --mode=compile --tag=CC ../mpn/m4-ccas --m4="m4" ccache gcc -c -DHAVE_CONFIG_H -I. -I..  -D__GMP_WITHIN_GMP -I.. -DOPERATION_`echo sqr_basecase | sed 's/_$//'`   -O2 -pedantic -fomit-frame-pointer -m64 -std=gnu17 -Wa,--noexecstack `test -f 'sqr_basecase.asm' || echo './'`sqr_basecase.asm
 ccache gcc -c -DHAVE_CONFIG_H -I. -I.. -D__GMP_WITHIN_GMP -I.. -DOPERATION_mul_basecase -O2 -pedantic -fomit-frame-pointer -m64 -std=gnu17 -Wa,--noexecstack tmp-mul_basecase.s -fPIC -DPIC -o .libs/mul_basecase.o
/bin/sh ../libtool  --tag=CC   --mode=compile ccache gcc -DHAVE_CONFIG_H -I. -I..  -D__GMP_WITHIN_GMP -I.. -DOPERATION_`echo nussbaumer_mul | sed 's/_$//'`   -O2 -pedantic -fomit-frame-pointer -m64 -std=gnu17 -c -o nussbaumer_mul.lo nussbaumer_mul.c
libtool: compile:  ../mpn/m4-ccas --m4=m4 ccache gcc -c -DHAVE_CONFIG_H -I. -I.. -D__GMP_WITHIN_GMP -I.. -DOPERATION_mul_basecase -O2 -pedantic -fomit-frame-pointer -m64 -std=gnu17 -Wa,--noexecstack mul_basecase.asm -o mul_basecase.o >/dev/null 2>&1
libtool: compile:  ../mpn/m4-ccas --m4=m4 ccache gcc -c -DHAVE_CONFIG_H -I. -I.. -D__GMP_WITHIN_GMP -I.. -DOPERATION_sqr_basecase -O2 -pedantic -fomit-frame-pointer -m64 -std=gnu17 -Wa,--noexecstack sqr_basecase.asm  -fPIC -DPIC -o .libs/sqr_basecase.o
libtool: compile:  ccache gcc -DHAVE_CONFIG_H -I. -I.. -D__GMP_WITHIN_GMP -I.. -DOPERATION_sqr -O2 -pedantic -fomit-frame-pointer -m64 -std=gnu17 -c sqr.c -o sqr.o >/dev/null 2>&1
/bin/sh ../libtool --mode=compile --tag=CC ../mpn/m4-ccas --m4="m4" ccache gcc -c -DHAVE_CONFIG_H -I. -I..  -D__GMP_WITHIN_GMP -I.. -DOPERATION_`echo mulmid_basecase | sed 's/_$//'`   -O2 -pedantic -fomit-frame-pointer -m64 -std=gnu17 -Wa,--noexecstack `test -f 'mulmid_basecase.asm' || echo './'`mulmid_basecase.asm
m4  -DHAVE_CONFIG_H -D__GMP_WITHIN_GMP -DOPERATION_sqr_basecase -DPIC sqr_basecase.asm >tmp-sqr_basecase.s
 ccache gcc -c -DHAVE_CONFIG_H -I. -I.. -D__GMP_WITHIN_GMP -I.. -DOPERATION_sqr_basecase -O2 -pedantic -fomit-frame-pointer -m64 -std=gnu17 -Wa,--noexecstack tmp-sqr_basecase.s -fPIC -DPIC -o .libs/sqr_basecase.o
libtool: compile:  ccache gcc -DHAVE_CONFIG_H -I. -I.. -D__GMP_WITHIN_GMP -I.. -DOPERATION_mul_n -O2 -pedantic -fomit-frame-pointer -m64 -std=gnu17 -c mul_n.c -o mul_n.o >/dev/null 2>&1
libtool: compile:  ccache gcc -DHAVE_CONFIG_H -I. -I.. -D__GMP_WITHIN_GMP -I.. -DOPERATION_nussbaumer_mul -O2 -pedantic -fomit-frame-pointer -m64 -std=gnu17 -c nussbaumer_mul.c  -fPIC -DPIC -o .libs/nussbaumer_mul.o
libtool: compile:  ../mpn/m4-ccas --m4=m4 ccache gcc -c -DHAVE_CONFIG_H -I. -I.. -D__GMP_WITHIN_GMP -I.. -DOPERATION_sqr_basecase -O2 -pedantic -fomit-frame-pointer -m64 -std=gnu17 -Wa,--noexecstack sqr_basecase.asm -o sqr_basecase.o >/dev/null 2>&1
/bin/sh ../libtool  --tag=CC   --mode=compile ccache gcc -DHAVE_CONFIG_H -I. -I..  -D__GMP_WITHIN_GMP -I.. -DOPERATION_`echo toom42_mulmid | sed 's/_$//'`   -O2 -pedantic -fomit-frame-pointer -m64 -std=gnu17 -c -o toom42_mulmid.lo toom42_mulmid.c
libtool: compile:  ../mpn/m4-ccas --m4=m4 ccache gcc -c -DHAVE_CONFIG_H -I. -I.. -D__GMP_WITHIN_GMP -I.. -DOPERATION_mulmid_basecase -O2 -pedantic -fomit-frame-pointer -m64 -std=gnu17 -Wa,--noexecstack mulmid_basecase.asm  -fPIC -DPIC -o .libs/mulmid_basecase.o
m4  -DHAVE_CONFIG_H -D__GMP_WITHIN_GMP -DOPERATION_mulmid_basecase -DPIC mulmid_basecase.asm >tmp-mulmid_basecase.s
libtool: compile:  ccache gcc -DHAVE_CONFIG_H -I. -I.. -D__GMP_WITHIN_GMP -I.. -DOPERATION_toom42_mulmid -O2 -pedantic -fomit-frame-pointer -m64 -std=gnu17 -c toom42_mulmid.c  -fPIC -DPIC -o .libs/toom42_mulmid.o
 ccache gcc -c -DHAVE_CONFIG_H -I. -I.. -D__GMP_WITHIN_GMP -I.. -DOPERATION_mulmid_basecase -O2 -pedantic -fomit-frame-pointer -m64 -std=gnu17 -Wa,--noexecstack tmp-mulmid_basecase.s -fPIC -DPIC -o .libs/mulmid_basecase.o
/bin/sh ../libtool  --tag=CC   --mode=compile ccache gcc -DHAVE_CONFIG_H -I. -I..  -D__GMP_WITHIN_GMP -I.. -DOPERATION_`echo mulmid_n | sed 's/_$//'`   -O2 -pedantic -fomit-frame-pointer -m64 -std=gnu17 -c -o mulmid_n.lo mulmid_n.c
/bin/sh ../libtool  --tag=CC   --mode=compile ccache gcc -DHAVE_CONFIG_H -I. -I..  -D__GMP_WITHIN_GMP -I.. -DOPERATION_`echo mulmid | sed 's/_$//'`   -O2 -pedantic -fomit-frame-pointer -m64 -std=gnu17 -c -o mulmid.lo mulmid.c
libtool: compile:  ccache gcc -DHAVE_CONFIG_H -I. -I.. -D__GMP_WITHIN_GMP -I.. -DOPERATION_mul -O2 -pedantic -fomit-frame-pointer -m64 -std=gnu17 -c mul.c -o mul.o >/dev/null 2>&1
libtool: compile:  ../mpn/m4-ccas --m4=m4 ccache gcc -c -DHAVE_CONFIG_H -I. -I.. -D__GMP_WITHIN_GMP -I.. -DOPERATION_mulmid_basecase -O2 -pedantic -fomit-frame-pointer -m64 -std=gnu17 -Wa,--noexecstack mulmid_basecase.asm -o mulmid_basecase.o >/dev/null 2>&1
libtool: compile:  ccache gcc -DHAVE_CONFIG_H -I. -I.. -D__GMP_WITHIN_GMP -I.. -DOPERATION_nussbaumer_mul -O2 -pedantic -fomit-frame-pointer -m64 -std=gnu17 -c nussbaumer_mul.c -o nussbaumer_mul.o >/dev/null 2>&1
/bin/sh ../libtool  --tag=CC   --mode=compile ccache gcc -DHAVE_CONFIG_H -I. -I..  -D__GMP_WITHIN_GMP -I.. -DOPERATION_`echo random | sed 's/_$//'`   -O2 -pedantic -fomit-frame-pointer -m64 -std=gnu17 -c -o random.lo random.c
libtool: compile:  ccache gcc -DHAVE_CONFIG_H -I. -I.. -D__GMP_WITHIN_GMP -I.. -DOPERATION_mulmid_n -O2 -pedantic -fomit-frame-pointer -m64 -std=gnu17 -c mulmid_n.c  -fPIC -DPIC -o .libs/mulmid_n.o
libtool: compile:  ccache gcc -DHAVE_CONFIG_H -I. -I.. -D__GMP_WITHIN_GMP -I.. -DOPERATION_mulmid -O2 -pedantic -fomit-frame-pointer -m64 -std=gnu17 -c mulmid.c  -fPIC -DPIC -o .libs/mulmid.o
/bin/sh ../libtool  --tag=CC   --mode=compile ccache gcc -DHAVE_CONFIG_H -I. -I..  -D__GMP_WITHIN_GMP -I.. -DOPERATION_`echo random2 | sed 's/_$//'`   -O2 -pedantic -fomit-frame-pointer -m64 -std=gnu17 -c -o random2.lo random2.c
libtool: compile:  ccache gcc -DHAVE_CONFIG_H -I. -I.. -D__GMP_WITHIN_GMP -I.. -DOPERATION_random -O2 -pedantic -fomit-frame-pointer -m64 -std=gnu17 -c random.c  -fPIC -DPIC -o .libs/random.o
libtool: compile:  ccache gcc -DHAVE_CONFIG_H -I. -I.. -D__GMP_WITHIN_GMP -I.. -DOPERATION_random2 -O2 -pedantic -fomit-frame-pointer -m64 -std=gnu17 -c random2.c  -fPIC -DPIC -o .libs/random2.o
libtool: compile:  ccache gcc -DHAVE_CONFIG_H -I. -I.. -D__GMP_WITHIN_GMP -I.. -DOPERATION_mulmid_n -O2 -pedantic -fomit-frame-pointer -m64 -std=gnu17 -c mulmid_n.c -o mulmid_n.o >/dev/null 2>&1
/bin/sh ../libtool  --tag=CC   --mode=compile ccache gcc -DHAVE_CONFIG_H -I. -I..  -D__GMP_WITHIN_GMP -I.. -DOPERATION_`echo pow_1 | sed 's/_$//'`   -O2 -pedantic -fomit-frame-pointer -m64 -std=gnu17 -c -o pow_1.lo pow_1.c
libtool: compile:  ccache gcc -DHAVE_CONFIG_H -I. -I.. -D__GMP_WITHIN_GMP -I.. -DOPERATION_toom42_mulmid -O2 -pedantic -fomit-frame-pointer -m64 -std=gnu17 -c toom42_mulmid.c -o toom42_mulmid.o >/dev/null 2>&1
libtool: compile:  ccache gcc -DHAVE_CONFIG_H -I. -I.. -D__GMP_WITHIN_GMP -I.. -DOPERATION_random -O2 -pedantic -fomit-frame-pointer -m64 -std=gnu17 -c random.c -o random.o >/dev/null 2>&1
libtool: compile:  ccache gcc -DHAVE_CONFIG_H -I. -I.. -D__GMP_WITHIN_GMP -I.. -DOPERATION_pow_1 -O2 -pedantic -fomit-frame-pointer -m64 -std=gnu17 -c pow_1.c  -fPIC -DPIC -o .libs/pow_1.o
libtool: compile:  ccache gcc -DHAVE_CONFIG_H -I. -I.. -D__GMP_WITHIN_GMP -I.. -DOPERATION_mulmid -O2 -pedantic -fomit-frame-pointer -m64 -std=gnu17 -c mulmid.c -o mulmid.o >/dev/null 2>&1
/bin/sh ../libtool  --tag=CC   --mode=compile ccache gcc -DHAVE_CONFIG_H -I. -I..  -D__GMP_WITHIN_GMP -I.. -DOPERATION_`echo rootrem | sed 's/_$//'`   -O2 -pedantic -fomit-frame-pointer -m64 -std=gnu17 -c -o rootrem.lo rootrem.c
libtool: compile:  ccache gcc -DHAVE_CONFIG_H -I. -I.. -D__GMP_WITHIN_GMP -I.. -DOPERATION_random2 -O2 -pedantic -fomit-frame-pointer -m64 -std=gnu17 -c random2.c -o random2.o >/dev/null 2>&1
/bin/sh ../libtool  --tag=CC   --mode=compile ccache gcc -DHAVE_CONFIG_H -I. -I..  -D__GMP_WITHIN_GMP -I.. -DOPERATION_`echo sqrtrem | sed 's/_$//'`   -O2 -pedantic -fomit-frame-pointer -m64 -std=gnu17 -c -o sqrtrem.lo sqrtrem.c
libtool: compile:  ccache gcc -DHAVE_CONFIG_H -I. -I.. -D__GMP_WITHIN_GMP -I.. -DOPERATION_rootrem -O2 -pedantic -fomit-frame-pointer -m64 -std=gnu17 -c rootrem.c  -fPIC -DPIC -o .libs/rootrem.o
libtool: compile:  ccache gcc -DHAVE_CONFIG_H -I. -I.. -D__GMP_WITHIN_GMP -I.. -DOPERATION_mul_fft -O2 -pedantic -fomit-frame-pointer -m64 -std=gnu17 -c mul_fft.c -o mul_fft.o >/dev/null 2>&1
libtool: compile:  ccache gcc -DHAVE_CONFIG_H -I. -I.. -D__GMP_WITHIN_GMP -I.. -DOPERATION_sqrtrem -O2 -pedantic -fomit-frame-pointer -m64 -std=gnu17 -c sqrtrem.c  -fPIC -DPIC -o .libs/sqrtrem.o
/bin/sh ../libtool  --tag=CC   --mode=compile ccache gcc -DHAVE_CONFIG_H -I. -I..  -D__GMP_WITHIN_GMP -I.. -DOPERATION_`echo sizeinbase | sed 's/_$//'`   -O2 -pedantic -fomit-frame-pointer -m64 -std=gnu17 -c -o sizeinbase.lo sizeinbase.c
libtool: compile:  ccache gcc -DHAVE_CONFIG_H -I. -I.. -D__GMP_WITHIN_GMP -I.. -DOPERATION_pow_1 -O2 -pedantic -fomit-frame-pointer -m64 -std=gnu17 -c pow_1.c -o pow_1.o >/dev/null 2>&1
/bin/sh ../libtool  --tag=CC   --mode=compile ccache gcc -DHAVE_CONFIG_H -I. -I..  -D__GMP_WITHIN_GMP -I.. -DOPERATION_`echo get_str | sed 's/_$//'`   -O2 -pedantic -fomit-frame-pointer -m64 -std=gnu17 -c -o get_str.lo get_str.c
libtool: compile:  ccache gcc -DHAVE_CONFIG_H -I. -I.. -D__GMP_WITHIN_GMP -I.. -DOPERATION_sizeinbase -O2 -pedantic -fomit-frame-pointer -m64 -std=gnu17 -c sizeinbase.c  -fPIC -DPIC -o .libs/sizeinbase.o
/bin/sh ../libtool  --tag=CC   --mode=compile ccache gcc -DHAVE_CONFIG_H -I. -I..  -D__GMP_WITHIN_GMP -I.. -DOPERATION_`echo set_str | sed 's/_$//'`   -O2 -pedantic -fomit-frame-pointer -m64 -std=gnu17 -c -o set_str.lo set_str.c
libtool: compile:  ccache gcc -DHAVE_CONFIG_H -I. -I.. -D__GMP_WITHIN_GMP -I.. -DOPERATION_get_str -O2 -pedantic -fomit-frame-pointer -m64 -std=gnu17 -c get_str.c  -fPIC -DPIC -o .libs/get_str.o
/bin/sh ../libtool  --tag=CC   --mode=compile ccache gcc -DHAVE_CONFIG_H -I. -I..  -D__GMP_WITHIN_GMP -I.. -DOPERATION_`echo compute_powtab | sed 's/_$//'`   -O2 -pedantic -fomit-frame-pointer -m64 -std=gnu17 -c -o compute_powtab.lo compute_powtab.c
libtool: compile:  ccache gcc -DHAVE_CONFIG_H -I. -I.. -D__GMP_WITHIN_GMP -I.. -DOPERATION_set_str -O2 -pedantic -fomit-frame-pointer -m64 -std=gnu17 -c set_str.c  -fPIC -DPIC -o .libs/set_str.o
libtool: compile:  ccache gcc -DHAVE_CONFIG_H -I. -I.. -D__GMP_WITHIN_GMP -I.. -DOPERATION_compute_powtab -O2 -pedantic -fomit-frame-pointer -m64 -std=gnu17 -c compute_powtab.c  -fPIC -DPIC -o .libs/compute_powtab.o
/bin/sh ../libtool  --tag=CC   --mode=compile ccache gcc -DHAVE_CONFIG_H -I. -I..  -D__GMP_WITHIN_GMP -I.. -DOPERATION_`echo scan0 | sed 's/_$//'`   -O2 -pedantic -fomit-frame-pointer -m64 -std=gnu17 -c -o scan0.lo scan0.c
libtool: compile:  ccache gcc -DHAVE_CONFIG_H -I. -I.. -D__GMP_WITHIN_GMP -I.. -DOPERATION_sizeinbase -O2 -pedantic -fomit-frame-pointer -m64 -std=gnu17 -c sizeinbase.c -o sizeinbase.o >/dev/null 2>&1
libtool: compile:  ccache gcc -DHAVE_CONFIG_H -I. -I.. -D__GMP_WITHIN_GMP -I.. -DOPERATION_scan0 -O2 -pedantic -fomit-frame-pointer -m64 -std=gnu17 -c scan0.c  -fPIC -DPIC -o .libs/scan0.o
/bin/sh ../libtool  --tag=CC   --mode=compile ccache gcc -DHAVE_CONFIG_H -I. -I..  -D__GMP_WITHIN_GMP -I.. -DOPERATION_`echo scan1 | sed 's/_$//'`   -O2 -pedantic -fomit-frame-pointer -m64 -std=gnu17 -c -o scan1.lo scan1.c
libtool: compile:  ccache gcc -DHAVE_CONFIG_H -I. -I.. -D__GMP_WITHIN_GMP -I.. -DOPERATION_get_str -O2 -pedantic -fomit-frame-pointer -m64 -std=gnu17 -c get_str.c -o get_str.o >/dev/null 2>&1
libtool: compile:  ccache gcc -DHAVE_CONFIG_H -I. -I.. -D__GMP_WITHIN_GMP -I.. -DOPERATION_compute_powtab -O2 -pedantic -fomit-frame-pointer -m64 -std=gnu17 -c compute_powtab.c -o compute_powtab.o >/dev/null 2>&1
libtool: compile:  ccache gcc -DHAVE_CONFIG_H -I. -I.. -D__GMP_WITHIN_GMP -I.. -DOPERATION_set_str -O2 -pedantic -fomit-frame-pointer -m64 -std=gnu17 -c set_str.c -o set_str.o >/dev/null 2>&1
libtool: compile:  ccache gcc -DHAVE_CONFIG_H -I. -I.. -D__GMP_WITHIN_GMP -I.. -DOPERATION_scan1 -O2 -pedantic -fomit-frame-pointer -m64 -std=gnu17 -c scan1.c  -fPIC -DPIC -o .libs/scan1.o
libtool: compile:  ccache gcc -DHAVE_CONFIG_H -I. -I.. -D__GMP_WITHIN_GMP -I.. -DOPERATION_rootrem -O2 -pedantic -fomit-frame-pointer -m64 -std=gnu17 -c rootrem.c -o rootrem.o >/dev/null 2>&1
libtool: compile:  ccache gcc -DHAVE_CONFIG_H -I. -I.. -D__GMP_WITHIN_GMP -I.. -DOPERATION_scan0 -O2 -pedantic -fomit-frame-pointer -m64 -std=gnu17 -c scan0.c -o scan0.o >/dev/null 2>&1
libtool: compile:  ccache gcc -DHAVE_CONFIG_H -I. -I.. -D__GMP_WITHIN_GMP -I.. -DOPERATION_sqrtrem -O2 -pedantic -fomit-frame-pointer -m64 -std=gnu17 -c sqrtrem.c -o sqrtrem.o >/dev/null 2>&1
libtool: compile:  ccache gcc -DHAVE_CONFIG_H -I. -I.. -D__GMP_WITHIN_GMP -I.. -DOPERATION_scan1 -O2 -pedantic -fomit-frame-pointer -m64 -std=gnu17 -c scan1.c -o scan1.o >/dev/null 2>&1
/bin/sh ../libtool --mode=compile --tag=CC ../mpn/m4-ccas --m4="m4" ccache gcc -c -DHAVE_CONFIG_H -I. -I..  -D__GMP_WITHIN_GMP -I.. -DOPERATION_`echo popcount | sed 's/_$//'`   -O2 -pedantic -fomit-frame-pointer -m64 -std=gnu17 -Wa,--noexecstack `test -f 'popcount.asm' || echo './'`popcount.asm
/bin/sh ../libtool --mode=compile --tag=CC ../mpn/m4-ccas --m4="m4" ccache gcc -c -DHAVE_CONFIG_H -I. -I..  -D__GMP_WITHIN_GMP -I.. -DOPERATION_`echo hamdist | sed 's/_$//'`   -O2 -pedantic -fomit-frame-pointer -m64 -std=gnu17 -Wa,--noexecstack `test -f 'hamdist.asm' || echo './'`hamdist.asm
/bin/sh ../libtool  --tag=CC   --mode=compile ccache gcc -DHAVE_CONFIG_H -I. -I..  -D__GMP_WITHIN_GMP -I.. -DOPERATION_`echo cmp | sed 's/_$//'`   -O2 -pedantic -fomit-frame-pointer -m64 -std=gnu17 -c -o cmp.lo cmp.c
libtool: compile:  ../mpn/m4-ccas --m4=m4 ccache gcc -c -DHAVE_CONFIG_H -I. -I.. -D__GMP_WITHIN_GMP -I.. -DOPERATION_popcount -O2 -pedantic -fomit-frame-pointer -m64 -std=gnu17 -Wa,--noexecstack popcount.asm  -fPIC -DPIC -o .libs/popcount.o
/bin/sh ../libtool  --tag=CC   --mode=compile ccache gcc -DHAVE_CONFIG_H -I. -I..  -D__GMP_WITHIN_GMP -I.. -DOPERATION_`echo zero_p | sed 's/_$//'`   -O2 -pedantic -fomit-frame-pointer -m64 -std=gnu17 -c -o zero_p.lo zero_p.c
libtool: compile:  ../mpn/m4-ccas --m4=m4 ccache gcc -c -DHAVE_CONFIG_H -I. -I.. -D__GMP_WITHIN_GMP -I.. -DOPERATION_hamdist -O2 -pedantic -fomit-frame-pointer -m64 -std=gnu17 -Wa,--noexecstack hamdist.asm  -fPIC -DPIC -o .libs/hamdist.o
/bin/sh ../libtool  --tag=CC   --mode=compile ccache gcc -DHAVE_CONFIG_H -I. -I..  -D__GMP_WITHIN_GMP -I.. -DOPERATION_`echo perfsqr | sed 's/_$//'`   -O2 -pedantic -fomit-frame-pointer -m64 -std=gnu17 -c -o perfsqr.lo perfsqr.c
m4  -DHAVE_CONFIG_H -D__GMP_WITHIN_GMP -DOPERATION_popcount -DPIC popcount.asm >tmp-popcount.s
libtool: compile:  ccache gcc -DHAVE_CONFIG_H -I. -I.. -D__GMP_WITHIN_GMP -I.. -DOPERATION_cmp -O2 -pedantic -fomit-frame-pointer -m64 -std=gnu17 -c cmp.c  -fPIC -DPIC -o .libs/cmp.o
 ccache gcc -c -DHAVE_CONFIG_H -I. -I.. -D__GMP_WITHIN_GMP -I.. -DOPERATION_popcount -O2 -pedantic -fomit-frame-pointer -m64 -std=gnu17 -Wa,--noexecstack tmp-popcount.s -fPIC -DPIC -o .libs/popcount.o
m4  -DHAVE_CONFIG_H -D__GMP_WITHIN_GMP -DOPERATION_hamdist -DPIC hamdist.asm >tmp-hamdist.s
/bin/sh ../libtool  --tag=CC   --mode=compile ccache gcc -DHAVE_CONFIG_H -I. -I..  -D__GMP_WITHIN_GMP -I.. -DOPERATION_`echo perfpow | sed 's/_$//'`   -O2 -pedantic -fomit-frame-pointer -m64 -std=gnu17 -c -o perfpow.lo perfpow.c
 ccache gcc -c -DHAVE_CONFIG_H -I. -I.. -D__GMP_WITHIN_GMP -I.. -DOPERATION_hamdist -O2 -pedantic -fomit-frame-pointer -m64 -std=gnu17 -Wa,--noexecstack tmp-hamdist.s -fPIC -DPIC -o .libs/hamdist.o
libtool: compile:  ccache gcc -DHAVE_CONFIG_H -I. -I.. -D__GMP_WITHIN_GMP -I.. -DOPERATION_zero_p -O2 -pedantic -fomit-frame-pointer -m64 -std=gnu17 -c zero_p.c  -fPIC -DPIC -o .libs/zero_p.o
libtool: compile:  ../mpn/m4-ccas --m4=m4 ccache gcc -c -DHAVE_CONFIG_H -I. -I.. -D__GMP_WITHIN_GMP -I.. -DOPERATION_popcount -O2 -pedantic -fomit-frame-pointer -m64 -std=gnu17 -Wa,--noexecstack popcount.asm -o popcount.o >/dev/null 2>&1
libtool: compile:  ../mpn/m4-ccas --m4=m4 ccache gcc -c -DHAVE_CONFIG_H -I. -I.. -D__GMP_WITHIN_GMP -I.. -DOPERATION_hamdist -O2 -pedantic -fomit-frame-pointer -m64 -std=gnu17 -Wa,--noexecstack hamdist.asm -o hamdist.o >/dev/null 2>&1
libtool: compile:  ccache gcc -DHAVE_CONFIG_H -I. -I.. -D__GMP_WITHIN_GMP -I.. -DOPERATION_perfsqr -O2 -pedantic -fomit-frame-pointer -m64 -std=gnu17 -c perfsqr.c  -fPIC -DPIC -o .libs/perfsqr.o
libtool: compile:  ccache gcc -DHAVE_CONFIG_H -I. -I.. -D__GMP_WITHIN_GMP -I.. -DOPERATION_perfpow -O2 -pedantic -fomit-frame-pointer -m64 -std=gnu17 -c perfpow.c  -fPIC -DPIC -o .libs/perfpow.o
/bin/sh ../libtool  --tag=CC   --mode=compile ccache gcc -DHAVE_CONFIG_H -I. -I..  -D__GMP_WITHIN_GMP -I.. -DOPERATION_`echo strongfibo | sed 's/_$//'`   -O2 -pedantic -fomit-frame-pointer -m64 -std=gnu17 -c -o strongfibo.lo strongfibo.c
/bin/sh ../libtool --mode=compile --tag=CC ../mpn/m4-ccas --m4="m4" ccache gcc -c -DHAVE_CONFIG_H -I. -I..  -D__GMP_WITHIN_GMP -I.. -DOPERATION_`echo gcd_11 | sed 's/_$//'`   -O2 -pedantic -fomit-frame-pointer -m64 -std=gnu17 -Wa,--noexecstack `test -f 'gcd_11.asm' || echo './'`gcd_11.asm
/bin/sh ../libtool --mode=compile --tag=CC ../mpn/m4-ccas --m4="m4" ccache gcc -c -DHAVE_CONFIG_H -I. -I..  -D__GMP_WITHIN_GMP -I.. -DOPERATION_`echo gcd_22 | sed 's/_$//'`   -O2 -pedantic -fomit-frame-pointer -m64 -std=gnu17 -Wa,--noexecstack `test -f 'gcd_22.asm' || echo './'`gcd_22.asm
libtool: compile:  ccache gcc -DHAVE_CONFIG_H -I. -I.. -D__GMP_WITHIN_GMP -I.. -DOPERATION_cmp -O2 -pedantic -fomit-frame-pointer -m64 -std=gnu17 -c cmp.c -o cmp.o >/dev/null 2>&1
libtool: compile:  ccache gcc -DHAVE_CONFIG_H -I. -I.. -D__GMP_WITHIN_GMP -I.. -DOPERATION_zero_p -O2 -pedantic -fomit-frame-pointer -m64 -std=gnu17 -c zero_p.c -o zero_p.o >/dev/null 2>&1
libtool: compile:  ccache gcc -DHAVE_CONFIG_H -I. -I.. -D__GMP_WITHIN_GMP -I.. -DOPERATION_strongfibo -O2 -pedantic -fomit-frame-pointer -m64 -std=gnu17 -c strongfibo.c  -fPIC -DPIC -o .libs/strongfibo.o
libtool: compile:  ../mpn/m4-ccas --m4=m4 ccache gcc -c -DHAVE_CONFIG_H -I. -I.. -D__GMP_WITHIN_GMP -I.. -DOPERATION_gcd_11 -O2 -pedantic -fomit-frame-pointer -m64 -std=gnu17 -Wa,--noexecstack gcd_11.asm  -fPIC -DPIC -o .libs/gcd_11.o
libtool: compile:  ../mpn/m4-ccas --m4=m4 ccache gcc -c -DHAVE_CONFIG_H -I. -I.. -D__GMP_WITHIN_GMP -I.. -DOPERATION_gcd_22 -O2 -pedantic -fomit-frame-pointer -m64 -std=gnu17 -Wa,--noexecstack gcd_22.asm  -fPIC -DPIC -o .libs/gcd_22.o
m4  -DHAVE_CONFIG_H -D__GMP_WITHIN_GMP -DOPERATION_gcd_22 -DPIC gcd_22.asm >tmp-gcd_22.s
m4  -DHAVE_CONFIG_H -D__GMP_WITHIN_GMP -DOPERATION_gcd_11 -DPIC gcd_11.asm >tmp-gcd_11.s
libtool: compile:  ccache gcc -DHAVE_CONFIG_H -I. -I.. -D__GMP_WITHIN_GMP -I.. -DOPERATION_perfsqr -O2 -pedantic -fomit-frame-pointer -m64 -std=gnu17 -c perfsqr.c -o perfsqr.o >/dev/null 2>&1
/bin/sh ../libtool  --tag=CC   --mode=compile ccache gcc -DHAVE_CONFIG_H -I. -I..  -D__GMP_WITHIN_GMP -I.. -DOPERATION_`echo gcd_1 | sed 's/_$//'`   -O2 -pedantic -fomit-frame-pointer -m64 -std=gnu17 -c -o gcd_1.lo gcd_1.c
 ccache gcc -c -DHAVE_CONFIG_H -I. -I.. -D__GMP_WITHIN_GMP -I.. -DOPERATION_gcd_22 -O2 -pedantic -fomit-frame-pointer -m64 -std=gnu17 -Wa,--noexecstack tmp-gcd_22.s -fPIC -DPIC -o .libs/gcd_22.o
 ccache gcc -c -DHAVE_CONFIG_H -I. -I.. -D__GMP_WITHIN_GMP -I.. -DOPERATION_gcd_11 -O2 -pedantic -fomit-frame-pointer -m64 -std=gnu17 -Wa,--noexecstack tmp-gcd_11.s -fPIC -DPIC -o .libs/gcd_11.o
libtool: compile:  ../mpn/m4-ccas --m4=m4 ccache gcc -c -DHAVE_CONFIG_H -I. -I.. -D__GMP_WITHIN_GMP -I.. -DOPERATION_gcd_22 -O2 -pedantic -fomit-frame-pointer -m64 -std=gnu17 -Wa,--noexecstack gcd_22.asm -o gcd_22.o >/dev/null 2>&1
libtool: compile:  ../mpn/m4-ccas --m4=m4 ccache gcc -c -DHAVE_CONFIG_H -I. -I.. -D__GMP_WITHIN_GMP -I.. -DOPERATION_gcd_11 -O2 -pedantic -fomit-frame-pointer -m64 -std=gnu17 -Wa,--noexecstack gcd_11.asm -o gcd_11.o >/dev/null 2>&1
/bin/sh ../libtool  --tag=CC   --mode=compile ccache gcc -DHAVE_CONFIG_H -I. -I..  -D__GMP_WITHIN_GMP -I.. -DOPERATION_`echo gcd | sed 's/_$//'`   -O2 -pedantic -fomit-frame-pointer -m64 -std=gnu17 -c -o gcd.lo gcd.c
libtool: compile:  ccache gcc -DHAVE_CONFIG_H -I. -I.. -D__GMP_WITHIN_GMP -I.. -DOPERATION_gcd_1 -O2 -pedantic -fomit-frame-pointer -m64 -std=gnu17 -c gcd_1.c  -fPIC -DPIC -o .libs/gcd_1.o
/bin/sh ../libtool  --tag=CC   --mode=compile ccache gcc -DHAVE_CONFIG_H -I. -I..  -D__GMP_WITHIN_GMP -I.. -DOPERATION_`echo gcdext_1 | sed 's/_$//'`   -O2 -pedantic -fomit-frame-pointer -m64 -std=gnu17 -c -o gcdext_1.lo gcdext_1.c
libtool: compile:  ccache gcc -DHAVE_CONFIG_H -I. -I.. -D__GMP_WITHIN_GMP -I.. -DOPERATION_gcd -O2 -pedantic -fomit-frame-pointer -m64 -std=gnu17 -c gcd.c  -fPIC -DPIC -o .libs/gcd.o
/bin/sh ../libtool  --tag=CC   --mode=compile ccache gcc -DHAVE_CONFIG_H -I. -I..  -D__GMP_WITHIN_GMP -I.. -DOPERATION_`echo gcdext | sed 's/_$//'`   -O2 -pedantic -fomit-frame-pointer -m64 -std=gnu17 -c -o gcdext.lo gcdext.c
/bin/sh ../libtool  --tag=CC   --mode=compile ccache gcc -DHAVE_CONFIG_H -I. -I..  -D__GMP_WITHIN_GMP -I.. -DOPERATION_`echo gcd_subdiv_step | sed 's/_$//'`   -O2 -pedantic -fomit-frame-pointer -m64 -std=gnu17 -c -o gcd_subdiv_step.lo gcd_subdiv_step.c
libtool: compile:  ccache gcc -DHAVE_CONFIG_H -I. -I.. -D__GMP_WITHIN_GMP -I.. -DOPERATION_strongfibo -O2 -pedantic -fomit-frame-pointer -m64 -std=gnu17 -c strongfibo.c -o strongfibo.o >/dev/null 2>&1
libtool: compile:  ccache gcc -DHAVE_CONFIG_H -I. -I.. -D__GMP_WITHIN_GMP -I.. -DOPERATION_gcdext -O2 -pedantic -fomit-frame-pointer -m64 -std=gnu17 -c gcdext.c  -fPIC -DPIC -o .libs/gcdext.o
/bin/sh ../libtool  --tag=CC   --mode=compile ccache gcc -DHAVE_CONFIG_H -I. -I..  -D__GMP_WITHIN_GMP -I.. -DOPERATION_`echo gcdext_lehmer | sed 's/_$//'`   -O2 -pedantic -fomit-frame-pointer -m64 -std=gnu17 -c -o gcdext_lehmer.lo gcdext_lehmer.c
libtool: compile:  ccache gcc -DHAVE_CONFIG_H -I. -I.. -D__GMP_WITHIN_GMP -I.. -DOPERATION_gcdext_1 -O2 -pedantic -fomit-frame-pointer -m64 -std=gnu17 -c gcdext_1.c  -fPIC -DPIC -o .libs/gcdext_1.o
libtool: compile:  ccache gcc -DHAVE_CONFIG_H -I. -I.. -D__GMP_WITHIN_GMP -I.. -DOPERATION_gcd_subdiv_step -O2 -pedantic -fomit-frame-pointer -m64 -std=gnu17 -c gcd_subdiv_step.c  -fPIC -DPIC -o .libs/gcd_subdiv_step.o
libtool: compile:  ccache gcc -DHAVE_CONFIG_H -I. -I.. -D__GMP_WITHIN_GMP -I.. -DOPERATION_perfpow -O2 -pedantic -fomit-frame-pointer -m64 -std=gnu17 -c perfpow.c -o perfpow.o >/dev/null 2>&1
libtool: compile:  ccache gcc -DHAVE_CONFIG_H -I. -I.. -D__GMP_WITHIN_GMP -I.. -DOPERATION_gcd_1 -O2 -pedantic -fomit-frame-pointer -m64 -std=gnu17 -c gcd_1.c -o gcd_1.o >/dev/null 2>&1
libtool: compile:  ccache gcc -DHAVE_CONFIG_H -I. -I.. -D__GMP_WITHIN_GMP -I.. -DOPERATION_gcdext_lehmer -O2 -pedantic -fomit-frame-pointer -m64 -std=gnu17 -c gcdext_lehmer.c  -fPIC -DPIC -o .libs/gcdext_lehmer.o
libtool: compile:  ccache gcc -DHAVE_CONFIG_H -I. -I.. -D__GMP_WITHIN_GMP -I.. -DOPERATION_gcd -O2 -pedantic -fomit-frame-pointer -m64 -std=gnu17 -c gcd.c -o gcd.o >/dev/null 2>&1
libtool: compile:  ccache gcc -DHAVE_CONFIG_H -I. -I.. -D__GMP_WITHIN_GMP -I.. -DOPERATION_gcdext_1 -O2 -pedantic -fomit-frame-pointer -m64 -std=gnu17 -c gcdext_1.c -o gcdext_1.o >/dev/null 2>&1
/bin/sh ../libtool  --tag=CC   --mode=compile ccache gcc -DHAVE_CONFIG_H -I. -I..  -D__GMP_WITHIN_GMP -I.. -DOPERATION_`echo div_q | sed 's/_$//'`   -O2 -pedantic -fomit-frame-pointer -m64 -std=gnu17 -c -o div_q.lo div_q.c
/bin/sh ../libtool  --tag=CC   --mode=compile ccache gcc -DHAVE_CONFIG_H -I. -I..  -D__GMP_WITHIN_GMP -I.. -DOPERATION_`echo tdiv_qr | sed 's/_$//'`   -O2 -pedantic -fomit-frame-pointer -m64 -std=gnu17 -c -o tdiv_qr.lo tdiv_qr.c
libtool: compile:  ccache gcc -DHAVE_CONFIG_H -I. -I.. -D__GMP_WITHIN_GMP -I.. -DOPERATION_gcd_subdiv_step -O2 -pedantic -fomit-frame-pointer -m64 -std=gnu17 -c gcd_subdiv_step.c -o gcd_subdiv_step.o >/dev/null 2>&1
libtool: compile:  ccache gcc -DHAVE_CONFIG_H -I. -I.. -D__GMP_WITHIN_GMP -I.. -DOPERATION_div_q -O2 -pedantic -fomit-frame-pointer -m64 -std=gnu17 -c div_q.c  -fPIC -DPIC -o .libs/div_q.o
libtool: compile:  ccache gcc -DHAVE_CONFIG_H -I. -I.. -D__GMP_WITHIN_GMP -I.. -DOPERATION_tdiv_qr -O2 -pedantic -fomit-frame-pointer -m64 -std=gnu17 -c tdiv_qr.c  -fPIC -DPIC -o .libs/tdiv_qr.o
/bin/sh ../libtool  --tag=CC   --mode=compile ccache gcc -DHAVE_CONFIG_H -I. -I..  -D__GMP_WITHIN_GMP -I.. -DOPERATION_`echo jacbase | sed 's/_$//'`   -O2 -pedantic -fomit-frame-pointer -m64 -std=gnu17 -c -o jacbase.lo jacbase.c
/bin/sh ../libtool  --tag=CC   --mode=compile ccache gcc -DHAVE_CONFIG_H -I. -I..  -D__GMP_WITHIN_GMP -I.. -DOPERATION_`echo jacobi_2 | sed 's/_$//'`   -O2 -pedantic -fomit-frame-pointer -m64 -std=gnu17 -c -o jacobi_2.lo jacobi_2.c
/bin/sh ../libtool  --tag=CC   --mode=compile ccache gcc -DHAVE_CONFIG_H -I. -I..  -D__GMP_WITHIN_GMP -I.. -DOPERATION_`echo jacobi | sed 's/_$//'`   -O2 -pedantic -fomit-frame-pointer -m64 -std=gnu17 -c -o jacobi.lo jacobi.c
libtool: compile:  ccache gcc -DHAVE_CONFIG_H -I. -I.. -D__GMP_WITHIN_GMP -I.. -DOPERATION_gcdext_lehmer -O2 -pedantic -fomit-frame-pointer -m64 -std=gnu17 -c gcdext_lehmer.c -o gcdext_lehmer.o >/dev/null 2>&1
libtool: compile:  ccache gcc -DHAVE_CONFIG_H -I. -I.. -D__GMP_WITHIN_GMP -I.. -DOPERATION_jacbase -O2 -pedantic -fomit-frame-pointer -m64 -std=gnu17 -c jacbase.c  -fPIC -DPIC -o .libs/jacbase.o
libtool: compile:  ccache gcc -DHAVE_CONFIG_H -I. -I.. -D__GMP_WITHIN_GMP -I.. -DOPERATION_jacobi_2 -O2 -pedantic -fomit-frame-pointer -m64 -std=gnu17 -c jacobi_2.c  -fPIC -DPIC -o .libs/jacobi_2.o
libtool: compile:  ccache gcc -DHAVE_CONFIG_H -I. -I.. -D__GMP_WITHIN_GMP -I.. -DOPERATION_gcdext -O2 -pedantic -fomit-frame-pointer -m64 -std=gnu17 -c gcdext.c -o gcdext.o >/dev/null 2>&1
libtool: compile:  ccache gcc -DHAVE_CONFIG_H -I. -I.. -D__GMP_WITHIN_GMP -I.. -DOPERATION_jacobi -O2 -pedantic -fomit-frame-pointer -m64 -std=gnu17 -c jacobi.c  -fPIC -DPIC -o .libs/jacobi.o
/bin/sh ../libtool  --tag=CC   --mode=compile ccache gcc -DHAVE_CONFIG_H -I. -I..  -D__GMP_WITHIN_GMP -I.. -DOPERATION_`echo get_d | sed 's/_$//'`   -O2 -pedantic -fomit-frame-pointer -m64 -std=gnu17 -c -o get_d.lo get_d.c
libtool: compile:  ccache gcc -DHAVE_CONFIG_H -I. -I.. -D__GMP_WITHIN_GMP -I.. -DOPERATION_jacbase -O2 -pedantic -fomit-frame-pointer -m64 -std=gnu17 -c jacbase.c -o jacbase.o >/dev/null 2>&1
libtool: compile:  ccache gcc -DHAVE_CONFIG_H -I. -I.. -D__GMP_WITHIN_GMP -I.. -DOPERATION_get_d -O2 -pedantic -fomit-frame-pointer -m64 -std=gnu17 -c get_d.c  -fPIC -DPIC -o .libs/get_d.o
libtool: compile:  ccache gcc -DHAVE_CONFIG_H -I. -I.. -D__GMP_WITHIN_GMP -I.. -DOPERATION_jacobi -O2 -pedantic -fomit-frame-pointer -m64 -std=gnu17 -c jacobi.c -o jacobi.o >/dev/null 2>&1
libtool: compile:  ccache gcc -DHAVE_CONFIG_H -I. -I.. -D__GMP_WITHIN_GMP -I.. -DOPERATION_jacobi_2 -O2 -pedantic -fomit-frame-pointer -m64 -std=gnu17 -c jacobi_2.c -o jacobi_2.o >/dev/null 2>&1
libtool: compile:  ccache gcc -DHAVE_CONFIG_H -I. -I.. -D__GMP_WITHIN_GMP -I.. -DOPERATION_div_q -O2 -pedantic -fomit-frame-pointer -m64 -std=gnu17 -c div_q.c -o div_q.o >/dev/null 2>&1
/bin/sh ../libtool  --tag=CC   --mode=compile ccache gcc -DHAVE_CONFIG_H -I. -I..  -D__GMP_WITHIN_GMP -I.. -DOPERATION_`echo matrix22_mul | sed 's/_$//'`   -O2 -pedantic -fomit-frame-pointer -m64 -std=gnu17 -c -o matrix22_mul.lo matrix22_mul.c
/bin/sh ../libtool  --tag=CC   --mode=compile ccache gcc -DHAVE_CONFIG_H -I. -I..  -D__GMP_WITHIN_GMP -I.. -DOPERATION_`echo matrix22_mul1_inverse_vector | sed 's/_$//'`   -O2 -pedantic -fomit-frame-pointer -m64 -std=gnu17 -c -o matrix22_mul1_inverse_vector.lo matrix22_mul1_inverse_vector.c
libtool: compile:  ccache gcc -DHAVE_CONFIG_H -I. -I.. -D__GMP_WITHIN_GMP -I.. -DOPERATION_tdiv_qr -O2 -pedantic -fomit-frame-pointer -m64 -std=gnu17 -c tdiv_qr.c -o tdiv_qr.o >/dev/null 2>&1
libtool: compile:  ccache gcc -DHAVE_CONFIG_H -I. -I.. -D__GMP_WITHIN_GMP -I.. -DOPERATION_get_d -O2 -pedantic -fomit-frame-pointer -m64 -std=gnu17 -c get_d.c -o get_d.o >/dev/null 2>&1
libtool: compile:  ccache gcc -DHAVE_CONFIG_H -I. -I.. -D__GMP_WITHIN_GMP -I.. -DOPERATION_matrix22_mul -O2 -pedantic -fomit-frame-pointer -m64 -std=gnu17 -c matrix22_mul.c  -fPIC -DPIC -o .libs/matrix22_mul.o
libtool: compile:  ccache gcc -DHAVE_CONFIG_H -I. -I.. -D__GMP_WITHIN_GMP -I.. -DOPERATION_matrix22_mul1_inverse_vector -O2 -pedantic -fomit-frame-pointer -m64 -std=gnu17 -c matrix22_mul1_inverse_vector.c  -fPIC -DPIC -o .libs/matrix22_mul1_inverse_vector.o
/bin/sh ../libtool  --tag=CC   --mode=compile ccache gcc -DHAVE_CONFIG_H -I. -I..  -D__GMP_WITHIN_GMP -I.. -DOPERATION_`echo hgcd_matrix | sed 's/_$//'`   -O2 -pedantic -fomit-frame-pointer -m64 -std=gnu17 -c -o hgcd_matrix.lo hgcd_matrix.c
/bin/sh ../libtool  --tag=CC   --mode=compile ccache gcc -DHAVE_CONFIG_H -I. -I..  -D__GMP_WITHIN_GMP -I.. -DOPERATION_`echo hgcd2 | sed 's/_$//'`   -O2 -pedantic -fomit-frame-pointer -m64 -std=gnu17 -c -o hgcd2.lo hgcd2.c
/bin/sh ../libtool  --tag=CC   --mode=compile ccache gcc -DHAVE_CONFIG_H -I. -I..  -D__GMP_WITHIN_GMP -I.. -DOPERATION_`echo hgcd_step | sed 's/_$//'`   -O2 -pedantic -fomit-frame-pointer -m64 -std=gnu17 -c -o hgcd_step.lo hgcd_step.c
libtool: compile:  ccache gcc -DHAVE_CONFIG_H -I. -I.. -D__GMP_WITHIN_GMP -I.. -DOPERATION_hgcd_matrix -O2 -pedantic -fomit-frame-pointer -m64 -std=gnu17 -c hgcd_matrix.c  -fPIC -DPIC -o .libs/hgcd_matrix.o
libtool: compile:  ccache gcc -DHAVE_CONFIG_H -I. -I.. -D__GMP_WITHIN_GMP -I.. -DOPERATION_matrix22_mul1_inverse_vector -O2 -pedantic -fomit-frame-pointer -m64 -std=gnu17 -c matrix22_mul1_inverse_vector.c -o matrix22_mul1_inverse_vector.o >/dev/null 2>&1
/bin/sh ../libtool  --tag=CC   --mode=compile ccache gcc -DHAVE_CONFIG_H -I. -I..  -D__GMP_WITHIN_GMP -I.. -DOPERATION_`echo hgcd_reduce | sed 's/_$//'`   -O2 -pedantic -fomit-frame-pointer -m64 -std=gnu17 -c -o hgcd_reduce.lo hgcd_reduce.c
libtool: compile:  ccache gcc -DHAVE_CONFIG_H -I. -I.. -D__GMP_WITHIN_GMP -I.. -DOPERATION_hgcd2 -O2 -pedantic -fomit-frame-pointer -m64 -std=gnu17 -c hgcd2.c  -fPIC -DPIC -o .libs/hgcd2.o
libtool: compile:  ccache gcc -DHAVE_CONFIG_H -I. -I.. -D__GMP_WITHIN_GMP -I.. -DOPERATION_hgcd_step -O2 -pedantic -fomit-frame-pointer -m64 -std=gnu17 -c hgcd_step.c  -fPIC -DPIC -o .libs/hgcd_step.o
libtool: compile:  ccache gcc -DHAVE_CONFIG_H -I. -I.. -D__GMP_WITHIN_GMP -I.. -DOPERATION_hgcd_reduce -O2 -pedantic -fomit-frame-pointer -m64 -std=gnu17 -c hgcd_reduce.c  -fPIC -DPIC -o .libs/hgcd_reduce.o
libtool: compile:  ccache gcc -DHAVE_CONFIG_H -I. -I.. -D__GMP_WITHIN_GMP -I.. -DOPERATION_matrix22_mul -O2 -pedantic -fomit-frame-pointer -m64 -std=gnu17 -c matrix22_mul.c -o matrix22_mul.o >/dev/null 2>&1
/bin/sh ../libtool  --tag=CC   --mode=compile ccache gcc -DHAVE_CONFIG_H -I. -I..  -D__GMP_WITHIN_GMP -I.. -DOPERATION_`echo hgcd | sed 's/_$//'`   -O2 -pedantic -fomit-frame-pointer -m64 -std=gnu17 -c -o hgcd.lo hgcd.c
/bin/sh ../libtool  --tag=CC   --mode=compile ccache gcc -DHAVE_CONFIG_H -I. -I..  -D__GMP_WITHIN_GMP -I.. -DOPERATION_`echo hgcd_appr | sed 's/_$//'`   -O2 -pedantic -fomit-frame-pointer -m64 -std=gnu17 -c -o hgcd_appr.lo hgcd_appr.c
libtool: compile:  ccache gcc -DHAVE_CONFIG_H -I. -I.. -D__GMP_WITHIN_GMP -I.. -DOPERATION_hgcd_step -O2 -pedantic -fomit-frame-pointer -m64 -std=gnu17 -c hgcd_step.c -o hgcd_step.o >/dev/null 2>&1
/bin/sh ../libtool  --tag=CC   --mode=compile ccache gcc -DHAVE_CONFIG_H -I. -I..  -D__GMP_WITHIN_GMP -I.. -DOPERATION_`echo hgcd2_jacobi | sed 's/_$//'`   -O2 -pedantic -fomit-frame-pointer -m64 -std=gnu17 -c -o hgcd2_jacobi.lo hgcd2_jacobi.c
libtool: compile:  ccache gcc -DHAVE_CONFIG_H -I. -I.. -D__GMP_WITHIN_GMP -I.. -DOPERATION_hgcd -O2 -pedantic -fomit-frame-pointer -m64 -std=gnu17 -c hgcd.c  -fPIC -DPIC -o .libs/hgcd.o
libtool: compile:  ccache gcc -DHAVE_CONFIG_H -I. -I.. -D__GMP_WITHIN_GMP -I.. -DOPERATION_hgcd_appr -O2 -pedantic -fomit-frame-pointer -m64 -std=gnu17 -c hgcd_appr.c  -fPIC -DPIC -o .libs/hgcd_appr.o
libtool: compile:  ccache gcc -DHAVE_CONFIG_H -I. -I.. -D__GMP_WITHIN_GMP -I.. -DOPERATION_hgcd2 -O2 -pedantic -fomit-frame-pointer -m64 -std=gnu17 -c hgcd2.c -o hgcd2.o >/dev/null 2>&1
libtool: compile:  ccache gcc -DHAVE_CONFIG_H -I. -I.. -D__GMP_WITHIN_GMP -I.. -DOPERATION_hgcd2_jacobi -O2 -pedantic -fomit-frame-pointer -m64 -std=gnu17 -c hgcd2_jacobi.c  -fPIC -DPIC -o .libs/hgcd2_jacobi.o
libtool: compile:  ccache gcc -DHAVE_CONFIG_H -I. -I.. -D__GMP_WITHIN_GMP -I.. -DOPERATION_hgcd_matrix -O2 -pedantic -fomit-frame-pointer -m64 -std=gnu17 -c hgcd_matrix.c -o hgcd_matrix.o >/dev/null 2>&1
libtool: compile:  ccache gcc -DHAVE_CONFIG_H -I. -I.. -D__GMP_WITHIN_GMP -I.. -DOPERATION_hgcd_reduce -O2 -pedantic -fomit-frame-pointer -m64 -std=gnu17 -c hgcd_reduce.c -o hgcd_reduce.o >/dev/null 2>&1
/bin/sh ../libtool  --tag=CC   --mode=compile ccache gcc -DHAVE_CONFIG_H -I. -I..  -D__GMP_WITHIN_GMP -I.. -DOPERATION_`echo hgcd_jacobi | sed 's/_$//'`   -O2 -pedantic -fomit-frame-pointer -m64 -std=gnu17 -c -o hgcd_jacobi.lo hgcd_jacobi.c
/bin/sh ../libtool  --tag=CC   --mode=compile ccache gcc -DHAVE_CONFIG_H -I. -I..  -D__GMP_WITHIN_GMP -I.. -DOPERATION_`echo mullo_n | sed 's/_$//'`   -O2 -pedantic -fomit-frame-pointer -m64 -std=gnu17 -c -o mullo_n.lo mullo_n.c
libtool: compile:  ccache gcc -DHAVE_CONFIG_H -I. -I.. -D__GMP_WITHIN_GMP -I.. -DOPERATION_hgcd -O2 -pedantic -fomit-frame-pointer -m64 -std=gnu17 -c hgcd.c -o hgcd.o >/dev/null 2>&1
libtool: compile:  ccache gcc -DHAVE_CONFIG_H -I. -I.. -D__GMP_WITHIN_GMP -I.. -DOPERATION_hgcd_jacobi -O2 -pedantic -fomit-frame-pointer -m64 -std=gnu17 -c hgcd_jacobi.c  -fPIC -DPIC -o .libs/hgcd_jacobi.o
libtool: compile:  ccache gcc -DHAVE_CONFIG_H -I. -I.. -D__GMP_WITHIN_GMP -I.. -DOPERATION_mullo_n -O2 -pedantic -fomit-frame-pointer -m64 -std=gnu17 -c mullo_n.c  -fPIC -DPIC -o .libs/mullo_n.o
libtool: compile:  ccache gcc -DHAVE_CONFIG_H -I. -I.. -D__GMP_WITHIN_GMP -I.. -DOPERATION_hgcd_appr -O2 -pedantic -fomit-frame-pointer -m64 -std=gnu17 -c hgcd_appr.c -o hgcd_appr.o >/dev/null 2>&1
/bin/sh ../libtool --mode=compile --tag=CC ../mpn/m4-ccas --m4="m4" ccache gcc -c -DHAVE_CONFIG_H -I. -I..  -D__GMP_WITHIN_GMP -I.. -DOPERATION_`echo mullo_basecase | sed 's/_$//'`   -O2 -pedantic -fomit-frame-pointer -m64 -std=gnu17 -Wa,--noexecstack `test -f 'mullo_basecase.asm' || echo './'`mullo_basecase.asm
libtool: compile:  ccache gcc -DHAVE_CONFIG_H -I. -I.. -D__GMP_WITHIN_GMP -I.. -DOPERATION_hgcd2_jacobi -O2 -pedantic -fomit-frame-pointer -m64 -std=gnu17 -c hgcd2_jacobi.c -o hgcd2_jacobi.o >/dev/null 2>&1
/bin/sh ../libtool  --tag=CC   --mode=compile ccache gcc -DHAVE_CONFIG_H -I. -I..  -D__GMP_WITHIN_GMP -I.. -DOPERATION_`echo sqrlo | sed 's/_$//'`   -O2 -pedantic -fomit-frame-pointer -m64 -std=gnu17 -c -o sqrlo.lo sqrlo.c
/bin/sh ../libtool  --tag=CC   --mode=compile ccache gcc -DHAVE_CONFIG_H -I. -I..  -D__GMP_WITHIN_GMP -I.. -DOPERATION_`echo sqrlo_basecase | sed 's/_$//'`   -O2 -pedantic -fomit-frame-pointer -m64 -std=gnu17 -c -o sqrlo_basecase.lo sqrlo_basecase.c
libtool: compile:  ../mpn/m4-ccas --m4=m4 ccache gcc -c -DHAVE_CONFIG_H -I. -I.. -D__GMP_WITHIN_GMP -I.. -DOPERATION_mullo_basecase -O2 -pedantic -fomit-frame-pointer -m64 -std=gnu17 -Wa,--noexecstack mullo_basecase.asm  -fPIC -DPIC -o .libs/mullo_basecase.o
libtool: compile:  ccache gcc -DHAVE_CONFIG_H -I. -I.. -D__GMP_WITHIN_GMP -I.. -DOPERATION_mullo_n -O2 -pedantic -fomit-frame-pointer -m64 -std=gnu17 -c mullo_n.c -o mullo_n.o >/dev/null 2>&1
libtool: compile:  ccache gcc -DHAVE_CONFIG_H -I. -I.. -D__GMP_WITHIN_GMP -I.. -DOPERATION_hgcd_jacobi -O2 -pedantic -fomit-frame-pointer -m64 -std=gnu17 -c hgcd_jacobi.c -o hgcd_jacobi.o >/dev/null 2>&1
m4  -DHAVE_CONFIG_H -D__GMP_WITHIN_GMP -DOPERATION_mullo_basecase -DPIC mullo_basecase.asm >tmp-mullo_basecase.s
 ccache gcc -c -DHAVE_CONFIG_H -I. -I.. -D__GMP_WITHIN_GMP -I.. -DOPERATION_mullo_basecase -O2 -pedantic -fomit-frame-pointer -m64 -std=gnu17 -Wa,--noexecstack tmp-mullo_basecase.s -fPIC -DPIC -o .libs/mullo_basecase.o
libtool: compile:  ccache gcc -DHAVE_CONFIG_H -I. -I.. -D__GMP_WITHIN_GMP -I.. -DOPERATION_sqrlo_basecase -O2 -pedantic -fomit-frame-pointer -m64 -std=gnu17 -c sqrlo_basecase.c  -fPIC -DPIC -o .libs/sqrlo_basecase.o
libtool: compile:  ccache gcc -DHAVE_CONFIG_H -I. -I.. -D__GMP_WITHIN_GMP -I.. -DOPERATION_sqrlo -O2 -pedantic -fomit-frame-pointer -m64 -std=gnu17 -c sqrlo.c  -fPIC -DPIC -o .libs/sqrlo.o
libtool: compile:  ../mpn/m4-ccas --m4=m4 ccache gcc -c -DHAVE_CONFIG_H -I. -I.. -D__GMP_WITHIN_GMP -I.. -DOPERATION_mullo_basecase -O2 -pedantic -fomit-frame-pointer -m64 -std=gnu17 -Wa,--noexecstack mullo_basecase.asm -o mullo_basecase.o >/dev/null 2>&1
/bin/sh ../libtool  --tag=CC   --mode=compile ccache gcc -DHAVE_CONFIG_H -I. -I..  -D__GMP_WITHIN_GMP -I.. -DOPERATION_`echo toom22_mul | sed 's/_$//'`   -O2 -pedantic -fomit-frame-pointer -m64 -std=gnu17 -c -o toom22_mul.lo toom22_mul.c
/bin/sh ../libtool  --tag=CC   --mode=compile ccache gcc -DHAVE_CONFIG_H -I. -I..  -D__GMP_WITHIN_GMP -I.. -DOPERATION_`echo toom32_mul | sed 's/_$//'`   -O2 -pedantic -fomit-frame-pointer -m64 -std=gnu17 -c -o toom32_mul.lo toom32_mul.c
/bin/sh ../libtool  --tag=CC   --mode=compile ccache gcc -DHAVE_CONFIG_H -I. -I..  -D__GMP_WITHIN_GMP -I.. -DOPERATION_`echo toom42_mul | sed 's/_$//'`   -O2 -pedantic -fomit-frame-pointer -m64 -std=gnu17 -c -o toom42_mul.lo toom42_mul.c
libtool: compile:  ccache gcc -DHAVE_CONFIG_H -I. -I.. -D__GMP_WITHIN_GMP -I.. -DOPERATION_toom22_mul -O2 -pedantic -fomit-frame-pointer -m64 -std=gnu17 -c toom22_mul.c  -fPIC -DPIC -o .libs/toom22_mul.o
/bin/sh ../libtool  --tag=CC   --mode=compile ccache gcc -DHAVE_CONFIG_H -I. -I..  -D__GMP_WITHIN_GMP -I.. -DOPERATION_`echo toom52_mul | sed 's/_$//'`   -O2 -pedantic -fomit-frame-pointer -m64 -std=gnu17 -c -o toom52_mul.lo toom52_mul.c
libtool: compile:  ccache gcc -DHAVE_CONFIG_H -I. -I.. -D__GMP_WITHIN_GMP -I.. -DOPERATION_toom32_mul -O2 -pedantic -fomit-frame-pointer -m64 -std=gnu17 -c toom32_mul.c  -fPIC -DPIC -o .libs/toom32_mul.o
libtool: compile:  ccache gcc -DHAVE_CONFIG_H -I. -I.. -D__GMP_WITHIN_GMP -I.. -DOPERATION_sqrlo_basecase -O2 -pedantic -fomit-frame-pointer -m64 -std=gnu17 -c sqrlo_basecase.c -o sqrlo_basecase.o >/dev/null 2>&1
/bin/sh ../libtool  --tag=CC   --mode=compile ccache gcc -DHAVE_CONFIG_H -I. -I..  -D__GMP_WITHIN_GMP -I.. -DOPERATION_`echo toom62_mul | sed 's/_$//'`   -O2 -pedantic -fomit-frame-pointer -m64 -std=gnu17 -c -o toom62_mul.lo toom62_mul.c
libtool: compile:  ccache gcc -DHAVE_CONFIG_H -I. -I.. -D__GMP_WITHIN_GMP -I.. -DOPERATION_sqrlo -O2 -pedantic -fomit-frame-pointer -m64 -std=gnu17 -c sqrlo.c -o sqrlo.o >/dev/null 2>&1
libtool: compile:  ccache gcc -DHAVE_CONFIG_H -I. -I.. -D__GMP_WITHIN_GMP -I.. -DOPERATION_toom42_mul -O2 -pedantic -fomit-frame-pointer -m64 -std=gnu17 -c toom42_mul.c  -fPIC -DPIC -o .libs/toom42_mul.o
libtool: compile:  ccache gcc -DHAVE_CONFIG_H -I. -I.. -D__GMP_WITHIN_GMP -I.. -DOPERATION_toom52_mul -O2 -pedantic -fomit-frame-pointer -m64 -std=gnu17 -c toom52_mul.c  -fPIC -DPIC -o .libs/toom52_mul.o
libtool: compile:  ccache gcc -DHAVE_CONFIG_H -I. -I.. -D__GMP_WITHIN_GMP -I.. -DOPERATION_toom62_mul -O2 -pedantic -fomit-frame-pointer -m64 -std=gnu17 -c toom62_mul.c  -fPIC -DPIC -o .libs/toom62_mul.o
/bin/sh ../libtool  --tag=CC   --mode=compile ccache gcc -DHAVE_CONFIG_H -I. -I..  -D__GMP_WITHIN_GMP -I.. -DOPERATION_`echo toom33_mul | sed 's/_$//'`   -O2 -pedantic -fomit-frame-pointer -m64 -std=gnu17 -c -o toom33_mul.lo toom33_mul.c
libtool: compile:  ccache gcc -DHAVE_CONFIG_H -I. -I.. -D__GMP_WITHIN_GMP -I.. -DOPERATION_toom33_mul -O2 -pedantic -fomit-frame-pointer -m64 -std=gnu17 -c toom33_mul.c  -fPIC -DPIC -o .libs/toom33_mul.o
/bin/sh ../libtool  --tag=CC   --mode=compile ccache gcc -DHAVE_CONFIG_H -I. -I..  -D__GMP_WITHIN_GMP -I.. -DOPERATION_`echo toom43_mul | sed 's/_$//'`   -O2 -pedantic -fomit-frame-pointer -m64 -std=gnu17 -c -o toom43_mul.lo toom43_mul.c
/bin/sh ../libtool  --tag=CC   --mode=compile ccache gcc -DHAVE_CONFIG_H -I. -I..  -D__GMP_WITHIN_GMP -I.. -DOPERATION_`echo toom53_mul | sed 's/_$//'`   -O2 -pedantic -fomit-frame-pointer -m64 -std=gnu17 -c -o toom53_mul.lo toom53_mul.c
libtool: compile:  ccache gcc -DHAVE_CONFIG_H -I. -I.. -D__GMP_WITHIN_GMP -I.. -DOPERATION_toom22_mul -O2 -pedantic -fomit-frame-pointer -m64 -std=gnu17 -c toom22_mul.c -o toom22_mul.o >/dev/null 2>&1
libtool: compile:  ccache gcc -DHAVE_CONFIG_H -I. -I.. -D__GMP_WITHIN_GMP -I.. -DOPERATION_toom43_mul -O2 -pedantic -fomit-frame-pointer -m64 -std=gnu17 -c toom43_mul.c  -fPIC -DPIC -o .libs/toom43_mul.o
libtool: compile:  ccache gcc -DHAVE_CONFIG_H -I. -I.. -D__GMP_WITHIN_GMP -I.. -DOPERATION_toom53_mul -O2 -pedantic -fomit-frame-pointer -m64 -std=gnu17 -c toom53_mul.c  -fPIC -DPIC -o .libs/toom53_mul.o
libtool: compile:  ccache gcc -DHAVE_CONFIG_H -I. -I.. -D__GMP_WITHIN_GMP -I.. -DOPERATION_toom32_mul -O2 -pedantic -fomit-frame-pointer -m64 -std=gnu17 -c toom32_mul.c -o toom32_mul.o >/dev/null 2>&1
libtool: compile:  ccache gcc -DHAVE_CONFIG_H -I. -I.. -D__GMP_WITHIN_GMP -I.. -DOPERATION_toom62_mul -O2 -pedantic -fomit-frame-pointer -m64 -std=gnu17 -c toom62_mul.c -o toom62_mul.o >/dev/null 2>&1
libtool: compile:  ccache gcc -DHAVE_CONFIG_H -I. -I.. -D__GMP_WITHIN_GMP -I.. -DOPERATION_toom52_mul -O2 -pedantic -fomit-frame-pointer -m64 -std=gnu17 -c toom52_mul.c -o toom52_mul.o >/dev/null 2>&1
libtool: compile:  ccache gcc -DHAVE_CONFIG_H -I. -I.. -D__GMP_WITHIN_GMP -I.. -DOPERATION_toom42_mul -O2 -pedantic -fomit-frame-pointer -m64 -std=gnu17 -c toom42_mul.c -o toom42_mul.o >/dev/null 2>&1
libtool: compile:  ccache gcc -DHAVE_CONFIG_H -I. -I.. -D__GMP_WITHIN_GMP -I.. -DOPERATION_toom33_mul -O2 -pedantic -fomit-frame-pointer -m64 -std=gnu17 -c toom33_mul.c -o toom33_mul.o >/dev/null 2>&1
/bin/sh ../libtool  --tag=CC   --mode=compile ccache gcc -DHAVE_CONFIG_H -I. -I..  -D__GMP_WITHIN_GMP -I.. -DOPERATION_`echo toom54_mul | sed 's/_$//'`   -O2 -pedantic -fomit-frame-pointer -m64 -std=gnu17 -c -o toom54_mul.lo toom54_mul.c
libtool: compile:  ccache gcc -DHAVE_CONFIG_H -I. -I.. -D__GMP_WITHIN_GMP -I.. -DOPERATION_toom43_mul -O2 -pedantic -fomit-frame-pointer -m64 -std=gnu17 -c toom43_mul.c -o toom43_mul.o >/dev/null 2>&1
/bin/sh ../libtool  --tag=CC   --mode=compile ccache gcc -DHAVE_CONFIG_H -I. -I..  -D__GMP_WITHIN_GMP -I.. -DOPERATION_`echo toom63_mul | sed 's/_$//'`   -O2 -pedantic -fomit-frame-pointer -m64 -std=gnu17 -c -o toom63_mul.lo toom63_mul.c
libtool: compile:  ccache gcc -DHAVE_CONFIG_H -I. -I.. -D__GMP_WITHIN_GMP -I.. -DOPERATION_toom53_mul -O2 -pedantic -fomit-frame-pointer -m64 -std=gnu17 -c toom53_mul.c -o toom53_mul.o >/dev/null 2>&1
libtool: compile:  ccache gcc -DHAVE_CONFIG_H -I. -I.. -D__GMP_WITHIN_GMP -I.. -DOPERATION_toom54_mul -O2 -pedantic -fomit-frame-pointer -m64 -std=gnu17 -c toom54_mul.c  -fPIC -DPIC -o .libs/toom54_mul.o
/bin/sh ../libtool  --tag=CC   --mode=compile ccache gcc -DHAVE_CONFIG_H -I. -I..  -D__GMP_WITHIN_GMP -I.. -DOPERATION_`echo toom44_mul | sed 's/_$//'`   -O2 -pedantic -fomit-frame-pointer -m64 -std=gnu17 -c -o toom44_mul.lo toom44_mul.c
libtool: compile:  ccache gcc -DHAVE_CONFIG_H -I. -I.. -D__GMP_WITHIN_GMP -I.. -DOPERATION_toom63_mul -O2 -pedantic -fomit-frame-pointer -m64 -std=gnu17 -c toom63_mul.c  -fPIC -DPIC -o .libs/toom63_mul.o
/bin/sh ../libtool  --tag=CC   --mode=compile ccache gcc -DHAVE_CONFIG_H -I. -I..  -D__GMP_WITHIN_GMP -I.. -DOPERATION_`echo toom6h_mul | sed 's/_$//'`   -O2 -pedantic -fomit-frame-pointer -m64 -std=gnu17 -c -o toom6h_mul.lo toom6h_mul.c
libtool: compile:  ccache gcc -DHAVE_CONFIG_H -I. -I.. -D__GMP_WITHIN_GMP -I.. -DOPERATION_toom44_mul -O2 -pedantic -fomit-frame-pointer -m64 -std=gnu17 -c toom44_mul.c  -fPIC -DPIC -o .libs/toom44_mul.o
libtool: compile:  ccache gcc -DHAVE_CONFIG_H -I. -I.. -D__GMP_WITHIN_GMP -I.. -DOPERATION_toom6h_mul -O2 -pedantic -fomit-frame-pointer -m64 -std=gnu17 -c toom6h_mul.c  -fPIC -DPIC -o .libs/toom6h_mul.o
libtool: compile:  ccache gcc -DHAVE_CONFIG_H -I. -I.. -D__GMP_WITHIN_GMP -I.. -DOPERATION_toom54_mul -O2 -pedantic -fomit-frame-pointer -m64 -std=gnu17 -c toom54_mul.c -o toom54_mul.o >/dev/null 2>&1
/bin/sh ../libtool  --tag=CC   --mode=compile ccache gcc -DHAVE_CONFIG_H -I. -I..  -D__GMP_WITHIN_GMP -I.. -DOPERATION_`echo toom6_sqr | sed 's/_$//'`   -O2 -pedantic -fomit-frame-pointer -m64 -std=gnu17 -c -o toom6_sqr.lo toom6_sqr.c
/bin/sh ../libtool  --tag=CC   --mode=compile ccache gcc -DHAVE_CONFIG_H -I. -I..  -D__GMP_WITHIN_GMP -I.. -DOPERATION_`echo toom8h_mul | sed 's/_$//'`   -O2 -pedantic -fomit-frame-pointer -m64 -std=gnu17 -c -o toom8h_mul.lo toom8h_mul.c
/bin/sh ../libtool  --tag=CC   --mode=compile ccache gcc -DHAVE_CONFIG_H -I. -I..  -D__GMP_WITHIN_GMP -I.. -DOPERATION_`echo toom8_sqr | sed 's/_$//'`   -O2 -pedantic -fomit-frame-pointer -m64 -std=gnu17 -c -o toom8_sqr.lo toom8_sqr.c
libtool: compile:  ccache gcc -DHAVE_CONFIG_H -I. -I.. -D__GMP_WITHIN_GMP -I.. -DOPERATION_toom6_sqr -O2 -pedantic -fomit-frame-pointer -m64 -std=gnu17 -c toom6_sqr.c  -fPIC -DPIC -o .libs/toom6_sqr.o
/bin/sh ../libtool  --tag=CC   --mode=compile ccache gcc -DHAVE_CONFIG_H -I. -I..  -D__GMP_WITHIN_GMP -I.. -DOPERATION_`echo toom_couple_handling | sed 's/_$//'`   -O2 -pedantic -fomit-frame-pointer -m64 -std=gnu17 -c -o toom_couple_handling.lo toom_couple_handling.c
libtool: compile:  ccache gcc -DHAVE_CONFIG_H -I. -I.. -D__GMP_WITHIN_GMP -I.. -DOPERATION_toom8h_mul -O2 -pedantic -fomit-frame-pointer -m64 -std=gnu17 -c toom8h_mul.c  -fPIC -DPIC -o .libs/toom8h_mul.o
libtool: compile:  ccache gcc -DHAVE_CONFIG_H -I. -I.. -D__GMP_WITHIN_GMP -I.. -DOPERATION_toom44_mul -O2 -pedantic -fomit-frame-pointer -m64 -std=gnu17 -c toom44_mul.c -o toom44_mul.o >/dev/null 2>&1
libtool: compile:  ccache gcc -DHAVE_CONFIG_H -I. -I.. -D__GMP_WITHIN_GMP -I.. -DOPERATION_toom8_sqr -O2 -pedantic -fomit-frame-pointer -m64 -std=gnu17 -c toom8_sqr.c  -fPIC -DPIC -o .libs/toom8_sqr.o
libtool: compile:  ccache gcc -DHAVE_CONFIG_H -I. -I.. -D__GMP_WITHIN_GMP -I.. -DOPERATION_toom63_mul -O2 -pedantic -fomit-frame-pointer -m64 -std=gnu17 -c toom63_mul.c -o toom63_mul.o >/dev/null 2>&1
/bin/sh ../libtool  --tag=CC   --mode=compile ccache gcc -DHAVE_CONFIG_H -I. -I..  -D__GMP_WITHIN_GMP -I.. -DOPERATION_`echo toom2_sqr | sed 's/_$//'`   -O2 -pedantic -fomit-frame-pointer -m64 -std=gnu17 -c -o toom2_sqr.lo toom2_sqr.c
libtool: compile:  ccache gcc -DHAVE_CONFIG_H -I. -I.. -D__GMP_WITHIN_GMP -I.. -DOPERATION_toom_couple_handling -O2 -pedantic -fomit-frame-pointer -m64 -std=gnu17 -c toom_couple_handling.c  -fPIC -DPIC -o .libs/toom_couple_handling.o
libtool: compile:  ccache gcc -DHAVE_CONFIG_H -I. -I.. -D__GMP_WITHIN_GMP -I.. -DOPERATION_toom6_sqr -O2 -pedantic -fomit-frame-pointer -m64 -std=gnu17 -c toom6_sqr.c -o toom6_sqr.o >/dev/null 2>&1
libtool: compile:  ccache gcc -DHAVE_CONFIG_H -I. -I.. -D__GMP_WITHIN_GMP -I.. -DOPERATION_toom2_sqr -O2 -pedantic -fomit-frame-pointer -m64 -std=gnu17 -c toom2_sqr.c  -fPIC -DPIC -o .libs/toom2_sqr.o
/bin/sh ../libtool  --tag=CC   --mode=compile ccache gcc -DHAVE_CONFIG_H -I. -I..  -D__GMP_WITHIN_GMP -I.. -DOPERATION_`echo toom3_sqr | sed 's/_$//'`   -O2 -pedantic -fomit-frame-pointer -m64 -std=gnu17 -c -o toom3_sqr.lo toom3_sqr.c
libtool: compile:  ccache gcc -DHAVE_CONFIG_H -I. -I.. -D__GMP_WITHIN_GMP -I.. -DOPERATION_toom_couple_handling -O2 -pedantic -fomit-frame-pointer -m64 -std=gnu17 -c toom_couple_handling.c -o toom_couple_handling.o >/dev/null 2>&1
libtool: compile:  ccache gcc -DHAVE_CONFIG_H -I. -I.. -D__GMP_WITHIN_GMP -I.. -DOPERATION_toom8_sqr -O2 -pedantic -fomit-frame-pointer -m64 -std=gnu17 -c toom8_sqr.c -o toom8_sqr.o >/dev/null 2>&1
libtool: compile:  ccache gcc -DHAVE_CONFIG_H -I. -I.. -D__GMP_WITHIN_GMP -I.. -DOPERATION_toom3_sqr -O2 -pedantic -fomit-frame-pointer -m64 -std=gnu17 -c toom3_sqr.c  -fPIC -DPIC -o .libs/toom3_sqr.o
libtool: compile:  ccache gcc -DHAVE_CONFIG_H -I. -I.. -D__GMP_WITHIN_GMP -I.. -DOPERATION_toom6h_mul -O2 -pedantic -fomit-frame-pointer -m64 -std=gnu17 -c toom6h_mul.c -o toom6h_mul.o >/dev/null 2>&1
/bin/sh ../libtool  --tag=CC   --mode=compile ccache gcc -DHAVE_CONFIG_H -I. -I..  -D__GMP_WITHIN_GMP -I.. -DOPERATION_`echo toom4_sqr | sed 's/_$//'`   -O2 -pedantic -fomit-frame-pointer -m64 -std=gnu17 -c -o toom4_sqr.lo toom4_sqr.c
/bin/sh ../libtool  --tag=CC   --mode=compile ccache gcc -DHAVE_CONFIG_H -I. -I..  -D__GMP_WITHIN_GMP -I.. -DOPERATION_`echo toom_eval_dgr3_pm1 | sed 's/_$//'`   -O2 -pedantic -fomit-frame-pointer -m64 -std=gnu17 -c -o toom_eval_dgr3_pm1.lo toom_eval_dgr3_pm1.c
libtool: compile:  ccache gcc -DHAVE_CONFIG_H -I. -I.. -D__GMP_WITHIN_GMP -I.. -DOPERATION_toom2_sqr -O2 -pedantic -fomit-frame-pointer -m64 -std=gnu17 -c toom2_sqr.c -o toom2_sqr.o >/dev/null 2>&1
/bin/sh ../libtool  --tag=CC   --mode=compile ccache gcc -DHAVE_CONFIG_H -I. -I..  -D__GMP_WITHIN_GMP -I.. -DOPERATION_`echo toom_eval_dgr3_pm2 | sed 's/_$//'`   -O2 -pedantic -fomit-frame-pointer -m64 -std=gnu17 -c -o toom_eval_dgr3_pm2.lo toom_eval_dgr3_pm2.c
libtool: compile:  ccache gcc -DHAVE_CONFIG_H -I. -I.. -D__GMP_WITHIN_GMP -I.. -DOPERATION_toom_eval_dgr3_pm1 -O2 -pedantic -fomit-frame-pointer -m64 -std=gnu17 -c toom_eval_dgr3_pm1.c  -fPIC -DPIC -o .libs/toom_eval_dgr3_pm1.o
libtool: compile:  ccache gcc -DHAVE_CONFIG_H -I. -I.. -D__GMP_WITHIN_GMP -I.. -DOPERATION_toom4_sqr -O2 -pedantic -fomit-frame-pointer -m64 -std=gnu17 -c toom4_sqr.c  -fPIC -DPIC -o .libs/toom4_sqr.o
libtool: compile:  ccache gcc -DHAVE_CONFIG_H -I. -I.. -D__GMP_WITHIN_GMP -I.. -DOPERATION_toom_eval_dgr3_pm2 -O2 -pedantic -fomit-frame-pointer -m64 -std=gnu17 -c toom_eval_dgr3_pm2.c  -fPIC -DPIC -o .libs/toom_eval_dgr3_pm2.o
libtool: compile:  ccache gcc -DHAVE_CONFIG_H -I. -I.. -D__GMP_WITHIN_GMP -I.. -DOPERATION_toom3_sqr -O2 -pedantic -fomit-frame-pointer -m64 -std=gnu17 -c toom3_sqr.c -o toom3_sqr.o >/dev/null 2>&1
/bin/sh ../libtool  --tag=CC   --mode=compile ccache gcc -DHAVE_CONFIG_H -I. -I..  -D__GMP_WITHIN_GMP -I.. -DOPERATION_`echo toom_eval_pm1 | sed 's/_$//'`   -O2 -pedantic -fomit-frame-pointer -m64 -std=gnu17 -c -o toom_eval_pm1.lo toom_eval_pm1.c
libtool: compile:  ccache gcc -DHAVE_CONFIG_H -I. -I.. -D__GMP_WITHIN_GMP -I.. -DOPERATION_toom8h_mul -O2 -pedantic -fomit-frame-pointer -m64 -std=gnu17 -c toom8h_mul.c -o toom8h_mul.o >/dev/null 2>&1
libtool: compile:  ccache gcc -DHAVE_CONFIG_H -I. -I.. -D__GMP_WITHIN_GMP -I.. -DOPERATION_toom_eval_pm1 -O2 -pedantic -fomit-frame-pointer -m64 -std=gnu17 -c toom_eval_pm1.c  -fPIC -DPIC -o .libs/toom_eval_pm1.o
libtool: compile:  ccache gcc -DHAVE_CONFIG_H -I. -I.. -D__GMP_WITHIN_GMP -I.. -DOPERATION_toom_eval_dgr3_pm1 -O2 -pedantic -fomit-frame-pointer -m64 -std=gnu17 -c toom_eval_dgr3_pm1.c -o toom_eval_dgr3_pm1.o >/dev/null 2>&1
/bin/sh ../libtool  --tag=CC   --mode=compile ccache gcc -DHAVE_CONFIG_H -I. -I..  -D__GMP_WITHIN_GMP -I.. -DOPERATION_`echo toom_eval_pm2 | sed 's/_$//'`   -O2 -pedantic -fomit-frame-pointer -m64 -std=gnu17 -c -o toom_eval_pm2.lo toom_eval_pm2.c
libtool: compile:  ccache gcc -DHAVE_CONFIG_H -I. -I.. -D__GMP_WITHIN_GMP -I.. -DOPERATION_toom4_sqr -O2 -pedantic -fomit-frame-pointer -m64 -std=gnu17 -c toom4_sqr.c -o toom4_sqr.o >/dev/null 2>&1
/bin/sh ../libtool  --tag=CC   --mode=compile ccache gcc -DHAVE_CONFIG_H -I. -I..  -D__GMP_WITHIN_GMP -I.. -DOPERATION_`echo toom_eval_pm2exp | sed 's/_$//'`   -O2 -pedantic -fomit-frame-pointer -m64 -std=gnu17 -c -o toom_eval_pm2exp.lo toom_eval_pm2exp.c
libtool: compile:  ccache gcc -DHAVE_CONFIG_H -I. -I.. -D__GMP_WITHIN_GMP -I.. -DOPERATION_toom_eval_pm2 -O2 -pedantic -fomit-frame-pointer -m64 -std=gnu17 -c toom_eval_pm2.c  -fPIC -DPIC -o .libs/toom_eval_pm2.o
libtool: compile:  ccache gcc -DHAVE_CONFIG_H -I. -I.. -D__GMP_WITHIN_GMP -I.. -DOPERATION_toom_eval_dgr3_pm2 -O2 -pedantic -fomit-frame-pointer -m64 -std=gnu17 -c toom_eval_dgr3_pm2.c -o toom_eval_dgr3_pm2.o >/dev/null 2>&1
/bin/sh ../libtool  --tag=CC   --mode=compile ccache gcc -DHAVE_CONFIG_H -I. -I..  -D__GMP_WITHIN_GMP -I.. -DOPERATION_`echo toom_eval_pm2rexp | sed 's/_$//'`   -O2 -pedantic -fomit-frame-pointer -m64 -std=gnu17 -c -o toom_eval_pm2rexp.lo toom_eval_pm2rexp.c
libtool: compile:  ccache gcc -DHAVE_CONFIG_H -I. -I.. -D__GMP_WITHIN_GMP -I.. -DOPERATION_toom_eval_pm2exp -O2 -pedantic -fomit-frame-pointer -m64 -std=gnu17 -c toom_eval_pm2exp.c  -fPIC -DPIC -o .libs/toom_eval_pm2exp.o
/bin/sh ../libtool  --tag=CC   --mode=compile ccache gcc -DHAVE_CONFIG_H -I. -I..  -D__GMP_WITHIN_GMP -I.. -DOPERATION_`echo toom_interpolate_5pts | sed 's/_$//'`   -O2 -pedantic -fomit-frame-pointer -m64 -std=gnu17 -c -o toom_interpolate_5pts.lo toom_interpolate_5pts.c
libtool: compile:  ccache gcc -DHAVE_CONFIG_H -I. -I.. -D__GMP_WITHIN_GMP -I.. -DOPERATION_toom_eval_pm2rexp -O2 -pedantic -fomit-frame-pointer -m64 -std=gnu17 -c toom_eval_pm2rexp.c  -fPIC -DPIC -o .libs/toom_eval_pm2rexp.o
/bin/sh ../libtool  --tag=CC   --mode=compile ccache gcc -DHAVE_CONFIG_H -I. -I..  -D__GMP_WITHIN_GMP -I.. -DOPERATION_`echo toom_interpolate_6pts | sed 's/_$//'`   -O2 -pedantic -fomit-frame-pointer -m64 -std=gnu17 -c -o toom_interpolate_6pts.lo toom_interpolate_6pts.c
libtool: compile:  ccache gcc -DHAVE_CONFIG_H -I. -I.. -D__GMP_WITHIN_GMP -I.. -DOPERATION_toom_eval_pm1 -O2 -pedantic -fomit-frame-pointer -m64 -std=gnu17 -c toom_eval_pm1.c -o toom_eval_pm1.o >/dev/null 2>&1
libtool: compile:  ccache gcc -DHAVE_CONFIG_H -I. -I.. -D__GMP_WITHIN_GMP -I.. -DOPERATION_toom_interpolate_5pts -O2 -pedantic -fomit-frame-pointer -m64 -std=gnu17 -c toom_interpolate_5pts.c  -fPIC -DPIC -o .libs/toom_interpolate_5pts.o
/bin/sh ../libtool  --tag=CC   --mode=compile ccache gcc -DHAVE_CONFIG_H -I. -I..  -D__GMP_WITHIN_GMP -I.. -DOPERATION_`echo toom_interpolate_7pts | sed 's/_$//'`   -O2 -pedantic -fomit-frame-pointer -m64 -std=gnu17 -c -o toom_interpolate_7pts.lo toom_interpolate_7pts.c
libtool: compile:  ccache gcc -DHAVE_CONFIG_H -I. -I.. -D__GMP_WITHIN_GMP -I.. -DOPERATION_toom_eval_pm2 -O2 -pedantic -fomit-frame-pointer -m64 -std=gnu17 -c toom_eval_pm2.c -o toom_eval_pm2.o >/dev/null 2>&1
libtool: compile:  ccache gcc -DHAVE_CONFIG_H -I. -I.. -D__GMP_WITHIN_GMP -I.. -DOPERATION_toom_interpolate_6pts -O2 -pedantic -fomit-frame-pointer -m64 -std=gnu17 -c toom_interpolate_6pts.c  -fPIC -DPIC -o .libs/toom_interpolate_6pts.o
libtool: compile:  ccache gcc -DHAVE_CONFIG_H -I. -I.. -D__GMP_WITHIN_GMP -I.. -DOPERATION_toom_eval_pm2exp -O2 -pedantic -fomit-frame-pointer -m64 -std=gnu17 -c toom_eval_pm2exp.c -o toom_eval_pm2exp.o >/dev/null 2>&1
libtool: compile:  ccache gcc -DHAVE_CONFIG_H -I. -I.. -D__GMP_WITHIN_GMP -I.. -DOPERATION_toom_interpolate_7pts -O2 -pedantic -fomit-frame-pointer -m64 -std=gnu17 -c toom_interpolate_7pts.c  -fPIC -DPIC -o .libs/toom_interpolate_7pts.o
libtool: compile:  ccache gcc -DHAVE_CONFIG_H -I. -I.. -D__GMP_WITHIN_GMP -I.. -DOPERATION_toom_eval_pm2rexp -O2 -pedantic -fomit-frame-pointer -m64 -std=gnu17 -c toom_eval_pm2rexp.c -o toom_eval_pm2rexp.o >/dev/null 2>&1
libtool: compile:  ccache gcc -DHAVE_CONFIG_H -I. -I.. -D__GMP_WITHIN_GMP -I.. -DOPERATION_toom_interpolate_5pts -O2 -pedantic -fomit-frame-pointer -m64 -std=gnu17 -c toom_interpolate_5pts.c -o toom_interpolate_5pts.o >/dev/null 2>&1
/bin/sh ../libtool  --tag=CC   --mode=compile ccache gcc -DHAVE_CONFIG_H -I. -I..  -D__GMP_WITHIN_GMP -I.. -DOPERATION_`echo toom_interpolate_8pts | sed 's/_$//'`   -O2 -pedantic -fomit-frame-pointer -m64 -std=gnu17 -c -o toom_interpolate_8pts.lo toom_interpolate_8pts.c
/bin/sh ../libtool  --tag=CC   --mode=compile ccache gcc -DHAVE_CONFIG_H -I. -I..  -D__GMP_WITHIN_GMP -I.. -DOPERATION_`echo toom_interpolate_12pts | sed 's/_$//'`   -O2 -pedantic -fomit-frame-pointer -m64 -std=gnu17 -c -o toom_interpolate_12pts.lo toom_interpolate_12pts.c
libtool: compile:  ccache gcc -DHAVE_CONFIG_H -I. -I.. -D__GMP_WITHIN_GMP -I.. -DOPERATION_toom_interpolate_6pts -O2 -pedantic -fomit-frame-pointer -m64 -std=gnu17 -c toom_interpolate_6pts.c -o toom_interpolate_6pts.o >/dev/null 2>&1
/bin/sh ../libtool  --tag=CC   --mode=compile ccache gcc -DHAVE_CONFIG_H -I. -I..  -D__GMP_WITHIN_GMP -I.. -DOPERATION_`echo toom_interpolate_16pts | sed 's/_$//'`   -O2 -pedantic -fomit-frame-pointer -m64 -std=gnu17 -c -o toom_interpolate_16pts.lo toom_interpolate_16pts.c
libtool: compile:  ccache gcc -DHAVE_CONFIG_H -I. -I.. -D__GMP_WITHIN_GMP -I.. -DOPERATION_toom_interpolate_8pts -O2 -pedantic -fomit-frame-pointer -m64 -std=gnu17 -c toom_interpolate_8pts.c  -fPIC -DPIC -o .libs/toom_interpolate_8pts.o
libtool: compile:  ccache gcc -DHAVE_CONFIG_H -I. -I.. -D__GMP_WITHIN_GMP -I.. -DOPERATION_toom_interpolate_12pts -O2 -pedantic -fomit-frame-pointer -m64 -std=gnu17 -c toom_interpolate_12pts.c  -fPIC -DPIC -o .libs/toom_interpolate_12pts.o
/bin/sh ../libtool  --tag=CC   --mode=compile ccache gcc -DHAVE_CONFIG_H -I. -I..  -D__GMP_WITHIN_GMP -I.. -DOPERATION_`echo invertappr | sed 's/_$//'`   -O2 -pedantic -fomit-frame-pointer -m64 -std=gnu17 -c -o invertappr.lo invertappr.c
/bin/sh ../libtool  --tag=CC   --mode=compile ccache gcc -DHAVE_CONFIG_H -I. -I..  -D__GMP_WITHIN_GMP -I.. -DOPERATION_`echo invert | sed 's/_$//'`   -O2 -pedantic -fomit-frame-pointer -m64 -std=gnu17 -c -o invert.lo invert.c
libtool: compile:  ccache gcc -DHAVE_CONFIG_H -I. -I.. -D__GMP_WITHIN_GMP -I.. -DOPERATION_toom_interpolate_16pts -O2 -pedantic -fomit-frame-pointer -m64 -std=gnu17 -c toom_interpolate_16pts.c  -fPIC -DPIC -o .libs/toom_interpolate_16pts.o
/bin/sh ../libtool  --tag=CC   --mode=compile ccache gcc -DHAVE_CONFIG_H -I. -I..  -D__GMP_WITHIN_GMP -I.. -DOPERATION_`echo binvert | sed 's/_$//'`   -O2 -pedantic -fomit-frame-pointer -m64 -std=gnu17 -c -o binvert.lo binvert.c
libtool: compile:  ccache gcc -DHAVE_CONFIG_H -I. -I.. -D__GMP_WITHIN_GMP -I.. -DOPERATION_invertappr -O2 -pedantic -fomit-frame-pointer -m64 -std=gnu17 -c invertappr.c  -fPIC -DPIC -o .libs/invertappr.o
libtool: compile:  ccache gcc -DHAVE_CONFIG_H -I. -I.. -D__GMP_WITHIN_GMP -I.. -DOPERATION_toom_interpolate_7pts -O2 -pedantic -fomit-frame-pointer -m64 -std=gnu17 -c toom_interpolate_7pts.c -o toom_interpolate_7pts.o >/dev/null 2>&1
libtool: compile:  ccache gcc -DHAVE_CONFIG_H -I. -I.. -D__GMP_WITHIN_GMP -I.. -DOPERATION_invert -O2 -pedantic -fomit-frame-pointer -m64 -std=gnu17 -c invert.c  -fPIC -DPIC -o .libs/invert.o
/bin/sh ../libtool  --tag=CC   --mode=compile ccache gcc -DHAVE_CONFIG_H -I. -I..  -D__GMP_WITHIN_GMP -I.. -DOPERATION_`echo mulmod_bnm1 | sed 's/_$//'`   -O2 -pedantic -fomit-frame-pointer -m64 -std=gnu17 -c -o mulmod_bnm1.lo mulmod_bnm1.c
libtool: compile:  ccache gcc -DHAVE_CONFIG_H -I. -I.. -D__GMP_WITHIN_GMP -I.. -DOPERATION_binvert -O2 -pedantic -fomit-frame-pointer -m64 -std=gnu17 -c binvert.c  -fPIC -DPIC -o .libs/binvert.o
libtool: compile:  ccache gcc -DHAVE_CONFIG_H -I. -I.. -D__GMP_WITHIN_GMP -I.. -DOPERATION_toom_interpolate_8pts -O2 -pedantic -fomit-frame-pointer -m64 -std=gnu17 -c toom_interpolate_8pts.c -o toom_interpolate_8pts.o >/dev/null 2>&1
libtool: compile:  ccache gcc -DHAVE_CONFIG_H -I. -I.. -D__GMP_WITHIN_GMP -I.. -DOPERATION_toom_interpolate_12pts -O2 -pedantic -fomit-frame-pointer -m64 -std=gnu17 -c toom_interpolate_12pts.c -o toom_interpolate_12pts.o >/dev/null 2>&1
libtool: compile:  ccache gcc -DHAVE_CONFIG_H -I. -I.. -D__GMP_WITHIN_GMP -I.. -DOPERATION_mulmod_bnm1 -O2 -pedantic -fomit-frame-pointer -m64 -std=gnu17 -c mulmod_bnm1.c  -fPIC -DPIC -o .libs/mulmod_bnm1.o
libtool: compile:  ccache gcc -DHAVE_CONFIG_H -I. -I.. -D__GMP_WITHIN_GMP -I.. -DOPERATION_invert -O2 -pedantic -fomit-frame-pointer -m64 -std=gnu17 -c invert.c -o invert.o >/dev/null 2>&1
libtool: compile:  ccache gcc -DHAVE_CONFIG_H -I. -I.. -D__GMP_WITHIN_GMP -I.. -DOPERATION_binvert -O2 -pedantic -fomit-frame-pointer -m64 -std=gnu17 -c binvert.c -o binvert.o >/dev/null 2>&1
/bin/sh ../libtool  --tag=CC   --mode=compile ccache gcc -DHAVE_CONFIG_H -I. -I..  -D__GMP_WITHIN_GMP -I.. -DOPERATION_`echo sqrmod_bnm1 | sed 's/_$//'`   -O2 -pedantic -fomit-frame-pointer -m64 -std=gnu17 -c -o sqrmod_bnm1.lo sqrmod_bnm1.c
libtool: compile:  ccache gcc -DHAVE_CONFIG_H -I. -I.. -D__GMP_WITHIN_GMP -I.. -DOPERATION_invertappr -O2 -pedantic -fomit-frame-pointer -m64 -std=gnu17 -c invertappr.c -o invertappr.o >/dev/null 2>&1
/bin/sh ../libtool  --tag=CC   --mode=compile ccache gcc -DHAVE_CONFIG_H -I. -I..  -D__GMP_WITHIN_GMP -I.. -DOPERATION_`echo mulmod_bknp1 | sed 's/_$//'`   -O2 -pedantic -fomit-frame-pointer -m64 -std=gnu17 -c -o mulmod_bknp1.lo mulmod_bknp1.c
libtool: compile:  ccache gcc -DHAVE_CONFIG_H -I. -I.. -D__GMP_WITHIN_GMP -I.. -DOPERATION_sqrmod_bnm1 -O2 -pedantic -fomit-frame-pointer -m64 -std=gnu17 -c sqrmod_bnm1.c  -fPIC -DPIC -o .libs/sqrmod_bnm1.o
libtool: compile:  ccache gcc -DHAVE_CONFIG_H -I. -I.. -D__GMP_WITHIN_GMP -I.. -DOPERATION_toom_interpolate_16pts -O2 -pedantic -fomit-frame-pointer -m64 -std=gnu17 -c toom_interpolate_16pts.c -o toom_interpolate_16pts.o >/dev/null 2>&1
/bin/sh ../libtool  --tag=CC   --mode=compile ccache gcc -DHAVE_CONFIG_H -I. -I..  -D__GMP_WITHIN_GMP -I.. -DOPERATION_`echo div_qr_1 | sed 's/_$//'`   -O2 -pedantic -fomit-frame-pointer -m64 -std=gnu17 -c -o div_qr_1.lo div_qr_1.c
libtool: compile:  ccache gcc -DHAVE_CONFIG_H -I. -I.. -D__GMP_WITHIN_GMP -I.. -DOPERATION_mulmod_bknp1 -O2 -pedantic -fomit-frame-pointer -m64 -std=gnu17 -c mulmod_bknp1.c  -fPIC -DPIC -o .libs/mulmod_bknp1.o
libtool: compile:  ccache gcc -DHAVE_CONFIG_H -I. -I.. -D__GMP_WITHIN_GMP -I.. -DOPERATION_div_qr_1 -O2 -pedantic -fomit-frame-pointer -m64 -std=gnu17 -c div_qr_1.c  -fPIC -DPIC -o .libs/div_qr_1.o
/bin/sh ../libtool --mode=compile --tag=CC ../mpn/m4-ccas --m4="m4" ccache gcc -c -DHAVE_CONFIG_H -I. -I..  -D__GMP_WITHIN_GMP -I.. -DOPERATION_`echo div_qr_1n_pi1 | sed 's/_$//'`   -O2 -pedantic -fomit-frame-pointer -m64 -std=gnu17 -Wa,--noexecstack `test -f 'div_qr_1n_pi1.asm' || echo './'`div_qr_1n_pi1.asm
/bin/sh ../libtool  --tag=CC   --mode=compile ccache gcc -DHAVE_CONFIG_H -I. -I..  -D__GMP_WITHIN_GMP -I.. -DOPERATION_`echo div_qr_2 | sed 's/_$//'`   -O2 -pedantic -fomit-frame-pointer -m64 -std=gnu17 -c -o div_qr_2.lo div_qr_2.c
/bin/sh ../libtool --mode=compile --tag=CC ../mpn/m4-ccas --m4="m4" ccache gcc -c -DHAVE_CONFIG_H -I. -I..  -D__GMP_WITHIN_GMP -I.. -DOPERATION_`echo div_qr_2n_pi1 | sed 's/_$//'`   -O2 -pedantic -fomit-frame-pointer -m64 -std=gnu17 -Wa,--noexecstack `test -f 'div_qr_2n_pi1.asm' || echo './'`div_qr_2n_pi1.asm
libtool: compile:  ../mpn/m4-ccas --m4=m4 ccache gcc -c -DHAVE_CONFIG_H -I. -I.. -D__GMP_WITHIN_GMP -I.. -DOPERATION_div_qr_1n_pi1 -O2 -pedantic -fomit-frame-pointer -m64 -std=gnu17 -Wa,--noexecstack div_qr_1n_pi1.asm  -fPIC -DPIC -o .libs/div_qr_1n_pi1.o
libtool: compile:  ccache gcc -DHAVE_CONFIG_H -I. -I.. -D__GMP_WITHIN_GMP -I.. -DOPERATION_mulmod_bnm1 -O2 -pedantic -fomit-frame-pointer -m64 -std=gnu17 -c mulmod_bnm1.c -o mulmod_bnm1.o >/dev/null 2>&1
m4  -DHAVE_CONFIG_H -D__GMP_WITHIN_GMP -DOPERATION_div_qr_1n_pi1 -DPIC div_qr_1n_pi1.asm >tmp-div_qr_1n_pi1.s
libtool: compile:  ccache gcc -DHAVE_CONFIG_H -I. -I.. -D__GMP_WITHIN_GMP -I.. -DOPERATION_div_qr_1 -O2 -pedantic -fomit-frame-pointer -m64 -std=gnu17 -c div_qr_1.c -o div_qr_1.o >/dev/null 2>&1
 ccache gcc -c -DHAVE_CONFIG_H -I. -I.. -D__GMP_WITHIN_GMP -I.. -DOPERATION_div_qr_1n_pi1 -O2 -pedantic -fomit-frame-pointer -m64 -std=gnu17 -Wa,--noexecstack tmp-div_qr_1n_pi1.s -fPIC -DPIC -o .libs/div_qr_1n_pi1.o
libtool: compile:  ccache gcc -DHAVE_CONFIG_H -I. -I.. -D__GMP_WITHIN_GMP -I.. -DOPERATION_div_qr_2 -O2 -pedantic -fomit-frame-pointer -m64 -std=gnu17 -c div_qr_2.c  -fPIC -DPIC -o .libs/div_qr_2.o
libtool: compile:  ../mpn/m4-ccas --m4=m4 ccache gcc -c -DHAVE_CONFIG_H -I. -I.. -D__GMP_WITHIN_GMP -I.. -DOPERATION_div_qr_2n_pi1 -O2 -pedantic -fomit-frame-pointer -m64 -std=gnu17 -Wa,--noexecstack div_qr_2n_pi1.asm  -fPIC -DPIC -o .libs/div_qr_2n_pi1.o
libtool: compile:  ../mpn/m4-ccas --m4=m4 ccache gcc -c -DHAVE_CONFIG_H -I. -I.. -D__GMP_WITHIN_GMP -I.. -DOPERATION_div_qr_1n_pi1 -O2 -pedantic -fomit-frame-pointer -m64 -std=gnu17 -Wa,--noexecstack div_qr_1n_pi1.asm -o div_qr_1n_pi1.o >/dev/null 2>&1
libtool: compile:  ccache gcc -DHAVE_CONFIG_H -I. -I.. -D__GMP_WITHIN_GMP -I.. -DOPERATION_sqrmod_bnm1 -O2 -pedantic -fomit-frame-pointer -m64 -std=gnu17 -c sqrmod_bnm1.c -o sqrmod_bnm1.o >/dev/null 2>&1
m4  -DHAVE_CONFIG_H -D__GMP_WITHIN_GMP -DOPERATION_div_qr_2n_pi1 -DPIC div_qr_2n_pi1.asm >tmp-div_qr_2n_pi1.s
 ccache gcc -c -DHAVE_CONFIG_H -I. -I.. -D__GMP_WITHIN_GMP -I.. -DOPERATION_div_qr_2n_pi1 -O2 -pedantic -fomit-frame-pointer -m64 -std=gnu17 -Wa,--noexecstack tmp-div_qr_2n_pi1.s -fPIC -DPIC -o .libs/div_qr_2n_pi1.o
libtool: compile:  ../mpn/m4-ccas --m4=m4 ccache gcc -c -DHAVE_CONFIG_H -I. -I.. -D__GMP_WITHIN_GMP -I.. -DOPERATION_div_qr_2n_pi1 -O2 -pedantic -fomit-frame-pointer -m64 -std=gnu17 -Wa,--noexecstack div_qr_2n_pi1.asm -o div_qr_2n_pi1.o >/dev/null 2>&1
/bin/sh ../libtool --mode=compile --tag=CC ../mpn/m4-ccas --m4="m4" ccache gcc -c -DHAVE_CONFIG_H -I. -I..  -D__GMP_WITHIN_GMP -I.. -DOPERATION_`echo div_qr_2u_pi1 | sed 's/_$//'`   -O2 -pedantic -fomit-frame-pointer -m64 -std=gnu17 -Wa,--noexecstack `test -f 'div_qr_2u_pi1.asm' || echo './'`div_qr_2u_pi1.asm
/bin/sh ../libtool  --tag=CC   --mode=compile ccache gcc -DHAVE_CONFIG_H -I. -I..  -D__GMP_WITHIN_GMP -I.. -DOPERATION_`echo sbpi1_div_q | sed 's/_$//'`   -O2 -pedantic -fomit-frame-pointer -m64 -std=gnu17 -c -o sbpi1_div_q.lo sbpi1_div_q.c
/bin/sh ../libtool  --tag=CC   --mode=compile ccache gcc -DHAVE_CONFIG_H -I. -I..  -D__GMP_WITHIN_GMP -I.. -DOPERATION_`echo sbpi1_div_qr | sed 's/_$//'`   -O2 -pedantic -fomit-frame-pointer -m64 -std=gnu17 -c -o sbpi1_div_qr.lo sbpi1_div_qr.c
libtool: compile:  ../mpn/m4-ccas --m4=m4 ccache gcc -c -DHAVE_CONFIG_H -I. -I.. -D__GMP_WITHIN_GMP -I.. -DOPERATION_div_qr_2u_pi1 -O2 -pedantic -fomit-frame-pointer -m64 -std=gnu17 -Wa,--noexecstack div_qr_2u_pi1.asm  -fPIC -DPIC -o .libs/div_qr_2u_pi1.o
libtool: compile:  ccache gcc -DHAVE_CONFIG_H -I. -I.. -D__GMP_WITHIN_GMP -I.. -DOPERATION_sbpi1_div_q -O2 -pedantic -fomit-frame-pointer -m64 -std=gnu17 -c sbpi1_div_q.c  -fPIC -DPIC -o .libs/sbpi1_div_q.o
m4  -DHAVE_CONFIG_H -D__GMP_WITHIN_GMP -DOPERATION_div_qr_2u_pi1 -DPIC div_qr_2u_pi1.asm >tmp-div_qr_2u_pi1.s
libtool: compile:  ccache gcc -DHAVE_CONFIG_H -I. -I.. -D__GMP_WITHIN_GMP -I.. -DOPERATION_div_qr_2 -O2 -pedantic -fomit-frame-pointer -m64 -std=gnu17 -c div_qr_2.c -o div_qr_2.o >/dev/null 2>&1
libtool: compile:  ccache gcc -DHAVE_CONFIG_H -I. -I.. -D__GMP_WITHIN_GMP -I.. -DOPERATION_mulmod_bknp1 -O2 -pedantic -fomit-frame-pointer -m64 -std=gnu17 -c mulmod_bknp1.c -o mulmod_bknp1.o >/dev/null 2>&1
 ccache gcc -c -DHAVE_CONFIG_H -I. -I.. -D__GMP_WITHIN_GMP -I.. -DOPERATION_div_qr_2u_pi1 -O2 -pedantic -fomit-frame-pointer -m64 -std=gnu17 -Wa,--noexecstack tmp-div_qr_2u_pi1.s -fPIC -DPIC -o .libs/div_qr_2u_pi1.o
/bin/sh ../libtool  --tag=CC   --mode=compile ccache gcc -DHAVE_CONFIG_H -I. -I..  -D__GMP_WITHIN_GMP -I.. -DOPERATION_`echo sbpi1_divappr_q | sed 's/_$//'`   -O2 -pedantic -fomit-frame-pointer -m64 -std=gnu17 -c -o sbpi1_divappr_q.lo sbpi1_divappr_q.c
libtool: compile:  ccache gcc -DHAVE_CONFIG_H -I. -I.. -D__GMP_WITHIN_GMP -I.. -DOPERATION_sbpi1_div_qr -O2 -pedantic -fomit-frame-pointer -m64 -std=gnu17 -c sbpi1_div_qr.c  -fPIC -DPIC -o .libs/sbpi1_div_qr.o
libtool: compile:  ../mpn/m4-ccas --m4=m4 ccache gcc -c -DHAVE_CONFIG_H -I. -I.. -D__GMP_WITHIN_GMP -I.. -DOPERATION_div_qr_2u_pi1 -O2 -pedantic -fomit-frame-pointer -m64 -std=gnu17 -Wa,--noexecstack div_qr_2u_pi1.asm -o div_qr_2u_pi1.o >/dev/null 2>&1
libtool: compile:  ccache gcc -DHAVE_CONFIG_H -I. -I.. -D__GMP_WITHIN_GMP -I.. -DOPERATION_sbpi1_divappr_q -O2 -pedantic -fomit-frame-pointer -m64 -std=gnu17 -c sbpi1_divappr_q.c  -fPIC -DPIC -o .libs/sbpi1_divappr_q.o
/bin/sh ../libtool  --tag=CC   --mode=compile ccache gcc -DHAVE_CONFIG_H -I. -I..  -D__GMP_WITHIN_GMP -I.. -DOPERATION_`echo dcpi1_div_q | sed 's/_$//'`   -O2 -pedantic -fomit-frame-pointer -m64 -std=gnu17 -c -o dcpi1_div_q.lo dcpi1_div_q.c
/bin/sh ../libtool  --tag=CC   --mode=compile ccache gcc -DHAVE_CONFIG_H -I. -I..  -D__GMP_WITHIN_GMP -I.. -DOPERATION_`echo dcpi1_div_qr | sed 's/_$//'`   -O2 -pedantic -fomit-frame-pointer -m64 -std=gnu17 -c -o dcpi1_div_qr.lo dcpi1_div_qr.c
/bin/sh ../libtool  --tag=CC   --mode=compile ccache gcc -DHAVE_CONFIG_H -I. -I..  -D__GMP_WITHIN_GMP -I.. -DOPERATION_`echo dcpi1_divappr_q | sed 's/_$//'`   -O2 -pedantic -fomit-frame-pointer -m64 -std=gnu17 -c -o dcpi1_divappr_q.lo dcpi1_divappr_q.c
/bin/sh ../libtool  --tag=CC   --mode=compile ccache gcc -DHAVE_CONFIG_H -I. -I..  -D__GMP_WITHIN_GMP -I.. -DOPERATION_`echo mu_div_qr | sed 's/_$//'`   -O2 -pedantic -fomit-frame-pointer -m64 -std=gnu17 -c -o mu_div_qr.lo mu_div_qr.c
libtool: compile:  ccache gcc -DHAVE_CONFIG_H -I. -I.. -D__GMP_WITHIN_GMP -I.. -DOPERATION_dcpi1_div_q -O2 -pedantic -fomit-frame-pointer -m64 -std=gnu17 -c dcpi1_div_q.c  -fPIC -DPIC -o .libs/dcpi1_div_q.o
libtool: compile:  ccache gcc -DHAVE_CONFIG_H -I. -I.. -D__GMP_WITHIN_GMP -I.. -DOPERATION_sbpi1_div_qr -O2 -pedantic -fomit-frame-pointer -m64 -std=gnu17 -c sbpi1_div_qr.c -o sbpi1_div_qr.o >/dev/null 2>&1
libtool: compile:  ccache gcc -DHAVE_CONFIG_H -I. -I.. -D__GMP_WITHIN_GMP -I.. -DOPERATION_dcpi1_div_qr -O2 -pedantic -fomit-frame-pointer -m64 -std=gnu17 -c dcpi1_div_qr.c  -fPIC -DPIC -o .libs/dcpi1_div_qr.o
libtool: compile:  ccache gcc -DHAVE_CONFIG_H -I. -I.. -D__GMP_WITHIN_GMP -I.. -DOPERATION_dcpi1_divappr_q -O2 -pedantic -fomit-frame-pointer -m64 -std=gnu17 -c dcpi1_divappr_q.c  -fPIC -DPIC -o .libs/dcpi1_divappr_q.o
libtool: compile:  ccache gcc -DHAVE_CONFIG_H -I. -I.. -D__GMP_WITHIN_GMP -I.. -DOPERATION_mu_div_qr -O2 -pedantic -fomit-frame-pointer -m64 -std=gnu17 -c mu_div_qr.c  -fPIC -DPIC -o .libs/mu_div_qr.o
libtool: compile:  ccache gcc -DHAVE_CONFIG_H -I. -I.. -D__GMP_WITHIN_GMP -I.. -DOPERATION_sbpi1_div_q -O2 -pedantic -fomit-frame-pointer -m64 -std=gnu17 -c sbpi1_div_q.c -o sbpi1_div_q.o >/dev/null 2>&1
libtool: compile:  ccache gcc -DHAVE_CONFIG_H -I. -I.. -D__GMP_WITHIN_GMP -I.. -DOPERATION_sbpi1_divappr_q -O2 -pedantic -fomit-frame-pointer -m64 -std=gnu17 -c sbpi1_divappr_q.c -o sbpi1_divappr_q.o >/dev/null 2>&1
/bin/sh ../libtool  --tag=CC   --mode=compile ccache gcc -DHAVE_CONFIG_H -I. -I..  -D__GMP_WITHIN_GMP -I.. -DOPERATION_`echo mu_divappr_q | sed 's/_$//'`   -O2 -pedantic -fomit-frame-pointer -m64 -std=gnu17 -c -o mu_divappr_q.lo mu_divappr_q.c
/bin/sh ../libtool  --tag=CC   --mode=compile ccache gcc -DHAVE_CONFIG_H -I. -I..  -D__GMP_WITHIN_GMP -I.. -DOPERATION_`echo mu_div_q | sed 's/_$//'`   -O2 -pedantic -fomit-frame-pointer -m64 -std=gnu17 -c -o mu_div_q.lo mu_div_q.c
libtool: compile:  ccache gcc -DHAVE_CONFIG_H -I. -I.. -D__GMP_WITHIN_GMP -I.. -DOPERATION_dcpi1_div_q -O2 -pedantic -fomit-frame-pointer -m64 -std=gnu17 -c dcpi1_div_q.c -o dcpi1_div_q.o >/dev/null 2>&1
libtool: compile:  ccache gcc -DHAVE_CONFIG_H -I. -I.. -D__GMP_WITHIN_GMP -I.. -DOPERATION_mu_divappr_q -O2 -pedantic -fomit-frame-pointer -m64 -std=gnu17 -c mu_divappr_q.c  -fPIC -DPIC -o .libs/mu_divappr_q.o
libtool: compile:  ccache gcc -DHAVE_CONFIG_H -I. -I.. -D__GMP_WITHIN_GMP -I.. -DOPERATION_mu_div_q -O2 -pedantic -fomit-frame-pointer -m64 -std=gnu17 -c mu_div_q.c  -fPIC -DPIC -o .libs/mu_div_q.o
libtool: compile:  ccache gcc -DHAVE_CONFIG_H -I. -I.. -D__GMP_WITHIN_GMP -I.. -DOPERATION_dcpi1_div_qr -O2 -pedantic -fomit-frame-pointer -m64 -std=gnu17 -c dcpi1_div_qr.c -o dcpi1_div_qr.o >/dev/null 2>&1
/bin/sh ../libtool --mode=compile --tag=CC ../mpn/m4-ccas --m4="m4" ccache gcc -c -DHAVE_CONFIG_H -I. -I..  -D__GMP_WITHIN_GMP -I.. -DOPERATION_`echo bdiv_q_1 | sed 's/_$//'`   -O2 -pedantic -fomit-frame-pointer -m64 -std=gnu17 -Wa,--noexecstack `test -f 'bdiv_q_1.asm' || echo './'`bdiv_q_1.asm
/bin/sh ../libtool  --tag=CC   --mode=compile ccache gcc -DHAVE_CONFIG_H -I. -I..  -D__GMP_WITHIN_GMP -I.. -DOPERATION_`echo sbpi1_bdiv_q | sed 's/_$//'`   -O2 -pedantic -fomit-frame-pointer -m64 -std=gnu17 -c -o sbpi1_bdiv_q.lo sbpi1_bdiv_q.c
libtool: compile:  ccache gcc -DHAVE_CONFIG_H -I. -I.. -D__GMP_WITHIN_GMP -I.. -DOPERATION_dcpi1_divappr_q -O2 -pedantic -fomit-frame-pointer -m64 -std=gnu17 -c dcpi1_divappr_q.c -o dcpi1_divappr_q.o >/dev/null 2>&1
libtool: compile:  ccache gcc -DHAVE_CONFIG_H -I. -I.. -D__GMP_WITHIN_GMP -I.. -DOPERATION_sbpi1_bdiv_q -O2 -pedantic -fomit-frame-pointer -m64 -std=gnu17 -c sbpi1_bdiv_q.c  -fPIC -DPIC -o .libs/sbpi1_bdiv_q.o
libtool: compile:  ccache gcc -DHAVE_CONFIG_H -I. -I.. -D__GMP_WITHIN_GMP -I.. -DOPERATION_mu_div_qr -O2 -pedantic -fomit-frame-pointer -m64 -std=gnu17 -c mu_div_qr.c -o mu_div_qr.o >/dev/null 2>&1
libtool: compile:  ../mpn/m4-ccas --m4=m4 ccache gcc -c -DHAVE_CONFIG_H -I. -I.. -D__GMP_WITHIN_GMP -I.. -DOPERATION_bdiv_q_1 -O2 -pedantic -fomit-frame-pointer -m64 -std=gnu17 -Wa,--noexecstack bdiv_q_1.asm  -fPIC -DPIC -o .libs/bdiv_q_1.o
/bin/sh ../libtool  --tag=CC   --mode=compile ccache gcc -DHAVE_CONFIG_H -I. -I..  -D__GMP_WITHIN_GMP -I.. -DOPERATION_`echo sbpi1_bdiv_qr | sed 's/_$//'`   -O2 -pedantic -fomit-frame-pointer -m64 -std=gnu17 -c -o sbpi1_bdiv_qr.lo sbpi1_bdiv_qr.c
m4  -DHAVE_CONFIG_H -D__GMP_WITHIN_GMP -DOPERATION_bdiv_q_1 -DPIC bdiv_q_1.asm >tmp-bdiv_q_1.s
 ccache gcc -c -DHAVE_CONFIG_H -I. -I.. -D__GMP_WITHIN_GMP -I.. -DOPERATION_bdiv_q_1 -O2 -pedantic -fomit-frame-pointer -m64 -std=gnu17 -Wa,--noexecstack tmp-bdiv_q_1.s -fPIC -DPIC -o .libs/bdiv_q_1.o
libtool: compile:  ../mpn/m4-ccas --m4=m4 ccache gcc -c -DHAVE_CONFIG_H -I. -I.. -D__GMP_WITHIN_GMP -I.. -DOPERATION_bdiv_q_1 -O2 -pedantic -fomit-frame-pointer -m64 -std=gnu17 -Wa,--noexecstack bdiv_q_1.asm -o bdiv_q_1.o >/dev/null 2>&1
libtool: compile:  ccache gcc -DHAVE_CONFIG_H -I. -I.. -D__GMP_WITHIN_GMP -I.. -DOPERATION_sbpi1_bdiv_qr -O2 -pedantic -fomit-frame-pointer -m64 -std=gnu17 -c sbpi1_bdiv_qr.c  -fPIC -DPIC -o .libs/sbpi1_bdiv_qr.o
libtool: compile:  ccache gcc -DHAVE_CONFIG_H -I. -I.. -D__GMP_WITHIN_GMP -I.. -DOPERATION_mu_div_q -O2 -pedantic -fomit-frame-pointer -m64 -std=gnu17 -c mu_div_q.c -o mu_div_q.o >/dev/null 2>&1
libtool: compile:  ccache gcc -DHAVE_CONFIG_H -I. -I.. -D__GMP_WITHIN_GMP -I.. -DOPERATION_mu_divappr_q -O2 -pedantic -fomit-frame-pointer -m64 -std=gnu17 -c mu_divappr_q.c -o mu_divappr_q.o >/dev/null 2>&1
libtool: compile:  ccache gcc -DHAVE_CONFIG_H -I. -I.. -D__GMP_WITHIN_GMP -I.. -DOPERATION_sbpi1_bdiv_q -O2 -pedantic -fomit-frame-pointer -m64 -std=gnu17 -c sbpi1_bdiv_q.c -o sbpi1_bdiv_q.o >/dev/null 2>&1
/bin/sh ../libtool  --tag=CC   --mode=compile ccache gcc -DHAVE_CONFIG_H -I. -I..  -D__GMP_WITHIN_GMP -I.. -DOPERATION_`echo sbpi1_bdiv_r | sed 's/_$//'`   -O2 -pedantic -fomit-frame-pointer -m64 -std=gnu17 -c -o sbpi1_bdiv_r.lo sbpi1_bdiv_r.c
/bin/sh ../libtool  --tag=CC   --mode=compile ccache gcc -DHAVE_CONFIG_H -I. -I..  -D__GMP_WITHIN_GMP -I.. -DOPERATION_`echo dcpi1_bdiv_q | sed 's/_$//'`   -O2 -pedantic -fomit-frame-pointer -m64 -std=gnu17 -c -o dcpi1_bdiv_q.lo dcpi1_bdiv_q.c
/bin/sh ../libtool  --tag=CC   --mode=compile ccache gcc -DHAVE_CONFIG_H -I. -I..  -D__GMP_WITHIN_GMP -I.. -DOPERATION_`echo dcpi1_bdiv_qr | sed 's/_$//'`   -O2 -pedantic -fomit-frame-pointer -m64 -std=gnu17 -c -o dcpi1_bdiv_qr.lo dcpi1_bdiv_qr.c
libtool: compile:  ccache gcc -DHAVE_CONFIG_H -I. -I.. -D__GMP_WITHIN_GMP -I.. -DOPERATION_sbpi1_bdiv_qr -O2 -pedantic -fomit-frame-pointer -m64 -std=gnu17 -c sbpi1_bdiv_qr.c -o sbpi1_bdiv_qr.o >/dev/null 2>&1
libtool: compile:  ccache gcc -DHAVE_CONFIG_H -I. -I.. -D__GMP_WITHIN_GMP -I.. -DOPERATION_sbpi1_bdiv_r -O2 -pedantic -fomit-frame-pointer -m64 -std=gnu17 -c sbpi1_bdiv_r.c  -fPIC -DPIC -o .libs/sbpi1_bdiv_r.o
libtool: compile:  ccache gcc -DHAVE_CONFIG_H -I. -I.. -D__GMP_WITHIN_GMP -I.. -DOPERATION_dcpi1_bdiv_q -O2 -pedantic -fomit-frame-pointer -m64 -std=gnu17 -c dcpi1_bdiv_q.c  -fPIC -DPIC -o .libs/dcpi1_bdiv_q.o
libtool: compile:  ccache gcc -DHAVE_CONFIG_H -I. -I.. -D__GMP_WITHIN_GMP -I.. -DOPERATION_dcpi1_bdiv_qr -O2 -pedantic -fomit-frame-pointer -m64 -std=gnu17 -c dcpi1_bdiv_qr.c  -fPIC -DPIC -o .libs/dcpi1_bdiv_qr.o
/bin/sh ../libtool  --tag=CC   --mode=compile ccache gcc -DHAVE_CONFIG_H -I. -I..  -D__GMP_WITHIN_GMP -I.. -DOPERATION_`echo mu_bdiv_q | sed 's/_$//'`   -O2 -pedantic -fomit-frame-pointer -m64 -std=gnu17 -c -o mu_bdiv_q.lo mu_bdiv_q.c
/bin/sh ../libtool  --tag=CC   --mode=compile ccache gcc -DHAVE_CONFIG_H -I. -I..  -D__GMP_WITHIN_GMP -I.. -DOPERATION_`echo mu_bdiv_qr | sed 's/_$//'`   -O2 -pedantic -fomit-frame-pointer -m64 -std=gnu17 -c -o mu_bdiv_qr.lo mu_bdiv_qr.c
libtool: compile:  ccache gcc -DHAVE_CONFIG_H -I. -I.. -D__GMP_WITHIN_GMP -I.. -DOPERATION_mu_bdiv_q -O2 -pedantic -fomit-frame-pointer -m64 -std=gnu17 -c mu_bdiv_q.c  -fPIC -DPIC -o .libs/mu_bdiv_q.o
/bin/sh ../libtool  --tag=CC   --mode=compile ccache gcc -DHAVE_CONFIG_H -I. -I..  -D__GMP_WITHIN_GMP -I.. -DOPERATION_`echo bdiv_q | sed 's/_$//'`   -O2 -pedantic -fomit-frame-pointer -m64 -std=gnu17 -c -o bdiv_q.lo bdiv_q.c
libtool: compile:  ccache gcc -DHAVE_CONFIG_H -I. -I.. -D__GMP_WITHIN_GMP -I.. -DOPERATION_sbpi1_bdiv_r -O2 -pedantic -fomit-frame-pointer -m64 -std=gnu17 -c sbpi1_bdiv_r.c -o sbpi1_bdiv_r.o >/dev/null 2>&1
/bin/sh ../libtool  --tag=CC   --mode=compile ccache gcc -DHAVE_CONFIG_H -I. -I..  -D__GMP_WITHIN_GMP -I.. -DOPERATION_`echo bdiv_qr | sed 's/_$//'`   -O2 -pedantic -fomit-frame-pointer -m64 -std=gnu17 -c -o bdiv_qr.lo bdiv_qr.c
libtool: compile:  ccache gcc -DHAVE_CONFIG_H -I. -I.. -D__GMP_WITHIN_GMP -I.. -DOPERATION_mu_bdiv_qr -O2 -pedantic -fomit-frame-pointer -m64 -std=gnu17 -c mu_bdiv_qr.c  -fPIC -DPIC -o .libs/mu_bdiv_qr.o
libtool: compile:  ccache gcc -DHAVE_CONFIG_H -I. -I.. -D__GMP_WITHIN_GMP -I.. -DOPERATION_bdiv_q -O2 -pedantic -fomit-frame-pointer -m64 -std=gnu17 -c bdiv_q.c  -fPIC -DPIC -o .libs/bdiv_q.o
libtool: compile:  ccache gcc -DHAVE_CONFIG_H -I. -I.. -D__GMP_WITHIN_GMP -I.. -DOPERATION_bdiv_qr -O2 -pedantic -fomit-frame-pointer -m64 -std=gnu17 -c bdiv_qr.c  -fPIC -DPIC -o .libs/bdiv_qr.o
libtool: compile:  ccache gcc -DHAVE_CONFIG_H -I. -I.. -D__GMP_WITHIN_GMP -I.. -DOPERATION_dcpi1_bdiv_q -O2 -pedantic -fomit-frame-pointer -m64 -std=gnu17 -c dcpi1_bdiv_q.c -o dcpi1_bdiv_q.o >/dev/null 2>&1
/bin/sh ../libtool  --tag=CC   --mode=compile ccache gcc -DHAVE_CONFIG_H -I. -I..  -D__GMP_WITHIN_GMP -I.. -DOPERATION_`echo broot | sed 's/_$//'`   -O2 -pedantic -fomit-frame-pointer -m64 -std=gnu17 -c -o broot.lo broot.c
/bin/sh ../libtool  --tag=CC   --mode=compile ccache gcc -DHAVE_CONFIG_H -I. -I..  -D__GMP_WITHIN_GMP -I.. -DOPERATION_`echo brootinv | sed 's/_$//'`   -O2 -pedantic -fomit-frame-pointer -m64 -std=gnu17 -c -o brootinv.lo brootinv.c
libtool: compile:  ccache gcc -DHAVE_CONFIG_H -I. -I.. -D__GMP_WITHIN_GMP -I.. -DOPERATION_dcpi1_bdiv_qr -O2 -pedantic -fomit-frame-pointer -m64 -std=gnu17 -c dcpi1_bdiv_qr.c -o dcpi1_bdiv_qr.o >/dev/null 2>&1
libtool: compile:  ccache gcc -DHAVE_CONFIG_H -I. -I.. -D__GMP_WITHIN_GMP -I.. -DOPERATION_broot -O2 -pedantic -fomit-frame-pointer -m64 -std=gnu17 -c broot.c  -fPIC -DPIC -o .libs/broot.o
libtool: compile:  ccache gcc -DHAVE_CONFIG_H -I. -I.. -D__GMP_WITHIN_GMP -I.. -DOPERATION_bdiv_qr -O2 -pedantic -fomit-frame-pointer -m64 -std=gnu17 -c bdiv_qr.c -o bdiv_qr.o >/dev/null 2>&1
libtool: compile:  ccache gcc -DHAVE_CONFIG_H -I. -I.. -D__GMP_WITHIN_GMP -I.. -DOPERATION_bdiv_q -O2 -pedantic -fomit-frame-pointer -m64 -std=gnu17 -c bdiv_q.c -o bdiv_q.o >/dev/null 2>&1
libtool: compile:  ccache gcc -DHAVE_CONFIG_H -I. -I.. -D__GMP_WITHIN_GMP -I.. -DOPERATION_brootinv -O2 -pedantic -fomit-frame-pointer -m64 -std=gnu17 -c brootinv.c  -fPIC -DPIC -o .libs/brootinv.o
libtool: compile:  ccache gcc -DHAVE_CONFIG_H -I. -I.. -D__GMP_WITHIN_GMP -I.. -DOPERATION_mu_bdiv_q -O2 -pedantic -fomit-frame-pointer -m64 -std=gnu17 -c mu_bdiv_q.c -o mu_bdiv_q.o >/dev/null 2>&1
/bin/sh ../libtool  --tag=CC   --mode=compile ccache gcc -DHAVE_CONFIG_H -I. -I..  -D__GMP_WITHIN_GMP -I.. -DOPERATION_`echo bsqrt | sed 's/_$//'`   -O2 -pedantic -fomit-frame-pointer -m64 -std=gnu17 -c -o bsqrt.lo bsqrt.c
libtool: compile:  ccache gcc -DHAVE_CONFIG_H -I. -I.. -D__GMP_WITHIN_GMP -I.. -DOPERATION_mu_bdiv_qr -O2 -pedantic -fomit-frame-pointer -m64 -std=gnu17 -c mu_bdiv_qr.c -o mu_bdiv_qr.o >/dev/null 2>&1
libtool: compile:  ccache gcc -DHAVE_CONFIG_H -I. -I.. -D__GMP_WITHIN_GMP -I.. -DOPERATION_bsqrt -O2 -pedantic -fomit-frame-pointer -m64 -std=gnu17 -c bsqrt.c  -fPIC -DPIC -o .libs/bsqrt.o
/bin/sh ../libtool  --tag=CC   --mode=compile ccache gcc -DHAVE_CONFIG_H -I. -I..  -D__GMP_WITHIN_GMP -I.. -DOPERATION_`echo bsqrtinv | sed 's/_$//'`   -O2 -pedantic -fomit-frame-pointer -m64 -std=gnu17 -c -o bsqrtinv.lo bsqrtinv.c
/bin/sh ../libtool  --tag=CC   --mode=compile ccache gcc -DHAVE_CONFIG_H -I. -I..  -D__GMP_WITHIN_GMP -I.. -DOPERATION_`echo divexact | sed 's/_$//'`   -O2 -pedantic -fomit-frame-pointer -m64 -std=gnu17 -c -o divexact.lo divexact.c
libtool: compile:  ccache gcc -DHAVE_CONFIG_H -I. -I.. -D__GMP_WITHIN_GMP -I.. -DOPERATION_broot -O2 -pedantic -fomit-frame-pointer -m64 -std=gnu17 -c broot.c -o broot.o >/dev/null 2>&1
libtool: compile:  ccache gcc -DHAVE_CONFIG_H -I. -I.. -D__GMP_WITHIN_GMP -I.. -DOPERATION_bsqrtinv -O2 -pedantic -fomit-frame-pointer -m64 -std=gnu17 -c bsqrtinv.c  -fPIC -DPIC -o .libs/bsqrtinv.o
libtool: compile:  ccache gcc -DHAVE_CONFIG_H -I. -I.. -D__GMP_WITHIN_GMP -I.. -DOPERATION_divexact -O2 -pedantic -fomit-frame-pointer -m64 -std=gnu17 -c divexact.c  -fPIC -DPIC -o .libs/divexact.o
/bin/sh ../libtool --mode=compile --tag=CC ../mpn/m4-ccas --m4="m4" ccache gcc -c -DHAVE_CONFIG_H -I. -I..  -D__GMP_WITHIN_GMP -I.. -DOPERATION_`echo bdiv_dbm1c | sed 's/_$//'`   -O2 -pedantic -fomit-frame-pointer -m64 -std=gnu17 -Wa,--noexecstack `test -f 'bdiv_dbm1c.asm' || echo './'`bdiv_dbm1c.asm
libtool: compile:  ccache gcc -DHAVE_CONFIG_H -I. -I.. -D__GMP_WITHIN_GMP -I.. -DOPERATION_brootinv -O2 -pedantic -fomit-frame-pointer -m64 -std=gnu17 -c brootinv.c -o brootinv.o >/dev/null 2>&1
/bin/sh ../libtool --mode=compile --tag=CC ../mpn/m4-ccas --m4="m4" ccache gcc -c -DHAVE_CONFIG_H -I. -I..  -D__GMP_WITHIN_GMP -I.. -DOPERATION_`echo redc_1 | sed 's/_$//'`   -O2 -pedantic -fomit-frame-pointer -m64 -std=gnu17 -Wa,--noexecstack `test -f 'redc_1.asm' || echo './'`redc_1.asm
libtool: compile:  ccache gcc -DHAVE_CONFIG_H -I. -I.. -D__GMP_WITHIN_GMP -I.. -DOPERATION_bsqrt -O2 -pedantic -fomit-frame-pointer -m64 -std=gnu17 -c bsqrt.c -o bsqrt.o >/dev/null 2>&1
libtool: compile:  ../mpn/m4-ccas --m4=m4 ccache gcc -c -DHAVE_CONFIG_H -I. -I.. -D__GMP_WITHIN_GMP -I.. -DOPERATION_bdiv_dbm1c -O2 -pedantic -fomit-frame-pointer -m64 -std=gnu17 -Wa,--noexecstack bdiv_dbm1c.asm  -fPIC -DPIC -o .libs/bdiv_dbm1c.o
m4  -DHAVE_CONFIG_H -D__GMP_WITHIN_GMP -DOPERATION_bdiv_dbm1c -DPIC bdiv_dbm1c.asm >tmp-bdiv_dbm1c.s
/bin/sh ../libtool  --tag=CC   --mode=compile ccache gcc -DHAVE_CONFIG_H -I. -I..  -D__GMP_WITHIN_GMP -I.. -DOPERATION_`echo redc_2 | sed 's/_$//'`   -O2 -pedantic -fomit-frame-pointer -m64 -std=gnu17 -c -o redc_2.lo redc_2.c
 ccache gcc -c -DHAVE_CONFIG_H -I. -I.. -D__GMP_WITHIN_GMP -I.. -DOPERATION_bdiv_dbm1c -O2 -pedantic -fomit-frame-pointer -m64 -std=gnu17 -Wa,--noexecstack tmp-bdiv_dbm1c.s -fPIC -DPIC -o .libs/bdiv_dbm1c.o
libtool: compile:  ../mpn/m4-ccas --m4=m4 ccache gcc -c -DHAVE_CONFIG_H -I. -I.. -D__GMP_WITHIN_GMP -I.. -DOPERATION_redc_1 -O2 -pedantic -fomit-frame-pointer -m64 -std=gnu17 -Wa,--noexecstack redc_1.asm  -fPIC -DPIC -o .libs/redc_1.o
libtool: compile:  ccache gcc -DHAVE_CONFIG_H -I. -I.. -D__GMP_WITHIN_GMP -I.. -DOPERATION_bsqrtinv -O2 -pedantic -fomit-frame-pointer -m64 -std=gnu17 -c bsqrtinv.c -o bsqrtinv.o >/dev/null 2>&1
m4  -DHAVE_CONFIG_H -D__GMP_WITHIN_GMP -DOPERATION_redc_1 -DPIC redc_1.asm >tmp-redc_1.s
libtool: compile:  ../mpn/m4-ccas --m4=m4 ccache gcc -c -DHAVE_CONFIG_H -I. -I.. -D__GMP_WITHIN_GMP -I.. -DOPERATION_bdiv_dbm1c -O2 -pedantic -fomit-frame-pointer -m64 -std=gnu17 -Wa,--noexecstack bdiv_dbm1c.asm -o bdiv_dbm1c.o >/dev/null 2>&1
libtool: compile:  ccache gcc -DHAVE_CONFIG_H -I. -I.. -D__GMP_WITHIN_GMP -I.. -DOPERATION_divexact -O2 -pedantic -fomit-frame-pointer -m64 -std=gnu17 -c divexact.c -o divexact.o >/dev/null 2>&1
 ccache gcc -c -DHAVE_CONFIG_H -I. -I.. -D__GMP_WITHIN_GMP -I.. -DOPERATION_redc_1 -O2 -pedantic -fomit-frame-pointer -m64 -std=gnu17 -Wa,--noexecstack tmp-redc_1.s -fPIC -DPIC -o .libs/redc_1.o
libtool: compile:  ccache gcc -DHAVE_CONFIG_H -I. -I.. -D__GMP_WITHIN_GMP -I.. -DOPERATION_redc_2 -O2 -pedantic -fomit-frame-pointer -m64 -std=gnu17 -c redc_2.c  -fPIC -DPIC -o .libs/redc_2.o
libtool: compile:  ../mpn/m4-ccas --m4=m4 ccache gcc -c -DHAVE_CONFIG_H -I. -I.. -D__GMP_WITHIN_GMP -I.. -DOPERATION_redc_1 -O2 -pedantic -fomit-frame-pointer -m64 -std=gnu17 -Wa,--noexecstack redc_1.asm -o redc_1.o >/dev/null 2>&1
/bin/sh ../libtool  --tag=CC   --mode=compile ccache gcc -DHAVE_CONFIG_H -I. -I..  -D__GMP_WITHIN_GMP -I.. -DOPERATION_`echo redc_n | sed 's/_$//'`   -O2 -pedantic -fomit-frame-pointer -m64 -std=gnu17 -c -o redc_n.lo redc_n.c
/bin/sh ../libtool  --tag=CC   --mode=compile ccache gcc -DHAVE_CONFIG_H -I. -I..  -D__GMP_WITHIN_GMP -I.. -DOPERATION_`echo powm | sed 's/_$//'`   -O2 -pedantic -fomit-frame-pointer -m64 -std=gnu17 -c -o powm.lo powm.c
/bin/sh ../libtool  --tag=CC   --mode=compile ccache gcc -DHAVE_CONFIG_H -I. -I..  -D__GMP_WITHIN_GMP -I.. -DOPERATION_`echo powlo | sed 's/_$//'`   -O2 -pedantic -fomit-frame-pointer -m64 -std=gnu17 -c -o powlo.lo powlo.c
/bin/sh ../libtool  --tag=CC   --mode=compile ccache gcc -DHAVE_CONFIG_H -I. -I..  -D__GMP_WITHIN_GMP -I.. -DOPERATION_`echo sec_powm | sed 's/_$//'`   -O2 -pedantic -fomit-frame-pointer -m64 -std=gnu17 -c -o sec_powm.lo sec_powm.c
/bin/sh ../libtool  --tag=CC   --mode=compile ccache gcc -DHAVE_CONFIG_H -I. -I..  -D__GMP_WITHIN_GMP -I.. -DOPERATION_`echo sec_mul | sed 's/_$//'`   -O2 -pedantic -fomit-frame-pointer -m64 -std=gnu17 -c -o sec_mul.lo sec_mul.c
/bin/sh ../libtool  --tag=CC   --mode=compile ccache gcc -DHAVE_CONFIG_H -I. -I..  -D__GMP_WITHIN_GMP -I.. -DOPERATION_`echo sec_sqr | sed 's/_$//'`   -O2 -pedantic -fomit-frame-pointer -m64 -std=gnu17 -c -o sec_sqr.lo sec_sqr.c
libtool: compile:  ccache gcc -DHAVE_CONFIG_H -I. -I.. -D__GMP_WITHIN_GMP -I.. -DOPERATION_redc_2 -O2 -pedantic -fomit-frame-pointer -m64 -std=gnu17 -c redc_2.c -o redc_2.o >/dev/null 2>&1
libtool: compile:  ccache gcc -DHAVE_CONFIG_H -I. -I.. -D__GMP_WITHIN_GMP -I.. -DOPERATION_redc_n -O2 -pedantic -fomit-frame-pointer -m64 -std=gnu17 -c redc_n.c  -fPIC -DPIC -o .libs/redc_n.o
libtool: compile:  ccache gcc -DHAVE_CONFIG_H -I. -I.. -D__GMP_WITHIN_GMP -I.. -DOPERATION_powlo -O2 -pedantic -fomit-frame-pointer -m64 -std=gnu17 -c powlo.c  -fPIC -DPIC -o .libs/powlo.o
libtool: compile:  ccache gcc -DHAVE_CONFIG_H -I. -I.. -D__GMP_WITHIN_GMP -I.. -DOPERATION_powm -O2 -pedantic -fomit-frame-pointer -m64 -std=gnu17 -c powm.c  -fPIC -DPIC -o .libs/powm.o
/bin/sh ../libtool  --tag=CC   --mode=compile ccache gcc -DHAVE_CONFIG_H -I. -I..  -D__GMP_WITHIN_GMP -I.. -DOPERATION_`echo sec_div_qr | sed 's/_$//'`   -O2 -pedantic -fomit-frame-pointer -m64 -std=gnu17 -c -o sec_div_qr.lo sec_div_qr.c
libtool: compile:  ccache gcc -DHAVE_CONFIG_H -I. -I.. -D__GMP_WITHIN_GMP -I.. -DOPERATION_sec_powm -O2 -pedantic -fomit-frame-pointer -m64 -std=gnu17 -c sec_powm.c  -fPIC -DPIC -o .libs/sec_powm.o
libtool: compile:  ccache gcc -DHAVE_CONFIG_H -I. -I.. -D__GMP_WITHIN_GMP -I.. -DOPERATION_sec_mul -O2 -pedantic -fomit-frame-pointer -m64 -std=gnu17 -c sec_mul.c  -fPIC -DPIC -o .libs/sec_mul.o
libtool: compile:  ccache gcc -DHAVE_CONFIG_H -I. -I.. -D__GMP_WITHIN_GMP -I.. -DOPERATION_sec_sqr -O2 -pedantic -fomit-frame-pointer -m64 -std=gnu17 -c sec_sqr.c  -fPIC -DPIC -o .libs/sec_sqr.o
libtool: compile:  ccache gcc -DHAVE_CONFIG_H -I. -I.. -D__GMP_WITHIN_GMP -I.. -DOPERATION_sec_div_qr -O2 -pedantic -fomit-frame-pointer -m64 -std=gnu17 -c sec_div_qr.c  -fPIC -DPIC -o .libs/sec_div_qr.o
libtool: compile:  ccache gcc -DHAVE_CONFIG_H -I. -I.. -D__GMP_WITHIN_GMP -I.. -DOPERATION_redc_n -O2 -pedantic -fomit-frame-pointer -m64 -std=gnu17 -c redc_n.c -o redc_n.o >/dev/null 2>&1
/bin/sh ../libtool  --tag=CC   --mode=compile ccache gcc -DHAVE_CONFIG_H -I. -I..  -D__GMP_WITHIN_GMP -I.. -DOPERATION_`echo sec_div_r | sed 's/_$//'`   -O2 -pedantic -fomit-frame-pointer -m64 -std=gnu17 -c -o sec_div_r.lo sec_div_r.c
libtool: compile:  ccache gcc -DHAVE_CONFIG_H -I. -I.. -D__GMP_WITHIN_GMP -I.. -DOPERATION_sec_sqr -O2 -pedantic -fomit-frame-pointer -m64 -std=gnu17 -c sec_sqr.c -o sec_sqr.o >/dev/null 2>&1
libtool: compile:  ccache gcc -DHAVE_CONFIG_H -I. -I.. -D__GMP_WITHIN_GMP -I.. -DOPERATION_sec_mul -O2 -pedantic -fomit-frame-pointer -m64 -std=gnu17 -c sec_mul.c -o sec_mul.o >/dev/null 2>&1
libtool: compile:  ccache gcc -DHAVE_CONFIG_H -I. -I.. -D__GMP_WITHIN_GMP -I.. -DOPERATION_sec_div_qr -O2 -pedantic -fomit-frame-pointer -m64 -std=gnu17 -c sec_div_qr.c -o sec_div_qr.o >/dev/null 2>&1
libtool: compile:  ccache gcc -DHAVE_CONFIG_H -I. -I.. -D__GMP_WITHIN_GMP -I.. -DOPERATION_powlo -O2 -pedantic -fomit-frame-pointer -m64 -std=gnu17 -c powlo.c -o powlo.o >/dev/null 2>&1
libtool: compile:  ccache gcc -DHAVE_CONFIG_H -I. -I.. -D__GMP_WITHIN_GMP -I.. -DOPERATION_sec_div_r -O2 -pedantic -fomit-frame-pointer -m64 -std=gnu17 -c sec_div_r.c  -fPIC -DPIC -o .libs/sec_div_r.o
libtool: compile:  ccache gcc -DHAVE_CONFIG_H -I. -I.. -D__GMP_WITHIN_GMP -I.. -DOPERATION_sec_powm -O2 -pedantic -fomit-frame-pointer -m64 -std=gnu17 -c sec_powm.c -o sec_powm.o >/dev/null 2>&1
/bin/sh ../libtool  --tag=CC   --mode=compile ccache gcc -DHAVE_CONFIG_H -I. -I..  -D__GMP_WITHIN_GMP -I.. -DOPERATION_`echo sec_pi1_div_qr | sed 's/_$//'`   -O2 -pedantic -fomit-frame-pointer -m64 -std=gnu17 -c -o sec_pi1_div_qr.lo sec_pi1_div_qr.c
/bin/sh ../libtool  --tag=CC   --mode=compile ccache gcc -DHAVE_CONFIG_H -I. -I..  -D__GMP_WITHIN_GMP -I.. -DOPERATION_`echo sec_pi1_div_r | sed 's/_$//'`   -O2 -pedantic -fomit-frame-pointer -m64 -std=gnu17 -c -o sec_pi1_div_r.lo sec_pi1_div_r.c
/bin/sh ../libtool  --tag=CC   --mode=compile ccache gcc -DHAVE_CONFIG_H -I. -I..  -D__GMP_WITHIN_GMP -I.. -DOPERATION_`echo sec_add_1 | sed 's/_$//'`   -O2 -pedantic -fomit-frame-pointer -m64 -std=gnu17 -c -o sec_add_1.lo sec_add_1.c
libtool: compile:  ccache gcc -DHAVE_CONFIG_H -I. -I.. -D__GMP_WITHIN_GMP -I.. -DOPERATION_sec_pi1_div_qr -O2 -pedantic -fomit-frame-pointer -m64 -std=gnu17 -c sec_pi1_div_qr.c  -fPIC -DPIC -o .libs/sec_pi1_div_qr.o
libtool: compile:  ccache gcc -DHAVE_CONFIG_H -I. -I.. -D__GMP_WITHIN_GMP -I.. -DOPERATION_sec_add_1 -O2 -pedantic -fomit-frame-pointer -m64 -std=gnu17 -c sec_add_1.c  -fPIC -DPIC -o .libs/sec_add_1.o
libtool: compile:  ccache gcc -DHAVE_CONFIG_H -I. -I.. -D__GMP_WITHIN_GMP -I.. -DOPERATION_sec_pi1_div_r -O2 -pedantic -fomit-frame-pointer -m64 -std=gnu17 -c sec_pi1_div_r.c  -fPIC -DPIC -o .libs/sec_pi1_div_r.o
libtool: compile:  ccache gcc -DHAVE_CONFIG_H -I. -I.. -D__GMP_WITHIN_GMP -I.. -DOPERATION_sec_div_r -O2 -pedantic -fomit-frame-pointer -m64 -std=gnu17 -c sec_div_r.c -o sec_div_r.o >/dev/null 2>&1
/bin/sh ../libtool  --tag=CC   --mode=compile ccache gcc -DHAVE_CONFIG_H -I. -I..  -D__GMP_WITHIN_GMP -I.. -DOPERATION_`echo sec_sub_1 | sed 's/_$//'`   -O2 -pedantic -fomit-frame-pointer -m64 -std=gnu17 -c -o sec_sub_1.lo sec_sub_1.c
/bin/sh ../libtool  --tag=CC   --mode=compile ccache gcc -DHAVE_CONFIG_H -I. -I..  -D__GMP_WITHIN_GMP -I.. -DOPERATION_`echo sec_invert | sed 's/_$//'`   -O2 -pedantic -fomit-frame-pointer -m64 -std=gnu17 -c -o sec_invert.lo sec_invert.c
libtool: compile:  ccache gcc -DHAVE_CONFIG_H -I. -I.. -D__GMP_WITHIN_GMP -I.. -DOPERATION_sec_sub_1 -O2 -pedantic -fomit-frame-pointer -m64 -std=gnu17 -c sec_sub_1.c  -fPIC -DPIC -o .libs/sec_sub_1.o
libtool: compile:  ccache gcc -DHAVE_CONFIG_H -I. -I.. -D__GMP_WITHIN_GMP -I.. -DOPERATION_sec_add_1 -O2 -pedantic -fomit-frame-pointer -m64 -std=gnu17 -c sec_add_1.c -o sec_add_1.o >/dev/null 2>&1
libtool: compile:  ccache gcc -DHAVE_CONFIG_H -I. -I.. -D__GMP_WITHIN_GMP -I.. -DOPERATION_sec_invert -O2 -pedantic -fomit-frame-pointer -m64 -std=gnu17 -c sec_invert.c  -fPIC -DPIC -o .libs/sec_invert.o
libtool: compile:  ccache gcc -DHAVE_CONFIG_H -I. -I.. -D__GMP_WITHIN_GMP -I.. -DOPERATION_sec_pi1_div_r -O2 -pedantic -fomit-frame-pointer -m64 -std=gnu17 -c sec_pi1_div_r.c -o sec_pi1_div_r.o >/dev/null 2>&1
libtool: compile:  ccache gcc -DHAVE_CONFIG_H -I. -I.. -D__GMP_WITHIN_GMP -I.. -DOPERATION_sec_pi1_div_qr -O2 -pedantic -fomit-frame-pointer -m64 -std=gnu17 -c sec_pi1_div_qr.c -o sec_pi1_div_qr.o >/dev/null 2>&1
libtool: compile:  ccache gcc -DHAVE_CONFIG_H -I. -I.. -D__GMP_WITHIN_GMP -I.. -DOPERATION_powm -O2 -pedantic -fomit-frame-pointer -m64 -std=gnu17 -c powm.c -o powm.o >/dev/null 2>&1
/bin/sh ../libtool  --tag=CC   --mode=compile ccache gcc -DHAVE_CONFIG_H -I. -I..  -D__GMP_WITHIN_GMP -I.. -DOPERATION_`echo trialdiv | sed 's/_$//'`   -O2 -pedantic -fomit-frame-pointer -m64 -std=gnu17 -c -o trialdiv.lo trialdiv.c
/bin/sh ../libtool  --tag=CC   --mode=compile ccache gcc -DHAVE_CONFIG_H -I. -I..  -D__GMP_WITHIN_GMP -I.. -DOPERATION_`echo remove | sed 's/_$//'`   -O2 -pedantic -fomit-frame-pointer -m64 -std=gnu17 -c -o remove.lo remove.c
libtool: compile:  ccache gcc -DHAVE_CONFIG_H -I. -I.. -D__GMP_WITHIN_GMP -I.. -DOPERATION_sec_sub_1 -O2 -pedantic -fomit-frame-pointer -m64 -std=gnu17 -c sec_sub_1.c -o sec_sub_1.o >/dev/null 2>&1
libtool: compile:  ccache gcc -DHAVE_CONFIG_H -I. -I.. -D__GMP_WITHIN_GMP -I.. -DOPERATION_remove -O2 -pedantic -fomit-frame-pointer -m64 -std=gnu17 -c remove.c  -fPIC -DPIC -o .libs/remove.o
libtool: compile:  ccache gcc -DHAVE_CONFIG_H -I. -I.. -D__GMP_WITHIN_GMP -I.. -DOPERATION_trialdiv -O2 -pedantic -fomit-frame-pointer -m64 -std=gnu17 -c trialdiv.c  -fPIC -DPIC -o .libs/trialdiv.o
/bin/sh ../libtool --mode=compile --tag=CC ../mpn/m4-ccas --m4="m4" ccache gcc -c -DHAVE_CONFIG_H -I. -I..  -D__GMP_WITHIN_GMP -I.. -DOPERATION_`echo and_n | sed 's/_$//'`   -O2 -pedantic -fomit-frame-pointer -m64 -std=gnu17 -Wa,--noexecstack `test -f 'and_n.asm' || echo './'`and_n.asm
libtool: compile:  ccache gcc -DHAVE_CONFIG_H -I. -I.. -D__GMP_WITHIN_GMP -I.. -DOPERATION_sec_invert -O2 -pedantic -fomit-frame-pointer -m64 -std=gnu17 -c sec_invert.c -o sec_invert.o >/dev/null 2>&1
/bin/sh ../libtool --mode=compile --tag=CC ../mpn/m4-ccas --m4="m4" ccache gcc -c -DHAVE_CONFIG_H -I. -I..  -D__GMP_WITHIN_GMP -I.. -DOPERATION_`echo andn_n | sed 's/_$//'`   -O2 -pedantic -fomit-frame-pointer -m64 -std=gnu17 -Wa,--noexecstack `test -f 'andn_n.asm' || echo './'`andn_n.asm
/bin/sh ../libtool --mode=compile --tag=CC ../mpn/m4-ccas --m4="m4" ccache gcc -c -DHAVE_CONFIG_H -I. -I..  -D__GMP_WITHIN_GMP -I.. -DOPERATION_`echo nand_n | sed 's/_$//'`   -O2 -pedantic -fomit-frame-pointer -m64 -std=gnu17 -Wa,--noexecstack `test -f 'nand_n.asm' || echo './'`nand_n.asm
libtool: compile:  ../mpn/m4-ccas --m4=m4 ccache gcc -c -DHAVE_CONFIG_H -I. -I.. -D__GMP_WITHIN_GMP -I.. -DOPERATION_and_n -O2 -pedantic -fomit-frame-pointer -m64 -std=gnu17 -Wa,--noexecstack and_n.asm  -fPIC -DPIC -o .libs/and_n.o
/bin/sh ../libtool --mode=compile --tag=CC ../mpn/m4-ccas --m4="m4" ccache gcc -c -DHAVE_CONFIG_H -I. -I..  -D__GMP_WITHIN_GMP -I.. -DOPERATION_`echo ior_n | sed 's/_$//'`   -O2 -pedantic -fomit-frame-pointer -m64 -std=gnu17 -Wa,--noexecstack `test -f 'ior_n.asm' || echo './'`ior_n.asm
libtool: compile:  ../mpn/m4-ccas --m4=m4 ccache gcc -c -DHAVE_CONFIG_H -I. -I.. -D__GMP_WITHIN_GMP -I.. -DOPERATION_andn_n -O2 -pedantic -fomit-frame-pointer -m64 -std=gnu17 -Wa,--noexecstack andn_n.asm  -fPIC -DPIC -o .libs/andn_n.o
m4  -DHAVE_CONFIG_H -D__GMP_WITHIN_GMP -DOPERATION_and_n -DPIC and_n.asm >tmp-and_n.s
m4  -DHAVE_CONFIG_H -D__GMP_WITHIN_GMP -DOPERATION_andn_n -DPIC andn_n.asm >tmp-andn_n.s
 ccache gcc -c -DHAVE_CONFIG_H -I. -I.. -D__GMP_WITHIN_GMP -I.. -DOPERATION_and_n -O2 -pedantic -fomit-frame-pointer -m64 -std=gnu17 -Wa,--noexecstack tmp-and_n.s -fPIC -DPIC -o .libs/and_n.o
libtool: compile:  ../mpn/m4-ccas --m4=m4 ccache gcc -c -DHAVE_CONFIG_H -I. -I.. -D__GMP_WITHIN_GMP -I.. -DOPERATION_nand_n -O2 -pedantic -fomit-frame-pointer -m64 -std=gnu17 -Wa,--noexecstack nand_n.asm  -fPIC -DPIC -o .libs/nand_n.o
 ccache gcc -c -DHAVE_CONFIG_H -I. -I.. -D__GMP_WITHIN_GMP -I.. -DOPERATION_andn_n -O2 -pedantic -fomit-frame-pointer -m64 -std=gnu17 -Wa,--noexecstack tmp-andn_n.s -fPIC -DPIC -o .libs/andn_n.o
m4  -DHAVE_CONFIG_H -D__GMP_WITHIN_GMP -DOPERATION_nand_n -DPIC nand_n.asm >tmp-nand_n.s
libtool: compile:  ../mpn/m4-ccas --m4=m4 ccache gcc -c -DHAVE_CONFIG_H -I. -I.. -D__GMP_WITHIN_GMP -I.. -DOPERATION_ior_n -O2 -pedantic -fomit-frame-pointer -m64 -std=gnu17 -Wa,--noexecstack ior_n.asm  -fPIC -DPIC -o .libs/ior_n.o
 ccache gcc -c -DHAVE_CONFIG_H -I. -I.. -D__GMP_WITHIN_GMP -I.. -DOPERATION_nand_n -O2 -pedantic -fomit-frame-pointer -m64 -std=gnu17 -Wa,--noexecstack tmp-nand_n.s -fPIC -DPIC -o .libs/nand_n.o
libtool: compile:  ../mpn/m4-ccas --m4=m4 ccache gcc -c -DHAVE_CONFIG_H -I. -I.. -D__GMP_WITHIN_GMP -I.. -DOPERATION_and_n -O2 -pedantic -fomit-frame-pointer -m64 -std=gnu17 -Wa,--noexecstack and_n.asm -o and_n.o >/dev/null 2>&1
libtool: compile:  ../mpn/m4-ccas --m4=m4 ccache gcc -c -DHAVE_CONFIG_H -I. -I.. -D__GMP_WITHIN_GMP -I.. -DOPERATION_andn_n -O2 -pedantic -fomit-frame-pointer -m64 -std=gnu17 -Wa,--noexecstack andn_n.asm -o andn_n.o >/dev/null 2>&1
m4  -DHAVE_CONFIG_H -D__GMP_WITHIN_GMP -DOPERATION_ior_n -DPIC ior_n.asm >tmp-ior_n.s
 ccache gcc -c -DHAVE_CONFIG_H -I. -I.. -D__GMP_WITHIN_GMP -I.. -DOPERATION_ior_n -O2 -pedantic -fomit-frame-pointer -m64 -std=gnu17 -Wa,--noexecstack tmp-ior_n.s -fPIC -DPIC -o .libs/ior_n.o
/bin/sh ../libtool --mode=compile --tag=CC ../mpn/m4-ccas --m4="m4" ccache gcc -c -DHAVE_CONFIG_H -I. -I..  -D__GMP_WITHIN_GMP -I.. -DOPERATION_`echo iorn_n | sed 's/_$//'`   -O2 -pedantic -fomit-frame-pointer -m64 -std=gnu17 -Wa,--noexecstack `test -f 'iorn_n.asm' || echo './'`iorn_n.asm
libtool: compile:  ../mpn/m4-ccas --m4=m4 ccache gcc -c -DHAVE_CONFIG_H -I. -I.. -D__GMP_WITHIN_GMP -I.. -DOPERATION_nand_n -O2 -pedantic -fomit-frame-pointer -m64 -std=gnu17 -Wa,--noexecstack nand_n.asm -o nand_n.o >/dev/null 2>&1
libtool: compile:  ccache gcc -DHAVE_CONFIG_H -I. -I.. -D__GMP_WITHIN_GMP -I.. -DOPERATION_trialdiv -O2 -pedantic -fomit-frame-pointer -m64 -std=gnu17 -c trialdiv.c -o trialdiv.o >/dev/null 2>&1
libtool: compile:  ../mpn/m4-ccas --m4=m4 ccache gcc -c -DHAVE_CONFIG_H -I. -I.. -D__GMP_WITHIN_GMP -I.. -DOPERATION_ior_n -O2 -pedantic -fomit-frame-pointer -m64 -std=gnu17 -Wa,--noexecstack ior_n.asm -o ior_n.o >/dev/null 2>&1
/bin/sh ../libtool --mode=compile --tag=CC ../mpn/m4-ccas --m4="m4" ccache gcc -c -DHAVE_CONFIG_H -I. -I..  -D__GMP_WITHIN_GMP -I.. -DOPERATION_`echo nior_n | sed 's/_$//'`   -O2 -pedantic -fomit-frame-pointer -m64 -std=gnu17 -Wa,--noexecstack `test -f 'nior_n.asm' || echo './'`nior_n.asm
libtool: compile:  ccache gcc -DHAVE_CONFIG_H -I. -I.. -D__GMP_WITHIN_GMP -I.. -DOPERATION_remove -O2 -pedantic -fomit-frame-pointer -m64 -std=gnu17 -c remove.c -o remove.o >/dev/null 2>&1
libtool: compile:  ../mpn/m4-ccas --m4=m4 ccache gcc -c -DHAVE_CONFIG_H -I. -I.. -D__GMP_WITHIN_GMP -I.. -DOPERATION_iorn_n -O2 -pedantic -fomit-frame-pointer -m64 -std=gnu17 -Wa,--noexecstack iorn_n.asm  -fPIC -DPIC -o .libs/iorn_n.o
/bin/sh ../libtool --mode=compile --tag=CC ../mpn/m4-ccas --m4="m4" ccache gcc -c -DHAVE_CONFIG_H -I. -I..  -D__GMP_WITHIN_GMP -I.. -DOPERATION_`echo xor_n | sed 's/_$//'`   -O2 -pedantic -fomit-frame-pointer -m64 -std=gnu17 -Wa,--noexecstack `test -f 'xor_n.asm' || echo './'`xor_n.asm
m4  -DHAVE_CONFIG_H -D__GMP_WITHIN_GMP -DOPERATION_iorn_n -DPIC iorn_n.asm >tmp-iorn_n.s
/bin/sh ../libtool --mode=compile --tag=CC ../mpn/m4-ccas --m4="m4" ccache gcc -c -DHAVE_CONFIG_H -I. -I..  -D__GMP_WITHIN_GMP -I.. -DOPERATION_`echo xnor_n | sed 's/_$//'`   -O2 -pedantic -fomit-frame-pointer -m64 -std=gnu17 -Wa,--noexecstack `test -f 'xnor_n.asm' || echo './'`xnor_n.asm
/bin/sh ../libtool --mode=compile --tag=CC ../mpn/m4-ccas --m4="m4" ccache gcc -c -DHAVE_CONFIG_H -I. -I..  -D__GMP_WITHIN_GMP -I.. -DOPERATION_`echo copyi | sed 's/_$//'`   -O2 -pedantic -fomit-frame-pointer -m64 -std=gnu17 -Wa,--noexecstack `test -f 'copyi.asm' || echo './'`copyi.asm
 ccache gcc -c -DHAVE_CONFIG_H -I. -I.. -D__GMP_WITHIN_GMP -I.. -DOPERATION_iorn_n -O2 -pedantic -fomit-frame-pointer -m64 -std=gnu17 -Wa,--noexecstack tmp-iorn_n.s -fPIC -DPIC -o .libs/iorn_n.o
libtool: compile:  ../mpn/m4-ccas --m4=m4 ccache gcc -c -DHAVE_CONFIG_H -I. -I.. -D__GMP_WITHIN_GMP -I.. -DOPERATION_nior_n -O2 -pedantic -fomit-frame-pointer -m64 -std=gnu17 -Wa,--noexecstack nior_n.asm  -fPIC -DPIC -o .libs/nior_n.o
libtool: compile:  ../mpn/m4-ccas --m4=m4 ccache gcc -c -DHAVE_CONFIG_H -I. -I.. -D__GMP_WITHIN_GMP -I.. -DOPERATION_iorn_n -O2 -pedantic -fomit-frame-pointer -m64 -std=gnu17 -Wa,--noexecstack iorn_n.asm -o iorn_n.o >/dev/null 2>&1
m4  -DHAVE_CONFIG_H -D__GMP_WITHIN_GMP -DOPERATION_nior_n -DPIC nior_n.asm >tmp-nior_n.s
libtool: compile:  ../mpn/m4-ccas --m4=m4 ccache gcc -c -DHAVE_CONFIG_H -I. -I.. -D__GMP_WITHIN_GMP -I.. -DOPERATION_copyi -O2 -pedantic -fomit-frame-pointer -m64 -std=gnu17 -Wa,--noexecstack copyi.asm  -fPIC -DPIC -o .libs/copyi.o
libtool: compile:  ../mpn/m4-ccas --m4=m4 ccache gcc -c -DHAVE_CONFIG_H -I. -I.. -D__GMP_WITHIN_GMP -I.. -DOPERATION_xnor_n -O2 -pedantic -fomit-frame-pointer -m64 -std=gnu17 -Wa,--noexecstack xnor_n.asm  -fPIC -DPIC -o .libs/xnor_n.o
libtool: compile:  ../mpn/m4-ccas --m4=m4 ccache gcc -c -DHAVE_CONFIG_H -I. -I.. -D__GMP_WITHIN_GMP -I.. -DOPERATION_xor_n -O2 -pedantic -fomit-frame-pointer -m64 -std=gnu17 -Wa,--noexecstack xor_n.asm  -fPIC -DPIC -o .libs/xor_n.o
 ccache gcc -c -DHAVE_CONFIG_H -I. -I.. -D__GMP_WITHIN_GMP -I.. -DOPERATION_nior_n -O2 -pedantic -fomit-frame-pointer -m64 -std=gnu17 -Wa,--noexecstack tmp-nior_n.s -fPIC -DPIC -o .libs/nior_n.o
m4  -DHAVE_CONFIG_H -D__GMP_WITHIN_GMP -DOPERATION_copyi -DPIC copyi.asm >tmp-copyi.s
m4  -DHAVE_CONFIG_H -D__GMP_WITHIN_GMP -DOPERATION_xor_n -DPIC xor_n.asm >tmp-xor_n.s
m4  -DHAVE_CONFIG_H -D__GMP_WITHIN_GMP -DOPERATION_xnor_n -DPIC xnor_n.asm >tmp-xnor_n.s
 ccache gcc -c -DHAVE_CONFIG_H -I. -I.. -D__GMP_WITHIN_GMP -I.. -DOPERATION_copyi -O2 -pedantic -fomit-frame-pointer -m64 -std=gnu17 -Wa,--noexecstack tmp-copyi.s -fPIC -DPIC -o .libs/copyi.o
/bin/sh ../libtool --mode=compile --tag=CC ../mpn/m4-ccas --m4="m4" ccache gcc -c -DHAVE_CONFIG_H -I. -I..  -D__GMP_WITHIN_GMP -I.. -DOPERATION_`echo copyd | sed 's/_$//'`   -O2 -pedantic -fomit-frame-pointer -m64 -std=gnu17 -Wa,--noexecstack `test -f 'copyd.asm' || echo './'`copyd.asm
 ccache gcc -c -DHAVE_CONFIG_H -I. -I.. -D__GMP_WITHIN_GMP -I.. -DOPERATION_xnor_n -O2 -pedantic -fomit-frame-pointer -m64 -std=gnu17 -Wa,--noexecstack tmp-xnor_n.s -fPIC -DPIC -o .libs/xnor_n.o
 ccache gcc -c -DHAVE_CONFIG_H -I. -I.. -D__GMP_WITHIN_GMP -I.. -DOPERATION_xor_n -O2 -pedantic -fomit-frame-pointer -m64 -std=gnu17 -Wa,--noexecstack tmp-xor_n.s -fPIC -DPIC -o .libs/xor_n.o
libtool: compile:  ../mpn/m4-ccas --m4=m4 ccache gcc -c -DHAVE_CONFIG_H -I. -I.. -D__GMP_WITHIN_GMP -I.. -DOPERATION_nior_n -O2 -pedantic -fomit-frame-pointer -m64 -std=gnu17 -Wa,--noexecstack nior_n.asm -o nior_n.o >/dev/null 2>&1
/bin/sh ../libtool  --tag=CC   --mode=compile ccache gcc -DHAVE_CONFIG_H -I. -I..  -D__GMP_WITHIN_GMP -I.. -DOPERATION_`echo zero | sed 's/_$//'`   -O2 -pedantic -fomit-frame-pointer -m64 -std=gnu17 -c -o zero.lo zero.c
libtool: compile:  ../mpn/m4-ccas --m4=m4 ccache gcc -c -DHAVE_CONFIG_H -I. -I.. -D__GMP_WITHIN_GMP -I.. -DOPERATION_copyi -O2 -pedantic -fomit-frame-pointer -m64 -std=gnu17 -Wa,--noexecstack copyi.asm -o copyi.o >/dev/null 2>&1
libtool: compile:  ../mpn/m4-ccas --m4=m4 ccache gcc -c -DHAVE_CONFIG_H -I. -I.. -D__GMP_WITHIN_GMP -I.. -DOPERATION_xor_n -O2 -pedantic -fomit-frame-pointer -m64 -std=gnu17 -Wa,--noexecstack xor_n.asm -o xor_n.o >/dev/null 2>&1
libtool: compile:  ../mpn/m4-ccas --m4=m4 ccache gcc -c -DHAVE_CONFIG_H -I. -I.. -D__GMP_WITHIN_GMP -I.. -DOPERATION_xnor_n -O2 -pedantic -fomit-frame-pointer -m64 -std=gnu17 -Wa,--noexecstack xnor_n.asm -o xnor_n.o >/dev/null 2>&1
libtool: compile:  ../mpn/m4-ccas --m4=m4 ccache gcc -c -DHAVE_CONFIG_H -I. -I.. -D__GMP_WITHIN_GMP -I.. -DOPERATION_copyd -O2 -pedantic -fomit-frame-pointer -m64 -std=gnu17 -Wa,--noexecstack copyd.asm  -fPIC -DPIC -o .libs/copyd.o
libtool: compile:  ccache gcc -DHAVE_CONFIG_H -I. -I.. -D__GMP_WITHIN_GMP -I.. -DOPERATION_zero -O2 -pedantic -fomit-frame-pointer -m64 -std=gnu17 -c zero.c  -fPIC -DPIC -o .libs/zero.o
/bin/sh ../libtool --mode=compile --tag=CC ../mpn/m4-ccas --m4="m4" ccache gcc -c -DHAVE_CONFIG_H -I. -I..  -D__GMP_WITHIN_GMP -I.. -DOPERATION_`echo sec_tabselect | sed 's/_$//'`   -O2 -pedantic -fomit-frame-pointer -m64 -std=gnu17 -Wa,--noexecstack `test -f 'sec_tabselect.asm' || echo './'`sec_tabselect.asm
m4  -DHAVE_CONFIG_H -D__GMP_WITHIN_GMP -DOPERATION_copyd -DPIC copyd.asm >tmp-copyd.s
/bin/sh ../libtool  --tag=CC   --mode=compile ccache gcc -DHAVE_CONFIG_H -I. -I..  -D__GMP_WITHIN_GMP -I.. -DOPERATION_`echo comb_tables | sed 's/_$//'`   -O2 -pedantic -fomit-frame-pointer -m64 -std=gnu17 -c -o comb_tables.lo comb_tables.c
/bin/sh ../libtool --mode=compile --tag=CC ../mpn/m4-ccas --m4="m4" ccache gcc -c -DHAVE_CONFIG_H -I. -I..  -D__GMP_WITHIN_GMP -I.. -DOPERATION_`echo invert_limb | sed 's/_$//'`   -O2 -pedantic -fomit-frame-pointer -m64 -std=gnu17 -Wa,--noexecstack `test -f 'invert_limb.asm' || echo './'`invert_limb.asm
 ccache gcc -c -DHAVE_CONFIG_H -I. -I.. -D__GMP_WITHIN_GMP -I.. -DOPERATION_copyd -O2 -pedantic -fomit-frame-pointer -m64 -std=gnu17 -Wa,--noexecstack tmp-copyd.s -fPIC -DPIC -o .libs/copyd.o
/bin/sh ../libtool --mode=compile --tag=CC ../mpn/m4-ccas --m4="m4" ccache gcc -c -DHAVE_CONFIG_H -I. -I..  -D__GMP_WITHIN_GMP -I.. -DOPERATION_`echo sqr_diag_addlsh1 | sed 's/_$//'`   -O2 -pedantic -fomit-frame-pointer -m64 -std=gnu17 -Wa,--noexecstack `test -f 'sqr_diag_addlsh1.asm' || echo './'`sqr_diag_addlsh1.asm
libtool: compile:  ../mpn/m4-ccas --m4=m4 ccache gcc -c -DHAVE_CONFIG_H -I. -I.. -D__GMP_WITHIN_GMP -I.. -DOPERATION_copyd -O2 -pedantic -fomit-frame-pointer -m64 -std=gnu17 -Wa,--noexecstack copyd.asm -o copyd.o >/dev/null 2>&1
libtool: compile:  ../mpn/m4-ccas --m4=m4 ccache gcc -c -DHAVE_CONFIG_H -I. -I.. -D__GMP_WITHIN_GMP -I.. -DOPERATION_sec_tabselect -O2 -pedantic -fomit-frame-pointer -m64 -std=gnu17 -Wa,--noexecstack sec_tabselect.asm  -fPIC -DPIC -o .libs/sec_tabselect.o
libtool: compile:  ccache gcc -DHAVE_CONFIG_H -I. -I.. -D__GMP_WITHIN_GMP -I.. -DOPERATION_comb_tables -O2 -pedantic -fomit-frame-pointer -m64 -std=gnu17 -c comb_tables.c  -fPIC -DPIC -o .libs/comb_tables.o
m4  -DHAVE_CONFIG_H -D__GMP_WITHIN_GMP -DOPERATION_sec_tabselect -DPIC sec_tabselect.asm >tmp-sec_tabselect.s
libtool: compile:  ../mpn/m4-ccas --m4=m4 ccache gcc -c -DHAVE_CONFIG_H -I. -I.. -D__GMP_WITHIN_GMP -I.. -DOPERATION_invert_limb -O2 -pedantic -fomit-frame-pointer -m64 -std=gnu17 -Wa,--noexecstack invert_limb.asm  -fPIC -DPIC -o .libs/invert_limb.o
/bin/sh ../libtool --mode=compile --tag=CC ../mpn/m4-ccas --m4="m4" ccache gcc -c -DHAVE_CONFIG_H -I. -I..  -D__GMP_WITHIN_GMP -I.. -DOPERATION_`echo mul_2 | sed 's/_$//'`   -O2 -pedantic -fomit-frame-pointer -m64 -std=gnu17 -Wa,--noexecstack `test -f 'mul_2.asm' || echo './'`mul_2.asm
libtool: compile:  ../mpn/m4-ccas --m4=m4 ccache gcc -c -DHAVE_CONFIG_H -I. -I.. -D__GMP_WITHIN_GMP -I.. -DOPERATION_sqr_diag_addlsh1 -O2 -pedantic -fomit-frame-pointer -m64 -std=gnu17 -Wa,--noexecstack sqr_diag_addlsh1.asm  -fPIC -DPIC -o .libs/sqr_diag_addlsh1.o
 ccache gcc -c -DHAVE_CONFIG_H -I. -I.. -D__GMP_WITHIN_GMP -I.. -DOPERATION_sec_tabselect -O2 -pedantic -fomit-frame-pointer -m64 -std=gnu17 -Wa,--noexecstack tmp-sec_tabselect.s -fPIC -DPIC -o .libs/sec_tabselect.o
/bin/sh ../libtool --mode=compile --tag=CC ../mpn/m4-ccas --m4="m4" ccache gcc -c -DHAVE_CONFIG_H -I. -I..  -D__GMP_WITHIN_GMP -I.. -DOPERATION_`echo addmul_2 | sed 's/_$//'`   -O2 -pedantic -fomit-frame-pointer -m64 -std=gnu17 -Wa,--noexecstack `test -f 'addmul_2.asm' || echo './'`addmul_2.asm
m4  -DHAVE_CONFIG_H -D__GMP_WITHIN_GMP -DOPERATION_invert_limb -DPIC invert_limb.asm >tmp-invert_limb.s
m4  -DHAVE_CONFIG_H -D__GMP_WITHIN_GMP -DOPERATION_sqr_diag_addlsh1 -DPIC sqr_diag_addlsh1.asm >tmp-sqr_diag_addlsh1.s
/bin/sh ../libtool --mode=compile --tag=CC ../mpn/m4-ccas --m4="m4" ccache gcc -c -DHAVE_CONFIG_H -I. -I..  -D__GMP_WITHIN_GMP -I.. -DOPERATION_`echo addlsh1_n | sed 's/_$//'`   -O2 -pedantic -fomit-frame-pointer -m64 -std=gnu17 -Wa,--noexecstack `test -f 'addlsh1_n.asm' || echo './'`addlsh1_n.asm
libtool: compile:  ccache gcc -DHAVE_CONFIG_H -I. -I.. -D__GMP_WITHIN_GMP -I.. -DOPERATION_zero -O2 -pedantic -fomit-frame-pointer -m64 -std=gnu17 -c zero.c -o zero.o >/dev/null 2>&1
 ccache gcc -c -DHAVE_CONFIG_H -I. -I.. -D__GMP_WITHIN_GMP -I.. -DOPERATION_invert_limb -O2 -pedantic -fomit-frame-pointer -m64 -std=gnu17 -Wa,--noexecstack tmp-invert_limb.s -fPIC -DPIC -o .libs/invert_limb.o
libtool: compile:  ../mpn/m4-ccas --m4=m4 ccache gcc -c -DHAVE_CONFIG_H -I. -I.. -D__GMP_WITHIN_GMP -I.. -DOPERATION_sec_tabselect -O2 -pedantic -fomit-frame-pointer -m64 -std=gnu17 -Wa,--noexecstack sec_tabselect.asm -o sec_tabselect.o >/dev/null 2>&1
 ccache gcc -c -DHAVE_CONFIG_H -I. -I.. -D__GMP_WITHIN_GMP -I.. -DOPERATION_sqr_diag_addlsh1 -O2 -pedantic -fomit-frame-pointer -m64 -std=gnu17 -Wa,--noexecstack tmp-sqr_diag_addlsh1.s -fPIC -DPIC -o .libs/sqr_diag_addlsh1.o
libtool: compile:  ../mpn/m4-ccas --m4=m4 ccache gcc -c -DHAVE_CONFIG_H -I. -I.. -D__GMP_WITHIN_GMP -I.. -DOPERATION_invert_limb -O2 -pedantic -fomit-frame-pointer -m64 -std=gnu17 -Wa,--noexecstack invert_limb.asm -o invert_limb.o >/dev/null 2>&1
libtool: compile:  ../mpn/m4-ccas --m4=m4 ccache gcc -c -DHAVE_CONFIG_H -I. -I.. -D__GMP_WITHIN_GMP -I.. -DOPERATION_sqr_diag_addlsh1 -O2 -pedantic -fomit-frame-pointer -m64 -std=gnu17 -Wa,--noexecstack sqr_diag_addlsh1.asm -o sqr_diag_addlsh1.o >/dev/null 2>&1
libtool: compile:  ../mpn/m4-ccas --m4=m4 ccache gcc -c -DHAVE_CONFIG_H -I. -I.. -D__GMP_WITHIN_GMP -I.. -DOPERATION_addmul_2 -O2 -pedantic -fomit-frame-pointer -m64 -std=gnu17 -Wa,--noexecstack addmul_2.asm  -fPIC -DPIC -o .libs/addmul_2.o
libtool: compile:  ../mpn/m4-ccas --m4=m4 ccache gcc -c -DHAVE_CONFIG_H -I. -I.. -D__GMP_WITHIN_GMP -I.. -DOPERATION_mul_2 -O2 -pedantic -fomit-frame-pointer -m64 -std=gnu17 -Wa,--noexecstack mul_2.asm  -fPIC -DPIC -o .libs/mul_2.o
libtool: compile:  ccache gcc -DHAVE_CONFIG_H -I. -I.. -D__GMP_WITHIN_GMP -I.. -DOPERATION_comb_tables -O2 -pedantic -fomit-frame-pointer -m64 -std=gnu17 -c comb_tables.c -o comb_tables.o >/dev/null 2>&1
libtool: compile:  ../mpn/m4-ccas --m4=m4 ccache gcc -c -DHAVE_CONFIG_H -I. -I.. -D__GMP_WITHIN_GMP -I.. -DOPERATION_addlsh1_n -O2 -pedantic -fomit-frame-pointer -m64 -std=gnu17 -Wa,--noexecstack addlsh1_n.asm  -fPIC -DPIC -o .libs/addlsh1_n.o
m4  -DHAVE_CONFIG_H -D__GMP_WITHIN_GMP -DOPERATION_mul_2 -DPIC mul_2.asm >tmp-mul_2.s
m4  -DHAVE_CONFIG_H -D__GMP_WITHIN_GMP -DOPERATION_addmul_2 -DPIC addmul_2.asm >tmp-addmul_2.s
 ccache gcc -c -DHAVE_CONFIG_H -I. -I.. -D__GMP_WITHIN_GMP -I.. -DOPERATION_mul_2 -O2 -pedantic -fomit-frame-pointer -m64 -std=gnu17 -Wa,--noexecstack tmp-mul_2.s -fPIC -DPIC -o .libs/mul_2.o
m4  -DHAVE_CONFIG_H -D__GMP_WITHIN_GMP -DOPERATION_addlsh1_n -DPIC addlsh1_n.asm >tmp-addlsh1_n.s
 ccache gcc -c -DHAVE_CONFIG_H -I. -I.. -D__GMP_WITHIN_GMP -I.. -DOPERATION_addmul_2 -O2 -pedantic -fomit-frame-pointer -m64 -std=gnu17 -Wa,--noexecstack tmp-addmul_2.s -fPIC -DPIC -o .libs/addmul_2.o
/bin/sh ../libtool --mode=compile --tag=CC ../mpn/m4-ccas --m4="m4" ccache gcc -c -DHAVE_CONFIG_H -I. -I..  -D__GMP_WITHIN_GMP -I.. -DOPERATION_`echo sublsh1_n | sed 's/_$//'`   -O2 -pedantic -fomit-frame-pointer -m64 -std=gnu17 -Wa,--noexecstack `test -f 'sublsh1_n.asm' || echo './'`sublsh1_n.asm
/bin/sh ../libtool --mode=compile --tag=CC ../mpn/m4-ccas --m4="m4" ccache gcc -c -DHAVE_CONFIG_H -I. -I..  -D__GMP_WITHIN_GMP -I.. -DOPERATION_`echo rsblsh1_n | sed 's/_$//'`   -O2 -pedantic -fomit-frame-pointer -m64 -std=gnu17 -Wa,--noexecstack `test -f 'rsblsh1_n.asm' || echo './'`rsblsh1_n.asm
/bin/sh ../libtool --mode=compile --tag=CC ../mpn/m4-ccas --m4="m4" ccache gcc -c -DHAVE_CONFIG_H -I. -I..  -D__GMP_WITHIN_GMP -I.. -DOPERATION_`echo rsh1add_n | sed 's/_$//'`   -O2 -pedantic -fomit-frame-pointer -m64 -std=gnu17 -Wa,--noexecstack `test -f 'rsh1add_n.asm' || echo './'`rsh1add_n.asm
libtool: compile:  ../mpn/m4-ccas --m4=m4 ccache gcc -c -DHAVE_CONFIG_H -I. -I.. -D__GMP_WITHIN_GMP -I.. -DOPERATION_mul_2 -O2 -pedantic -fomit-frame-pointer -m64 -std=gnu17 -Wa,--noexecstack mul_2.asm -o mul_2.o >/dev/null 2>&1
libtool: compile:  ../mpn/m4-ccas --m4=m4 ccache gcc -c -DHAVE_CONFIG_H -I. -I.. -D__GMP_WITHIN_GMP -I.. -DOPERATION_addmul_2 -O2 -pedantic -fomit-frame-pointer -m64 -std=gnu17 -Wa,--noexecstack addmul_2.asm -o addmul_2.o >/dev/null 2>&1
 ccache gcc -c -DHAVE_CONFIG_H -I. -I.. -D__GMP_WITHIN_GMP -I.. -DOPERATION_addlsh1_n -O2 -pedantic -fomit-frame-pointer -m64 -std=gnu17 -Wa,--noexecstack tmp-addlsh1_n.s -fPIC -DPIC -o .libs/addlsh1_n.o
/bin/sh ../libtool --mode=compile --tag=CC ../mpn/m4-ccas --m4="m4" ccache gcc -c -DHAVE_CONFIG_H -I. -I..  -D__GMP_WITHIN_GMP -I.. -DOPERATION_`echo rsh1sub_n | sed 's/_$//'`   -O2 -pedantic -fomit-frame-pointer -m64 -std=gnu17 -Wa,--noexecstack `test -f 'rsh1sub_n.asm' || echo './'`rsh1sub_n.asm
libtool: compile:  ../mpn/m4-ccas --m4=m4 ccache gcc -c -DHAVE_CONFIG_H -I. -I.. -D__GMP_WITHIN_GMP -I.. -DOPERATION_addlsh1_n -O2 -pedantic -fomit-frame-pointer -m64 -std=gnu17 -Wa,--noexecstack addlsh1_n.asm -o addlsh1_n.o >/dev/null 2>&1
libtool: compile:  ../mpn/m4-ccas --m4=m4 ccache gcc -c -DHAVE_CONFIG_H -I. -I.. -D__GMP_WITHIN_GMP -I.. -DOPERATION_sublsh1_n -O2 -pedantic -fomit-frame-pointer -m64 -std=gnu17 -Wa,--noexecstack sublsh1_n.asm  -fPIC -DPIC -o .libs/sublsh1_n.o
libtool: compile:  ../mpn/m4-ccas --m4=m4 ccache gcc -c -DHAVE_CONFIG_H -I. -I.. -D__GMP_WITHIN_GMP -I.. -DOPERATION_rsh1add_n -O2 -pedantic -fomit-frame-pointer -m64 -std=gnu17 -Wa,--noexecstack rsh1add_n.asm  -fPIC -DPIC -o .libs/rsh1add_n.o
libtool: compile:  ../mpn/m4-ccas --m4=m4 ccache gcc -c -DHAVE_CONFIG_H -I. -I.. -D__GMP_WITHIN_GMP -I.. -DOPERATION_rsblsh1_n -O2 -pedantic -fomit-frame-pointer -m64 -std=gnu17 -Wa,--noexecstack rsblsh1_n.asm  -fPIC -DPIC -o .libs/rsblsh1_n.o
m4  -DHAVE_CONFIG_H -D__GMP_WITHIN_GMP -DOPERATION_rsh1add_n -DPIC rsh1add_n.asm >tmp-rsh1add_n.s
m4  -DHAVE_CONFIG_H -D__GMP_WITHIN_GMP -DOPERATION_rsblsh1_n -DPIC rsblsh1_n.asm >tmp-rsblsh1_n.s
/bin/sh ../libtool --mode=compile --tag=CC ../mpn/m4-ccas --m4="m4" ccache gcc -c -DHAVE_CONFIG_H -I. -I..  -D__GMP_WITHIN_GMP -I.. -DOPERATION_`echo addlsh2_n | sed 's/_$//'`   -O2 -pedantic -fomit-frame-pointer -m64 -std=gnu17 -Wa,--noexecstack `test -f 'addlsh2_n.asm' || echo './'`addlsh2_n.asm
m4  -DHAVE_CONFIG_H -D__GMP_WITHIN_GMP -DOPERATION_sublsh1_n -DPIC sublsh1_n.asm >tmp-sublsh1_n.s
 ccache gcc -c -DHAVE_CONFIG_H -I. -I.. -D__GMP_WITHIN_GMP -I.. -DOPERATION_rsh1add_n -O2 -pedantic -fomit-frame-pointer -m64 -std=gnu17 -Wa,--noexecstack tmp-rsh1add_n.s -fPIC -DPIC -o .libs/rsh1add_n.o
 ccache gcc -c -DHAVE_CONFIG_H -I. -I.. -D__GMP_WITHIN_GMP -I.. -DOPERATION_rsblsh1_n -O2 -pedantic -fomit-frame-pointer -m64 -std=gnu17 -Wa,--noexecstack tmp-rsblsh1_n.s -fPIC -DPIC -o .libs/rsblsh1_n.o
 ccache gcc -c -DHAVE_CONFIG_H -I. -I.. -D__GMP_WITHIN_GMP -I.. -DOPERATION_sublsh1_n -O2 -pedantic -fomit-frame-pointer -m64 -std=gnu17 -Wa,--noexecstack tmp-sublsh1_n.s -fPIC -DPIC -o .libs/sublsh1_n.o
libtool: compile:  ../mpn/m4-ccas --m4=m4 ccache gcc -c -DHAVE_CONFIG_H -I. -I.. -D__GMP_WITHIN_GMP -I.. -DOPERATION_rsh1sub_n -O2 -pedantic -fomit-frame-pointer -m64 -std=gnu17 -Wa,--noexecstack rsh1sub_n.asm  -fPIC -DPIC -o .libs/rsh1sub_n.o
/bin/sh ../libtool --mode=compile --tag=CC ../mpn/m4-ccas --m4="m4" ccache gcc -c -DHAVE_CONFIG_H -I. -I..  -D__GMP_WITHIN_GMP -I.. -DOPERATION_`echo rsblsh2_n | sed 's/_$//'`   -O2 -pedantic -fomit-frame-pointer -m64 -std=gnu17 -Wa,--noexecstack `test -f 'rsblsh2_n.asm' || echo './'`rsblsh2_n.asm
/bin/sh ../libtool --mode=compile --tag=CC ../mpn/m4-ccas --m4="m4" ccache gcc -c -DHAVE_CONFIG_H -I. -I..  -D__GMP_WITHIN_GMP -I.. -DOPERATION_`echo addlsh_n | sed 's/_$//'`   -O2 -pedantic -fomit-frame-pointer -m64 -std=gnu17 -Wa,--noexecstack `test -f 'addlsh_n.asm' || echo './'`addlsh_n.asm
m4  -DHAVE_CONFIG_H -D__GMP_WITHIN_GMP -DOPERATION_rsh1sub_n -DPIC rsh1sub_n.asm >tmp-rsh1sub_n.s
libtool: compile:  ../mpn/m4-ccas --m4=m4 ccache gcc -c -DHAVE_CONFIG_H -I. -I.. -D__GMP_WITHIN_GMP -I.. -DOPERATION_rsh1add_n -O2 -pedantic -fomit-frame-pointer -m64 -std=gnu17 -Wa,--noexecstack rsh1add_n.asm -o rsh1add_n.o >/dev/null 2>&1
libtool: compile:  ../mpn/m4-ccas --m4=m4 ccache gcc -c -DHAVE_CONFIG_H -I. -I.. -D__GMP_WITHIN_GMP -I.. -DOPERATION_rsblsh1_n -O2 -pedantic -fomit-frame-pointer -m64 -std=gnu17 -Wa,--noexecstack rsblsh1_n.asm -o rsblsh1_n.o >/dev/null 2>&1
libtool: compile:  ../mpn/m4-ccas --m4=m4 ccache gcc -c -DHAVE_CONFIG_H -I. -I.. -D__GMP_WITHIN_GMP -I.. -DOPERATION_sublsh1_n -O2 -pedantic -fomit-frame-pointer -m64 -std=gnu17 -Wa,--noexecstack sublsh1_n.asm -o sublsh1_n.o >/dev/null 2>&1
/bin/sh ../libtool --mode=compile --tag=CC ../mpn/m4-ccas --m4="m4" ccache gcc -c -DHAVE_CONFIG_H -I. -I..  -D__GMP_WITHIN_GMP -I.. -DOPERATION_`echo rsblsh_n | sed 's/_$//'`   -O2 -pedantic -fomit-frame-pointer -m64 -std=gnu17 -Wa,--noexecstack `test -f 'rsblsh_n.asm' || echo './'`rsblsh_n.asm
 ccache gcc -c -DHAVE_CONFIG_H -I. -I.. -D__GMP_WITHIN_GMP -I.. -DOPERATION_rsh1sub_n -O2 -pedantic -fomit-frame-pointer -m64 -std=gnu17 -Wa,--noexecstack tmp-rsh1sub_n.s -fPIC -DPIC -o .libs/rsh1sub_n.o
libtool: compile:  ../mpn/m4-ccas --m4=m4 ccache gcc -c -DHAVE_CONFIG_H -I. -I.. -D__GMP_WITHIN_GMP -I.. -DOPERATION_addlsh2_n -O2 -pedantic -fomit-frame-pointer -m64 -std=gnu17 -Wa,--noexecstack addlsh2_n.asm  -fPIC -DPIC -o .libs/addlsh2_n.o
libtool: compile:  ../mpn/m4-ccas --m4=m4 ccache gcc -c -DHAVE_CONFIG_H -I. -I.. -D__GMP_WITHIN_GMP -I.. -DOPERATION_rsh1sub_n -O2 -pedantic -fomit-frame-pointer -m64 -std=gnu17 -Wa,--noexecstack rsh1sub_n.asm -o rsh1sub_n.o >/dev/null 2>&1
libtool: compile:  ../mpn/m4-ccas --m4=m4 ccache gcc -c -DHAVE_CONFIG_H -I. -I.. -D__GMP_WITHIN_GMP -I.. -DOPERATION_addlsh_n -O2 -pedantic -fomit-frame-pointer -m64 -std=gnu17 -Wa,--noexecstack addlsh_n.asm  -fPIC -DPIC -o .libs/addlsh_n.o
m4  -DHAVE_CONFIG_H -D__GMP_WITHIN_GMP -DOPERATION_addlsh2_n -DPIC addlsh2_n.asm >tmp-addlsh2_n.s
libtool: compile:  ../mpn/m4-ccas --m4=m4 ccache gcc -c -DHAVE_CONFIG_H -I. -I.. -D__GMP_WITHIN_GMP -I.. -DOPERATION_rsblsh2_n -O2 -pedantic -fomit-frame-pointer -m64 -std=gnu17 -Wa,--noexecstack rsblsh2_n.asm  -fPIC -DPIC -o .libs/rsblsh2_n.o
/bin/sh ../libtool  --tag=CC   --mode=compile ccache gcc -DHAVE_CONFIG_H -I. -I..  -D__GMP_WITHIN_GMP -I.. -DOPERATION_`echo add_n_sub_n | sed 's/_$//'`   -O2 -pedantic -fomit-frame-pointer -m64 -std=gnu17 -c -o add_n_sub_n.lo add_n_sub_n.c
 ccache gcc -c -DHAVE_CONFIG_H -I. -I.. -D__GMP_WITHIN_GMP -I.. -DOPERATION_addlsh2_n -O2 -pedantic -fomit-frame-pointer -m64 -std=gnu17 -Wa,--noexecstack tmp-addlsh2_n.s -fPIC -DPIC -o .libs/addlsh2_n.o
m4  -DHAVE_CONFIG_H -D__GMP_WITHIN_GMP -DOPERATION_addlsh_n -DPIC addlsh_n.asm >tmp-addlsh_n.s
m4  -DHAVE_CONFIG_H -D__GMP_WITHIN_GMP -DOPERATION_rsblsh2_n -DPIC rsblsh2_n.asm >tmp-rsblsh2_n.s
/bin/sh ../libtool --mode=compile --tag=CC ../mpn/m4-ccas --m4="m4" ccache gcc -c -DHAVE_CONFIG_H -I. -I..  -D__GMP_WITHIN_GMP -I.. -DOPERATION_`echo addaddmul_1msb0 | sed 's/_$//'`   -O2 -pedantic -fomit-frame-pointer -m64 -std=gnu17 -Wa,--noexecstack `test -f 'addaddmul_1msb0.asm' || echo './'`addaddmul_1msb0.asm
libtool: compile:  ../mpn/m4-ccas --m4=m4 ccache gcc -c -DHAVE_CONFIG_H -I. -I.. -D__GMP_WITHIN_GMP -I.. -DOPERATION_rsblsh_n -O2 -pedantic -fomit-frame-pointer -m64 -std=gnu17 -Wa,--noexecstack rsblsh_n.asm  -fPIC -DPIC -o .libs/rsblsh_n.o
 ccache gcc -c -DHAVE_CONFIG_H -I. -I.. -D__GMP_WITHIN_GMP -I.. -DOPERATION_rsblsh2_n -O2 -pedantic -fomit-frame-pointer -m64 -std=gnu17 -Wa,--noexecstack tmp-rsblsh2_n.s -fPIC -DPIC -o .libs/rsblsh2_n.o
m4  -DHAVE_CONFIG_H -D__GMP_WITHIN_GMP -DOPERATION_rsblsh_n -DPIC rsblsh_n.asm >tmp-rsblsh_n.s
 ccache gcc -c -DHAVE_CONFIG_H -I. -I.. -D__GMP_WITHIN_GMP -I.. -DOPERATION_addlsh_n -O2 -pedantic -fomit-frame-pointer -m64 -std=gnu17 -Wa,--noexecstack tmp-addlsh_n.s -fPIC -DPIC -o .libs/addlsh_n.o
 ccache gcc -c -DHAVE_CONFIG_H -I. -I.. -D__GMP_WITHIN_GMP -I.. -DOPERATION_rsblsh_n -O2 -pedantic -fomit-frame-pointer -m64 -std=gnu17 -Wa,--noexecstack tmp-rsblsh_n.s -fPIC -DPIC -o .libs/rsblsh_n.o
libtool: compile:  ../mpn/m4-ccas --m4=m4 ccache gcc -c -DHAVE_CONFIG_H -I. -I.. -D__GMP_WITHIN_GMP -I.. -DOPERATION_addlsh2_n -O2 -pedantic -fomit-frame-pointer -m64 -std=gnu17 -Wa,--noexecstack addlsh2_n.asm -o addlsh2_n.o >/dev/null 2>&1
libtool: compile:  ../mpn/m4-ccas --m4=m4 ccache gcc -c -DHAVE_CONFIG_H -I. -I.. -D__GMP_WITHIN_GMP -I.. -DOPERATION_rsblsh2_n -O2 -pedantic -fomit-frame-pointer -m64 -std=gnu17 -Wa,--noexecstack rsblsh2_n.asm -o rsblsh2_n.o >/dev/null 2>&1
libtool: compile:  ccache gcc -DHAVE_CONFIG_H -I. -I.. -D__GMP_WITHIN_GMP -I.. -DOPERATION_add_n_sub_n -O2 -pedantic -fomit-frame-pointer -m64 -std=gnu17 -c add_n_sub_n.c  -fPIC -DPIC -o .libs/add_n_sub_n.o
libtool: compile:  ../mpn/m4-ccas --m4=m4 ccache gcc -c -DHAVE_CONFIG_H -I. -I.. -D__GMP_WITHIN_GMP -I.. -DOPERATION_addlsh_n -O2 -pedantic -fomit-frame-pointer -m64 -std=gnu17 -Wa,--noexecstack addlsh_n.asm -o addlsh_n.o >/dev/null 2>&1
libtool: compile:  ../mpn/m4-ccas --m4=m4 ccache gcc -c -DHAVE_CONFIG_H -I. -I.. -D__GMP_WITHIN_GMP -I.. -DOPERATION_addaddmul_1msb0 -O2 -pedantic -fomit-frame-pointer -m64 -std=gnu17 -Wa,--noexecstack addaddmul_1msb0.asm  -fPIC -DPIC -o .libs/addaddmul_1msb0.o
libtool: compile:  ../mpn/m4-ccas --m4=m4 ccache gcc -c -DHAVE_CONFIG_H -I. -I.. -D__GMP_WITHIN_GMP -I.. -DOPERATION_rsblsh_n -O2 -pedantic -fomit-frame-pointer -m64 -std=gnu17 -Wa,--noexecstack rsblsh_n.asm -o rsblsh_n.o >/dev/null 2>&1
m4  -DHAVE_CONFIG_H -D__GMP_WITHIN_GMP -DOPERATION_addaddmul_1msb0 -DPIC addaddmul_1msb0.asm >tmp-addaddmul_1msb0.s
 ccache gcc -c -DHAVE_CONFIG_H -I. -I.. -D__GMP_WITHIN_GMP -I.. -DOPERATION_addaddmul_1msb0 -O2 -pedantic -fomit-frame-pointer -m64 -std=gnu17 -Wa,--noexecstack tmp-addaddmul_1msb0.s -fPIC -DPIC -o .libs/addaddmul_1msb0.o
libtool: compile:  ccache gcc -DHAVE_CONFIG_H -I. -I.. -D__GMP_WITHIN_GMP -I.. -DOPERATION_add_n_sub_n -O2 -pedantic -fomit-frame-pointer -m64 -std=gnu17 -c add_n_sub_n.c -o add_n_sub_n.o >/dev/null 2>&1
libtool: compile:  ../mpn/m4-ccas --m4=m4 ccache gcc -c -DHAVE_CONFIG_H -I. -I.. -D__GMP_WITHIN_GMP -I.. -DOPERATION_addaddmul_1msb0 -O2 -pedantic -fomit-frame-pointer -m64 -std=gnu17 -Wa,--noexecstack addaddmul_1msb0.asm -o addaddmul_1msb0.o >/dev/null 2>&1
/bin/sh ../libtool  --tag=CC   --mode=link ccache gcc  -O2 -pedantic -fomit-frame-pointer -m64 -std=gnu17   -o libmpn.la  fib_table.lo mp_bases.lo invert_limb_table.lo add.lo add_1.lo add_n.lo sub.lo sub_1.lo sub_n.lo cnd_add_n.lo cnd_sub_n.lo cnd_swap.lo neg.lo com.lo mul_1.lo addmul_1.lo submul_1.lo add_err1_n.lo add_err2_n.lo add_err3_n.lo sub_err1_n.lo sub_err2_n.lo sub_err3_n.lo lshift.lo rshift.lo dive_1.lo diveby3.lo divis.lo divrem.lo divrem_1.lo divrem_2.lo fib2_ui.lo fib2m.lo mod_1.lo mod_34lsub1.lo mode1o.lo pre_mod_1.lo dump.lo mod_1_1.lo mod_1_2.lo mod_1_3.lo mod_1_4.lo lshiftc.lo mul.lo mul_fft.lo mul_n.lo sqr.lo mul_basecase.lo sqr_basecase.lo nussbaumer_mul.lo mulmid_basecase.lo toom42_mulmid.lo mulmid_n.lo mulmid.lo random.lo random2.lo pow_1.lo rootrem.lo sqrtrem.lo sizeinbase.lo get_str.lo set_str.lo compute_powtab.lo scan0.lo scan1.lo popcount.lo hamdist.lo cmp.lo zero_p.lo perfsqr.lo perfpow.lo strongfibo.lo gcd_11.lo gcd_22.lo gcd_1.lo gcd.lo gcdext_1.lo gcdext.lo gcd_subdiv_step.lo gcdext_lehmer.lo div_q.lo tdiv_qr.lo jacbase.lo jacobi_2.lo jacobi.lo get_d.lo matrix22_mul.lo matrix22_mul1_inverse_vector.lo hgcd_matrix.lo hgcd2.lo hgcd_step.lo hgcd_reduce.lo hgcd.lo hgcd_appr.lo hgcd2_jacobi.lo hgcd_jacobi.lo mullo_n.lo mullo_basecase.lo sqrlo.lo sqrlo_basecase.lo toom22_mul.lo toom32_mul.lo toom42_mul.lo toom52_mul.lo toom62_mul.lo toom33_mul.lo toom43_mul.lo toom53_mul.lo toom54_mul.lo toom63_mul.lo toom44_mul.lo toom6h_mul.lo toom6_sqr.lo toom8h_mul.lo toom8_sqr.lo toom_couple_handling.lo toom2_sqr.lo toom3_sqr.lo toom4_sqr.lo toom_eval_dgr3_pm1.lo toom_eval_dgr3_pm2.lo toom_eval_pm1.lo toom_eval_pm2.lo toom_eval_pm2exp.lo toom_eval_pm2rexp.lo toom_interpolate_5pts.lo toom_interpolate_6pts.lo toom_interpolate_7pts.lo toom_interpolate_8pts.lo toom_interpolate_12pts.lo toom_interpolate_16pts.lo invertappr.lo invert.lo binvert.lo mulmod_bnm1.lo sqrmod_bnm1.lo mulmod_bknp1.lo div_qr_1.lo div_qr_1n_pi1.lo div_qr_2.lo div_qr_2n_pi1.lo div_qr_2u_pi1.lo sbpi1_div_q.lo sbpi1_div_qr.lo sbpi1_divappr_q.lo dcpi1_div_q.lo dcpi1_div_qr.lo dcpi1_divappr_q.lo mu_div_qr.lo mu_divappr_q.lo mu_div_q.lo bdiv_q_1.lo sbpi1_bdiv_q.lo sbpi1_bdiv_qr.lo sbpi1_bdiv_r.lo dcpi1_bdiv_q.lo dcpi1_bdiv_qr.lo mu_bdiv_q.lo mu_bdiv_qr.lo bdiv_q.lo bdiv_qr.lo broot.lo brootinv.lo bsqrt.lo bsqrtinv.lo divexact.lo bdiv_dbm1c.lo redc_1.lo redc_2.lo redc_n.lo powm.lo powlo.lo sec_powm.lo sec_mul.lo sec_sqr.lo sec_div_qr.lo sec_div_r.lo sec_pi1_div_qr.lo sec_pi1_div_r.lo sec_add_1.lo sec_sub_1.lo sec_invert.lo trialdiv.lo remove.lo and_n.lo andn_n.lo nand_n.lo ior_n.lo iorn_n.lo nior_n.lo xor_n.lo xnor_n.lo copyi.lo copyd.lo zero.lo sec_tabselect.lo comb_tables.lo invert_limb.lo sqr_diag_addlsh1.lo mul_2.lo addmul_2.lo addlsh1_n.lo sublsh1_n.lo rsblsh1_n.lo rsh1add_n.lo rsh1sub_n.lo addlsh2_n.lo rsblsh2_n.lo addlsh_n.lo rsblsh_n.lo add_n_sub_n.lo addaddmul_1msb0.lo 
libtool: link: ar cq .libs/libmpn.a .libs/fib_table.o .libs/mp_bases.o .libs/invert_limb_table.o .libs/add.o .libs/add_1.o .libs/add_n.o .libs/sub.o .libs/sub_1.o .libs/sub_n.o .libs/cnd_add_n.o .libs/cnd_sub_n.o .libs/cnd_swap.o .libs/neg.o .libs/com.o .libs/mul_1.o .libs/addmul_1.o .libs/submul_1.o .libs/add_err1_n.o .libs/add_err2_n.o .libs/add_err3_n.o .libs/sub_err1_n.o .libs/sub_err2_n.o .libs/sub_err3_n.o .libs/lshift.o .libs/rshift.o .libs/dive_1.o .libs/diveby3.o .libs/divis.o .libs/divrem.o .libs/divrem_1.o .libs/divrem_2.o .libs/fib2_ui.o .libs/fib2m.o .libs/mod_1.o .libs/mod_34lsub1.o .libs/mode1o.o .libs/pre_mod_1.o .libs/dump.o .libs/mod_1_1.o .libs/mod_1_2.o .libs/mod_1_3.o .libs/mod_1_4.o .libs/lshiftc.o .libs/mul.o .libs/mul_fft.o .libs/mul_n.o .libs/sqr.o .libs/mul_basecase.o .libs/sqr_basecase.o .libs/nussbaumer_mul.o .libs/mulmid_basecase.o .libs/toom42_mulmid.o .libs/mulmid_n.o .libs/mulmid.o .libs/random.o .libs/random2.o .libs/pow_1.o .libs/rootrem.o .libs/sqrtrem.o .libs/sizeinbase.o .libs/get_str.o .libs/set_str.o .libs/compute_powtab.o .libs/scan0.o .libs/scan1.o .libs/popcount.o .libs/hamdist.o .libs/cmp.o .libs/zero_p.o .libs/perfsqr.o .libs/perfpow.o .libs/strongfibo.o .libs/gcd_11.o .libs/gcd_22.o .libs/gcd_1.o .libs/gcd.o .libs/gcdext_1.o .libs/gcdext.o .libs/gcd_subdiv_step.o .libs/gcdext_lehmer.o .libs/div_q.o .libs/tdiv_qr.o .libs/jacbase.o .libs/jacobi_2.o .libs/jacobi.o .libs/get_d.o .libs/matrix22_mul.o .libs/matrix22_mul1_inverse_vector.o .libs/hgcd_matrix.o .libs/hgcd2.o .libs/hgcd_step.o .libs/hgcd_reduce.o .libs/hgcd.o .libs/hgcd_appr.o .libs/hgcd2_jacobi.o .libs/hgcd_jacobi.o .libs/mullo_n.o .libs/mullo_basecase.o .libs/sqrlo.o .libs/sqrlo_basecase.o .libs/toom22_mul.o .libs/toom32_mul.o .libs/toom42_mul.o .libs/toom52_mul.o .libs/toom62_mul.o .libs/toom33_mul.o .libs/toom43_mul.o .libs/toom53_mul.o .libs/toom54_mul.o .libs/toom63_mul.o .libs/toom44_mul.o .libs/toom6h_mul.o .libs/toom6_sqr.o .libs/toom8h_mul.o .libs/toom8_sqr.o .libs/toom_couple_handling.o .libs/toom2_sqr.o .libs/toom3_sqr.o .libs/toom4_sqr.o .libs/toom_eval_dgr3_pm1.o .libs/toom_eval_dgr3_pm2.o .libs/toom_eval_pm1.o .libs/toom_eval_pm2.o .libs/toom_eval_pm2exp.o .libs/toom_eval_pm2rexp.o .libs/toom_interpolate_5pts.o .libs/toom_interpolate_6pts.o .libs/toom_interpolate_7pts.o .libs/toom_interpolate_8pts.o .libs/toom_interpolate_12pts.o .libs/toom_interpolate_16pts.o .libs/invertappr.o .libs/invert.o .libs/binvert.o .libs/mulmod_bnm1.o .libs/sqrmod_bnm1.o .libs/mulmod_bknp1.o .libs/div_qr_1.o .libs/div_qr_1n_pi1.o .libs/div_qr_2.o .libs/div_qr_2n_pi1.o .libs/div_qr_2u_pi1.o .libs/sbpi1_div_q.o .libs/sbpi1_div_qr.o .libs/sbpi1_divappr_q.o .libs/dcpi1_div_q.o .libs/dcpi1_div_qr.o .libs/dcpi1_divappr_q.o .libs/mu_div_qr.o .libs/mu_divappr_q.o .libs/mu_div_q.o .libs/bdiv_q_1.o .libs/sbpi1_bdiv_q.o .libs/sbpi1_bdiv_qr.o .libs/sbpi1_bdiv_r.o .libs/dcpi1_bdiv_q.o .libs/dcpi1_bdiv_qr.o .libs/mu_bdiv_q.o .libs/mu_bdiv_qr.o .libs/bdiv_q.o .libs/bdiv_qr.o .libs/broot.o .libs/brootinv.o .libs/bsqrt.o .libs/bsqrtinv.o .libs/divexact.o .libs/bdiv_dbm1c.o .libs/redc_1.o .libs/redc_2.o .libs/redc_n.o .libs/powm.o .libs/powlo.o .libs/sec_powm.o .libs/sec_mul.o .libs/sec_sqr.o .libs/sec_div_qr.o .libs/sec_div_r.o .libs/sec_pi1_div_qr.o .libs/sec_pi1_div_r.o .libs/sec_add_1.o .libs/sec_sub_1.o .libs/sec_invert.o .libs/trialdiv.o .libs/remove.o .libs/and_n.o .libs/andn_n.o .libs/nand_n.o .libs/ior_n.o .libs/iorn_n.o .libs/nior_n.o .libs/xor_n.o .libs/xnor_n.o .libs/copyi.o .libs/copyd.o .libs/zero.o .libs/sec_tabselect.o .libs/comb_tables.o .libs/invert_limb.o .libs/sqr_diag_addlsh1.o .libs/mul_2.o .libs/addmul_2.o .libs/addlsh1_n.o .libs/sublsh1_n.o .libs/rsblsh1_n.o .libs/rsh1add_n.o .libs/rsh1sub_n.o .libs/addlsh2_n.o .libs/rsblsh2_n.o .libs/addlsh_n.o .libs/rsblsh_n.o .libs/add_n_sub_n.o .libs/addaddmul_1msb0.o 
libtool: link: ranlib .libs/libmpn.a
libtool: link: ( cd ".libs" && rm -f "libmpn.la" && ln -s "../libmpn.la" "libmpn.la" )
make[4]: Leaving directory '/build/arkana/src/gmp-6.3.0/mpn'
Making all in mpz
make[4]: Entering directory '/build/arkana/src/gmp-6.3.0/mpz'
/bin/sh ../libtool  --tag=CC   --mode=compile ccache gcc -DHAVE_CONFIG_H -I. -I..  -D__GMP_WITHIN_GMP -I..   -O2 -pedantic -fomit-frame-pointer -m64 -std=gnu17 -c -o 2fac_ui.lo 2fac_ui.c
/bin/sh ../libtool  --tag=CC   --mode=compile ccache gcc -DHAVE_CONFIG_H -I. -I..  -D__GMP_WITHIN_GMP -I..   -O2 -pedantic -fomit-frame-pointer -m64 -std=gnu17 -c -o add.lo add.c
/bin/sh ../libtool  --tag=CC   --mode=compile ccache gcc -DHAVE_CONFIG_H -I. -I..  -D__GMP_WITHIN_GMP -I..   -O2 -pedantic -fomit-frame-pointer -m64 -std=gnu17 -c -o add_ui.lo add_ui.c
/bin/sh ../libtool  --tag=CC   --mode=compile ccache gcc -DHAVE_CONFIG_H -I. -I..  -D__GMP_WITHIN_GMP -I..   -O2 -pedantic -fomit-frame-pointer -m64 -std=gnu17 -c -o abs.lo abs.c
/bin/sh ../libtool  --tag=CC   --mode=compile ccache gcc -DHAVE_CONFIG_H -I. -I..  -D__GMP_WITHIN_GMP -I..   -O2 -pedantic -fomit-frame-pointer -m64 -std=gnu17 -c -o aorsmul.lo aorsmul.c
/bin/sh ../libtool  --tag=CC   --mode=compile ccache gcc -DHAVE_CONFIG_H -I. -I..  -D__GMP_WITHIN_GMP -I..   -O2 -pedantic -fomit-frame-pointer -m64 -std=gnu17 -c -o aorsmul_i.lo aorsmul_i.c
/bin/sh ../libtool  --tag=CC   --mode=compile ccache gcc -DHAVE_CONFIG_H -I. -I..  -D__GMP_WITHIN_GMP -I..   -O2 -pedantic -fomit-frame-pointer -m64 -std=gnu17 -c -o and.lo and.c
/bin/sh ../libtool  --tag=CC   --mode=compile ccache gcc -DHAVE_CONFIG_H -I. -I..  -D__GMP_WITHIN_GMP -I..   -O2 -pedantic -fomit-frame-pointer -m64 -std=gnu17 -c -o array_init.lo array_init.c
libtool: compile:  ccache gcc -DHAVE_CONFIG_H -I. -I.. -D__GMP_WITHIN_GMP -I.. -O2 -pedantic -fomit-frame-pointer -m64 -std=gnu17 -c 2fac_ui.c  -fPIC -DPIC -o .libs/2fac_ui.o
libtool: compile:  ccache gcc -DHAVE_CONFIG_H -I. -I.. -D__GMP_WITHIN_GMP -I.. -O2 -pedantic -fomit-frame-pointer -m64 -std=gnu17 -c array_init.c  -fPIC -DPIC -o .libs/array_init.o
libtool: compile:  ccache gcc -DHAVE_CONFIG_H -I. -I.. -D__GMP_WITHIN_GMP -I.. -O2 -pedantic -fomit-frame-pointer -m64 -std=gnu17 -c aorsmul_i.c  -fPIC -DPIC -o .libs/aorsmul_i.o
libtool: compile:  ccache gcc -DHAVE_CONFIG_H -I. -I.. -D__GMP_WITHIN_GMP -I.. -O2 -pedantic -fomit-frame-pointer -m64 -std=gnu17 -c add.c  -fPIC -DPIC -o .libs/add.o
libtool: compile:  ccache gcc -DHAVE_CONFIG_H -I. -I.. -D__GMP_WITHIN_GMP -I.. -O2 -pedantic -fomit-frame-pointer -m64 -std=gnu17 -c add_ui.c  -fPIC -DPIC -o .libs/add_ui.o
libtool: compile:  ccache gcc -DHAVE_CONFIG_H -I. -I.. -D__GMP_WITHIN_GMP -I.. -O2 -pedantic -fomit-frame-pointer -m64 -std=gnu17 -c abs.c  -fPIC -DPIC -o .libs/abs.o
libtool: compile:  ccache gcc -DHAVE_CONFIG_H -I. -I.. -D__GMP_WITHIN_GMP -I.. -O2 -pedantic -fomit-frame-pointer -m64 -std=gnu17 -c and.c  -fPIC -DPIC -o .libs/and.o
libtool: compile:  ccache gcc -DHAVE_CONFIG_H -I. -I.. -D__GMP_WITHIN_GMP -I.. -O2 -pedantic -fomit-frame-pointer -m64 -std=gnu17 -c aorsmul.c  -fPIC -DPIC -o .libs/aorsmul.o
libtool: compile:  ccache gcc -DHAVE_CONFIG_H -I. -I.. -D__GMP_WITHIN_GMP -I.. -O2 -pedantic -fomit-frame-pointer -m64 -std=gnu17 -c 2fac_ui.c -o 2fac_ui.o >/dev/null 2>&1
libtool: compile:  ccache gcc -DHAVE_CONFIG_H -I. -I.. -D__GMP_WITHIN_GMP -I.. -O2 -pedantic -fomit-frame-pointer -m64 -std=gnu17 -c abs.c -o abs.o >/dev/null 2>&1
libtool: compile:  ccache gcc -DHAVE_CONFIG_H -I. -I.. -D__GMP_WITHIN_GMP -I.. -O2 -pedantic -fomit-frame-pointer -m64 -std=gnu17 -c array_init.c -o array_init.o >/dev/null 2>&1
libtool: compile:  ccache gcc -DHAVE_CONFIG_H -I. -I.. -D__GMP_WITHIN_GMP -I.. -O2 -pedantic -fomit-frame-pointer -m64 -std=gnu17 -c add_ui.c -o add_ui.o >/dev/null 2>&1
libtool: compile:  ccache gcc -DHAVE_CONFIG_H -I. -I.. -D__GMP_WITHIN_GMP -I.. -O2 -pedantic -fomit-frame-pointer -m64 -std=gnu17 -c add.c -o add.o >/dev/null 2>&1
libtool: compile:  ccache gcc -DHAVE_CONFIG_H -I. -I.. -D__GMP_WITHIN_GMP -I.. -O2 -pedantic -fomit-frame-pointer -m64 -std=gnu17 -c aorsmul_i.c -o aorsmul_i.o >/dev/null 2>&1
libtool: compile:  ccache gcc -DHAVE_CONFIG_H -I. -I.. -D__GMP_WITHIN_GMP -I.. -O2 -pedantic -fomit-frame-pointer -m64 -std=gnu17 -c and.c -o and.o >/dev/null 2>&1
libtool: compile:  ccache gcc -DHAVE_CONFIG_H -I. -I.. -D__GMP_WITHIN_GMP -I.. -O2 -pedantic -fomit-frame-pointer -m64 -std=gnu17 -c aorsmul.c -o aorsmul.o >/dev/null 2>&1
/bin/sh ../libtool  --tag=CC   --mode=compile ccache gcc -DHAVE_CONFIG_H -I. -I..  -D__GMP_WITHIN_GMP -I..   -O2 -pedantic -fomit-frame-pointer -m64 -std=gnu17 -c -o bin_ui.lo bin_ui.c
/bin/sh ../libtool  --tag=CC   --mode=compile ccache gcc -DHAVE_CONFIG_H -I. -I..  -D__GMP_WITHIN_GMP -I..   -O2 -pedantic -fomit-frame-pointer -m64 -std=gnu17 -c -o bin_uiui.lo bin_uiui.c
/bin/sh ../libtool  --tag=CC   --mode=compile ccache gcc -DHAVE_CONFIG_H -I. -I..  -D__GMP_WITHIN_GMP -I..   -O2 -pedantic -fomit-frame-pointer -m64 -std=gnu17 -c -o cdiv_q.lo cdiv_q.c
libtool: compile:  ccache gcc -DHAVE_CONFIG_H -I. -I.. -D__GMP_WITHIN_GMP -I.. -O2 -pedantic -fomit-frame-pointer -m64 -std=gnu17 -c bin_ui.c  -fPIC -DPIC -o .libs/bin_ui.o
/bin/sh ../libtool  --tag=CC   --mode=compile ccache gcc -DHAVE_CONFIG_H -I. -I..  -D__GMP_WITHIN_GMP -I..   -O2 -pedantic -fomit-frame-pointer -m64 -std=gnu17 -c -o cdiv_q_ui.lo cdiv_q_ui.c
libtool: compile:  ccache gcc -DHAVE_CONFIG_H -I. -I.. -D__GMP_WITHIN_GMP -I.. -O2 -pedantic -fomit-frame-pointer -m64 -std=gnu17 -c bin_uiui.c  -fPIC -DPIC -o .libs/bin_uiui.o
libtool: compile:  ccache gcc -DHAVE_CONFIG_H -I. -I.. -D__GMP_WITHIN_GMP -I.. -O2 -pedantic -fomit-frame-pointer -m64 -std=gnu17 -c cdiv_q.c  -fPIC -DPIC -o .libs/cdiv_q.o
/bin/sh ../libtool  --tag=CC   --mode=compile ccache gcc -DHAVE_CONFIG_H -I. -I..  -D__GMP_WITHIN_GMP -I..   -O2 -pedantic -fomit-frame-pointer -m64 -std=gnu17 -c -o cdiv_qr.lo cdiv_qr.c
libtool: compile:  ccache gcc -DHAVE_CONFIG_H -I. -I.. -D__GMP_WITHIN_GMP -I.. -O2 -pedantic -fomit-frame-pointer -m64 -std=gnu17 -c cdiv_q_ui.c  -fPIC -DPIC -o .libs/cdiv_q_ui.o
/bin/sh ../libtool  --tag=CC   --mode=compile ccache gcc -DHAVE_CONFIG_H -I. -I..  -D__GMP_WITHIN_GMP -I..   -O2 -pedantic -fomit-frame-pointer -m64 -std=gnu17 -c -o cdiv_qr_ui.lo cdiv_qr_ui.c
libtool: compile:  ccache gcc -DHAVE_CONFIG_H -I. -I.. -D__GMP_WITHIN_GMP -I.. -O2 -pedantic -fomit-frame-pointer -m64 -std=gnu17 -c cdiv_qr.c  -fPIC -DPIC -o .libs/cdiv_qr.o
/bin/sh ../libtool  --tag=CC   --mode=compile ccache gcc -DHAVE_CONFIG_H -I. -I..  -D__GMP_WITHIN_GMP -I..   -O2 -pedantic -fomit-frame-pointer -m64 -std=gnu17 -c -o cdiv_r.lo cdiv_r.c
libtool: compile:  ccache gcc -DHAVE_CONFIG_H -I. -I.. -D__GMP_WITHIN_GMP -I.. -O2 -pedantic -fomit-frame-pointer -m64 -std=gnu17 -c cdiv_qr_ui.c  -fPIC -DPIC -o .libs/cdiv_qr_ui.o
/bin/sh ../libtool  --tag=CC   --mode=compile ccache gcc -DHAVE_CONFIG_H -I. -I..  -D__GMP_WITHIN_GMP -I..   -O2 -pedantic -fomit-frame-pointer -m64 -std=gnu17 -c -o cdiv_r_ui.lo cdiv_r_ui.c
libtool: compile:  ccache gcc -DHAVE_CONFIG_H -I. -I.. -D__GMP_WITHIN_GMP -I.. -O2 -pedantic -fomit-frame-pointer -m64 -std=gnu17 -c cdiv_r.c  -fPIC -DPIC -o .libs/cdiv_r.o
libtool: compile:  ccache gcc -DHAVE_CONFIG_H -I. -I.. -D__GMP_WITHIN_GMP -I.. -O2 -pedantic -fomit-frame-pointer -m64 -std=gnu17 -c cdiv_q.c -o cdiv_q.o >/dev/null 2>&1
libtool: compile:  ccache gcc -DHAVE_CONFIG_H -I. -I.. -D__GMP_WITHIN_GMP -I.. -O2 -pedantic -fomit-frame-pointer -m64 -std=gnu17 -c cdiv_q_ui.c -o cdiv_q_ui.o >/dev/null 2>&1
libtool: compile:  ccache gcc -DHAVE_CONFIG_H -I. -I.. -D__GMP_WITHIN_GMP -I.. -O2 -pedantic -fomit-frame-pointer -m64 -std=gnu17 -c cdiv_r_ui.c  -fPIC -DPIC -o .libs/cdiv_r_ui.o
libtool: compile:  ccache gcc -DHAVE_CONFIG_H -I. -I.. -D__GMP_WITHIN_GMP -I.. -O2 -pedantic -fomit-frame-pointer -m64 -std=gnu17 -c bin_ui.c -o bin_ui.o >/dev/null 2>&1
libtool: compile:  ccache gcc -DHAVE_CONFIG_H -I. -I.. -D__GMP_WITHIN_GMP -I.. -O2 -pedantic -fomit-frame-pointer -m64 -std=gnu17 -c cdiv_qr.c -o cdiv_qr.o >/dev/null 2>&1
libtool: compile:  ccache gcc -DHAVE_CONFIG_H -I. -I.. -D__GMP_WITHIN_GMP -I.. -O2 -pedantic -fomit-frame-pointer -m64 -std=gnu17 -c cdiv_qr_ui.c -o cdiv_qr_ui.o >/dev/null 2>&1
libtool: compile:  ccache gcc -DHAVE_CONFIG_H -I. -I.. -D__GMP_WITHIN_GMP -I.. -O2 -pedantic -fomit-frame-pointer -m64 -std=gnu17 -c cdiv_r.c -o cdiv_r.o >/dev/null 2>&1
/bin/sh ../libtool  --tag=CC   --mode=compile ccache gcc -DHAVE_CONFIG_H -I. -I..  -D__GMP_WITHIN_GMP -I..   -O2 -pedantic -fomit-frame-pointer -m64 -std=gnu17 -c -o cdiv_ui.lo cdiv_ui.c
libtool: compile:  ccache gcc -DHAVE_CONFIG_H -I. -I.. -D__GMP_WITHIN_GMP -I.. -O2 -pedantic -fomit-frame-pointer -m64 -std=gnu17 -c cdiv_r_ui.c -o cdiv_r_ui.o >/dev/null 2>&1
/bin/sh ../libtool  --tag=CC   --mode=compile ccache gcc -DHAVE_CONFIG_H -I. -I..  -D__GMP_WITHIN_GMP -I..   -O2 -pedantic -fomit-frame-pointer -m64 -std=gnu17 -c -o cfdiv_q_2exp.lo cfdiv_q_2exp.c
/bin/sh ../libtool  --tag=CC   --mode=compile ccache gcc -DHAVE_CONFIG_H -I. -I..  -D__GMP_WITHIN_GMP -I..   -O2 -pedantic -fomit-frame-pointer -m64 -std=gnu17 -c -o cfdiv_r_2exp.lo cfdiv_r_2exp.c
libtool: compile:  ccache gcc -DHAVE_CONFIG_H -I. -I.. -D__GMP_WITHIN_GMP -I.. -O2 -pedantic -fomit-frame-pointer -m64 -std=gnu17 -c cdiv_ui.c  -fPIC -DPIC -o .libs/cdiv_ui.o
libtool: compile:  ccache gcc -DHAVE_CONFIG_H -I. -I.. -D__GMP_WITHIN_GMP -I.. -O2 -pedantic -fomit-frame-pointer -m64 -std=gnu17 -c cfdiv_q_2exp.c  -fPIC -DPIC -o .libs/cfdiv_q_2exp.o
/bin/sh ../libtool  --tag=CC   --mode=compile ccache gcc -DHAVE_CONFIG_H -I. -I..  -D__GMP_WITHIN_GMP -I..   -O2 -pedantic -fomit-frame-pointer -m64 -std=gnu17 -c -o clear.lo clear.c
libtool: compile:  ccache gcc -DHAVE_CONFIG_H -I. -I.. -D__GMP_WITHIN_GMP -I.. -O2 -pedantic -fomit-frame-pointer -m64 -std=gnu17 -c cfdiv_r_2exp.c  -fPIC -DPIC -o .libs/cfdiv_r_2exp.o
/bin/sh ../libtool  --tag=CC   --mode=compile ccache gcc -DHAVE_CONFIG_H -I. -I..  -D__GMP_WITHIN_GMP -I..   -O2 -pedantic -fomit-frame-pointer -m64 -std=gnu17 -c -o clears.lo clears.c
libtool: compile:  ccache gcc -DHAVE_CONFIG_H -I. -I.. -D__GMP_WITHIN_GMP -I.. -O2 -pedantic -fomit-frame-pointer -m64 -std=gnu17 -c clear.c  -fPIC -DPIC -o .libs/clear.o
/bin/sh ../libtool  --tag=CC   --mode=compile ccache gcc -DHAVE_CONFIG_H -I. -I..  -D__GMP_WITHIN_GMP -I..   -O2 -pedantic -fomit-frame-pointer -m64 -std=gnu17 -c -o clrbit.lo clrbit.c
libtool: compile:  ccache gcc -DHAVE_CONFIG_H -I. -I.. -D__GMP_WITHIN_GMP -I.. -O2 -pedantic -fomit-frame-pointer -m64 -std=gnu17 -c clears.c  -fPIC -DPIC -o .libs/clears.o
/bin/sh ../libtool  --tag=CC   --mode=compile ccache gcc -DHAVE_CONFIG_H -I. -I..  -D__GMP_WITHIN_GMP -I..   -O2 -pedantic -fomit-frame-pointer -m64 -std=gnu17 -c -o cmp.lo cmp.c
libtool: compile:  ccache gcc -DHAVE_CONFIG_H -I. -I.. -D__GMP_WITHIN_GMP -I.. -O2 -pedantic -fomit-frame-pointer -m64 -std=gnu17 -c clrbit.c  -fPIC -DPIC -o .libs/clrbit.o
libtool: compile:  ccache gcc -DHAVE_CONFIG_H -I. -I.. -D__GMP_WITHIN_GMP -I.. -O2 -pedantic -fomit-frame-pointer -m64 -std=gnu17 -c bin_uiui.c -o bin_uiui.o >/dev/null 2>&1
libtool: compile:  ccache gcc -DHAVE_CONFIG_H -I. -I.. -D__GMP_WITHIN_GMP -I.. -O2 -pedantic -fomit-frame-pointer -m64 -std=gnu17 -c cdiv_ui.c -o cdiv_ui.o >/dev/null 2>&1
libtool: compile:  ccache gcc -DHAVE_CONFIG_H -I. -I.. -D__GMP_WITHIN_GMP -I.. -O2 -pedantic -fomit-frame-pointer -m64 -std=gnu17 -c cmp.c  -fPIC -DPIC -o .libs/cmp.o
libtool: compile:  ccache gcc -DHAVE_CONFIG_H -I. -I.. -D__GMP_WITHIN_GMP -I.. -O2 -pedantic -fomit-frame-pointer -m64 -std=gnu17 -c cfdiv_q_2exp.c -o cfdiv_q_2exp.o >/dev/null 2>&1
libtool: compile:  ccache gcc -DHAVE_CONFIG_H -I. -I.. -D__GMP_WITHIN_GMP -I.. -O2 -pedantic -fomit-frame-pointer -m64 -std=gnu17 -c clear.c -o clear.o >/dev/null 2>&1
libtool: compile:  ccache gcc -DHAVE_CONFIG_H -I. -I.. -D__GMP_WITHIN_GMP -I.. -O2 -pedantic -fomit-frame-pointer -m64 -std=gnu17 -c cfdiv_r_2exp.c -o cfdiv_r_2exp.o >/dev/null 2>&1
/bin/sh ../libtool  --tag=CC   --mode=compile ccache gcc -DHAVE_CONFIG_H -I. -I..  -D__GMP_WITHIN_GMP -I..   -O2 -pedantic -fomit-frame-pointer -m64 -std=gnu17 -c -o cmp_d.lo cmp_d.c
libtool: compile:  ccache gcc -DHAVE_CONFIG_H -I. -I.. -D__GMP_WITHIN_GMP -I.. -O2 -pedantic -fomit-frame-pointer -m64 -std=gnu17 -c clears.c -o clears.o >/dev/null 2>&1
libtool: compile:  ccache gcc -DHAVE_CONFIG_H -I. -I.. -D__GMP_WITHIN_GMP -I.. -O2 -pedantic -fomit-frame-pointer -m64 -std=gnu17 -c clrbit.c -o clrbit.o >/dev/null 2>&1
libtool: compile:  ccache gcc -DHAVE_CONFIG_H -I. -I.. -D__GMP_WITHIN_GMP -I.. -O2 -pedantic -fomit-frame-pointer -m64 -std=gnu17 -c cmp.c -o cmp.o >/dev/null 2>&1
libtool: compile:  ccache gcc -DHAVE_CONFIG_H -I. -I.. -D__GMP_WITHIN_GMP -I.. -O2 -pedantic -fomit-frame-pointer -m64 -std=gnu17 -c cmp_d.c  -fPIC -DPIC -o .libs/cmp_d.o
/bin/sh ../libtool  --tag=CC   --mode=compile ccache gcc -DHAVE_CONFIG_H -I. -I..  -D__GMP_WITHIN_GMP -I..   -O2 -pedantic -fomit-frame-pointer -m64 -std=gnu17 -c -o cmp_si.lo cmp_si.c
libtool: compile:  ccache gcc -DHAVE_CONFIG_H -I. -I.. -D__GMP_WITHIN_GMP -I.. -O2 -pedantic -fomit-frame-pointer -m64 -std=gnu17 -c cmp_si.c  -fPIC -DPIC -o .libs/cmp_si.o
/bin/sh ../libtool  --tag=CC   --mode=compile ccache gcc -DHAVE_CONFIG_H -I. -I..  -D__GMP_WITHIN_GMP -I..   -O2 -pedantic -fomit-frame-pointer -m64 -std=gnu17 -c -o cmp_ui.lo cmp_ui.c
/bin/sh ../libtool  --tag=CC   --mode=compile ccache gcc -DHAVE_CONFIG_H -I. -I..  -D__GMP_WITHIN_GMP -I..   -O2 -pedantic -fomit-frame-pointer -m64 -std=gnu17 -c -o cmpabs.lo cmpabs.c
/bin/sh ../libtool  --tag=CC   --mode=compile ccache gcc -DHAVE_CONFIG_H -I. -I..  -D__GMP_WITHIN_GMP -I..   -O2 -pedantic -fomit-frame-pointer -m64 -std=gnu17 -c -o cmpabs_d.lo cmpabs_d.c
/bin/sh ../libtool  --tag=CC   --mode=compile ccache gcc -DHAVE_CONFIG_H -I. -I..  -D__GMP_WITHIN_GMP -I..   -O2 -pedantic -fomit-frame-pointer -m64 -std=gnu17 -c -o cmpabs_ui.lo cmpabs_ui.c
libtool: compile:  ccache gcc -DHAVE_CONFIG_H -I. -I.. -D__GMP_WITHIN_GMP -I.. -O2 -pedantic -fomit-frame-pointer -m64 -std=gnu17 -c cmp_ui.c  -fPIC -DPIC -o .libs/cmp_ui.o
/bin/sh ../libtool  --tag=CC   --mode=compile ccache gcc -DHAVE_CONFIG_H -I. -I..  -D__GMP_WITHIN_GMP -I..   -O2 -pedantic -fomit-frame-pointer -m64 -std=gnu17 -c -o com.lo com.c
libtool: compile:  ccache gcc -DHAVE_CONFIG_H -I. -I.. -D__GMP_WITHIN_GMP -I.. -O2 -pedantic -fomit-frame-pointer -m64 -std=gnu17 -c cmpabs.c  -fPIC -DPIC -o .libs/cmpabs.o
libtool: compile:  ccache gcc -DHAVE_CONFIG_H -I. -I.. -D__GMP_WITHIN_GMP -I.. -O2 -pedantic -fomit-frame-pointer -m64 -std=gnu17 -c cmpabs_d.c  -fPIC -DPIC -o .libs/cmpabs_d.o
libtool: compile:  ccache gcc -DHAVE_CONFIG_H -I. -I.. -D__GMP_WITHIN_GMP -I.. -O2 -pedantic -fomit-frame-pointer -m64 -std=gnu17 -c com.c  -fPIC -DPIC -o .libs/com.o
libtool: compile:  ccache gcc -DHAVE_CONFIG_H -I. -I.. -D__GMP_WITHIN_GMP -I.. -O2 -pedantic -fomit-frame-pointer -m64 -std=gnu17 -c cmp_d.c -o cmp_d.o >/dev/null 2>&1
libtool: compile:  ccache gcc -DHAVE_CONFIG_H -I. -I.. -D__GMP_WITHIN_GMP -I.. -O2 -pedantic -fomit-frame-pointer -m64 -std=gnu17 -c cmpabs_ui.c  -fPIC -DPIC -o .libs/cmpabs_ui.o
libtool: compile:  ccache gcc -DHAVE_CONFIG_H -I. -I.. -D__GMP_WITHIN_GMP -I.. -O2 -pedantic -fomit-frame-pointer -m64 -std=gnu17 -c cmp_si.c -o cmp_si.o >/dev/null 2>&1
/bin/sh ../libtool  --tag=CC   --mode=compile ccache gcc -DHAVE_CONFIG_H -I. -I..  -D__GMP_WITHIN_GMP -I..   -O2 -pedantic -fomit-frame-pointer -m64 -std=gnu17 -c -o combit.lo combit.c
libtool: compile:  ccache gcc -DHAVE_CONFIG_H -I. -I.. -D__GMP_WITHIN_GMP -I.. -O2 -pedantic -fomit-frame-pointer -m64 -std=gnu17 -c cmp_ui.c -o cmp_ui.o >/dev/null 2>&1
libtool: compile:  ccache gcc -DHAVE_CONFIG_H -I. -I.. -D__GMP_WITHIN_GMP -I.. -O2 -pedantic -fomit-frame-pointer -m64 -std=gnu17 -c cmpabs.c -o cmpabs.o >/dev/null 2>&1
libtool: compile:  ccache gcc -DHAVE_CONFIG_H -I. -I.. -D__GMP_WITHIN_GMP -I.. -O2 -pedantic -fomit-frame-pointer -m64 -std=gnu17 -c combit.c  -fPIC -DPIC -o .libs/combit.o
libtool: compile:  ccache gcc -DHAVE_CONFIG_H -I. -I.. -D__GMP_WITHIN_GMP -I.. -O2 -pedantic -fomit-frame-pointer -m64 -std=gnu17 -c cmpabs_d.c -o cmpabs_d.o >/dev/null 2>&1
libtool: compile:  ccache gcc -DHAVE_CONFIG_H -I. -I.. -D__GMP_WITHIN_GMP -I.. -O2 -pedantic -fomit-frame-pointer -m64 -std=gnu17 -c com.c -o com.o >/dev/null 2>&1
libtool: compile:  ccache gcc -DHAVE_CONFIG_H -I. -I.. -D__GMP_WITHIN_GMP -I.. -O2 -pedantic -fomit-frame-pointer -m64 -std=gnu17 -c cmpabs_ui.c -o cmpabs_ui.o >/dev/null 2>&1
/bin/sh ../libtool  --tag=CC   --mode=compile ccache gcc -DHAVE_CONFIG_H -I. -I..  -D__GMP_WITHIN_GMP -I..   -O2 -pedantic -fomit-frame-pointer -m64 -std=gnu17 -c -o cong.lo cong.c
/bin/sh ../libtool  --tag=CC   --mode=compile ccache gcc -DHAVE_CONFIG_H -I. -I..  -D__GMP_WITHIN_GMP -I..   -O2 -pedantic -fomit-frame-pointer -m64 -std=gnu17 -c -o cong_2exp.lo cong_2exp.c
/bin/sh ../libtool  --tag=CC   --mode=compile ccache gcc -DHAVE_CONFIG_H -I. -I..  -D__GMP_WITHIN_GMP -I..   -O2 -pedantic -fomit-frame-pointer -m64 -std=gnu17 -c -o cong_ui.lo cong_ui.c
libtool: compile:  ccache gcc -DHAVE_CONFIG_H -I. -I.. -D__GMP_WITHIN_GMP -I.. -O2 -pedantic -fomit-frame-pointer -m64 -std=gnu17 -c cong.c  -fPIC -DPIC -o .libs/cong.o
libtool: compile:  ccache gcc -DHAVE_CONFIG_H -I. -I.. -D__GMP_WITHIN_GMP -I.. -O2 -pedantic -fomit-frame-pointer -m64 -std=gnu17 -c cong_2exp.c  -fPIC -DPIC -o .libs/cong_2exp.o
/bin/sh ../libtool  --tag=CC   --mode=compile ccache gcc -DHAVE_CONFIG_H -I. -I..  -D__GMP_WITHIN_GMP -I..   -O2 -pedantic -fomit-frame-pointer -m64 -std=gnu17 -c -o divexact.lo divexact.c
libtool: compile:  ccache gcc -DHAVE_CONFIG_H -I. -I.. -D__GMP_WITHIN_GMP -I.. -O2 -pedantic -fomit-frame-pointer -m64 -std=gnu17 -c cong_ui.c  -fPIC -DPIC -o .libs/cong_ui.o
/bin/sh ../libtool  --tag=CC   --mode=compile ccache gcc -DHAVE_CONFIG_H -I. -I..  -D__GMP_WITHIN_GMP -I..   -O2 -pedantic -fomit-frame-pointer -m64 -std=gnu17 -c -o divegcd.lo divegcd.c
/bin/sh ../libtool  --tag=CC   --mode=compile ccache gcc -DHAVE_CONFIG_H -I. -I..  -D__GMP_WITHIN_GMP -I..   -O2 -pedantic -fomit-frame-pointer -m64 -std=gnu17 -c -o dive_ui.lo dive_ui.c
libtool: compile:  ccache gcc -DHAVE_CONFIG_H -I. -I.. -D__GMP_WITHIN_GMP -I.. -O2 -pedantic -fomit-frame-pointer -m64 -std=gnu17 -c divexact.c  -fPIC -DPIC -o .libs/divexact.o
libtool: compile:  ccache gcc -DHAVE_CONFIG_H -I. -I.. -D__GMP_WITHIN_GMP -I.. -O2 -pedantic -fomit-frame-pointer -m64 -std=gnu17 -c combit.c -o combit.o >/dev/null 2>&1
libtool: compile:  ccache gcc -DHAVE_CONFIG_H -I. -I.. -D__GMP_WITHIN_GMP -I.. -O2 -pedantic -fomit-frame-pointer -m64 -std=gnu17 -c divegcd.c  -fPIC -DPIC -o .libs/divegcd.o
libtool: compile:  ccache gcc -DHAVE_CONFIG_H -I. -I.. -D__GMP_WITHIN_GMP -I.. -O2 -pedantic -fomit-frame-pointer -m64 -std=gnu17 -c dive_ui.c  -fPIC -DPIC -o .libs/dive_ui.o
/bin/sh ../libtool  --tag=CC   --mode=compile ccache gcc -DHAVE_CONFIG_H -I. -I..  -D__GMP_WITHIN_GMP -I..   -O2 -pedantic -fomit-frame-pointer -m64 -std=gnu17 -c -o divis.lo divis.c
libtool: compile:  ccache gcc -DHAVE_CONFIG_H -I. -I.. -D__GMP_WITHIN_GMP -I.. -O2 -pedantic -fomit-frame-pointer -m64 -std=gnu17 -c cong_2exp.c -o cong_2exp.o >/dev/null 2>&1
libtool: compile:  ccache gcc -DHAVE_CONFIG_H -I. -I.. -D__GMP_WITHIN_GMP -I.. -O2 -pedantic -fomit-frame-pointer -m64 -std=gnu17 -c divis.c  -fPIC -DPIC -o .libs/divis.o
libtool: compile:  ccache gcc -DHAVE_CONFIG_H -I. -I.. -D__GMP_WITHIN_GMP -I.. -O2 -pedantic -fomit-frame-pointer -m64 -std=gnu17 -c cong_ui.c -o cong_ui.o >/dev/null 2>&1
libtool: compile:  ccache gcc -DHAVE_CONFIG_H -I. -I.. -D__GMP_WITHIN_GMP -I.. -O2 -pedantic -fomit-frame-pointer -m64 -std=gnu17 -c cong.c -o cong.o >/dev/null 2>&1
libtool: compile:  ccache gcc -DHAVE_CONFIG_H -I. -I.. -D__GMP_WITHIN_GMP -I.. -O2 -pedantic -fomit-frame-pointer -m64 -std=gnu17 -c dive_ui.c -o dive_ui.o >/dev/null 2>&1
libtool: compile:  ccache gcc -DHAVE_CONFIG_H -I. -I.. -D__GMP_WITHIN_GMP -I.. -O2 -pedantic -fomit-frame-pointer -m64 -std=gnu17 -c divexact.c -o divexact.o >/dev/null 2>&1
/bin/sh ../libtool  --tag=CC   --mode=compile ccache gcc -DHAVE_CONFIG_H -I. -I..  -D__GMP_WITHIN_GMP -I..   -O2 -pedantic -fomit-frame-pointer -m64 -std=gnu17 -c -o divis_ui.lo divis_ui.c
libtool: compile:  ccache gcc -DHAVE_CONFIG_H -I. -I.. -D__GMP_WITHIN_GMP -I.. -O2 -pedantic -fomit-frame-pointer -m64 -std=gnu17 -c divegcd.c -o divegcd.o >/dev/null 2>&1
libtool: compile:  ccache gcc -DHAVE_CONFIG_H -I. -I.. -D__GMP_WITHIN_GMP -I.. -O2 -pedantic -fomit-frame-pointer -m64 -std=gnu17 -c divis_ui.c  -fPIC -DPIC -o .libs/divis_ui.o
libtool: compile:  ccache gcc -DHAVE_CONFIG_H -I. -I.. -D__GMP_WITHIN_GMP -I.. -O2 -pedantic -fomit-frame-pointer -m64 -std=gnu17 -c divis.c -o divis.o >/dev/null 2>&1
/bin/sh ../libtool  --tag=CC   --mode=compile ccache gcc -DHAVE_CONFIG_H -I. -I..  -D__GMP_WITHIN_GMP -I..   -O2 -pedantic -fomit-frame-pointer -m64 -std=gnu17 -c -o divis_2exp.lo divis_2exp.c
/bin/sh ../libtool  --tag=CC   --mode=compile ccache gcc -DHAVE_CONFIG_H -I. -I..  -D__GMP_WITHIN_GMP -I..   -O2 -pedantic -fomit-frame-pointer -m64 -std=gnu17 -c -o dump.lo dump.c
/bin/sh ../libtool  --tag=CC   --mode=compile ccache gcc -DHAVE_CONFIG_H -I. -I..  -D__GMP_WITHIN_GMP -I..   -O2 -pedantic -fomit-frame-pointer -m64 -std=gnu17 -c -o export.lo export.c
libtool: compile:  ccache gcc -DHAVE_CONFIG_H -I. -I.. -D__GMP_WITHIN_GMP -I.. -O2 -pedantic -fomit-frame-pointer -m64 -std=gnu17 -c divis_2exp.c  -fPIC -DPIC -o .libs/divis_2exp.o
libtool: compile:  ccache gcc -DHAVE_CONFIG_H -I. -I.. -D__GMP_WITHIN_GMP -I.. -O2 -pedantic -fomit-frame-pointer -m64 -std=gnu17 -c dump.c  -fPIC -DPIC -o .libs/dump.o
/bin/sh ../libtool  --tag=CC   --mode=compile ccache gcc -DHAVE_CONFIG_H -I. -I..  -D__GMP_WITHIN_GMP -I..   -O2 -pedantic -fomit-frame-pointer -m64 -std=gnu17 -c -o fac_ui.lo fac_ui.c
/bin/sh ../libtool  --tag=CC   --mode=compile ccache gcc -DHAVE_CONFIG_H -I. -I..  -D__GMP_WITHIN_GMP -I..   -O2 -pedantic -fomit-frame-pointer -m64 -std=gnu17 -c -o fdiv_q.lo fdiv_q.c
libtool: compile:  ccache gcc -DHAVE_CONFIG_H -I. -I.. -D__GMP_WITHIN_GMP -I.. -O2 -pedantic -fomit-frame-pointer -m64 -std=gnu17 -c export.c  -fPIC -DPIC -o .libs/export.o
/bin/sh ../libtool  --tag=CC   --mode=compile ccache gcc -DHAVE_CONFIG_H -I. -I..  -D__GMP_WITHIN_GMP -I..   -O2 -pedantic -fomit-frame-pointer -m64 -std=gnu17 -c -o fdiv_q_ui.lo fdiv_q_ui.c
libtool: compile:  ccache gcc -DHAVE_CONFIG_H -I. -I.. -D__GMP_WITHIN_GMP -I.. -O2 -pedantic -fomit-frame-pointer -m64 -std=gnu17 -c divis_ui.c -o divis_ui.o >/dev/null 2>&1
libtool: compile:  ccache gcc -DHAVE_CONFIG_H -I. -I.. -D__GMP_WITHIN_GMP -I.. -O2 -pedantic -fomit-frame-pointer -m64 -std=gnu17 -c fac_ui.c  -fPIC -DPIC -o .libs/fac_ui.o
libtool: compile:  ccache gcc -DHAVE_CONFIG_H -I. -I.. -D__GMP_WITHIN_GMP -I.. -O2 -pedantic -fomit-frame-pointer -m64 -std=gnu17 -c fdiv_q.c  -fPIC -DPIC -o .libs/fdiv_q.o
libtool: compile:  ccache gcc -DHAVE_CONFIG_H -I. -I.. -D__GMP_WITHIN_GMP -I.. -O2 -pedantic -fomit-frame-pointer -m64 -std=gnu17 -c fdiv_q_ui.c  -fPIC -DPIC -o .libs/fdiv_q_ui.o
/bin/sh ../libtool  --tag=CC   --mode=compile ccache gcc -DHAVE_CONFIG_H -I. -I..  -D__GMP_WITHIN_GMP -I..   -O2 -pedantic -fomit-frame-pointer -m64 -std=gnu17 -c -o fdiv_qr.lo fdiv_qr.c
libtool: compile:  ccache gcc -DHAVE_CONFIG_H -I. -I.. -D__GMP_WITHIN_GMP -I.. -O2 -pedantic -fomit-frame-pointer -m64 -std=gnu17 -c divis_2exp.c -o divis_2exp.o >/dev/null 2>&1
libtool: compile:  ccache gcc -DHAVE_CONFIG_H -I. -I.. -D__GMP_WITHIN_GMP -I.. -O2 -pedantic -fomit-frame-pointer -m64 -std=gnu17 -c dump.c -o dump.o >/dev/null 2>&1
libtool: compile:  ccache gcc -DHAVE_CONFIG_H -I. -I.. -D__GMP_WITHIN_GMP -I.. -O2 -pedantic -fomit-frame-pointer -m64 -std=gnu17 -c fdiv_qr.c  -fPIC -DPIC -o .libs/fdiv_qr.o
/bin/sh ../libtool  --tag=CC   --mode=compile ccache gcc -DHAVE_CONFIG_H -I. -I..  -D__GMP_WITHIN_GMP -I..   -O2 -pedantic -fomit-frame-pointer -m64 -std=gnu17 -c -o fdiv_qr_ui.lo fdiv_qr_ui.c
libtool: compile:  ccache gcc -DHAVE_CONFIG_H -I. -I.. -D__GMP_WITHIN_GMP -I.. -O2 -pedantic -fomit-frame-pointer -m64 -std=gnu17 -c fdiv_q.c -o fdiv_q.o >/dev/null 2>&1
libtool: compile:  ccache gcc -DHAVE_CONFIG_H -I. -I.. -D__GMP_WITHIN_GMP -I.. -O2 -pedantic -fomit-frame-pointer -m64 -std=gnu17 -c fac_ui.c -o fac_ui.o >/dev/null 2>&1
libtool: compile:  ccache gcc -DHAVE_CONFIG_H -I. -I.. -D__GMP_WITHIN_GMP -I.. -O2 -pedantic -fomit-frame-pointer -m64 -std=gnu17 -c fdiv_q_ui.c -o fdiv_q_ui.o >/dev/null 2>&1
libtool: compile:  ccache gcc -DHAVE_CONFIG_H -I. -I.. -D__GMP_WITHIN_GMP -I.. -O2 -pedantic -fomit-frame-pointer -m64 -std=gnu17 -c fdiv_qr_ui.c  -fPIC -DPIC -o .libs/fdiv_qr_ui.o
libtool: compile:  ccache gcc -DHAVE_CONFIG_H -I. -I.. -D__GMP_WITHIN_GMP -I.. -O2 -pedantic -fomit-frame-pointer -m64 -std=gnu17 -c export.c -o export.o >/dev/null 2>&1
/bin/sh ../libtool  --tag=CC   --mode=compile ccache gcc -DHAVE_CONFIG_H -I. -I..  -D__GMP_WITHIN_GMP -I..   -O2 -pedantic -fomit-frame-pointer -m64 -std=gnu17 -c -o fdiv_r.lo fdiv_r.c
/bin/sh ../libtool  --tag=CC   --mode=compile ccache gcc -DHAVE_CONFIG_H -I. -I..  -D__GMP_WITHIN_GMP -I..   -O2 -pedantic -fomit-frame-pointer -m64 -std=gnu17 -c -o fdiv_r_ui.lo fdiv_r_ui.c
libtool: compile:  ccache gcc -DHAVE_CONFIG_H -I. -I.. -D__GMP_WITHIN_GMP -I.. -O2 -pedantic -fomit-frame-pointer -m64 -std=gnu17 -c fdiv_r.c  -fPIC -DPIC -o .libs/fdiv_r.o
libtool: compile:  ccache gcc -DHAVE_CONFIG_H -I. -I.. -D__GMP_WITHIN_GMP -I.. -O2 -pedantic -fomit-frame-pointer -m64 -std=gnu17 -c fdiv_qr.c -o fdiv_qr.o >/dev/null 2>&1
/bin/sh ../libtool  --tag=CC   --mode=compile ccache gcc -DHAVE_CONFIG_H -I. -I..  -D__GMP_WITHIN_GMP -I..   -O2 -pedantic -fomit-frame-pointer -m64 -std=gnu17 -c -o fdiv_ui.lo fdiv_ui.c
libtool: compile:  ccache gcc -DHAVE_CONFIG_H -I. -I.. -D__GMP_WITHIN_GMP -I.. -O2 -pedantic -fomit-frame-pointer -m64 -std=gnu17 -c fdiv_qr_ui.c -o fdiv_qr_ui.o >/dev/null 2>&1
libtool: compile:  ccache gcc -DHAVE_CONFIG_H -I. -I.. -D__GMP_WITHIN_GMP -I.. -O2 -pedantic -fomit-frame-pointer -m64 -std=gnu17 -c fdiv_r_ui.c  -fPIC -DPIC -o .libs/fdiv_r_ui.o
/bin/sh ../libtool  --tag=CC   --mode=compile ccache gcc -DHAVE_CONFIG_H -I. -I..  -D__GMP_WITHIN_GMP -I..   -O2 -pedantic -fomit-frame-pointer -m64 -std=gnu17 -c -o fib_ui.lo fib_ui.c
/bin/sh ../libtool  --tag=CC   --mode=compile ccache gcc -DHAVE_CONFIG_H -I. -I..  -D__GMP_WITHIN_GMP -I..   -O2 -pedantic -fomit-frame-pointer -m64 -std=gnu17 -c -o fib2_ui.lo fib2_ui.c
libtool: compile:  ccache gcc -DHAVE_CONFIG_H -I. -I.. -D__GMP_WITHIN_GMP -I.. -O2 -pedantic -fomit-frame-pointer -m64 -std=gnu17 -c fdiv_ui.c  -fPIC -DPIC -o .libs/fdiv_ui.o
libtool: compile:  ccache gcc -DHAVE_CONFIG_H -I. -I.. -D__GMP_WITHIN_GMP -I.. -O2 -pedantic -fomit-frame-pointer -m64 -std=gnu17 -c fib_ui.c  -fPIC -DPIC -o .libs/fib_ui.o
libtool: compile:  ccache gcc -DHAVE_CONFIG_H -I. -I.. -D__GMP_WITHIN_GMP -I.. -O2 -pedantic -fomit-frame-pointer -m64 -std=gnu17 -c fdiv_r.c -o fdiv_r.o >/dev/null 2>&1
libtool: compile:  ccache gcc -DHAVE_CONFIG_H -I. -I.. -D__GMP_WITHIN_GMP -I.. -O2 -pedantic -fomit-frame-pointer -m64 -std=gnu17 -c fib2_ui.c  -fPIC -DPIC -o .libs/fib2_ui.o
/bin/sh ../libtool  --tag=CC   --mode=compile ccache gcc -DHAVE_CONFIG_H -I. -I..  -D__GMP_WITHIN_GMP -I..   -O2 -pedantic -fomit-frame-pointer -m64 -std=gnu17 -c -o fits_sint.lo fits_sint.c
/bin/sh ../libtool  --tag=CC   --mode=compile ccache gcc -DHAVE_CONFIG_H -I. -I..  -D__GMP_WITHIN_GMP -I..   -O2 -pedantic -fomit-frame-pointer -m64 -std=gnu17 -c -o fits_slong.lo fits_slong.c
libtool: compile:  ccache gcc -DHAVE_CONFIG_H -I. -I.. -D__GMP_WITHIN_GMP -I.. -O2 -pedantic -fomit-frame-pointer -m64 -std=gnu17 -c fdiv_r_ui.c -o fdiv_r_ui.o >/dev/null 2>&1
libtool: compile:  ccache gcc -DHAVE_CONFIG_H -I. -I.. -D__GMP_WITHIN_GMP -I.. -O2 -pedantic -fomit-frame-pointer -m64 -std=gnu17 -c fdiv_ui.c -o fdiv_ui.o >/dev/null 2>&1
/bin/sh ../libtool  --tag=CC   --mode=compile ccache gcc -DHAVE_CONFIG_H -I. -I..  -D__GMP_WITHIN_GMP -I..   -O2 -pedantic -fomit-frame-pointer -m64 -std=gnu17 -c -o fits_sshort.lo fits_sshort.c
libtool: compile:  ccache gcc -DHAVE_CONFIG_H -I. -I.. -D__GMP_WITHIN_GMP -I.. -O2 -pedantic -fomit-frame-pointer -m64 -std=gnu17 -c fits_sint.c  -fPIC -DPIC -o .libs/fits_sint.o
libtool: compile:  ccache gcc -DHAVE_CONFIG_H -I. -I.. -D__GMP_WITHIN_GMP -I.. -O2 -pedantic -fomit-frame-pointer -m64 -std=gnu17 -c fits_slong.c  -fPIC -DPIC -o .libs/fits_slong.o
/bin/sh ../libtool  --tag=CC   --mode=compile ccache gcc -DHAVE_CONFIG_H -I. -I..  -D__GMP_WITHIN_GMP -I..   -O2 -pedantic -fomit-frame-pointer -m64 -std=gnu17 -c -o fits_uint.lo fits_uint.c
libtool: compile:  ccache gcc -DHAVE_CONFIG_H -I. -I.. -D__GMP_WITHIN_GMP -I.. -O2 -pedantic -fomit-frame-pointer -m64 -std=gnu17 -c fits_sshort.c  -fPIC -DPIC -o .libs/fits_sshort.o
libtool: compile:  ccache gcc -DHAVE_CONFIG_H -I. -I.. -D__GMP_WITHIN_GMP -I.. -O2 -pedantic -fomit-frame-pointer -m64 -std=gnu17 -c fib_ui.c -o fib_ui.o >/dev/null 2>&1
libtool: compile:  ccache gcc -DHAVE_CONFIG_H -I. -I.. -D__GMP_WITHIN_GMP -I.. -O2 -pedantic -fomit-frame-pointer -m64 -std=gnu17 -c fib2_ui.c -o fib2_ui.o >/dev/null 2>&1
libtool: compile:  ccache gcc -DHAVE_CONFIG_H -I. -I.. -D__GMP_WITHIN_GMP -I.. -O2 -pedantic -fomit-frame-pointer -m64 -std=gnu17 -c fits_uint.c  -fPIC -DPIC -o .libs/fits_uint.o
/bin/sh ../libtool  --tag=CC   --mode=compile ccache gcc -DHAVE_CONFIG_H -I. -I..  -D__GMP_WITHIN_GMP -I..   -O2 -pedantic -fomit-frame-pointer -m64 -std=gnu17 -c -o fits_ulong.lo fits_ulong.c
/bin/sh ../libtool  --tag=CC   --mode=compile ccache gcc -DHAVE_CONFIG_H -I. -I..  -D__GMP_WITHIN_GMP -I..   -O2 -pedantic -fomit-frame-pointer -m64 -std=gnu17 -c -o fits_ushort.lo fits_ushort.c
libtool: compile:  ccache gcc -DHAVE_CONFIG_H -I. -I.. -D__GMP_WITHIN_GMP -I.. -O2 -pedantic -fomit-frame-pointer -m64 -std=gnu17 -c fits_slong.c -o fits_slong.o >/dev/null 2>&1
libtool: compile:  ccache gcc -DHAVE_CONFIG_H -I. -I.. -D__GMP_WITHIN_GMP -I.. -O2 -pedantic -fomit-frame-pointer -m64 -std=gnu17 -c fits_sint.c -o fits_sint.o >/dev/null 2>&1
libtool: compile:  ccache gcc -DHAVE_CONFIG_H -I. -I.. -D__GMP_WITHIN_GMP -I.. -O2 -pedantic -fomit-frame-pointer -m64 -std=gnu17 -c fits_ulong.c  -fPIC -DPIC -o .libs/fits_ulong.o
libtool: compile:  ccache gcc -DHAVE_CONFIG_H -I. -I.. -D__GMP_WITHIN_GMP -I.. -O2 -pedantic -fomit-frame-pointer -m64 -std=gnu17 -c fits_sshort.c -o fits_sshort.o >/dev/null 2>&1
libtool: compile:  ccache gcc -DHAVE_CONFIG_H -I. -I.. -D__GMP_WITHIN_GMP -I.. -O2 -pedantic -fomit-frame-pointer -m64 -std=gnu17 -c fits_ushort.c  -fPIC -DPIC -o .libs/fits_ushort.o
/bin/sh ../libtool  --tag=CC   --mode=compile ccache gcc -DHAVE_CONFIG_H -I. -I..  -D__GMP_WITHIN_GMP -I..   -O2 -pedantic -fomit-frame-pointer -m64 -std=gnu17 -c -o gcd.lo gcd.c
libtool: compile:  ccache gcc -DHAVE_CONFIG_H -I. -I.. -D__GMP_WITHIN_GMP -I.. -O2 -pedantic -fomit-frame-pointer -m64 -std=gnu17 -c fits_uint.c -o fits_uint.o >/dev/null 2>&1
/bin/sh ../libtool  --tag=CC   --mode=compile ccache gcc -DHAVE_CONFIG_H -I. -I..  -D__GMP_WITHIN_GMP -I..   -O2 -pedantic -fomit-frame-pointer -m64 -std=gnu17 -c -o gcd_ui.lo gcd_ui.c
libtool: compile:  ccache gcc -DHAVE_CONFIG_H -I. -I.. -D__GMP_WITHIN_GMP -I.. -O2 -pedantic -fomit-frame-pointer -m64 -std=gnu17 -c gcd.c  -fPIC -DPIC -o .libs/gcd.o
libtool: compile:  ccache gcc -DHAVE_CONFIG_H -I. -I.. -D__GMP_WITHIN_GMP -I.. -O2 -pedantic -fomit-frame-pointer -m64 -std=gnu17 -c fits_ulong.c -o fits_ulong.o >/dev/null 2>&1
/bin/sh ../libtool  --tag=CC   --mode=compile ccache gcc -DHAVE_CONFIG_H -I. -I..  -D__GMP_WITHIN_GMP -I..   -O2 -pedantic -fomit-frame-pointer -m64 -std=gnu17 -c -o gcdext.lo gcdext.c
/bin/sh ../libtool  --tag=CC   --mode=compile ccache gcc -DHAVE_CONFIG_H -I. -I..  -D__GMP_WITHIN_GMP -I..   -O2 -pedantic -fomit-frame-pointer -m64 -std=gnu17 -c -o get_d.lo get_d.c
/bin/sh ../libtool  --tag=CC   --mode=compile ccache gcc -DHAVE_CONFIG_H -I. -I..  -D__GMP_WITHIN_GMP -I..   -O2 -pedantic -fomit-frame-pointer -m64 -std=gnu17 -c -o get_d_2exp.lo get_d_2exp.c
libtool: compile:  ccache gcc -DHAVE_CONFIG_H -I. -I.. -D__GMP_WITHIN_GMP -I.. -O2 -pedantic -fomit-frame-pointer -m64 -std=gnu17 -c fits_ushort.c -o fits_ushort.o >/dev/null 2>&1
libtool: compile:  ccache gcc -DHAVE_CONFIG_H -I. -I.. -D__GMP_WITHIN_GMP -I.. -O2 -pedantic -fomit-frame-pointer -m64 -std=gnu17 -c gcd_ui.c  -fPIC -DPIC -o .libs/gcd_ui.o
libtool: compile:  ccache gcc -DHAVE_CONFIG_H -I. -I.. -D__GMP_WITHIN_GMP -I.. -O2 -pedantic -fomit-frame-pointer -m64 -std=gnu17 -c get_d.c  -fPIC -DPIC -o .libs/get_d.o
libtool: compile:  ccache gcc -DHAVE_CONFIG_H -I. -I.. -D__GMP_WITHIN_GMP -I.. -O2 -pedantic -fomit-frame-pointer -m64 -std=gnu17 -c gcdext.c  -fPIC -DPIC -o .libs/gcdext.o
/bin/sh ../libtool  --tag=CC   --mode=compile ccache gcc -DHAVE_CONFIG_H -I. -I..  -D__GMP_WITHIN_GMP -I..   -O2 -pedantic -fomit-frame-pointer -m64 -std=gnu17 -c -o get_si.lo get_si.c
libtool: compile:  ccache gcc -DHAVE_CONFIG_H -I. -I.. -D__GMP_WITHIN_GMP -I.. -O2 -pedantic -fomit-frame-pointer -m64 -std=gnu17 -c get_d_2exp.c  -fPIC -DPIC -o .libs/get_d_2exp.o
libtool: compile:  ccache gcc -DHAVE_CONFIG_H -I. -I.. -D__GMP_WITHIN_GMP -I.. -O2 -pedantic -fomit-frame-pointer -m64 -std=gnu17 -c get_si.c  -fPIC -DPIC -o .libs/get_si.o
/bin/sh ../libtool  --tag=CC   --mode=compile ccache gcc -DHAVE_CONFIG_H -I. -I..  -D__GMP_WITHIN_GMP -I..   -O2 -pedantic -fomit-frame-pointer -m64 -std=gnu17 -c -o get_str.lo get_str.c
libtool: compile:  ccache gcc -DHAVE_CONFIG_H -I. -I.. -D__GMP_WITHIN_GMP -I.. -O2 -pedantic -fomit-frame-pointer -m64 -std=gnu17 -c gcd_ui.c -o gcd_ui.o >/dev/null 2>&1
/bin/sh ../libtool  --tag=CC   --mode=compile ccache gcc -DHAVE_CONFIG_H -I. -I..  -D__GMP_WITHIN_GMP -I..   -O2 -pedantic -fomit-frame-pointer -m64 -std=gnu17 -c -o get_ui.lo get_ui.c
libtool: compile:  ccache gcc -DHAVE_CONFIG_H -I. -I.. -D__GMP_WITHIN_GMP -I.. -O2 -pedantic -fomit-frame-pointer -m64 -std=gnu17 -c get_d_2exp.c -o get_d_2exp.o >/dev/null 2>&1
libtool: compile:  ccache gcc -DHAVE_CONFIG_H -I. -I.. -D__GMP_WITHIN_GMP -I.. -O2 -pedantic -fomit-frame-pointer -m64 -std=gnu17 -c get_d.c -o get_d.o >/dev/null 2>&1
libtool: compile:  ccache gcc -DHAVE_CONFIG_H -I. -I.. -D__GMP_WITHIN_GMP -I.. -O2 -pedantic -fomit-frame-pointer -m64 -std=gnu17 -c gcd.c -o gcd.o >/dev/null 2>&1
libtool: compile:  ccache gcc -DHAVE_CONFIG_H -I. -I.. -D__GMP_WITHIN_GMP -I.. -O2 -pedantic -fomit-frame-pointer -m64 -std=gnu17 -c get_str.c  -fPIC -DPIC -o .libs/get_str.o
libtool: compile:  ccache gcc -DHAVE_CONFIG_H -I. -I.. -D__GMP_WITHIN_GMP -I.. -O2 -pedantic -fomit-frame-pointer -m64 -std=gnu17 -c get_ui.c  -fPIC -DPIC -o .libs/get_ui.o
libtool: compile:  ccache gcc -DHAVE_CONFIG_H -I. -I.. -D__GMP_WITHIN_GMP -I.. -O2 -pedantic -fomit-frame-pointer -m64 -std=gnu17 -c get_si.c -o get_si.o >/dev/null 2>&1
libtool: compile:  ccache gcc -DHAVE_CONFIG_H -I. -I.. -D__GMP_WITHIN_GMP -I.. -O2 -pedantic -fomit-frame-pointer -m64 -std=gnu17 -c gcdext.c -o gcdext.o >/dev/null 2>&1
/bin/sh ../libtool  --tag=CC   --mode=compile ccache gcc -DHAVE_CONFIG_H -I. -I..  -D__GMP_WITHIN_GMP -I..   -O2 -pedantic -fomit-frame-pointer -m64 -std=gnu17 -c -o getlimbn.lo getlimbn.c
/bin/sh ../libtool  --tag=CC   --mode=compile ccache gcc -DHAVE_CONFIG_H -I. -I..  -D__GMP_WITHIN_GMP -I..   -O2 -pedantic -fomit-frame-pointer -m64 -std=gnu17 -c -o hamdist.lo hamdist.c
/bin/sh ../libtool  --tag=CC   --mode=compile ccache gcc -DHAVE_CONFIG_H -I. -I..  -D__GMP_WITHIN_GMP -I..   -O2 -pedantic -fomit-frame-pointer -m64 -std=gnu17 -c -o import.lo import.c
/bin/sh ../libtool  --tag=CC   --mode=compile ccache gcc -DHAVE_CONFIG_H -I. -I..  -D__GMP_WITHIN_GMP -I..   -O2 -pedantic -fomit-frame-pointer -m64 -std=gnu17 -c -o init.lo init.c
libtool: compile:  ccache gcc -DHAVE_CONFIG_H -I. -I.. -D__GMP_WITHIN_GMP -I.. -O2 -pedantic -fomit-frame-pointer -m64 -std=gnu17 -c getlimbn.c  -fPIC -DPIC -o .libs/getlimbn.o
libtool: compile:  ccache gcc -DHAVE_CONFIG_H -I. -I.. -D__GMP_WITHIN_GMP -I.. -O2 -pedantic -fomit-frame-pointer -m64 -std=gnu17 -c get_ui.c -o get_ui.o >/dev/null 2>&1
libtool: compile:  ccache gcc -DHAVE_CONFIG_H -I. -I.. -D__GMP_WITHIN_GMP -I.. -O2 -pedantic -fomit-frame-pointer -m64 -std=gnu17 -c import.c  -fPIC -DPIC -o .libs/import.o
libtool: compile:  ccache gcc -DHAVE_CONFIG_H -I. -I.. -D__GMP_WITHIN_GMP -I.. -O2 -pedantic -fomit-frame-pointer -m64 -std=gnu17 -c hamdist.c  -fPIC -DPIC -o .libs/hamdist.o
libtool: compile:  ccache gcc -DHAVE_CONFIG_H -I. -I.. -D__GMP_WITHIN_GMP -I.. -O2 -pedantic -fomit-frame-pointer -m64 -std=gnu17 -c init.c  -fPIC -DPIC -o .libs/init.o
libtool: compile:  ccache gcc -DHAVE_CONFIG_H -I. -I.. -D__GMP_WITHIN_GMP -I.. -O2 -pedantic -fomit-frame-pointer -m64 -std=gnu17 -c get_str.c -o get_str.o >/dev/null 2>&1
/bin/sh ../libtool  --tag=CC   --mode=compile ccache gcc -DHAVE_CONFIG_H -I. -I..  -D__GMP_WITHIN_GMP -I..   -O2 -pedantic -fomit-frame-pointer -m64 -std=gnu17 -c -o init2.lo init2.c
/bin/sh ../libtool  --tag=CC   --mode=compile ccache gcc -DHAVE_CONFIG_H -I. -I..  -D__GMP_WITHIN_GMP -I..   -O2 -pedantic -fomit-frame-pointer -m64 -std=gnu17 -c -o inits.lo inits.c
/bin/sh ../libtool  --tag=CC   --mode=compile ccache gcc -DHAVE_CONFIG_H -I. -I..  -D__GMP_WITHIN_GMP -I..   -O2 -pedantic -fomit-frame-pointer -m64 -std=gnu17 -c -o inp_raw.lo inp_raw.c
libtool: compile:  ccache gcc -DHAVE_CONFIG_H -I. -I.. -D__GMP_WITHIN_GMP -I.. -O2 -pedantic -fomit-frame-pointer -m64 -std=gnu17 -c init2.c  -fPIC -DPIC -o .libs/init2.o
libtool: compile:  ccache gcc -DHAVE_CONFIG_H -I. -I.. -D__GMP_WITHIN_GMP -I.. -O2 -pedantic -fomit-frame-pointer -m64 -std=gnu17 -c getlimbn.c -o getlimbn.o >/dev/null 2>&1
libtool: compile:  ccache gcc -DHAVE_CONFIG_H -I. -I.. -D__GMP_WITHIN_GMP -I.. -O2 -pedantic -fomit-frame-pointer -m64 -std=gnu17 -c inits.c  -fPIC -DPIC -o .libs/inits.o
libtool: compile:  ccache gcc -DHAVE_CONFIG_H -I. -I.. -D__GMP_WITHIN_GMP -I.. -O2 -pedantic -fomit-frame-pointer -m64 -std=gnu17 -c init.c -o init.o >/dev/null 2>&1
libtool: compile:  ccache gcc -DHAVE_CONFIG_H -I. -I.. -D__GMP_WITHIN_GMP -I.. -O2 -pedantic -fomit-frame-pointer -m64 -std=gnu17 -c inp_raw.c  -fPIC -DPIC -o .libs/inp_raw.o
libtool: compile:  ccache gcc -DHAVE_CONFIG_H -I. -I.. -D__GMP_WITHIN_GMP -I.. -O2 -pedantic -fomit-frame-pointer -m64 -std=gnu17 -c hamdist.c -o hamdist.o >/dev/null 2>&1
libtool: compile:  ccache gcc -DHAVE_CONFIG_H -I. -I.. -D__GMP_WITHIN_GMP -I.. -O2 -pedantic -fomit-frame-pointer -m64 -std=gnu17 -c import.c -o import.o >/dev/null 2>&1
/bin/sh ../libtool  --tag=CC   --mode=compile ccache gcc -DHAVE_CONFIG_H -I. -I..  -D__GMP_WITHIN_GMP -I..   -O2 -pedantic -fomit-frame-pointer -m64 -std=gnu17 -c -o inp_str.lo inp_str.c
/bin/sh ../libtool  --tag=CC   --mode=compile ccache gcc -DHAVE_CONFIG_H -I. -I..  -D__GMP_WITHIN_GMP -I..   -O2 -pedantic -fomit-frame-pointer -m64 -std=gnu17 -c -o invert.lo invert.c
libtool: compile:  ccache gcc -DHAVE_CONFIG_H -I. -I.. -D__GMP_WITHIN_GMP -I.. -O2 -pedantic -fomit-frame-pointer -m64 -std=gnu17 -c init2.c -o init2.o >/dev/null 2>&1
/bin/sh ../libtool  --tag=CC   --mode=compile ccache gcc -DHAVE_CONFIG_H -I. -I..  -D__GMP_WITHIN_GMP -I..   -O2 -pedantic -fomit-frame-pointer -m64 -std=gnu17 -c -o ior.lo ior.c
libtool: compile:  ccache gcc -DHAVE_CONFIG_H -I. -I.. -D__GMP_WITHIN_GMP -I.. -O2 -pedantic -fomit-frame-pointer -m64 -std=gnu17 -c invert.c  -fPIC -DPIC -o .libs/invert.o
libtool: compile:  ccache gcc -DHAVE_CONFIG_H -I. -I.. -D__GMP_WITHIN_GMP -I.. -O2 -pedantic -fomit-frame-pointer -m64 -std=gnu17 -c inits.c -o inits.o >/dev/null 2>&1
libtool: compile:  ccache gcc -DHAVE_CONFIG_H -I. -I.. -D__GMP_WITHIN_GMP -I.. -O2 -pedantic -fomit-frame-pointer -m64 -std=gnu17 -c inp_str.c  -fPIC -DPIC -o .libs/inp_str.o
libtool: compile:  ccache gcc -DHAVE_CONFIG_H -I. -I.. -D__GMP_WITHIN_GMP -I.. -O2 -pedantic -fomit-frame-pointer -m64 -std=gnu17 -c ior.c  -fPIC -DPIC -o .libs/ior.o
libtool: compile:  ccache gcc -DHAVE_CONFIG_H -I. -I.. -D__GMP_WITHIN_GMP -I.. -O2 -pedantic -fomit-frame-pointer -m64 -std=gnu17 -c inp_raw.c -o inp_raw.o >/dev/null 2>&1
/bin/sh ../libtool  --tag=CC   --mode=compile ccache gcc -DHAVE_CONFIG_H -I. -I..  -D__GMP_WITHIN_GMP -I..   -O2 -pedantic -fomit-frame-pointer -m64 -std=gnu17 -c -o iset.lo iset.c
/bin/sh ../libtool  --tag=CC   --mode=compile ccache gcc -DHAVE_CONFIG_H -I. -I..  -D__GMP_WITHIN_GMP -I..   -O2 -pedantic -fomit-frame-pointer -m64 -std=gnu17 -c -o iset_d.lo iset_d.c
libtool: compile:  ccache gcc -DHAVE_CONFIG_H -I. -I.. -D__GMP_WITHIN_GMP -I.. -O2 -pedantic -fomit-frame-pointer -m64 -std=gnu17 -c iset.c  -fPIC -DPIC -o .libs/iset.o
libtool: compile:  ccache gcc -DHAVE_CONFIG_H -I. -I.. -D__GMP_WITHIN_GMP -I.. -O2 -pedantic -fomit-frame-pointer -m64 -std=gnu17 -c iset_d.c  -fPIC -DPIC -o .libs/iset_d.o
/bin/sh ../libtool  --tag=CC   --mode=compile ccache gcc -DHAVE_CONFIG_H -I. -I..  -D__GMP_WITHIN_GMP -I..   -O2 -pedantic -fomit-frame-pointer -m64 -std=gnu17 -c -o iset_si.lo iset_si.c
libtool: compile:  ccache gcc -DHAVE_CONFIG_H -I. -I.. -D__GMP_WITHIN_GMP -I.. -O2 -pedantic -fomit-frame-pointer -m64 -std=gnu17 -c invert.c -o invert.o >/dev/null 2>&1
/bin/sh ../libtool  --tag=CC   --mode=compile ccache gcc -DHAVE_CONFIG_H -I. -I..  -D__GMP_WITHIN_GMP -I..   -O2 -pedantic -fomit-frame-pointer -m64 -std=gnu17 -c -o iset_str.lo iset_str.c
libtool: compile:  ccache gcc -DHAVE_CONFIG_H -I. -I.. -D__GMP_WITHIN_GMP -I.. -O2 -pedantic -fomit-frame-pointer -m64 -std=gnu17 -c inp_str.c -o inp_str.o >/dev/null 2>&1
/bin/sh ../libtool  --tag=CC   --mode=compile ccache gcc -DHAVE_CONFIG_H -I. -I..  -D__GMP_WITHIN_GMP -I..   -O2 -pedantic -fomit-frame-pointer -m64 -std=gnu17 -c -o iset_ui.lo iset_ui.c
libtool: compile:  ccache gcc -DHAVE_CONFIG_H -I. -I.. -D__GMP_WITHIN_GMP -I.. -O2 -pedantic -fomit-frame-pointer -m64 -std=gnu17 -c iset_str.c  -fPIC -DPIC -o .libs/iset_str.o
libtool: compile:  ccache gcc -DHAVE_CONFIG_H -I. -I.. -D__GMP_WITHIN_GMP -I.. -O2 -pedantic -fomit-frame-pointer -m64 -std=gnu17 -c iset_si.c  -fPIC -DPIC -o .libs/iset_si.o
libtool: compile:  ccache gcc -DHAVE_CONFIG_H -I. -I.. -D__GMP_WITHIN_GMP -I.. -O2 -pedantic -fomit-frame-pointer -m64 -std=gnu17 -c iset_ui.c  -fPIC -DPIC -o .libs/iset_ui.o
libtool: compile:  ccache gcc -DHAVE_CONFIG_H -I. -I.. -D__GMP_WITHIN_GMP -I.. -O2 -pedantic -fomit-frame-pointer -m64 -std=gnu17 -c ior.c -o ior.o >/dev/null 2>&1
libtool: compile:  ccache gcc -DHAVE_CONFIG_H -I. -I.. -D__GMP_WITHIN_GMP -I.. -O2 -pedantic -fomit-frame-pointer -m64 -std=gnu17 -c iset.c -o iset.o >/dev/null 2>&1
libtool: compile:  ccache gcc -DHAVE_CONFIG_H -I. -I.. -D__GMP_WITHIN_GMP -I.. -O2 -pedantic -fomit-frame-pointer -m64 -std=gnu17 -c iset_d.c -o iset_d.o >/dev/null 2>&1
/bin/sh ../libtool  --tag=CC   --mode=compile ccache gcc -DHAVE_CONFIG_H -I. -I..  -D__GMP_WITHIN_GMP -I..   -O2 -pedantic -fomit-frame-pointer -m64 -std=gnu17 -c -o jacobi.lo jacobi.c
libtool: compile:  ccache gcc -DHAVE_CONFIG_H -I. -I.. -D__GMP_WITHIN_GMP -I.. -O2 -pedantic -fomit-frame-pointer -m64 -std=gnu17 -c iset_str.c -o iset_str.o >/dev/null 2>&1
libtool: compile:  ccache gcc -DHAVE_CONFIG_H -I. -I.. -D__GMP_WITHIN_GMP -I.. -O2 -pedantic -fomit-frame-pointer -m64 -std=gnu17 -c jacobi.c  -fPIC -DPIC -o .libs/jacobi.o
/bin/sh ../libtool  --tag=CC   --mode=compile ccache gcc -DHAVE_CONFIG_H -I. -I..  -D__GMP_WITHIN_GMP -I..   -O2 -pedantic -fomit-frame-pointer -m64 -std=gnu17 -c -o kronsz.lo kronsz.c
/bin/sh ../libtool  --tag=CC   --mode=compile ccache gcc -DHAVE_CONFIG_H -I. -I..  -D__GMP_WITHIN_GMP -I..   -O2 -pedantic -fomit-frame-pointer -m64 -std=gnu17 -c -o kronuz.lo kronuz.c
/bin/sh ../libtool  --tag=CC   --mode=compile ccache gcc -DHAVE_CONFIG_H -I. -I..  -D__GMP_WITHIN_GMP -I..   -O2 -pedantic -fomit-frame-pointer -m64 -std=gnu17 -c -o kronzs.lo kronzs.c
libtool: compile:  ccache gcc -DHAVE_CONFIG_H -I. -I.. -D__GMP_WITHIN_GMP -I.. -O2 -pedantic -fomit-frame-pointer -m64 -std=gnu17 -c iset_si.c -o iset_si.o >/dev/null 2>&1
libtool: compile:  ccache gcc -DHAVE_CONFIG_H -I. -I.. -D__GMP_WITHIN_GMP -I.. -O2 -pedantic -fomit-frame-pointer -m64 -std=gnu17 -c iset_ui.c -o iset_ui.o >/dev/null 2>&1
libtool: compile:  ccache gcc -DHAVE_CONFIG_H -I. -I.. -D__GMP_WITHIN_GMP -I.. -O2 -pedantic -fomit-frame-pointer -m64 -std=gnu17 -c kronuz.c  -fPIC -DPIC -o .libs/kronuz.o
libtool: compile:  ccache gcc -DHAVE_CONFIG_H -I. -I.. -D__GMP_WITHIN_GMP -I.. -O2 -pedantic -fomit-frame-pointer -m64 -std=gnu17 -c kronsz.c  -fPIC -DPIC -o .libs/kronsz.o
libtool: compile:  ccache gcc -DHAVE_CONFIG_H -I. -I.. -D__GMP_WITHIN_GMP -I.. -O2 -pedantic -fomit-frame-pointer -m64 -std=gnu17 -c kronzs.c  -fPIC -DPIC -o .libs/kronzs.o
/bin/sh ../libtool  --tag=CC   --mode=compile ccache gcc -DHAVE_CONFIG_H -I. -I..  -D__GMP_WITHIN_GMP -I..   -O2 -pedantic -fomit-frame-pointer -m64 -std=gnu17 -c -o kronzu.lo kronzu.c
/bin/sh ../libtool  --tag=CC   --mode=compile ccache gcc -DHAVE_CONFIG_H -I. -I..  -D__GMP_WITHIN_GMP -I..   -O2 -pedantic -fomit-frame-pointer -m64 -std=gnu17 -c -o lcm.lo lcm.c
libtool: compile:  ccache gcc -DHAVE_CONFIG_H -I. -I.. -D__GMP_WITHIN_GMP -I.. -O2 -pedantic -fomit-frame-pointer -m64 -std=gnu17 -c kronzu.c  -fPIC -DPIC -o .libs/kronzu.o
/bin/sh ../libtool  --tag=CC   --mode=compile ccache gcc -DHAVE_CONFIG_H -I. -I..  -D__GMP_WITHIN_GMP -I..   -O2 -pedantic -fomit-frame-pointer -m64 -std=gnu17 -c -o lcm_ui.lo lcm_ui.c
/bin/sh ../libtool  --tag=CC   --mode=compile ccache gcc -DHAVE_CONFIG_H -I. -I..  -D__GMP_WITHIN_GMP -I..   -O2 -pedantic -fomit-frame-pointer -m64 -std=gnu17 -c -o limbs_read.lo limbs_read.c
libtool: compile:  ccache gcc -DHAVE_CONFIG_H -I. -I.. -D__GMP_WITHIN_GMP -I.. -O2 -pedantic -fomit-frame-pointer -m64 -std=gnu17 -c lcm_ui.c  -fPIC -DPIC -o .libs/lcm_ui.o
libtool: compile:  ccache gcc -DHAVE_CONFIG_H -I. -I.. -D__GMP_WITHIN_GMP -I.. -O2 -pedantic -fomit-frame-pointer -m64 -std=gnu17 -c kronuz.c -o kronuz.o >/dev/null 2>&1
libtool: compile:  ccache gcc -DHAVE_CONFIG_H -I. -I.. -D__GMP_WITHIN_GMP -I.. -O2 -pedantic -fomit-frame-pointer -m64 -std=gnu17 -c lcm.c  -fPIC -DPIC -o .libs/lcm.o
libtool: compile:  ccache gcc -DHAVE_CONFIG_H -I. -I.. -D__GMP_WITHIN_GMP -I.. -O2 -pedantic -fomit-frame-pointer -m64 -std=gnu17 -c kronzs.c -o kronzs.o >/dev/null 2>&1
libtool: compile:  ccache gcc -DHAVE_CONFIG_H -I. -I.. -D__GMP_WITHIN_GMP -I.. -O2 -pedantic -fomit-frame-pointer -m64 -std=gnu17 -c limbs_read.c  -fPIC -DPIC -o .libs/limbs_read.o
libtool: compile:  ccache gcc -DHAVE_CONFIG_H -I. -I.. -D__GMP_WITHIN_GMP -I.. -O2 -pedantic -fomit-frame-pointer -m64 -std=gnu17 -c kronsz.c -o kronsz.o >/dev/null 2>&1
libtool: compile:  ccache gcc -DHAVE_CONFIG_H -I. -I.. -D__GMP_WITHIN_GMP -I.. -O2 -pedantic -fomit-frame-pointer -m64 -std=gnu17 -c jacobi.c -o jacobi.o >/dev/null 2>&1
libtool: compile:  ccache gcc -DHAVE_CONFIG_H -I. -I.. -D__GMP_WITHIN_GMP -I.. -O2 -pedantic -fomit-frame-pointer -m64 -std=gnu17 -c kronzu.c -o kronzu.o >/dev/null 2>&1
/bin/sh ../libtool  --tag=CC   --mode=compile ccache gcc -DHAVE_CONFIG_H -I. -I..  -D__GMP_WITHIN_GMP -I..   -O2 -pedantic -fomit-frame-pointer -m64 -std=gnu17 -c -o limbs_write.lo limbs_write.c
libtool: compile:  ccache gcc -DHAVE_CONFIG_H -I. -I.. -D__GMP_WITHIN_GMP -I.. -O2 -pedantic -fomit-frame-pointer -m64 -std=gnu17 -c limbs_read.c -o limbs_read.o >/dev/null 2>&1
libtool: compile:  ccache gcc -DHAVE_CONFIG_H -I. -I.. -D__GMP_WITHIN_GMP -I.. -O2 -pedantic -fomit-frame-pointer -m64 -std=gnu17 -c lcm.c -o lcm.o >/dev/null 2>&1
libtool: compile:  ccache gcc -DHAVE_CONFIG_H -I. -I.. -D__GMP_WITHIN_GMP -I.. -O2 -pedantic -fomit-frame-pointer -m64 -std=gnu17 -c lcm_ui.c -o lcm_ui.o >/dev/null 2>&1
/bin/sh ../libtool  --tag=CC   --mode=compile ccache gcc -DHAVE_CONFIG_H -I. -I..  -D__GMP_WITHIN_GMP -I..   -O2 -pedantic -fomit-frame-pointer -m64 -std=gnu17 -c -o limbs_modify.lo limbs_modify.c
libtool: compile:  ccache gcc -DHAVE_CONFIG_H -I. -I.. -D__GMP_WITHIN_GMP -I.. -O2 -pedantic -fomit-frame-pointer -m64 -std=gnu17 -c limbs_write.c  -fPIC -DPIC -o .libs/limbs_write.o
/bin/sh ../libtool  --tag=CC   --mode=compile ccache gcc -DHAVE_CONFIG_H -I. -I..  -D__GMP_WITHIN_GMP -I..   -O2 -pedantic -fomit-frame-pointer -m64 -std=gnu17 -c -o limbs_finish.lo limbs_finish.c
/bin/sh ../libtool  --tag=CC   --mode=compile ccache gcc -DHAVE_CONFIG_H -I. -I..  -D__GMP_WITHIN_GMP -I..   -O2 -pedantic -fomit-frame-pointer -m64 -std=gnu17 -c -o lucnum_ui.lo lucnum_ui.c
libtool: compile:  ccache gcc -DHAVE_CONFIG_H -I. -I.. -D__GMP_WITHIN_GMP -I.. -O2 -pedantic -fomit-frame-pointer -m64 -std=gnu17 -c limbs_modify.c  -fPIC -DPIC -o .libs/limbs_modify.o
/bin/sh ../libtool  --tag=CC   --mode=compile ccache gcc -DHAVE_CONFIG_H -I. -I..  -D__GMP_WITHIN_GMP -I..   -O2 -pedantic -fomit-frame-pointer -m64 -std=gnu17 -c -o lucnum2_ui.lo lucnum2_ui.c
/bin/sh ../libtool  --tag=CC   --mode=compile ccache gcc -DHAVE_CONFIG_H -I. -I..  -D__GMP_WITHIN_GMP -I..   -O2 -pedantic -fomit-frame-pointer -m64 -std=gnu17 -c -o lucmod.lo lucmod.c
libtool: compile:  ccache gcc -DHAVE_CONFIG_H -I. -I.. -D__GMP_WITHIN_GMP -I.. -O2 -pedantic -fomit-frame-pointer -m64 -std=gnu17 -c limbs_finish.c  -fPIC -DPIC -o .libs/limbs_finish.o
libtool: compile:  ccache gcc -DHAVE_CONFIG_H -I. -I.. -D__GMP_WITHIN_GMP -I.. -O2 -pedantic -fomit-frame-pointer -m64 -std=gnu17 -c lucnum_ui.c  -fPIC -DPIC -o .libs/lucnum_ui.o
libtool: compile:  ccache gcc -DHAVE_CONFIG_H -I. -I.. -D__GMP_WITHIN_GMP -I.. -O2 -pedantic -fomit-frame-pointer -m64 -std=gnu17 -c limbs_write.c -o limbs_write.o >/dev/null 2>&1
libtool: compile:  ccache gcc -DHAVE_CONFIG_H -I. -I.. -D__GMP_WITHIN_GMP -I.. -O2 -pedantic -fomit-frame-pointer -m64 -std=gnu17 -c lucnum2_ui.c  -fPIC -DPIC -o .libs/lucnum2_ui.o
/bin/sh ../libtool  --tag=CC   --mode=compile ccache gcc -DHAVE_CONFIG_H -I. -I..  -D__GMP_WITHIN_GMP -I..   -O2 -pedantic -fomit-frame-pointer -m64 -std=gnu17 -c -o mfac_uiui.lo mfac_uiui.c
libtool: compile:  ccache gcc -DHAVE_CONFIG_H -I. -I.. -D__GMP_WITHIN_GMP -I.. -O2 -pedantic -fomit-frame-pointer -m64 -std=gnu17 -c lucmod.c  -fPIC -DPIC -o .libs/lucmod.o
libtool: compile:  ccache gcc -DHAVE_CONFIG_H -I. -I.. -D__GMP_WITHIN_GMP -I.. -O2 -pedantic -fomit-frame-pointer -m64 -std=gnu17 -c limbs_modify.c -o limbs_modify.o >/dev/null 2>&1
/bin/sh ../libtool  --tag=CC   --mode=compile ccache gcc -DHAVE_CONFIG_H -I. -I..  -D__GMP_WITHIN_GMP -I..   -O2 -pedantic -fomit-frame-pointer -m64 -std=gnu17 -c -o millerrabin.lo millerrabin.c
libtool: compile:  ccache gcc -DHAVE_CONFIG_H -I. -I.. -D__GMP_WITHIN_GMP -I.. -O2 -pedantic -fomit-frame-pointer -m64 -std=gnu17 -c mfac_uiui.c  -fPIC -DPIC -o .libs/mfac_uiui.o
libtool: compile:  ccache gcc -DHAVE_CONFIG_H -I. -I.. -D__GMP_WITHIN_GMP -I.. -O2 -pedantic -fomit-frame-pointer -m64 -std=gnu17 -c limbs_finish.c -o limbs_finish.o >/dev/null 2>&1
libtool: compile:  ccache gcc -DHAVE_CONFIG_H -I. -I.. -D__GMP_WITHIN_GMP -I.. -O2 -pedantic -fomit-frame-pointer -m64 -std=gnu17 -c millerrabin.c  -fPIC -DPIC -o .libs/millerrabin.o
/bin/sh ../libtool  --tag=CC   --mode=compile ccache gcc -DHAVE_CONFIG_H -I. -I..  -D__GMP_WITHIN_GMP -I..   -O2 -pedantic -fomit-frame-pointer -m64 -std=gnu17 -c -o mod.lo mod.c
libtool: compile:  ccache gcc -DHAVE_CONFIG_H -I. -I.. -D__GMP_WITHIN_GMP -I.. -O2 -pedantic -fomit-frame-pointer -m64 -std=gnu17 -c lucnum_ui.c -o lucnum_ui.o >/dev/null 2>&1
libtool: compile:  ccache gcc -DHAVE_CONFIG_H -I. -I.. -D__GMP_WITHIN_GMP -I.. -O2 -pedantic -fomit-frame-pointer -m64 -std=gnu17 -c lucnum2_ui.c -o lucnum2_ui.o >/dev/null 2>&1
libtool: compile:  ccache gcc -DHAVE_CONFIG_H -I. -I.. -D__GMP_WITHIN_GMP -I.. -O2 -pedantic -fomit-frame-pointer -m64 -std=gnu17 -c lucmod.c -o lucmod.o >/dev/null 2>&1
libtool: compile:  ccache gcc -DHAVE_CONFIG_H -I. -I.. -D__GMP_WITHIN_GMP -I.. -O2 -pedantic -fomit-frame-pointer -m64 -std=gnu17 -c mod.c  -fPIC -DPIC -o .libs/mod.o
/bin/sh ../libtool  --tag=CC   --mode=compile ccache gcc -DHAVE_CONFIG_H -I. -I..  -D__GMP_WITHIN_GMP -I..   -O2 -pedantic -fomit-frame-pointer -m64 -std=gnu17 -c -o mul.lo mul.c
/bin/sh ../libtool  --tag=CC   --mode=compile ccache gcc -DHAVE_CONFIG_H -I. -I..  -D__GMP_WITHIN_GMP -I..   -O2 -pedantic -fomit-frame-pointer -m64 -std=gnu17 -c -o mul_2exp.lo mul_2exp.c
libtool: compile:  ccache gcc -DHAVE_CONFIG_H -I. -I.. -D__GMP_WITHIN_GMP -I.. -O2 -pedantic -fomit-frame-pointer -m64 -std=gnu17 -c mul.c  -fPIC -DPIC -o .libs/mul.o
libtool: compile:  ccache gcc -DHAVE_CONFIG_H -I. -I.. -D__GMP_WITHIN_GMP -I.. -O2 -pedantic -fomit-frame-pointer -m64 -std=gnu17 -c mfac_uiui.c -o mfac_uiui.o >/dev/null 2>&1
libtool: compile:  ccache gcc -DHAVE_CONFIG_H -I. -I.. -D__GMP_WITHIN_GMP -I.. -O2 -pedantic -fomit-frame-pointer -m64 -std=gnu17 -c millerrabin.c -o millerrabin.o >/dev/null 2>&1
libtool: compile:  ccache gcc -DHAVE_CONFIG_H -I. -I.. -D__GMP_WITHIN_GMP -I.. -O2 -pedantic -fomit-frame-pointer -m64 -std=gnu17 -c mul_2exp.c  -fPIC -DPIC -o .libs/mul_2exp.o
libtool: compile:  ccache gcc -DHAVE_CONFIG_H -I. -I.. -D__GMP_WITHIN_GMP -I.. -O2 -pedantic -fomit-frame-pointer -m64 -std=gnu17 -c mod.c -o mod.o >/dev/null 2>&1
/bin/sh ../libtool  --tag=CC   --mode=compile ccache gcc -DHAVE_CONFIG_H -I. -I..  -D__GMP_WITHIN_GMP -I..   -O2 -pedantic -fomit-frame-pointer -m64 -std=gnu17 -c -o mul_si.lo mul_si.c
/bin/sh ../libtool  --tag=CC   --mode=compile ccache gcc -DHAVE_CONFIG_H -I. -I..  -D__GMP_WITHIN_GMP -I..   -O2 -pedantic -fomit-frame-pointer -m64 -std=gnu17 -c -o mul_ui.lo mul_ui.c
/bin/sh ../libtool  --tag=CC   --mode=compile ccache gcc -DHAVE_CONFIG_H -I. -I..  -D__GMP_WITHIN_GMP -I..   -O2 -pedantic -fomit-frame-pointer -m64 -std=gnu17 -c -o n_pow_ui.lo n_pow_ui.c
libtool: compile:  ccache gcc -DHAVE_CONFIG_H -I. -I.. -D__GMP_WITHIN_GMP -I.. -O2 -pedantic -fomit-frame-pointer -m64 -std=gnu17 -c mul_si.c  -fPIC -DPIC -o .libs/mul_si.o
libtool: compile:  ccache gcc -DHAVE_CONFIG_H -I. -I.. -D__GMP_WITHIN_GMP -I.. -O2 -pedantic -fomit-frame-pointer -m64 -std=gnu17 -c mul_ui.c  -fPIC -DPIC -o .libs/mul_ui.o
libtool: compile:  ccache gcc -DHAVE_CONFIG_H -I. -I.. -D__GMP_WITHIN_GMP -I.. -O2 -pedantic -fomit-frame-pointer -m64 -std=gnu17 -c n_pow_ui.c  -fPIC -DPIC -o .libs/n_pow_ui.o
/bin/sh ../libtool  --tag=CC   --mode=compile ccache gcc -DHAVE_CONFIG_H -I. -I..  -D__GMP_WITHIN_GMP -I..   -O2 -pedantic -fomit-frame-pointer -m64 -std=gnu17 -c -o neg.lo neg.c
libtool: compile:  ccache gcc -DHAVE_CONFIG_H -I. -I.. -D__GMP_WITHIN_GMP -I.. -O2 -pedantic -fomit-frame-pointer -m64 -std=gnu17 -c mul_2exp.c -o mul_2exp.o >/dev/null 2>&1
libtool: compile:  ccache gcc -DHAVE_CONFIG_H -I. -I.. -D__GMP_WITHIN_GMP -I.. -O2 -pedantic -fomit-frame-pointer -m64 -std=gnu17 -c mul.c -o mul.o >/dev/null 2>&1
/bin/sh ../libtool  --tag=CC   --mode=compile ccache gcc -DHAVE_CONFIG_H -I. -I..  -D__GMP_WITHIN_GMP -I..   -O2 -pedantic -fomit-frame-pointer -m64 -std=gnu17 -c -o nextprime.lo nextprime.c
libtool: compile:  ccache gcc -DHAVE_CONFIG_H -I. -I.. -D__GMP_WITHIN_GMP -I.. -O2 -pedantic -fomit-frame-pointer -m64 -std=gnu17 -c neg.c  -fPIC -DPIC -o .libs/neg.o
libtool: compile:  ccache gcc -DHAVE_CONFIG_H -I. -I.. -D__GMP_WITHIN_GMP -I.. -O2 -pedantic -fomit-frame-pointer -m64 -std=gnu17 -c mul_si.c -o mul_si.o >/dev/null 2>&1
libtool: compile:  ccache gcc -DHAVE_CONFIG_H -I. -I.. -D__GMP_WITHIN_GMP -I.. -O2 -pedantic -fomit-frame-pointer -m64 -std=gnu17 -c nextprime.c  -fPIC -DPIC -o .libs/nextprime.o
/bin/sh ../libtool  --tag=CC   --mode=compile ccache gcc -DHAVE_CONFIG_H -I. -I..  -D__GMP_WITHIN_GMP -I..   -O2 -pedantic -fomit-frame-pointer -m64 -std=gnu17 -c -o oddfac_1.lo oddfac_1.c
libtool: compile:  ccache gcc -DHAVE_CONFIG_H -I. -I.. -D__GMP_WITHIN_GMP -I.. -O2 -pedantic -fomit-frame-pointer -m64 -std=gnu17 -c mul_ui.c -o mul_ui.o >/dev/null 2>&1
/bin/sh ../libtool  --tag=CC   --mode=compile ccache gcc -DHAVE_CONFIG_H -I. -I..  -D__GMP_WITHIN_GMP -I..   -O2 -pedantic -fomit-frame-pointer -m64 -std=gnu17 -c -o out_raw.lo out_raw.c
libtool: compile:  ccache gcc -DHAVE_CONFIG_H -I. -I.. -D__GMP_WITHIN_GMP -I.. -O2 -pedantic -fomit-frame-pointer -m64 -std=gnu17 -c oddfac_1.c  -fPIC -DPIC -o .libs/oddfac_1.o
libtool: compile:  ccache gcc -DHAVE_CONFIG_H -I. -I.. -D__GMP_WITHIN_GMP -I.. -O2 -pedantic -fomit-frame-pointer -m64 -std=gnu17 -c neg.c -o neg.o >/dev/null 2>&1
libtool: compile:  ccache gcc -DHAVE_CONFIG_H -I. -I.. -D__GMP_WITHIN_GMP -I.. -O2 -pedantic -fomit-frame-pointer -m64 -std=gnu17 -c out_raw.c  -fPIC -DPIC -o .libs/out_raw.o
/bin/sh ../libtool  --tag=CC   --mode=compile ccache gcc -DHAVE_CONFIG_H -I. -I..  -D__GMP_WITHIN_GMP -I..   -O2 -pedantic -fomit-frame-pointer -m64 -std=gnu17 -c -o out_str.lo out_str.c
/bin/sh ../libtool  --tag=CC   --mode=compile ccache gcc -DHAVE_CONFIG_H -I. -I..  -D__GMP_WITHIN_GMP -I..   -O2 -pedantic -fomit-frame-pointer -m64 -std=gnu17 -c -o perfpow.lo perfpow.c
/bin/sh ../libtool  --tag=CC   --mode=compile ccache gcc -DHAVE_CONFIG_H -I. -I..  -D__GMP_WITHIN_GMP -I..   -O2 -pedantic -fomit-frame-pointer -m64 -std=gnu17 -c -o perfsqr.lo perfsqr.c
libtool: compile:  ccache gcc -DHAVE_CONFIG_H -I. -I.. -D__GMP_WITHIN_GMP -I.. -O2 -pedantic -fomit-frame-pointer -m64 -std=gnu17 -c n_pow_ui.c -o n_pow_ui.o >/dev/null 2>&1
libtool: compile:  ccache gcc -DHAVE_CONFIG_H -I. -I.. -D__GMP_WITHIN_GMP -I.. -O2 -pedantic -fomit-frame-pointer -m64 -std=gnu17 -c out_str.c  -fPIC -DPIC -o .libs/out_str.o
libtool: compile:  ccache gcc -DHAVE_CONFIG_H -I. -I.. -D__GMP_WITHIN_GMP -I.. -O2 -pedantic -fomit-frame-pointer -m64 -std=gnu17 -c perfpow.c  -fPIC -DPIC -o .libs/perfpow.o
libtool: compile:  ccache gcc -DHAVE_CONFIG_H -I. -I.. -D__GMP_WITHIN_GMP -I.. -O2 -pedantic -fomit-frame-pointer -m64 -std=gnu17 -c perfsqr.c  -fPIC -DPIC -o .libs/perfsqr.o
/bin/sh ../libtool  --tag=CC   --mode=compile ccache gcc -DHAVE_CONFIG_H -I. -I..  -D__GMP_WITHIN_GMP -I..   -O2 -pedantic -fomit-frame-pointer -m64 -std=gnu17 -c -o popcount.lo popcount.c
libtool: compile:  ccache gcc -DHAVE_CONFIG_H -I. -I.. -D__GMP_WITHIN_GMP -I.. -O2 -pedantic -fomit-frame-pointer -m64 -std=gnu17 -c nextprime.c -o nextprime.o >/dev/null 2>&1
libtool: compile:  ccache gcc -DHAVE_CONFIG_H -I. -I.. -D__GMP_WITHIN_GMP -I.. -O2 -pedantic -fomit-frame-pointer -m64 -std=gnu17 -c out_raw.c -o out_raw.o >/dev/null 2>&1
libtool: compile:  ccache gcc -DHAVE_CONFIG_H -I. -I.. -D__GMP_WITHIN_GMP -I.. -O2 -pedantic -fomit-frame-pointer -m64 -std=gnu17 -c popcount.c  -fPIC -DPIC -o .libs/popcount.o
libtool: compile:  ccache gcc -DHAVE_CONFIG_H -I. -I.. -D__GMP_WITHIN_GMP -I.. -O2 -pedantic -fomit-frame-pointer -m64 -std=gnu17 -c perfpow.c -o perfpow.o >/dev/null 2>&1
libtool: compile:  ccache gcc -DHAVE_CONFIG_H -I. -I.. -D__GMP_WITHIN_GMP -I.. -O2 -pedantic -fomit-frame-pointer -m64 -std=gnu17 -c out_str.c -o out_str.o >/dev/null 2>&1
libtool: compile:  ccache gcc -DHAVE_CONFIG_H -I. -I.. -D__GMP_WITHIN_GMP -I.. -O2 -pedantic -fomit-frame-pointer -m64 -std=gnu17 -c perfsqr.c -o perfsqr.o >/dev/null 2>&1
libtool: compile:  ccache gcc -DHAVE_CONFIG_H -I. -I.. -D__GMP_WITHIN_GMP -I.. -O2 -pedantic -fomit-frame-pointer -m64 -std=gnu17 -c oddfac_1.c -o oddfac_1.o >/dev/null 2>&1
libtool: compile:  ccache gcc -DHAVE_CONFIG_H -I. -I.. -D__GMP_WITHIN_GMP -I.. -O2 -pedantic -fomit-frame-pointer -m64 -std=gnu17 -c popcount.c -o popcount.o >/dev/null 2>&1
/bin/sh ../libtool  --tag=CC   --mode=compile ccache gcc -DHAVE_CONFIG_H -I. -I..  -D__GMP_WITHIN_GMP -I..   -O2 -pedantic -fomit-frame-pointer -m64 -std=gnu17 -c -o pow_ui.lo pow_ui.c
/bin/sh ../libtool  --tag=CC   --mode=compile ccache gcc -DHAVE_CONFIG_H -I. -I..  -D__GMP_WITHIN_GMP -I..   -O2 -pedantic -fomit-frame-pointer -m64 -std=gnu17 -c -o powm.lo powm.c
/bin/sh ../libtool  --tag=CC   --mode=compile ccache gcc -DHAVE_CONFIG_H -I. -I..  -D__GMP_WITHIN_GMP -I..   -O2 -pedantic -fomit-frame-pointer -m64 -std=gnu17 -c -o powm_sec.lo powm_sec.c
libtool: compile:  ccache gcc -DHAVE_CONFIG_H -I. -I.. -D__GMP_WITHIN_GMP -I.. -O2 -pedantic -fomit-frame-pointer -m64 -std=gnu17 -c pow_ui.c  -fPIC -DPIC -o .libs/pow_ui.o
/bin/sh ../libtool  --tag=CC   --mode=compile ccache gcc -DHAVE_CONFIG_H -I. -I..  -D__GMP_WITHIN_GMP -I..   -O2 -pedantic -fomit-frame-pointer -m64 -std=gnu17 -c -o powm_ui.lo powm_ui.c
libtool: compile:  ccache gcc -DHAVE_CONFIG_H -I. -I.. -D__GMP_WITHIN_GMP -I.. -O2 -pedantic -fomit-frame-pointer -m64 -std=gnu17 -c powm.c  -fPIC -DPIC -o .libs/powm.o
/bin/sh ../libtool  --tag=CC   --mode=compile ccache gcc -DHAVE_CONFIG_H -I. -I..  -D__GMP_WITHIN_GMP -I..   -O2 -pedantic -fomit-frame-pointer -m64 -std=gnu17 -c -o pprime_p.lo pprime_p.c
/bin/sh ../libtool  --tag=CC   --mode=compile ccache gcc -DHAVE_CONFIG_H -I. -I..  -D__GMP_WITHIN_GMP -I..   -O2 -pedantic -fomit-frame-pointer -m64 -std=gnu17 -c -o prodlimbs.lo prodlimbs.c
/bin/sh ../libtool  --tag=CC   --mode=compile ccache gcc -DHAVE_CONFIG_H -I. -I..  -D__GMP_WITHIN_GMP -I..   -O2 -pedantic -fomit-frame-pointer -m64 -std=gnu17 -c -o primorial_ui.lo primorial_ui.c
libtool: compile:  ccache gcc -DHAVE_CONFIG_H -I. -I.. -D__GMP_WITHIN_GMP -I.. -O2 -pedantic -fomit-frame-pointer -m64 -std=gnu17 -c powm_ui.c  -fPIC -DPIC -o .libs/powm_ui.o
libtool: compile:  ccache gcc -DHAVE_CONFIG_H -I. -I.. -D__GMP_WITHIN_GMP -I.. -O2 -pedantic -fomit-frame-pointer -m64 -std=gnu17 -c powm_sec.c  -fPIC -DPIC -o .libs/powm_sec.o
libtool: compile:  ccache gcc -DHAVE_CONFIG_H -I. -I.. -D__GMP_WITHIN_GMP -I.. -O2 -pedantic -fomit-frame-pointer -m64 -std=gnu17 -c pprime_p.c  -fPIC -DPIC -o .libs/pprime_p.o
libtool: compile:  ccache gcc -DHAVE_CONFIG_H -I. -I.. -D__GMP_WITHIN_GMP -I.. -O2 -pedantic -fomit-frame-pointer -m64 -std=gnu17 -c prodlimbs.c  -fPIC -DPIC -o .libs/prodlimbs.o
libtool: compile:  ccache gcc -DHAVE_CONFIG_H -I. -I.. -D__GMP_WITHIN_GMP -I.. -O2 -pedantic -fomit-frame-pointer -m64 -std=gnu17 -c primorial_ui.c  -fPIC -DPIC -o .libs/primorial_ui.o
libtool: compile:  ccache gcc -DHAVE_CONFIG_H -I. -I.. -D__GMP_WITHIN_GMP -I.. -O2 -pedantic -fomit-frame-pointer -m64 -std=gnu17 -c pow_ui.c -o pow_ui.o >/dev/null 2>&1
/bin/sh ../libtool  --tag=CC   --mode=compile ccache gcc -DHAVE_CONFIG_H -I. -I..  -D__GMP_WITHIN_GMP -I..   -O2 -pedantic -fomit-frame-pointer -m64 -std=gnu17 -c -o random.lo random.c
libtool: compile:  ccache gcc -DHAVE_CONFIG_H -I. -I.. -D__GMP_WITHIN_GMP -I.. -O2 -pedantic -fomit-frame-pointer -m64 -std=gnu17 -c powm_sec.c -o powm_sec.o >/dev/null 2>&1
libtool: compile:  ccache gcc -DHAVE_CONFIG_H -I. -I.. -D__GMP_WITHIN_GMP -I.. -O2 -pedantic -fomit-frame-pointer -m64 -std=gnu17 -c prodlimbs.c -o prodlimbs.o >/dev/null 2>&1
/bin/sh ../libtool  --tag=CC   --mode=compile ccache gcc -DHAVE_CONFIG_H -I. -I..  -D__GMP_WITHIN_GMP -I..   -O2 -pedantic -fomit-frame-pointer -m64 -std=gnu17 -c -o random2.lo random2.c
libtool: compile:  ccache gcc -DHAVE_CONFIG_H -I. -I.. -D__GMP_WITHIN_GMP -I.. -O2 -pedantic -fomit-frame-pointer -m64 -std=gnu17 -c pprime_p.c -o pprime_p.o >/dev/null 2>&1
libtool: compile:  ccache gcc -DHAVE_CONFIG_H -I. -I.. -D__GMP_WITHIN_GMP -I.. -O2 -pedantic -fomit-frame-pointer -m64 -std=gnu17 -c random.c  -fPIC -DPIC -o .libs/random.o
libtool: compile:  ccache gcc -DHAVE_CONFIG_H -I. -I.. -D__GMP_WITHIN_GMP -I.. -O2 -pedantic -fomit-frame-pointer -m64 -std=gnu17 -c primorial_ui.c -o primorial_ui.o >/dev/null 2>&1
libtool: compile:  ccache gcc -DHAVE_CONFIG_H -I. -I.. -D__GMP_WITHIN_GMP -I.. -O2 -pedantic -fomit-frame-pointer -m64 -std=gnu17 -c random2.c  -fPIC -DPIC -o .libs/random2.o
libtool: compile:  ccache gcc -DHAVE_CONFIG_H -I. -I.. -D__GMP_WITHIN_GMP -I.. -O2 -pedantic -fomit-frame-pointer -m64 -std=gnu17 -c powm_ui.c -o powm_ui.o >/dev/null 2>&1
libtool: compile:  ccache gcc -DHAVE_CONFIG_H -I. -I.. -D__GMP_WITHIN_GMP -I.. -O2 -pedantic -fomit-frame-pointer -m64 -std=gnu17 -c powm.c -o powm.o >/dev/null 2>&1
/bin/sh ../libtool  --tag=CC   --mode=compile ccache gcc -DHAVE_CONFIG_H -I. -I..  -D__GMP_WITHIN_GMP -I..   -O2 -pedantic -fomit-frame-pointer -m64 -std=gnu17 -c -o realloc.lo realloc.c
libtool: compile:  ccache gcc -DHAVE_CONFIG_H -I. -I.. -D__GMP_WITHIN_GMP -I.. -O2 -pedantic -fomit-frame-pointer -m64 -std=gnu17 -c random.c -o random.o >/dev/null 2>&1
/bin/sh ../libtool  --tag=CC   --mode=compile ccache gcc -DHAVE_CONFIG_H -I. -I..  -D__GMP_WITHIN_GMP -I..   -O2 -pedantic -fomit-frame-pointer -m64 -std=gnu17 -c -o realloc2.lo realloc2.c
/bin/sh ../libtool  --tag=CC   --mode=compile ccache gcc -DHAVE_CONFIG_H -I. -I..  -D__GMP_WITHIN_GMP -I..   -O2 -pedantic -fomit-frame-pointer -m64 -std=gnu17 -c -o remove.lo remove.c
libtool: compile:  ccache gcc -DHAVE_CONFIG_H -I. -I.. -D__GMP_WITHIN_GMP -I.. -O2 -pedantic -fomit-frame-pointer -m64 -std=gnu17 -c random2.c -o random2.o >/dev/null 2>&1
/bin/sh ../libtool  --tag=CC   --mode=compile ccache gcc -DHAVE_CONFIG_H -I. -I..  -D__GMP_WITHIN_GMP -I..   -O2 -pedantic -fomit-frame-pointer -m64 -std=gnu17 -c -o roinit_n.lo roinit_n.c
libtool: compile:  ccache gcc -DHAVE_CONFIG_H -I. -I.. -D__GMP_WITHIN_GMP -I.. -O2 -pedantic -fomit-frame-pointer -m64 -std=gnu17 -c realloc.c  -fPIC -DPIC -o .libs/realloc.o
libtool: compile:  ccache gcc -DHAVE_CONFIG_H -I. -I.. -D__GMP_WITHIN_GMP -I.. -O2 -pedantic -fomit-frame-pointer -m64 -std=gnu17 -c realloc2.c  -fPIC -DPIC -o .libs/realloc2.o
libtool: compile:  ccache gcc -DHAVE_CONFIG_H -I. -I.. -D__GMP_WITHIN_GMP -I.. -O2 -pedantic -fomit-frame-pointer -m64 -std=gnu17 -c remove.c  -fPIC -DPIC -o .libs/remove.o
libtool: compile:  ccache gcc -DHAVE_CONFIG_H -I. -I.. -D__GMP_WITHIN_GMP -I.. -O2 -pedantic -fomit-frame-pointer -m64 -std=gnu17 -c roinit_n.c  -fPIC -DPIC -o .libs/roinit_n.o
/bin/sh ../libtool  --tag=CC   --mode=compile ccache gcc -DHAVE_CONFIG_H -I. -I..  -D__GMP_WITHIN_GMP -I..   -O2 -pedantic -fomit-frame-pointer -m64 -std=gnu17 -c -o root.lo root.c
/bin/sh ../libtool  --tag=CC   --mode=compile ccache gcc -DHAVE_CONFIG_H -I. -I..  -D__GMP_WITHIN_GMP -I..   -O2 -pedantic -fomit-frame-pointer -m64 -std=gnu17 -c -o rootrem.lo rootrem.c
libtool: compile:  ccache gcc -DHAVE_CONFIG_H -I. -I.. -D__GMP_WITHIN_GMP -I.. -O2 -pedantic -fomit-frame-pointer -m64 -std=gnu17 -c realloc.c -o realloc.o >/dev/null 2>&1
libtool: compile:  ccache gcc -DHAVE_CONFIG_H -I. -I.. -D__GMP_WITHIN_GMP -I.. -O2 -pedantic -fomit-frame-pointer -m64 -std=gnu17 -c realloc2.c -o realloc2.o >/dev/null 2>&1
/bin/sh ../libtool  --tag=CC   --mode=compile ccache gcc -DHAVE_CONFIG_H -I. -I..  -D__GMP_WITHIN_GMP -I..   -O2 -pedantic -fomit-frame-pointer -m64 -std=gnu17 -c -o rrandomb.lo rrandomb.c
libtool: compile:  ccache gcc -DHAVE_CONFIG_H -I. -I.. -D__GMP_WITHIN_GMP -I.. -O2 -pedantic -fomit-frame-pointer -m64 -std=gnu17 -c rootrem.c  -fPIC -DPIC -o .libs/rootrem.o
libtool: compile:  ccache gcc -DHAVE_CONFIG_H -I. -I.. -D__GMP_WITHIN_GMP -I.. -O2 -pedantic -fomit-frame-pointer -m64 -std=gnu17 -c root.c  -fPIC -DPIC -o .libs/root.o
libtool: compile:  ccache gcc -DHAVE_CONFIG_H -I. -I.. -D__GMP_WITHIN_GMP -I.. -O2 -pedantic -fomit-frame-pointer -m64 -std=gnu17 -c remove.c -o remove.o >/dev/null 2>&1
libtool: compile:  ccache gcc -DHAVE_CONFIG_H -I. -I.. -D__GMP_WITHIN_GMP -I.. -O2 -pedantic -fomit-frame-pointer -m64 -std=gnu17 -c rrandomb.c  -fPIC -DPIC -o .libs/rrandomb.o
libtool: compile:  ccache gcc -DHAVE_CONFIG_H -I. -I.. -D__GMP_WITHIN_GMP -I.. -O2 -pedantic -fomit-frame-pointer -m64 -std=gnu17 -c roinit_n.c -o roinit_n.o >/dev/null 2>&1
/bin/sh ../libtool  --tag=CC   --mode=compile ccache gcc -DHAVE_CONFIG_H -I. -I..  -D__GMP_WITHIN_GMP -I..   -O2 -pedantic -fomit-frame-pointer -m64 -std=gnu17 -c -o scan0.lo scan0.c
/bin/sh ../libtool  --tag=CC   --mode=compile ccache gcc -DHAVE_CONFIG_H -I. -I..  -D__GMP_WITHIN_GMP -I..   -O2 -pedantic -fomit-frame-pointer -m64 -std=gnu17 -c -o scan1.lo scan1.c
/bin/sh ../libtool  --tag=CC   --mode=compile ccache gcc -DHAVE_CONFIG_H -I. -I..  -D__GMP_WITHIN_GMP -I..   -O2 -pedantic -fomit-frame-pointer -m64 -std=gnu17 -c -o set.lo set.c
libtool: compile:  ccache gcc -DHAVE_CONFIG_H -I. -I.. -D__GMP_WITHIN_GMP -I.. -O2 -pedantic -fomit-frame-pointer -m64 -std=gnu17 -c scan0.c  -fPIC -DPIC -o .libs/scan0.o
libtool: compile:  ccache gcc -DHAVE_CONFIG_H -I. -I.. -D__GMP_WITHIN_GMP -I.. -O2 -pedantic -fomit-frame-pointer -m64 -std=gnu17 -c root.c -o root.o >/dev/null 2>&1
libtool: compile:  ccache gcc -DHAVE_CONFIG_H -I. -I.. -D__GMP_WITHIN_GMP -I.. -O2 -pedantic -fomit-frame-pointer -m64 -std=gnu17 -c scan1.c  -fPIC -DPIC -o .libs/scan1.o
libtool: compile:  ccache gcc -DHAVE_CONFIG_H -I. -I.. -D__GMP_WITHIN_GMP -I.. -O2 -pedantic -fomit-frame-pointer -m64 -std=gnu17 -c rootrem.c -o rootrem.o >/dev/null 2>&1
libtool: compile:  ccache gcc -DHAVE_CONFIG_H -I. -I.. -D__GMP_WITHIN_GMP -I.. -O2 -pedantic -fomit-frame-pointer -m64 -std=gnu17 -c set.c  -fPIC -DPIC -o .libs/set.o
libtool: compile:  ccache gcc -DHAVE_CONFIG_H -I. -I.. -D__GMP_WITHIN_GMP -I.. -O2 -pedantic -fomit-frame-pointer -m64 -std=gnu17 -c rrandomb.c -o rrandomb.o >/dev/null 2>&1
/bin/sh ../libtool  --tag=CC   --mode=compile ccache gcc -DHAVE_CONFIG_H -I. -I..  -D__GMP_WITHIN_GMP -I..   -O2 -pedantic -fomit-frame-pointer -m64 -std=gnu17 -c -o set_d.lo set_d.c
/bin/sh ../libtool  --tag=CC   --mode=compile ccache gcc -DHAVE_CONFIG_H -I. -I..  -D__GMP_WITHIN_GMP -I..   -O2 -pedantic -fomit-frame-pointer -m64 -std=gnu17 -c -o set_f.lo set_f.c
libtool: compile:  ccache gcc -DHAVE_CONFIG_H -I. -I.. -D__GMP_WITHIN_GMP -I.. -O2 -pedantic -fomit-frame-pointer -m64 -std=gnu17 -c set_d.c  -fPIC -DPIC -o .libs/set_d.o
libtool: compile:  ccache gcc -DHAVE_CONFIG_H -I. -I.. -D__GMP_WITHIN_GMP -I.. -O2 -pedantic -fomit-frame-pointer -m64 -std=gnu17 -c set.c -o set.o >/dev/null 2>&1
libtool: compile:  ccache gcc -DHAVE_CONFIG_H -I. -I.. -D__GMP_WITHIN_GMP -I.. -O2 -pedantic -fomit-frame-pointer -m64 -std=gnu17 -c set_f.c  -fPIC -DPIC -o .libs/set_f.o
libtool: compile:  ccache gcc -DHAVE_CONFIG_H -I. -I.. -D__GMP_WITHIN_GMP -I.. -O2 -pedantic -fomit-frame-pointer -m64 -std=gnu17 -c scan1.c -o scan1.o >/dev/null 2>&1
libtool: compile:  ccache gcc -DHAVE_CONFIG_H -I. -I.. -D__GMP_WITHIN_GMP -I.. -O2 -pedantic -fomit-frame-pointer -m64 -std=gnu17 -c scan0.c -o scan0.o >/dev/null 2>&1
/bin/sh ../libtool  --tag=CC   --mode=compile ccache gcc -DHAVE_CONFIG_H -I. -I..  -D__GMP_WITHIN_GMP -I..   -O2 -pedantic -fomit-frame-pointer -m64 -std=gnu17 -c -o set_q.lo set_q.c
/bin/sh ../libtool  --tag=CC   --mode=compile ccache gcc -DHAVE_CONFIG_H -I. -I..  -D__GMP_WITHIN_GMP -I..   -O2 -pedantic -fomit-frame-pointer -m64 -std=gnu17 -c -o set_si.lo set_si.c
/bin/sh ../libtool  --tag=CC   --mode=compile ccache gcc -DHAVE_CONFIG_H -I. -I..  -D__GMP_WITHIN_GMP -I..   -O2 -pedantic -fomit-frame-pointer -m64 -std=gnu17 -c -o set_str.lo set_str.c
libtool: compile:  ccache gcc -DHAVE_CONFIG_H -I. -I.. -D__GMP_WITHIN_GMP -I.. -O2 -pedantic -fomit-frame-pointer -m64 -std=gnu17 -c set_si.c  -fPIC -DPIC -o .libs/set_si.o
libtool: compile:  ccache gcc -DHAVE_CONFIG_H -I. -I.. -D__GMP_WITHIN_GMP -I.. -O2 -pedantic -fomit-frame-pointer -m64 -std=gnu17 -c set_f.c -o set_f.o >/dev/null 2>&1
libtool: compile:  ccache gcc -DHAVE_CONFIG_H -I. -I.. -D__GMP_WITHIN_GMP -I.. -O2 -pedantic -fomit-frame-pointer -m64 -std=gnu17 -c set_q.c  -fPIC -DPIC -o .libs/set_q.o
libtool: compile:  ccache gcc -DHAVE_CONFIG_H -I. -I.. -D__GMP_WITHIN_GMP -I.. -O2 -pedantic -fomit-frame-pointer -m64 -std=gnu17 -c set_str.c  -fPIC -DPIC -o .libs/set_str.o
/bin/sh ../libtool  --tag=CC   --mode=compile ccache gcc -DHAVE_CONFIG_H -I. -I..  -D__GMP_WITHIN_GMP -I..   -O2 -pedantic -fomit-frame-pointer -m64 -std=gnu17 -c -o set_ui.lo set_ui.c
/bin/sh ../libtool  --tag=CC   --mode=compile ccache gcc -DHAVE_CONFIG_H -I. -I..  -D__GMP_WITHIN_GMP -I..   -O2 -pedantic -fomit-frame-pointer -m64 -std=gnu17 -c -o setbit.lo setbit.c
/bin/sh ../libtool  --tag=CC   --mode=compile ccache gcc -DHAVE_CONFIG_H -I. -I..  -D__GMP_WITHIN_GMP -I..   -O2 -pedantic -fomit-frame-pointer -m64 -std=gnu17 -c -o size.lo size.c
libtool: compile:  ccache gcc -DHAVE_CONFIG_H -I. -I.. -D__GMP_WITHIN_GMP -I.. -O2 -pedantic -fomit-frame-pointer -m64 -std=gnu17 -c set_d.c -o set_d.o >/dev/null 2>&1
libtool: compile:  ccache gcc -DHAVE_CONFIG_H -I. -I.. -D__GMP_WITHIN_GMP -I.. -O2 -pedantic -fomit-frame-pointer -m64 -std=gnu17 -c set_ui.c  -fPIC -DPIC -o .libs/set_ui.o
libtool: compile:  ccache gcc -DHAVE_CONFIG_H -I. -I.. -D__GMP_WITHIN_GMP -I.. -O2 -pedantic -fomit-frame-pointer -m64 -std=gnu17 -c setbit.c  -fPIC -DPIC -o .libs/setbit.o
libtool: compile:  ccache gcc -DHAVE_CONFIG_H -I. -I.. -D__GMP_WITHIN_GMP -I.. -O2 -pedantic -fomit-frame-pointer -m64 -std=gnu17 -c set_si.c -o set_si.o >/dev/null 2>&1
libtool: compile:  ccache gcc -DHAVE_CONFIG_H -I. -I.. -D__GMP_WITHIN_GMP -I.. -O2 -pedantic -fomit-frame-pointer -m64 -std=gnu17 -c set_q.c -o set_q.o >/dev/null 2>&1
libtool: compile:  ccache gcc -DHAVE_CONFIG_H -I. -I.. -D__GMP_WITHIN_GMP -I.. -O2 -pedantic -fomit-frame-pointer -m64 -std=gnu17 -c size.c  -fPIC -DPIC -o .libs/size.o
/bin/sh ../libtool  --tag=CC   --mode=compile ccache gcc -DHAVE_CONFIG_H -I. -I..  -D__GMP_WITHIN_GMP -I..   -O2 -pedantic -fomit-frame-pointer -m64 -std=gnu17 -c -o sizeinbase.lo sizeinbase.c
libtool: compile:  ccache gcc -DHAVE_CONFIG_H -I. -I.. -D__GMP_WITHIN_GMP -I.. -O2 -pedantic -fomit-frame-pointer -m64 -std=gnu17 -c set_ui.c -o set_ui.o >/dev/null 2>&1
libtool: compile:  ccache gcc -DHAVE_CONFIG_H -I. -I.. -D__GMP_WITHIN_GMP -I.. -O2 -pedantic -fomit-frame-pointer -m64 -std=gnu17 -c sizeinbase.c  -fPIC -DPIC -o .libs/sizeinbase.o
/bin/sh ../libtool  --tag=CC   --mode=compile ccache gcc -DHAVE_CONFIG_H -I. -I..  -D__GMP_WITHIN_GMP -I..   -O2 -pedantic -fomit-frame-pointer -m64 -std=gnu17 -c -o sqrt.lo sqrt.c
libtool: compile:  ccache gcc -DHAVE_CONFIG_H -I. -I.. -D__GMP_WITHIN_GMP -I.. -O2 -pedantic -fomit-frame-pointer -m64 -std=gnu17 -c set_str.c -o set_str.o >/dev/null 2>&1
/bin/sh ../libtool  --tag=CC   --mode=compile ccache gcc -DHAVE_CONFIG_H -I. -I..  -D__GMP_WITHIN_GMP -I..   -O2 -pedantic -fomit-frame-pointer -m64 -std=gnu17 -c -o sqrtrem.lo sqrtrem.c
libtool: compile:  ccache gcc -DHAVE_CONFIG_H -I. -I.. -D__GMP_WITHIN_GMP -I.. -O2 -pedantic -fomit-frame-pointer -m64 -std=gnu17 -c sqrt.c  -fPIC -DPIC -o .libs/sqrt.o
libtool: compile:  ccache gcc -DHAVE_CONFIG_H -I. -I.. -D__GMP_WITHIN_GMP -I.. -O2 -pedantic -fomit-frame-pointer -m64 -std=gnu17 -c setbit.c -o setbit.o >/dev/null 2>&1
/bin/sh ../libtool  --tag=CC   --mode=compile ccache gcc -DHAVE_CONFIG_H -I. -I..  -D__GMP_WITHIN_GMP -I..   -O2 -pedantic -fomit-frame-pointer -m64 -std=gnu17 -c -o stronglucas.lo stronglucas.c
libtool: compile:  ccache gcc -DHAVE_CONFIG_H -I. -I.. -D__GMP_WITHIN_GMP -I.. -O2 -pedantic -fomit-frame-pointer -m64 -std=gnu17 -c sqrtrem.c  -fPIC -DPIC -o .libs/sqrtrem.o
libtool: compile:  ccache gcc -DHAVE_CONFIG_H -I. -I.. -D__GMP_WITHIN_GMP -I.. -O2 -pedantic -fomit-frame-pointer -m64 -std=gnu17 -c size.c -o size.o >/dev/null 2>&1
libtool: compile:  ccache gcc -DHAVE_CONFIG_H -I. -I.. -D__GMP_WITHIN_GMP -I.. -O2 -pedantic -fomit-frame-pointer -m64 -std=gnu17 -c stronglucas.c  -fPIC -DPIC -o .libs/stronglucas.o
/bin/sh ../libtool  --tag=CC   --mode=compile ccache gcc -DHAVE_CONFIG_H -I. -I..  -D__GMP_WITHIN_GMP -I..   -O2 -pedantic -fomit-frame-pointer -m64 -std=gnu17 -c -o sub.lo sub.c
libtool: compile:  ccache gcc -DHAVE_CONFIG_H -I. -I.. -D__GMP_WITHIN_GMP -I.. -O2 -pedantic -fomit-frame-pointer -m64 -std=gnu17 -c sizeinbase.c -o sizeinbase.o >/dev/null 2>&1
libtool: compile:  ccache gcc -DHAVE_CONFIG_H -I. -I.. -D__GMP_WITHIN_GMP -I.. -O2 -pedantic -fomit-frame-pointer -m64 -std=gnu17 -c sub.c  -fPIC -DPIC -o .libs/sub.o
/bin/sh ../libtool  --tag=CC   --mode=compile ccache gcc -DHAVE_CONFIG_H -I. -I..  -D__GMP_WITHIN_GMP -I..   -O2 -pedantic -fomit-frame-pointer -m64 -std=gnu17 -c -o sub_ui.lo sub_ui.c
/bin/sh ../libtool  --tag=CC   --mode=compile ccache gcc -DHAVE_CONFIG_H -I. -I..  -D__GMP_WITHIN_GMP -I..   -O2 -pedantic -fomit-frame-pointer -m64 -std=gnu17 -c -o swap.lo swap.c
libtool: compile:  ccache gcc -DHAVE_CONFIG_H -I. -I.. -D__GMP_WITHIN_GMP -I.. -O2 -pedantic -fomit-frame-pointer -m64 -std=gnu17 -c sqrt.c -o sqrt.o >/dev/null 2>&1
/bin/sh ../libtool  --tag=CC   --mode=compile ccache gcc -DHAVE_CONFIG_H -I. -I..  -D__GMP_WITHIN_GMP -I..   -O2 -pedantic -fomit-frame-pointer -m64 -std=gnu17 -c -o tdiv_ui.lo tdiv_ui.c
libtool: compile:  ccache gcc -DHAVE_CONFIG_H -I. -I.. -D__GMP_WITHIN_GMP -I.. -O2 -pedantic -fomit-frame-pointer -m64 -std=gnu17 -c sqrtrem.c -o sqrtrem.o >/dev/null 2>&1
libtool: compile:  ccache gcc -DHAVE_CONFIG_H -I. -I.. -D__GMP_WITHIN_GMP -I.. -O2 -pedantic -fomit-frame-pointer -m64 -std=gnu17 -c sub_ui.c  -fPIC -DPIC -o .libs/sub_ui.o
libtool: compile:  ccache gcc -DHAVE_CONFIG_H -I. -I.. -D__GMP_WITHIN_GMP -I.. -O2 -pedantic -fomit-frame-pointer -m64 -std=gnu17 -c swap.c  -fPIC -DPIC -o .libs/swap.o
libtool: compile:  ccache gcc -DHAVE_CONFIG_H -I. -I.. -D__GMP_WITHIN_GMP -I.. -O2 -pedantic -fomit-frame-pointer -m64 -std=gnu17 -c tdiv_ui.c  -fPIC -DPIC -o .libs/tdiv_ui.o
/bin/sh ../libtool  --tag=CC   --mode=compile ccache gcc -DHAVE_CONFIG_H -I. -I..  -D__GMP_WITHIN_GMP -I..   -O2 -pedantic -fomit-frame-pointer -m64 -std=gnu17 -c -o tdiv_q.lo tdiv_q.c
libtool: compile:  ccache gcc -DHAVE_CONFIG_H -I. -I.. -D__GMP_WITHIN_GMP -I.. -O2 -pedantic -fomit-frame-pointer -m64 -std=gnu17 -c stronglucas.c -o stronglucas.o >/dev/null 2>&1
libtool: compile:  ccache gcc -DHAVE_CONFIG_H -I. -I.. -D__GMP_WITHIN_GMP -I.. -O2 -pedantic -fomit-frame-pointer -m64 -std=gnu17 -c tdiv_q.c  -fPIC -DPIC -o .libs/tdiv_q.o
/bin/sh ../libtool  --tag=CC   --mode=compile ccache gcc -DHAVE_CONFIG_H -I. -I..  -D__GMP_WITHIN_GMP -I..   -O2 -pedantic -fomit-frame-pointer -m64 -std=gnu17 -c -o tdiv_q_2exp.lo tdiv_q_2exp.c
libtool: compile:  ccache gcc -DHAVE_CONFIG_H -I. -I.. -D__GMP_WITHIN_GMP -I.. -O2 -pedantic -fomit-frame-pointer -m64 -std=gnu17 -c sub.c -o sub.o >/dev/null 2>&1
libtool: compile:  ccache gcc -DHAVE_CONFIG_H -I. -I.. -D__GMP_WITHIN_GMP -I.. -O2 -pedantic -fomit-frame-pointer -m64 -std=gnu17 -c sub_ui.c -o sub_ui.o >/dev/null 2>&1
libtool: compile:  ccache gcc -DHAVE_CONFIG_H -I. -I.. -D__GMP_WITHIN_GMP -I.. -O2 -pedantic -fomit-frame-pointer -m64 -std=gnu17 -c tdiv_q_2exp.c  -fPIC -DPIC -o .libs/tdiv_q_2exp.o
libtool: compile:  ccache gcc -DHAVE_CONFIG_H -I. -I.. -D__GMP_WITHIN_GMP -I.. -O2 -pedantic -fomit-frame-pointer -m64 -std=gnu17 -c tdiv_ui.c -o tdiv_ui.o >/dev/null 2>&1
/bin/sh ../libtool  --tag=CC   --mode=compile ccache gcc -DHAVE_CONFIG_H -I. -I..  -D__GMP_WITHIN_GMP -I..   -O2 -pedantic -fomit-frame-pointer -m64 -std=gnu17 -c -o tdiv_q_ui.lo tdiv_q_ui.c
libtool: compile:  ccache gcc -DHAVE_CONFIG_H -I. -I.. -D__GMP_WITHIN_GMP -I.. -O2 -pedantic -fomit-frame-pointer -m64 -std=gnu17 -c swap.c -o swap.o >/dev/null 2>&1
libtool: compile:  ccache gcc -DHAVE_CONFIG_H -I. -I.. -D__GMP_WITHIN_GMP -I.. -O2 -pedantic -fomit-frame-pointer -m64 -std=gnu17 -c tdiv_q_ui.c  -fPIC -DPIC -o .libs/tdiv_q_ui.o
libtool: compile:  ccache gcc -DHAVE_CONFIG_H -I. -I.. -D__GMP_WITHIN_GMP -I.. -O2 -pedantic -fomit-frame-pointer -m64 -std=gnu17 -c tdiv_q.c -o tdiv_q.o >/dev/null 2>&1
/bin/sh ../libtool  --tag=CC   --mode=compile ccache gcc -DHAVE_CONFIG_H -I. -I..  -D__GMP_WITHIN_GMP -I..   -O2 -pedantic -fomit-frame-pointer -m64 -std=gnu17 -c -o tdiv_qr.lo tdiv_qr.c
/bin/sh ../libtool  --tag=CC   --mode=compile ccache gcc -DHAVE_CONFIG_H -I. -I..  -D__GMP_WITHIN_GMP -I..   -O2 -pedantic -fomit-frame-pointer -m64 -std=gnu17 -c -o tdiv_qr_ui.lo tdiv_qr_ui.c
libtool: compile:  ccache gcc -DHAVE_CONFIG_H -I. -I.. -D__GMP_WITHIN_GMP -I.. -O2 -pedantic -fomit-frame-pointer -m64 -std=gnu17 -c tdiv_q_2exp.c -o tdiv_q_2exp.o >/dev/null 2>&1
/bin/sh ../libtool  --tag=CC   --mode=compile ccache gcc -DHAVE_CONFIG_H -I. -I..  -D__GMP_WITHIN_GMP -I..   -O2 -pedantic -fomit-frame-pointer -m64 -std=gnu17 -c -o tdiv_r.lo tdiv_r.c
/bin/sh ../libtool  --tag=CC   --mode=compile ccache gcc -DHAVE_CONFIG_H -I. -I..  -D__GMP_WITHIN_GMP -I..   -O2 -pedantic -fomit-frame-pointer -m64 -std=gnu17 -c -o tdiv_r_2exp.lo tdiv_r_2exp.c
libtool: compile:  ccache gcc -DHAVE_CONFIG_H -I. -I.. -D__GMP_WITHIN_GMP -I.. -O2 -pedantic -fomit-frame-pointer -m64 -std=gnu17 -c tdiv_qr.c  -fPIC -DPIC -o .libs/tdiv_qr.o
libtool: compile:  ccache gcc -DHAVE_CONFIG_H -I. -I.. -D__GMP_WITHIN_GMP -I.. -O2 -pedantic -fomit-frame-pointer -m64 -std=gnu17 -c tdiv_qr_ui.c  -fPIC -DPIC -o .libs/tdiv_qr_ui.o
/bin/sh ../libtool  --tag=CC   --mode=compile ccache gcc -DHAVE_CONFIG_H -I. -I..  -D__GMP_WITHIN_GMP -I..   -O2 -pedantic -fomit-frame-pointer -m64 -std=gnu17 -c -o tdiv_r_ui.lo tdiv_r_ui.c
libtool: compile:  ccache gcc -DHAVE_CONFIG_H -I. -I.. -D__GMP_WITHIN_GMP -I.. -O2 -pedantic -fomit-frame-pointer -m64 -std=gnu17 -c tdiv_r.c  -fPIC -DPIC -o .libs/tdiv_r.o
libtool: compile:  ccache gcc -DHAVE_CONFIG_H -I. -I.. -D__GMP_WITHIN_GMP -I.. -O2 -pedantic -fomit-frame-pointer -m64 -std=gnu17 -c tdiv_r_2exp.c  -fPIC -DPIC -o .libs/tdiv_r_2exp.o
libtool: compile:  ccache gcc -DHAVE_CONFIG_H -I. -I.. -D__GMP_WITHIN_GMP -I.. -O2 -pedantic -fomit-frame-pointer -m64 -std=gnu17 -c tdiv_q_ui.c -o tdiv_q_ui.o >/dev/null 2>&1
libtool: compile:  ccache gcc -DHAVE_CONFIG_H -I. -I.. -D__GMP_WITHIN_GMP -I.. -O2 -pedantic -fomit-frame-pointer -m64 -std=gnu17 -c tdiv_r_ui.c  -fPIC -DPIC -o .libs/tdiv_r_ui.o
/bin/sh ../libtool  --tag=CC   --mode=compile ccache gcc -DHAVE_CONFIG_H -I. -I..  -D__GMP_WITHIN_GMP -I..   -O2 -pedantic -fomit-frame-pointer -m64 -std=gnu17 -c -o tstbit.lo tstbit.c
/bin/sh ../libtool  --tag=CC   --mode=compile ccache gcc -DHAVE_CONFIG_H -I. -I..  -D__GMP_WITHIN_GMP -I..   -O2 -pedantic -fomit-frame-pointer -m64 -std=gnu17 -c -o ui_pow_ui.lo ui_pow_ui.c
libtool: compile:  ccache gcc -DHAVE_CONFIG_H -I. -I.. -D__GMP_WITHIN_GMP -I.. -O2 -pedantic -fomit-frame-pointer -m64 -std=gnu17 -c tdiv_qr.c -o tdiv_qr.o >/dev/null 2>&1
libtool: compile:  ccache gcc -DHAVE_CONFIG_H -I. -I.. -D__GMP_WITHIN_GMP -I.. -O2 -pedantic -fomit-frame-pointer -m64 -std=gnu17 -c tdiv_qr_ui.c -o tdiv_qr_ui.o >/dev/null 2>&1
/bin/sh ../libtool  --tag=CC   --mode=compile ccache gcc -DHAVE_CONFIG_H -I. -I..  -D__GMP_WITHIN_GMP -I..   -O2 -pedantic -fomit-frame-pointer -m64 -std=gnu17 -c -o ui_sub.lo ui_sub.c
libtool: compile:  ccache gcc -DHAVE_CONFIG_H -I. -I.. -D__GMP_WITHIN_GMP -I.. -O2 -pedantic -fomit-frame-pointer -m64 -std=gnu17 -c tstbit.c  -fPIC -DPIC -o .libs/tstbit.o
libtool: compile:  ccache gcc -DHAVE_CONFIG_H -I. -I.. -D__GMP_WITHIN_GMP -I.. -O2 -pedantic -fomit-frame-pointer -m64 -std=gnu17 -c tdiv_r_ui.c -o tdiv_r_ui.o >/dev/null 2>&1
libtool: compile:  ccache gcc -DHAVE_CONFIG_H -I. -I.. -D__GMP_WITHIN_GMP -I.. -O2 -pedantic -fomit-frame-pointer -m64 -std=gnu17 -c ui_pow_ui.c  -fPIC -DPIC -o .libs/ui_pow_ui.o
libtool: compile:  ccache gcc -DHAVE_CONFIG_H -I. -I.. -D__GMP_WITHIN_GMP -I.. -O2 -pedantic -fomit-frame-pointer -m64 -std=gnu17 -c tdiv_r_2exp.c -o tdiv_r_2exp.o >/dev/null 2>&1
libtool: compile:  ccache gcc -DHAVE_CONFIG_H -I. -I.. -D__GMP_WITHIN_GMP -I.. -O2 -pedantic -fomit-frame-pointer -m64 -std=gnu17 -c tdiv_r.c -o tdiv_r.o >/dev/null 2>&1
libtool: compile:  ccache gcc -DHAVE_CONFIG_H -I. -I.. -D__GMP_WITHIN_GMP -I.. -O2 -pedantic -fomit-frame-pointer -m64 -std=gnu17 -c ui_sub.c  -fPIC -DPIC -o .libs/ui_sub.o
libtool: compile:  ccache gcc -DHAVE_CONFIG_H -I. -I.. -D__GMP_WITHIN_GMP -I.. -O2 -pedantic -fomit-frame-pointer -m64 -std=gnu17 -c ui_pow_ui.c -o ui_pow_ui.o >/dev/null 2>&1
/bin/sh ../libtool  --tag=CC   --mode=compile ccache gcc -DHAVE_CONFIG_H -I. -I..  -D__GMP_WITHIN_GMP -I..   -O2 -pedantic -fomit-frame-pointer -m64 -std=gnu17 -c -o urandomb.lo urandomb.c
/bin/sh ../libtool  --tag=CC   --mode=compile ccache gcc -DHAVE_CONFIG_H -I. -I..  -D__GMP_WITHIN_GMP -I..   -O2 -pedantic -fomit-frame-pointer -m64 -std=gnu17 -c -o urandomm.lo urandomm.c
libtool: compile:  ccache gcc -DHAVE_CONFIG_H -I. -I.. -D__GMP_WITHIN_GMP -I.. -O2 -pedantic -fomit-frame-pointer -m64 -std=gnu17 -c tstbit.c -o tstbit.o >/dev/null 2>&1
/bin/sh ../libtool  --tag=CC   --mode=compile ccache gcc -DHAVE_CONFIG_H -I. -I..  -D__GMP_WITHIN_GMP -I..   -O2 -pedantic -fomit-frame-pointer -m64 -std=gnu17 -c -o xor.lo xor.c
libtool: compile:  ccache gcc -DHAVE_CONFIG_H -I. -I.. -D__GMP_WITHIN_GMP -I.. -O2 -pedantic -fomit-frame-pointer -m64 -std=gnu17 -c urandomb.c  -fPIC -DPIC -o .libs/urandomb.o
libtool: compile:  ccache gcc -DHAVE_CONFIG_H -I. -I.. -D__GMP_WITHIN_GMP -I.. -O2 -pedantic -fomit-frame-pointer -m64 -std=gnu17 -c urandomm.c  -fPIC -DPIC -o .libs/urandomm.o
libtool: compile:  ccache gcc -DHAVE_CONFIG_H -I. -I.. -D__GMP_WITHIN_GMP -I.. -O2 -pedantic -fomit-frame-pointer -m64 -std=gnu17 -c xor.c  -fPIC -DPIC -o .libs/xor.o
libtool: compile:  ccache gcc -DHAVE_CONFIG_H -I. -I.. -D__GMP_WITHIN_GMP -I.. -O2 -pedantic -fomit-frame-pointer -m64 -std=gnu17 -c ui_sub.c -o ui_sub.o >/dev/null 2>&1
libtool: compile:  ccache gcc -DHAVE_CONFIG_H -I. -I.. -D__GMP_WITHIN_GMP -I.. -O2 -pedantic -fomit-frame-pointer -m64 -std=gnu17 -c urandomb.c -o urandomb.o >/dev/null 2>&1
libtool: compile:  ccache gcc -DHAVE_CONFIG_H -I. -I.. -D__GMP_WITHIN_GMP -I.. -O2 -pedantic -fomit-frame-pointer -m64 -std=gnu17 -c urandomm.c -o urandomm.o >/dev/null 2>&1
libtool: compile:  ccache gcc -DHAVE_CONFIG_H -I. -I.. -D__GMP_WITHIN_GMP -I.. -O2 -pedantic -fomit-frame-pointer -m64 -std=gnu17 -c xor.c -o xor.o >/dev/null 2>&1
/bin/sh ../libtool  --tag=CC   --mode=link ccache gcc  -O2 -pedantic -fomit-frame-pointer -m64 -std=gnu17   -o libmpz.la  2fac_ui.lo add.lo add_ui.lo abs.lo aorsmul.lo aorsmul_i.lo and.lo array_init.lo bin_ui.lo bin_uiui.lo cdiv_q.lo cdiv_q_ui.lo cdiv_qr.lo cdiv_qr_ui.lo cdiv_r.lo cdiv_r_ui.lo cdiv_ui.lo cfdiv_q_2exp.lo cfdiv_r_2exp.lo clear.lo clears.lo clrbit.lo cmp.lo cmp_d.lo cmp_si.lo cmp_ui.lo cmpabs.lo cmpabs_d.lo cmpabs_ui.lo com.lo combit.lo cong.lo cong_2exp.lo cong_ui.lo divexact.lo divegcd.lo dive_ui.lo divis.lo divis_ui.lo divis_2exp.lo dump.lo export.lo fac_ui.lo fdiv_q.lo fdiv_q_ui.lo fdiv_qr.lo fdiv_qr_ui.lo fdiv_r.lo fdiv_r_ui.lo fdiv_ui.lo fib_ui.lo fib2_ui.lo fits_sint.lo fits_slong.lo fits_sshort.lo fits_uint.lo fits_ulong.lo fits_ushort.lo gcd.lo gcd_ui.lo gcdext.lo get_d.lo get_d_2exp.lo get_si.lo get_str.lo get_ui.lo getlimbn.lo hamdist.lo import.lo init.lo init2.lo inits.lo inp_raw.lo inp_str.lo invert.lo ior.lo iset.lo iset_d.lo iset_si.lo iset_str.lo iset_ui.lo jacobi.lo kronsz.lo kronuz.lo kronzs.lo kronzu.lo lcm.lo lcm_ui.lo limbs_read.lo limbs_write.lo limbs_modify.lo limbs_finish.lo lucnum_ui.lo lucnum2_ui.lo lucmod.lo mfac_uiui.lo millerrabin.lo mod.lo mul.lo mul_2exp.lo mul_si.lo mul_ui.lo n_pow_ui.lo neg.lo nextprime.lo oddfac_1.lo out_raw.lo out_str.lo perfpow.lo perfsqr.lo popcount.lo pow_ui.lo powm.lo powm_sec.lo powm_ui.lo pprime_p.lo prodlimbs.lo primorial_ui.lo random.lo random2.lo realloc.lo realloc2.lo remove.lo roinit_n.lo root.lo rootrem.lo rrandomb.lo scan0.lo scan1.lo set.lo set_d.lo set_f.lo set_q.lo set_si.lo set_str.lo set_ui.lo setbit.lo size.lo sizeinbase.lo sqrt.lo sqrtrem.lo stronglucas.lo sub.lo sub_ui.lo swap.lo tdiv_ui.lo tdiv_q.lo tdiv_q_2exp.lo tdiv_q_ui.lo tdiv_qr.lo tdiv_qr_ui.lo tdiv_r.lo tdiv_r_2exp.lo tdiv_r_ui.lo tstbit.lo ui_pow_ui.lo ui_sub.lo urandomb.lo urandomm.lo xor.lo  
libtool: link: ar cq .libs/libmpz.a .libs/2fac_ui.o .libs/add.o .libs/add_ui.o .libs/abs.o .libs/aorsmul.o .libs/aorsmul_i.o .libs/and.o .libs/array_init.o .libs/bin_ui.o .libs/bin_uiui.o .libs/cdiv_q.o .libs/cdiv_q_ui.o .libs/cdiv_qr.o .libs/cdiv_qr_ui.o .libs/cdiv_r.o .libs/cdiv_r_ui.o .libs/cdiv_ui.o .libs/cfdiv_q_2exp.o .libs/cfdiv_r_2exp.o .libs/clear.o .libs/clears.o .libs/clrbit.o .libs/cmp.o .libs/cmp_d.o .libs/cmp_si.o .libs/cmp_ui.o .libs/cmpabs.o .libs/cmpabs_d.o .libs/cmpabs_ui.o .libs/com.o .libs/combit.o .libs/cong.o .libs/cong_2exp.o .libs/cong_ui.o .libs/divexact.o .libs/divegcd.o .libs/dive_ui.o .libs/divis.o .libs/divis_ui.o .libs/divis_2exp.o .libs/dump.o .libs/export.o .libs/fac_ui.o .libs/fdiv_q.o .libs/fdiv_q_ui.o .libs/fdiv_qr.o .libs/fdiv_qr_ui.o .libs/fdiv_r.o .libs/fdiv_r_ui.o .libs/fdiv_ui.o .libs/fib_ui.o .libs/fib2_ui.o .libs/fits_sint.o .libs/fits_slong.o .libs/fits_sshort.o .libs/fits_uint.o .libs/fits_ulong.o .libs/fits_ushort.o .libs/gcd.o .libs/gcd_ui.o .libs/gcdext.o .libs/get_d.o .libs/get_d_2exp.o .libs/get_si.o .libs/get_str.o .libs/get_ui.o .libs/getlimbn.o .libs/hamdist.o .libs/import.o .libs/init.o .libs/init2.o .libs/inits.o .libs/inp_raw.o .libs/inp_str.o .libs/invert.o .libs/ior.o .libs/iset.o .libs/iset_d.o .libs/iset_si.o .libs/iset_str.o .libs/iset_ui.o .libs/jacobi.o .libs/kronsz.o .libs/kronuz.o .libs/kronzs.o .libs/kronzu.o .libs/lcm.o .libs/lcm_ui.o .libs/limbs_read.o .libs/limbs_write.o .libs/limbs_modify.o .libs/limbs_finish.o .libs/lucnum_ui.o .libs/lucnum2_ui.o .libs/lucmod.o .libs/mfac_uiui.o .libs/millerrabin.o .libs/mod.o .libs/mul.o .libs/mul_2exp.o .libs/mul_si.o .libs/mul_ui.o .libs/n_pow_ui.o .libs/neg.o .libs/nextprime.o .libs/oddfac_1.o .libs/out_raw.o .libs/out_str.o .libs/perfpow.o .libs/perfsqr.o .libs/popcount.o .libs/pow_ui.o .libs/powm.o .libs/powm_sec.o .libs/powm_ui.o .libs/pprime_p.o .libs/prodlimbs.o .libs/primorial_ui.o .libs/random.o .libs/random2.o .libs/realloc.o .libs/realloc2.o .libs/remove.o .libs/roinit_n.o .libs/root.o .libs/rootrem.o .libs/rrandomb.o .libs/scan0.o .libs/scan1.o .libs/set.o .libs/set_d.o .libs/set_f.o .libs/set_q.o .libs/set_si.o .libs/set_str.o .libs/set_ui.o .libs/setbit.o .libs/size.o .libs/sizeinbase.o .libs/sqrt.o .libs/sqrtrem.o .libs/stronglucas.o .libs/sub.o .libs/sub_ui.o .libs/swap.o .libs/tdiv_ui.o .libs/tdiv_q.o .libs/tdiv_q_2exp.o .libs/tdiv_q_ui.o .libs/tdiv_qr.o .libs/tdiv_qr_ui.o .libs/tdiv_r.o .libs/tdiv_r_2exp.o .libs/tdiv_r_ui.o .libs/tstbit.o .libs/ui_pow_ui.o .libs/ui_sub.o .libs/urandomb.o .libs/urandomm.o .libs/xor.o 
libtool: link: ranlib .libs/libmpz.a
libtool: link: ( cd ".libs" && rm -f "libmpz.la" && ln -s "../libmpz.la" "libmpz.la" )
make[4]: Leaving directory '/build/arkana/src/gmp-6.3.0/mpz'
Making all in mpq
make[4]: Entering directory '/build/arkana/src/gmp-6.3.0/mpq'
/bin/sh ../libtool  --tag=CC   --mode=compile ccache gcc -DHAVE_CONFIG_H -I. -I..  -D__GMP_WITHIN_GMP -I..   -O2 -pedantic -fomit-frame-pointer -m64 -std=gnu17 -c -o abs.lo abs.c
/bin/sh ../libtool  --tag=CC   --mode=compile ccache gcc -DHAVE_CONFIG_H -I. -I..  -D__GMP_WITHIN_GMP -I..   -O2 -pedantic -fomit-frame-pointer -m64 -std=gnu17 -c -o aors.lo aors.c
/bin/sh ../libtool  --tag=CC   --mode=compile ccache gcc -DHAVE_CONFIG_H -I. -I..  -D__GMP_WITHIN_GMP -I..   -O2 -pedantic -fomit-frame-pointer -m64 -std=gnu17 -c -o canonicalize.lo canonicalize.c
/bin/sh ../libtool  --tag=CC   --mode=compile ccache gcc -DHAVE_CONFIG_H -I. -I..  -D__GMP_WITHIN_GMP -I..   -O2 -pedantic -fomit-frame-pointer -m64 -std=gnu17 -c -o clear.lo clear.c
/bin/sh ../libtool  --tag=CC   --mode=compile ccache gcc -DHAVE_CONFIG_H -I. -I..  -D__GMP_WITHIN_GMP -I..   -O2 -pedantic -fomit-frame-pointer -m64 -std=gnu17 -c -o clears.lo clears.c
/bin/sh ../libtool  --tag=CC   --mode=compile ccache gcc -DHAVE_CONFIG_H -I. -I..  -D__GMP_WITHIN_GMP -I..   -O2 -pedantic -fomit-frame-pointer -m64 -std=gnu17 -c -o cmp.lo cmp.c
/bin/sh ../libtool  --tag=CC   --mode=compile ccache gcc -DHAVE_CONFIG_H -I. -I..  -D__GMP_WITHIN_GMP -I..   -O2 -pedantic -fomit-frame-pointer -m64 -std=gnu17 -c -o cmp_si.lo cmp_si.c
/bin/sh ../libtool  --tag=CC   --mode=compile ccache gcc -DHAVE_CONFIG_H -I. -I..  -D__GMP_WITHIN_GMP -I..   -O2 -pedantic -fomit-frame-pointer -m64 -std=gnu17 -c -o cmp_ui.lo cmp_ui.c
libtool: compile:  ccache gcc -DHAVE_CONFIG_H -I. -I.. -D__GMP_WITHIN_GMP -I.. -O2 -pedantic -fomit-frame-pointer -m64 -std=gnu17 -c clear.c  -fPIC -DPIC -o .libs/clear.o
libtool: compile:  ccache gcc -DHAVE_CONFIG_H -I. -I.. -D__GMP_WITHIN_GMP -I.. -O2 -pedantic -fomit-frame-pointer -m64 -std=gnu17 -c cmp_si.c  -fPIC -DPIC -o .libs/cmp_si.o
libtool: compile:  ccache gcc -DHAVE_CONFIG_H -I. -I.. -D__GMP_WITHIN_GMP -I.. -O2 -pedantic -fomit-frame-pointer -m64 -std=gnu17 -c aors.c  -fPIC -DPIC -o .libs/aors.o
libtool: compile:  ccache gcc -DHAVE_CONFIG_H -I. -I.. -D__GMP_WITHIN_GMP -I.. -O2 -pedantic -fomit-frame-pointer -m64 -std=gnu17 -c clears.c  -fPIC -DPIC -o .libs/clears.o
libtool: compile:  ccache gcc -DHAVE_CONFIG_H -I. -I.. -D__GMP_WITHIN_GMP -I.. -O2 -pedantic -fomit-frame-pointer -m64 -std=gnu17 -c canonicalize.c  -fPIC -DPIC -o .libs/canonicalize.o
libtool: compile:  ccache gcc -DHAVE_CONFIG_H -I. -I.. -D__GMP_WITHIN_GMP -I.. -O2 -pedantic -fomit-frame-pointer -m64 -std=gnu17 -c cmp.c  -fPIC -DPIC -o .libs/cmp.o
libtool: compile:  ccache gcc -DHAVE_CONFIG_H -I. -I.. -D__GMP_WITHIN_GMP -I.. -O2 -pedantic -fomit-frame-pointer -m64 -std=gnu17 -c abs.c  -fPIC -DPIC -o .libs/abs.o
libtool: compile:  ccache gcc -DHAVE_CONFIG_H -I. -I.. -D__GMP_WITHIN_GMP -I.. -O2 -pedantic -fomit-frame-pointer -m64 -std=gnu17 -c cmp_ui.c  -fPIC -DPIC -o .libs/cmp_ui.o
libtool: compile:  ccache gcc -DHAVE_CONFIG_H -I. -I.. -D__GMP_WITHIN_GMP -I.. -O2 -pedantic -fomit-frame-pointer -m64 -std=gnu17 -c clear.c -o clear.o >/dev/null 2>&1
libtool: compile:  ccache gcc -DHAVE_CONFIG_H -I. -I.. -D__GMP_WITHIN_GMP -I.. -O2 -pedantic -fomit-frame-pointer -m64 -std=gnu17 -c cmp_si.c -o cmp_si.o >/dev/null 2>&1
libtool: compile:  ccache gcc -DHAVE_CONFIG_H -I. -I.. -D__GMP_WITHIN_GMP -I.. -O2 -pedantic -fomit-frame-pointer -m64 -std=gnu17 -c clears.c -o clears.o >/dev/null 2>&1
libtool: compile:  ccache gcc -DHAVE_CONFIG_H -I. -I.. -D__GMP_WITHIN_GMP -I.. -O2 -pedantic -fomit-frame-pointer -m64 -std=gnu17 -c abs.c -o abs.o >/dev/null 2>&1
libtool: compile:  ccache gcc -DHAVE_CONFIG_H -I. -I.. -D__GMP_WITHIN_GMP -I.. -O2 -pedantic -fomit-frame-pointer -m64 -std=gnu17 -c aors.c -o aors.o >/dev/null 2>&1
libtool: compile:  ccache gcc -DHAVE_CONFIG_H -I. -I.. -D__GMP_WITHIN_GMP -I.. -O2 -pedantic -fomit-frame-pointer -m64 -std=gnu17 -c canonicalize.c -o canonicalize.o >/dev/null 2>&1
libtool: compile:  ccache gcc -DHAVE_CONFIG_H -I. -I.. -D__GMP_WITHIN_GMP -I.. -O2 -pedantic -fomit-frame-pointer -m64 -std=gnu17 -c cmp_ui.c -o cmp_ui.o >/dev/null 2>&1
libtool: compile:  ccache gcc -DHAVE_CONFIG_H -I. -I.. -D__GMP_WITHIN_GMP -I.. -O2 -pedantic -fomit-frame-pointer -m64 -std=gnu17 -c cmp.c -o cmp.o >/dev/null 2>&1
/bin/sh ../libtool  --tag=CC   --mode=compile ccache gcc -DHAVE_CONFIG_H -I. -I..  -D__GMP_WITHIN_GMP -I..   -O2 -pedantic -fomit-frame-pointer -m64 -std=gnu17 -c -o div.lo div.c
/bin/sh ../libtool  --tag=CC   --mode=compile ccache gcc -DHAVE_CONFIG_H -I. -I..  -D__GMP_WITHIN_GMP -I..   -O2 -pedantic -fomit-frame-pointer -m64 -std=gnu17 -c -o equal.lo equal.c
/bin/sh ../libtool  --tag=CC   --mode=compile ccache gcc -DHAVE_CONFIG_H -I. -I..  -D__GMP_WITHIN_GMP -I..   -O2 -pedantic -fomit-frame-pointer -m64 -std=gnu17 -c -o get_d.lo get_d.c
/bin/sh ../libtool  --tag=CC   --mode=compile ccache gcc -DHAVE_CONFIG_H -I. -I..  -D__GMP_WITHIN_GMP -I..   -O2 -pedantic -fomit-frame-pointer -m64 -std=gnu17 -c -o get_den.lo get_den.c
libtool: compile:  ccache gcc -DHAVE_CONFIG_H -I. -I.. -D__GMP_WITHIN_GMP -I.. -O2 -pedantic -fomit-frame-pointer -m64 -std=gnu17 -c div.c  -fPIC -DPIC -o .libs/div.o
/bin/sh ../libtool  --tag=CC   --mode=compile ccache gcc -DHAVE_CONFIG_H -I. -I..  -D__GMP_WITHIN_GMP -I..   -O2 -pedantic -fomit-frame-pointer -m64 -std=gnu17 -c -o get_num.lo get_num.c
libtool: compile:  ccache gcc -DHAVE_CONFIG_H -I. -I.. -D__GMP_WITHIN_GMP -I.. -O2 -pedantic -fomit-frame-pointer -m64 -std=gnu17 -c equal.c  -fPIC -DPIC -o .libs/equal.o
/bin/sh ../libtool  --tag=CC   --mode=compile ccache gcc -DHAVE_CONFIG_H -I. -I..  -D__GMP_WITHIN_GMP -I..   -O2 -pedantic -fomit-frame-pointer -m64 -std=gnu17 -c -o get_str.lo get_str.c
libtool: compile:  ccache gcc -DHAVE_CONFIG_H -I. -I.. -D__GMP_WITHIN_GMP -I.. -O2 -pedantic -fomit-frame-pointer -m64 -std=gnu17 -c get_d.c  -fPIC -DPIC -o .libs/get_d.o
/bin/sh ../libtool  --tag=CC   --mode=compile ccache gcc -DHAVE_CONFIG_H -I. -I..  -D__GMP_WITHIN_GMP -I..   -O2 -pedantic -fomit-frame-pointer -m64 -std=gnu17 -c -o init.lo init.c
libtool: compile:  ccache gcc -DHAVE_CONFIG_H -I. -I.. -D__GMP_WITHIN_GMP -I.. -O2 -pedantic -fomit-frame-pointer -m64 -std=gnu17 -c get_den.c  -fPIC -DPIC -o .libs/get_den.o
libtool: compile:  ccache gcc -DHAVE_CONFIG_H -I. -I.. -D__GMP_WITHIN_GMP -I.. -O2 -pedantic -fomit-frame-pointer -m64 -std=gnu17 -c get_num.c  -fPIC -DPIC -o .libs/get_num.o
libtool: compile:  ccache gcc -DHAVE_CONFIG_H -I. -I.. -D__GMP_WITHIN_GMP -I.. -O2 -pedantic -fomit-frame-pointer -m64 -std=gnu17 -c get_str.c  -fPIC -DPIC -o .libs/get_str.o
libtool: compile:  ccache gcc -DHAVE_CONFIG_H -I. -I.. -D__GMP_WITHIN_GMP -I.. -O2 -pedantic -fomit-frame-pointer -m64 -std=gnu17 -c init.c  -fPIC -DPIC -o .libs/init.o
libtool: compile:  ccache gcc -DHAVE_CONFIG_H -I. -I.. -D__GMP_WITHIN_GMP -I.. -O2 -pedantic -fomit-frame-pointer -m64 -std=gnu17 -c equal.c -o equal.o >/dev/null 2>&1
libtool: compile:  ccache gcc -DHAVE_CONFIG_H -I. -I.. -D__GMP_WITHIN_GMP -I.. -O2 -pedantic -fomit-frame-pointer -m64 -std=gnu17 -c get_num.c -o get_num.o >/dev/null 2>&1
libtool: compile:  ccache gcc -DHAVE_CONFIG_H -I. -I.. -D__GMP_WITHIN_GMP -I.. -O2 -pedantic -fomit-frame-pointer -m64 -std=gnu17 -c div.c -o div.o >/dev/null 2>&1
libtool: compile:  ccache gcc -DHAVE_CONFIG_H -I. -I.. -D__GMP_WITHIN_GMP -I.. -O2 -pedantic -fomit-frame-pointer -m64 -std=gnu17 -c get_den.c -o get_den.o >/dev/null 2>&1
/bin/sh ../libtool  --tag=CC   --mode=compile ccache gcc -DHAVE_CONFIG_H -I. -I..  -D__GMP_WITHIN_GMP -I..   -O2 -pedantic -fomit-frame-pointer -m64 -std=gnu17 -c -o inits.lo inits.c
libtool: compile:  ccache gcc -DHAVE_CONFIG_H -I. -I.. -D__GMP_WITHIN_GMP -I.. -O2 -pedantic -fomit-frame-pointer -m64 -std=gnu17 -c get_d.c -o get_d.o >/dev/null 2>&1
libtool: compile:  ccache gcc -DHAVE_CONFIG_H -I. -I.. -D__GMP_WITHIN_GMP -I.. -O2 -pedantic -fomit-frame-pointer -m64 -std=gnu17 -c inits.c  -fPIC -DPIC -o .libs/inits.o
libtool: compile:  ccache gcc -DHAVE_CONFIG_H -I. -I.. -D__GMP_WITHIN_GMP -I.. -O2 -pedantic -fomit-frame-pointer -m64 -std=gnu17 -c init.c -o init.o >/dev/null 2>&1
libtool: compile:  ccache gcc -DHAVE_CONFIG_H -I. -I.. -D__GMP_WITHIN_GMP -I.. -O2 -pedantic -fomit-frame-pointer -m64 -std=gnu17 -c get_str.c -o get_str.o >/dev/null 2>&1
/bin/sh ../libtool  --tag=CC   --mode=compile ccache gcc -DHAVE_CONFIG_H -I. -I..  -D__GMP_WITHIN_GMP -I..   -O2 -pedantic -fomit-frame-pointer -m64 -std=gnu17 -c -o inp_str.lo inp_str.c
/bin/sh ../libtool  --tag=CC   --mode=compile ccache gcc -DHAVE_CONFIG_H -I. -I..  -D__GMP_WITHIN_GMP -I..   -O2 -pedantic -fomit-frame-pointer -m64 -std=gnu17 -c -o inv.lo inv.c
/bin/sh ../libtool  --tag=CC   --mode=compile ccache gcc -DHAVE_CONFIG_H -I. -I..  -D__GMP_WITHIN_GMP -I..   -O2 -pedantic -fomit-frame-pointer -m64 -std=gnu17 -c -o md_2exp.lo md_2exp.c
libtool: compile:  ccache gcc -DHAVE_CONFIG_H -I. -I.. -D__GMP_WITHIN_GMP -I.. -O2 -pedantic -fomit-frame-pointer -m64 -std=gnu17 -c inp_str.c  -fPIC -DPIC -o .libs/inp_str.o
libtool: compile:  ccache gcc -DHAVE_CONFIG_H -I. -I.. -D__GMP_WITHIN_GMP -I.. -O2 -pedantic -fomit-frame-pointer -m64 -std=gnu17 -c inits.c -o inits.o >/dev/null 2>&1
libtool: compile:  ccache gcc -DHAVE_CONFIG_H -I. -I.. -D__GMP_WITHIN_GMP -I.. -O2 -pedantic -fomit-frame-pointer -m64 -std=gnu17 -c inv.c  -fPIC -DPIC -o .libs/inv.o
libtool: compile:  ccache gcc -DHAVE_CONFIG_H -I. -I.. -D__GMP_WITHIN_GMP -I.. -O2 -pedantic -fomit-frame-pointer -m64 -std=gnu17 -c md_2exp.c  -fPIC -DPIC -o .libs/md_2exp.o
/bin/sh ../libtool  --tag=CC   --mode=compile ccache gcc -DHAVE_CONFIG_H -I. -I..  -D__GMP_WITHIN_GMP -I..   -O2 -pedantic -fomit-frame-pointer -m64 -std=gnu17 -c -o mul.lo mul.c
/bin/sh ../libtool  --tag=CC   --mode=compile ccache gcc -DHAVE_CONFIG_H -I. -I..  -D__GMP_WITHIN_GMP -I..   -O2 -pedantic -fomit-frame-pointer -m64 -std=gnu17 -c -o neg.lo neg.c
/bin/sh ../libtool  --tag=CC   --mode=compile ccache gcc -DHAVE_CONFIG_H -I. -I..  -D__GMP_WITHIN_GMP -I..   -O2 -pedantic -fomit-frame-pointer -m64 -std=gnu17 -c -o out_str.lo out_str.c
/bin/sh ../libtool  --tag=CC   --mode=compile ccache gcc -DHAVE_CONFIG_H -I. -I..  -D__GMP_WITHIN_GMP -I..   -O2 -pedantic -fomit-frame-pointer -m64 -std=gnu17 -c -o set.lo set.c
libtool: compile:  ccache gcc -DHAVE_CONFIG_H -I. -I.. -D__GMP_WITHIN_GMP -I.. -O2 -pedantic -fomit-frame-pointer -m64 -std=gnu17 -c mul.c  -fPIC -DPIC -o .libs/mul.o
libtool: compile:  ccache gcc -DHAVE_CONFIG_H -I. -I.. -D__GMP_WITHIN_GMP -I.. -O2 -pedantic -fomit-frame-pointer -m64 -std=gnu17 -c neg.c  -fPIC -DPIC -o .libs/neg.o
/bin/sh ../libtool  --tag=CC   --mode=compile ccache gcc -DHAVE_CONFIG_H -I. -I..  -D__GMP_WITHIN_GMP -I..   -O2 -pedantic -fomit-frame-pointer -m64 -std=gnu17 -c -o set_den.lo set_den.c
libtool: compile:  ccache gcc -DHAVE_CONFIG_H -I. -I.. -D__GMP_WITHIN_GMP -I.. -O2 -pedantic -fomit-frame-pointer -m64 -std=gnu17 -c out_str.c  -fPIC -DPIC -o .libs/out_str.o
libtool: compile:  ccache gcc -DHAVE_CONFIG_H -I. -I.. -D__GMP_WITHIN_GMP -I.. -O2 -pedantic -fomit-frame-pointer -m64 -std=gnu17 -c set.c  -fPIC -DPIC -o .libs/set.o
libtool: compile:  ccache gcc -DHAVE_CONFIG_H -I. -I.. -D__GMP_WITHIN_GMP -I.. -O2 -pedantic -fomit-frame-pointer -m64 -std=gnu17 -c inp_str.c -o inp_str.o >/dev/null 2>&1
libtool: compile:  ccache gcc -DHAVE_CONFIG_H -I. -I.. -D__GMP_WITHIN_GMP -I.. -O2 -pedantic -fomit-frame-pointer -m64 -std=gnu17 -c inv.c -o inv.o >/dev/null 2>&1
libtool: compile:  ccache gcc -DHAVE_CONFIG_H -I. -I.. -D__GMP_WITHIN_GMP -I.. -O2 -pedantic -fomit-frame-pointer -m64 -std=gnu17 -c set_den.c  -fPIC -DPIC -o .libs/set_den.o
libtool: compile:  ccache gcc -DHAVE_CONFIG_H -I. -I.. -D__GMP_WITHIN_GMP -I.. -O2 -pedantic -fomit-frame-pointer -m64 -std=gnu17 -c md_2exp.c -o md_2exp.o >/dev/null 2>&1
libtool: compile:  ccache gcc -DHAVE_CONFIG_H -I. -I.. -D__GMP_WITHIN_GMP -I.. -O2 -pedantic -fomit-frame-pointer -m64 -std=gnu17 -c out_str.c -o out_str.o >/dev/null 2>&1
libtool: compile:  ccache gcc -DHAVE_CONFIG_H -I. -I.. -D__GMP_WITHIN_GMP -I.. -O2 -pedantic -fomit-frame-pointer -m64 -std=gnu17 -c neg.c -o neg.o >/dev/null 2>&1
libtool: compile:  ccache gcc -DHAVE_CONFIG_H -I. -I.. -D__GMP_WITHIN_GMP -I.. -O2 -pedantic -fomit-frame-pointer -m64 -std=gnu17 -c mul.c -o mul.o >/dev/null 2>&1
/bin/sh ../libtool  --tag=CC   --mode=compile ccache gcc -DHAVE_CONFIG_H -I. -I..  -D__GMP_WITHIN_GMP -I..   -O2 -pedantic -fomit-frame-pointer -m64 -std=gnu17 -c -o set_num.lo set_num.c
libtool: compile:  ccache gcc -DHAVE_CONFIG_H -I. -I.. -D__GMP_WITHIN_GMP -I.. -O2 -pedantic -fomit-frame-pointer -m64 -std=gnu17 -c set.c -o set.o >/dev/null 2>&1
/bin/sh ../libtool  --tag=CC   --mode=compile ccache gcc -DHAVE_CONFIG_H -I. -I..  -D__GMP_WITHIN_GMP -I..   -O2 -pedantic -fomit-frame-pointer -m64 -std=gnu17 -c -o set_si.lo set_si.c
libtool: compile:  ccache gcc -DHAVE_CONFIG_H -I. -I.. -D__GMP_WITHIN_GMP -I.. -O2 -pedantic -fomit-frame-pointer -m64 -std=gnu17 -c set_den.c -o set_den.o >/dev/null 2>&1
libtool: compile:  ccache gcc -DHAVE_CONFIG_H -I. -I.. -D__GMP_WITHIN_GMP -I.. -O2 -pedantic -fomit-frame-pointer -m64 -std=gnu17 -c set_num.c  -fPIC -DPIC -o .libs/set_num.o
libtool: compile:  ccache gcc -DHAVE_CONFIG_H -I. -I.. -D__GMP_WITHIN_GMP -I.. -O2 -pedantic -fomit-frame-pointer -m64 -std=gnu17 -c set_si.c  -fPIC -DPIC -o .libs/set_si.o
/bin/sh ../libtool  --tag=CC   --mode=compile ccache gcc -DHAVE_CONFIG_H -I. -I..  -D__GMP_WITHIN_GMP -I..   -O2 -pedantic -fomit-frame-pointer -m64 -std=gnu17 -c -o set_str.lo set_str.c
/bin/sh ../libtool  --tag=CC   --mode=compile ccache gcc -DHAVE_CONFIG_H -I. -I..  -D__GMP_WITHIN_GMP -I..   -O2 -pedantic -fomit-frame-pointer -m64 -std=gnu17 -c -o set_ui.lo set_ui.c
/bin/sh ../libtool  --tag=CC   --mode=compile ccache gcc -DHAVE_CONFIG_H -I. -I..  -D__GMP_WITHIN_GMP -I..   -O2 -pedantic -fomit-frame-pointer -m64 -std=gnu17 -c -o set_z.lo set_z.c
/bin/sh ../libtool  --tag=CC   --mode=compile ccache gcc -DHAVE_CONFIG_H -I. -I..  -D__GMP_WITHIN_GMP -I..   -O2 -pedantic -fomit-frame-pointer -m64 -std=gnu17 -c -o set_d.lo set_d.c
libtool: compile:  ccache gcc -DHAVE_CONFIG_H -I. -I.. -D__GMP_WITHIN_GMP -I.. -O2 -pedantic -fomit-frame-pointer -m64 -std=gnu17 -c set_ui.c  -fPIC -DPIC -o .libs/set_ui.o
libtool: compile:  ccache gcc -DHAVE_CONFIG_H -I. -I.. -D__GMP_WITHIN_GMP -I.. -O2 -pedantic -fomit-frame-pointer -m64 -std=gnu17 -c set_str.c  -fPIC -DPIC -o .libs/set_str.o
/bin/sh ../libtool  --tag=CC   --mode=compile ccache gcc -DHAVE_CONFIG_H -I. -I..  -D__GMP_WITHIN_GMP -I..   -O2 -pedantic -fomit-frame-pointer -m64 -std=gnu17 -c -o set_f.lo set_f.c
libtool: compile:  ccache gcc -DHAVE_CONFIG_H -I. -I.. -D__GMP_WITHIN_GMP -I.. -O2 -pedantic -fomit-frame-pointer -m64 -std=gnu17 -c set_z.c  -fPIC -DPIC -o .libs/set_z.o
/bin/sh ../libtool  --tag=CC   --mode=compile ccache gcc -DHAVE_CONFIG_H -I. -I..  -D__GMP_WITHIN_GMP -I..   -O2 -pedantic -fomit-frame-pointer -m64 -std=gnu17 -c -o swap.lo swap.c
libtool: compile:  ccache gcc -DHAVE_CONFIG_H -I. -I.. -D__GMP_WITHIN_GMP -I.. -O2 -pedantic -fomit-frame-pointer -m64 -std=gnu17 -c set_num.c -o set_num.o >/dev/null 2>&1
libtool: compile:  ccache gcc -DHAVE_CONFIG_H -I. -I.. -D__GMP_WITHIN_GMP -I.. -O2 -pedantic -fomit-frame-pointer -m64 -std=gnu17 -c set_d.c  -fPIC -DPIC -o .libs/set_d.o
libtool: compile:  ccache gcc -DHAVE_CONFIG_H -I. -I.. -D__GMP_WITHIN_GMP -I.. -O2 -pedantic -fomit-frame-pointer -m64 -std=gnu17 -c set_f.c  -fPIC -DPIC -o .libs/set_f.o
libtool: compile:  ccache gcc -DHAVE_CONFIG_H -I. -I.. -D__GMP_WITHIN_GMP -I.. -O2 -pedantic -fomit-frame-pointer -m64 -std=gnu17 -c set_si.c -o set_si.o >/dev/null 2>&1
libtool: compile:  ccache gcc -DHAVE_CONFIG_H -I. -I.. -D__GMP_WITHIN_GMP -I.. -O2 -pedantic -fomit-frame-pointer -m64 -std=gnu17 -c swap.c  -fPIC -DPIC -o .libs/swap.o
libtool: compile:  ccache gcc -DHAVE_CONFIG_H -I. -I.. -D__GMP_WITHIN_GMP -I.. -O2 -pedantic -fomit-frame-pointer -m64 -std=gnu17 -c set_str.c -o set_str.o >/dev/null 2>&1
libtool: compile:  ccache gcc -DHAVE_CONFIG_H -I. -I.. -D__GMP_WITHIN_GMP -I.. -O2 -pedantic -fomit-frame-pointer -m64 -std=gnu17 -c set_ui.c -o set_ui.o >/dev/null 2>&1
libtool: compile:  ccache gcc -DHAVE_CONFIG_H -I. -I.. -D__GMP_WITHIN_GMP -I.. -O2 -pedantic -fomit-frame-pointer -m64 -std=gnu17 -c set_z.c -o set_z.o >/dev/null 2>&1
libtool: compile:  ccache gcc -DHAVE_CONFIG_H -I. -I.. -D__GMP_WITHIN_GMP -I.. -O2 -pedantic -fomit-frame-pointer -m64 -std=gnu17 -c swap.c -o swap.o >/dev/null 2>&1
libtool: compile:  ccache gcc -DHAVE_CONFIG_H -I. -I.. -D__GMP_WITHIN_GMP -I.. -O2 -pedantic -fomit-frame-pointer -m64 -std=gnu17 -c set_d.c -o set_d.o >/dev/null 2>&1
libtool: compile:  ccache gcc -DHAVE_CONFIG_H -I. -I.. -D__GMP_WITHIN_GMP -I.. -O2 -pedantic -fomit-frame-pointer -m64 -std=gnu17 -c set_f.c -o set_f.o >/dev/null 2>&1
/bin/sh ../libtool  --tag=CC   --mode=link ccache gcc  -O2 -pedantic -fomit-frame-pointer -m64 -std=gnu17   -o libmpq.la  abs.lo aors.lo canonicalize.lo clear.lo clears.lo cmp.lo cmp_si.lo cmp_ui.lo div.lo equal.lo get_d.lo get_den.lo get_num.lo get_str.lo init.lo inits.lo inp_str.lo inv.lo md_2exp.lo mul.lo neg.lo out_str.lo set.lo set_den.lo set_num.lo set_si.lo set_str.lo set_ui.lo set_z.lo set_d.lo set_f.lo swap.lo  
libtool: link: ar cq .libs/libmpq.a .libs/abs.o .libs/aors.o .libs/canonicalize.o .libs/clear.o .libs/clears.o .libs/cmp.o .libs/cmp_si.o .libs/cmp_ui.o .libs/div.o .libs/equal.o .libs/get_d.o .libs/get_den.o .libs/get_num.o .libs/get_str.o .libs/init.o .libs/inits.o .libs/inp_str.o .libs/inv.o .libs/md_2exp.o .libs/mul.o .libs/neg.o .libs/out_str.o .libs/set.o .libs/set_den.o .libs/set_num.o .libs/set_si.o .libs/set_str.o .libs/set_ui.o .libs/set_z.o .libs/set_d.o .libs/set_f.o .libs/swap.o 
libtool: link: ranlib .libs/libmpq.a
libtool: link: ( cd ".libs" && rm -f "libmpq.la" && ln -s "../libmpq.la" "libmpq.la" )
make[4]: Leaving directory '/build/arkana/src/gmp-6.3.0/mpq'
Making all in mpf
make[4]: Entering directory '/build/arkana/src/gmp-6.3.0/mpf'
/bin/sh ../libtool  --tag=CC   --mode=compile ccache gcc -DHAVE_CONFIG_H -I. -I..  -D__GMP_WITHIN_GMP -I..   -O2 -pedantic -fomit-frame-pointer -m64 -std=gnu17 -c -o init.lo init.c
/bin/sh ../libtool  --tag=CC   --mode=compile ccache gcc -DHAVE_CONFIG_H -I. -I..  -D__GMP_WITHIN_GMP -I..   -O2 -pedantic -fomit-frame-pointer -m64 -std=gnu17 -c -o init2.lo init2.c
/bin/sh ../libtool  --tag=CC   --mode=compile ccache gcc -DHAVE_CONFIG_H -I. -I..  -D__GMP_WITHIN_GMP -I..   -O2 -pedantic -fomit-frame-pointer -m64 -std=gnu17 -c -o inits.lo inits.c
/bin/sh ../libtool  --tag=CC   --mode=compile ccache gcc -DHAVE_CONFIG_H -I. -I..  -D__GMP_WITHIN_GMP -I..   -O2 -pedantic -fomit-frame-pointer -m64 -std=gnu17 -c -o set.lo set.c
/bin/sh ../libtool  --tag=CC   --mode=compile ccache gcc -DHAVE_CONFIG_H -I. -I..  -D__GMP_WITHIN_GMP -I..   -O2 -pedantic -fomit-frame-pointer -m64 -std=gnu17 -c -o set_ui.lo set_ui.c
/bin/sh ../libtool  --tag=CC   --mode=compile ccache gcc -DHAVE_CONFIG_H -I. -I..  -D__GMP_WITHIN_GMP -I..   -O2 -pedantic -fomit-frame-pointer -m64 -std=gnu17 -c -o set_si.lo set_si.c
/bin/sh ../libtool  --tag=CC   --mode=compile ccache gcc -DHAVE_CONFIG_H -I. -I..  -D__GMP_WITHIN_GMP -I..   -O2 -pedantic -fomit-frame-pointer -m64 -std=gnu17 -c -o set_str.lo set_str.c
/bin/sh ../libtool  --tag=CC   --mode=compile ccache gcc -DHAVE_CONFIG_H -I. -I..  -D__GMP_WITHIN_GMP -I..   -O2 -pedantic -fomit-frame-pointer -m64 -std=gnu17 -c -o set_d.lo set_d.c
libtool: compile:  ccache gcc -DHAVE_CONFIG_H -I. -I.. -D__GMP_WITHIN_GMP -I.. -O2 -pedantic -fomit-frame-pointer -m64 -std=gnu17 -c set_ui.c  -fPIC -DPIC -o .libs/set_ui.o
libtool: compile:  ccache gcc -DHAVE_CONFIG_H -I. -I.. -D__GMP_WITHIN_GMP -I.. -O2 -pedantic -fomit-frame-pointer -m64 -std=gnu17 -c set_si.c  -fPIC -DPIC -o .libs/set_si.o
libtool: compile:  ccache gcc -DHAVE_CONFIG_H -I. -I.. -D__GMP_WITHIN_GMP -I.. -O2 -pedantic -fomit-frame-pointer -m64 -std=gnu17 -c init.c  -fPIC -DPIC -o .libs/init.o
libtool: compile:  ccache gcc -DHAVE_CONFIG_H -I. -I.. -D__GMP_WITHIN_GMP -I.. -O2 -pedantic -fomit-frame-pointer -m64 -std=gnu17 -c set_str.c  -fPIC -DPIC -o .libs/set_str.o
libtool: compile:  ccache gcc -DHAVE_CONFIG_H -I. -I.. -D__GMP_WITHIN_GMP -I.. -O2 -pedantic -fomit-frame-pointer -m64 -std=gnu17 -c set.c  -fPIC -DPIC -o .libs/set.o
libtool: compile:  ccache gcc -DHAVE_CONFIG_H -I. -I.. -D__GMP_WITHIN_GMP -I.. -O2 -pedantic -fomit-frame-pointer -m64 -std=gnu17 -c set_d.c  -fPIC -DPIC -o .libs/set_d.o
libtool: compile:  ccache gcc -DHAVE_CONFIG_H -I. -I.. -D__GMP_WITHIN_GMP -I.. -O2 -pedantic -fomit-frame-pointer -m64 -std=gnu17 -c inits.c  -fPIC -DPIC -o .libs/inits.o
libtool: compile:  ccache gcc -DHAVE_CONFIG_H -I. -I.. -D__GMP_WITHIN_GMP -I.. -O2 -pedantic -fomit-frame-pointer -m64 -std=gnu17 -c init2.c  -fPIC -DPIC -o .libs/init2.o
libtool: compile:  ccache gcc -DHAVE_CONFIG_H -I. -I.. -D__GMP_WITHIN_GMP -I.. -O2 -pedantic -fomit-frame-pointer -m64 -std=gnu17 -c set_ui.c -o set_ui.o >/dev/null 2>&1
libtool: compile:  ccache gcc -DHAVE_CONFIG_H -I. -I.. -D__GMP_WITHIN_GMP -I.. -O2 -pedantic -fomit-frame-pointer -m64 -std=gnu17 -c set_si.c -o set_si.o >/dev/null 2>&1
libtool: compile:  ccache gcc -DHAVE_CONFIG_H -I. -I.. -D__GMP_WITHIN_GMP -I.. -O2 -pedantic -fomit-frame-pointer -m64 -std=gnu17 -c init.c -o init.o >/dev/null 2>&1
libtool: compile:  ccache gcc -DHAVE_CONFIG_H -I. -I.. -D__GMP_WITHIN_GMP -I.. -O2 -pedantic -fomit-frame-pointer -m64 -std=gnu17 -c inits.c -o inits.o >/dev/null 2>&1
libtool: compile:  ccache gcc -DHAVE_CONFIG_H -I. -I.. -D__GMP_WITHIN_GMP -I.. -O2 -pedantic -fomit-frame-pointer -m64 -std=gnu17 -c set.c -o set.o >/dev/null 2>&1
libtool: compile:  ccache gcc -DHAVE_CONFIG_H -I. -I.. -D__GMP_WITHIN_GMP -I.. -O2 -pedantic -fomit-frame-pointer -m64 -std=gnu17 -c set_d.c -o set_d.o >/dev/null 2>&1
libtool: compile:  ccache gcc -DHAVE_CONFIG_H -I. -I.. -D__GMP_WITHIN_GMP -I.. -O2 -pedantic -fomit-frame-pointer -m64 -std=gnu17 -c init2.c -o init2.o >/dev/null 2>&1
/bin/sh ../libtool  --tag=CC   --mode=compile ccache gcc -DHAVE_CONFIG_H -I. -I..  -D__GMP_WITHIN_GMP -I..   -O2 -pedantic -fomit-frame-pointer -m64 -std=gnu17 -c -o set_z.lo set_z.c
/bin/sh ../libtool  --tag=CC   --mode=compile ccache gcc -DHAVE_CONFIG_H -I. -I..  -D__GMP_WITHIN_GMP -I..   -O2 -pedantic -fomit-frame-pointer -m64 -std=gnu17 -c -o set_q.lo set_q.c
/bin/sh ../libtool  --tag=CC   --mode=compile ccache gcc -DHAVE_CONFIG_H -I. -I..  -D__GMP_WITHIN_GMP -I..   -O2 -pedantic -fomit-frame-pointer -m64 -std=gnu17 -c -o iset.lo iset.c
libtool: compile:  ccache gcc -DHAVE_CONFIG_H -I. -I.. -D__GMP_WITHIN_GMP -I.. -O2 -pedantic -fomit-frame-pointer -m64 -std=gnu17 -c set_z.c  -fPIC -DPIC -o .libs/set_z.o
libtool: compile:  ccache gcc -DHAVE_CONFIG_H -I. -I.. -D__GMP_WITHIN_GMP -I.. -O2 -pedantic -fomit-frame-pointer -m64 -std=gnu17 -c set_q.c  -fPIC -DPIC -o .libs/set_q.o
/bin/sh ../libtool  --tag=CC   --mode=compile ccache gcc -DHAVE_CONFIG_H -I. -I..  -D__GMP_WITHIN_GMP -I..   -O2 -pedantic -fomit-frame-pointer -m64 -std=gnu17 -c -o iset_ui.lo iset_ui.c
/bin/sh ../libtool  --tag=CC   --mode=compile ccache gcc -DHAVE_CONFIG_H -I. -I..  -D__GMP_WITHIN_GMP -I..   -O2 -pedantic -fomit-frame-pointer -m64 -std=gnu17 -c -o iset_si.lo iset_si.c
/bin/sh ../libtool  --tag=CC   --mode=compile ccache gcc -DHAVE_CONFIG_H -I. -I..  -D__GMP_WITHIN_GMP -I..   -O2 -pedantic -fomit-frame-pointer -m64 -std=gnu17 -c -o iset_str.lo iset_str.c
/bin/sh ../libtool  --tag=CC   --mode=compile ccache gcc -DHAVE_CONFIG_H -I. -I..  -D__GMP_WITHIN_GMP -I..   -O2 -pedantic -fomit-frame-pointer -m64 -std=gnu17 -c -o iset_d.lo iset_d.c
libtool: compile:  ccache gcc -DHAVE_CONFIG_H -I. -I.. -D__GMP_WITHIN_GMP -I.. -O2 -pedantic -fomit-frame-pointer -m64 -std=gnu17 -c iset.c  -fPIC -DPIC -o .libs/iset.o
libtool: compile:  ccache gcc -DHAVE_CONFIG_H -I. -I.. -D__GMP_WITHIN_GMP -I.. -O2 -pedantic -fomit-frame-pointer -m64 -std=gnu17 -c iset_si.c  -fPIC -DPIC -o .libs/iset_si.o
libtool: compile:  ccache gcc -DHAVE_CONFIG_H -I. -I.. -D__GMP_WITHIN_GMP -I.. -O2 -pedantic -fomit-frame-pointer -m64 -std=gnu17 -c iset_ui.c  -fPIC -DPIC -o .libs/iset_ui.o
libtool: compile:  ccache gcc -DHAVE_CONFIG_H -I. -I.. -D__GMP_WITHIN_GMP -I.. -O2 -pedantic -fomit-frame-pointer -m64 -std=gnu17 -c iset_str.c  -fPIC -DPIC -o .libs/iset_str.o
libtool: compile:  ccache gcc -DHAVE_CONFIG_H -I. -I.. -D__GMP_WITHIN_GMP -I.. -O2 -pedantic -fomit-frame-pointer -m64 -std=gnu17 -c iset_d.c  -fPIC -DPIC -o .libs/iset_d.o
libtool: compile:  ccache gcc -DHAVE_CONFIG_H -I. -I.. -D__GMP_WITHIN_GMP -I.. -O2 -pedantic -fomit-frame-pointer -m64 -std=gnu17 -c set_z.c -o set_z.o >/dev/null 2>&1
libtool: compile:  ccache gcc -DHAVE_CONFIG_H -I. -I.. -D__GMP_WITHIN_GMP -I.. -O2 -pedantic -fomit-frame-pointer -m64 -std=gnu17 -c set_str.c -o set_str.o >/dev/null 2>&1
libtool: compile:  ccache gcc -DHAVE_CONFIG_H -I. -I.. -D__GMP_WITHIN_GMP -I.. -O2 -pedantic -fomit-frame-pointer -m64 -std=gnu17 -c set_q.c -o set_q.o >/dev/null 2>&1
libtool: compile:  ccache gcc -DHAVE_CONFIG_H -I. -I.. -D__GMP_WITHIN_GMP -I.. -O2 -pedantic -fomit-frame-pointer -m64 -std=gnu17 -c iset_ui.c -o iset_ui.o >/dev/null 2>&1
libtool: compile:  ccache gcc -DHAVE_CONFIG_H -I. -I.. -D__GMP_WITHIN_GMP -I.. -O2 -pedantic -fomit-frame-pointer -m64 -std=gnu17 -c iset_si.c -o iset_si.o >/dev/null 2>&1
libtool: compile:  ccache gcc -DHAVE_CONFIG_H -I. -I.. -D__GMP_WITHIN_GMP -I.. -O2 -pedantic -fomit-frame-pointer -m64 -std=gnu17 -c iset.c -o iset.o >/dev/null 2>&1
libtool: compile:  ccache gcc -DHAVE_CONFIG_H -I. -I.. -D__GMP_WITHIN_GMP -I.. -O2 -pedantic -fomit-frame-pointer -m64 -std=gnu17 -c iset_d.c -o iset_d.o >/dev/null 2>&1
libtool: compile:  ccache gcc -DHAVE_CONFIG_H -I. -I.. -D__GMP_WITHIN_GMP -I.. -O2 -pedantic -fomit-frame-pointer -m64 -std=gnu17 -c iset_str.c -o iset_str.o >/dev/null 2>&1
/bin/sh ../libtool  --tag=CC   --mode=compile ccache gcc -DHAVE_CONFIG_H -I. -I..  -D__GMP_WITHIN_GMP -I..   -O2 -pedantic -fomit-frame-pointer -m64 -std=gnu17 -c -o clear.lo clear.c
/bin/sh ../libtool  --tag=CC   --mode=compile ccache gcc -DHAVE_CONFIG_H -I. -I..  -D__GMP_WITHIN_GMP -I..   -O2 -pedantic -fomit-frame-pointer -m64 -std=gnu17 -c -o clears.lo clears.c
/bin/sh ../libtool  --tag=CC   --mode=compile ccache gcc -DHAVE_CONFIG_H -I. -I..  -D__GMP_WITHIN_GMP -I..   -O2 -pedantic -fomit-frame-pointer -m64 -std=gnu17 -c -o get_str.lo get_str.c
/bin/sh ../libtool  --tag=CC   --mode=compile ccache gcc -DHAVE_CONFIG_H -I. -I..  -D__GMP_WITHIN_GMP -I..   -O2 -pedantic -fomit-frame-pointer -m64 -std=gnu17 -c -o dump.lo dump.c
/bin/sh ../libtool  --tag=CC   --mode=compile ccache gcc -DHAVE_CONFIG_H -I. -I..  -D__GMP_WITHIN_GMP -I..   -O2 -pedantic -fomit-frame-pointer -m64 -std=gnu17 -c -o size.lo size.c
libtool: compile:  ccache gcc -DHAVE_CONFIG_H -I. -I.. -D__GMP_WITHIN_GMP -I.. -O2 -pedantic -fomit-frame-pointer -m64 -std=gnu17 -c clears.c  -fPIC -DPIC -o .libs/clears.o
libtool: compile:  ccache gcc -DHAVE_CONFIG_H -I. -I.. -D__GMP_WITHIN_GMP -I.. -O2 -pedantic -fomit-frame-pointer -m64 -std=gnu17 -c clear.c  -fPIC -DPIC -o .libs/clear.o
libtool: compile:  ccache gcc -DHAVE_CONFIG_H -I. -I.. -D__GMP_WITHIN_GMP -I.. -O2 -pedantic -fomit-frame-pointer -m64 -std=gnu17 -c get_str.c  -fPIC -DPIC -o .libs/get_str.o
/bin/sh ../libtool  --tag=CC   --mode=compile ccache gcc -DHAVE_CONFIG_H -I. -I..  -D__GMP_WITHIN_GMP -I..   -O2 -pedantic -fomit-frame-pointer -m64 -std=gnu17 -c -o eq.lo eq.c
libtool: compile:  ccache gcc -DHAVE_CONFIG_H -I. -I.. -D__GMP_WITHIN_GMP -I.. -O2 -pedantic -fomit-frame-pointer -m64 -std=gnu17 -c dump.c  -fPIC -DPIC -o .libs/dump.o
/bin/sh ../libtool  --tag=CC   --mode=compile ccache gcc -DHAVE_CONFIG_H -I. -I..  -D__GMP_WITHIN_GMP -I..   -O2 -pedantic -fomit-frame-pointer -m64 -std=gnu17 -c -o reldiff.lo reldiff.c
libtool: compile:  ccache gcc -DHAVE_CONFIG_H -I. -I.. -D__GMP_WITHIN_GMP -I.. -O2 -pedantic -fomit-frame-pointer -m64 -std=gnu17 -c size.c  -fPIC -DPIC -o .libs/size.o
libtool: compile:  ccache gcc -DHAVE_CONFIG_H -I. -I.. -D__GMP_WITHIN_GMP -I.. -O2 -pedantic -fomit-frame-pointer -m64 -std=gnu17 -c eq.c  -fPIC -DPIC -o .libs/eq.o
libtool: compile:  ccache gcc -DHAVE_CONFIG_H -I. -I.. -D__GMP_WITHIN_GMP -I.. -O2 -pedantic -fomit-frame-pointer -m64 -std=gnu17 -c clears.c -o clears.o >/dev/null 2>&1
libtool: compile:  ccache gcc -DHAVE_CONFIG_H -I. -I.. -D__GMP_WITHIN_GMP -I.. -O2 -pedantic -fomit-frame-pointer -m64 -std=gnu17 -c reldiff.c  -fPIC -DPIC -o .libs/reldiff.o
libtool: compile:  ccache gcc -DHAVE_CONFIG_H -I. -I.. -D__GMP_WITHIN_GMP -I.. -O2 -pedantic -fomit-frame-pointer -m64 -std=gnu17 -c clear.c -o clear.o >/dev/null 2>&1
libtool: compile:  ccache gcc -DHAVE_CONFIG_H -I. -I.. -D__GMP_WITHIN_GMP -I.. -O2 -pedantic -fomit-frame-pointer -m64 -std=gnu17 -c size.c -o size.o >/dev/null 2>&1
libtool: compile:  ccache gcc -DHAVE_CONFIG_H -I. -I.. -D__GMP_WITHIN_GMP -I.. -O2 -pedantic -fomit-frame-pointer -m64 -std=gnu17 -c dump.c -o dump.o >/dev/null 2>&1
/bin/sh ../libtool  --tag=CC   --mode=compile ccache gcc -DHAVE_CONFIG_H -I. -I..  -D__GMP_WITHIN_GMP -I..   -O2 -pedantic -fomit-frame-pointer -m64 -std=gnu17 -c -o sqrt.lo sqrt.c
/bin/sh ../libtool  --tag=CC   --mode=compile ccache gcc -DHAVE_CONFIG_H -I. -I..  -D__GMP_WITHIN_GMP -I..   -O2 -pedantic -fomit-frame-pointer -m64 -std=gnu17 -c -o random2.lo random2.c
libtool: compile:  ccache gcc -DHAVE_CONFIG_H -I. -I.. -D__GMP_WITHIN_GMP -I.. -O2 -pedantic -fomit-frame-pointer -m64 -std=gnu17 -c reldiff.c -o reldiff.o >/dev/null 2>&1
libtool: compile:  ccache gcc -DHAVE_CONFIG_H -I. -I.. -D__GMP_WITHIN_GMP -I.. -O2 -pedantic -fomit-frame-pointer -m64 -std=gnu17 -c sqrt.c  -fPIC -DPIC -o .libs/sqrt.o
/bin/sh ../libtool  --tag=CC   --mode=compile ccache gcc -DHAVE_CONFIG_H -I. -I..  -D__GMP_WITHIN_GMP -I..   -O2 -pedantic -fomit-frame-pointer -m64 -std=gnu17 -c -o inp_str.lo inp_str.c
/bin/sh ../libtool  --tag=CC   --mode=compile ccache gcc -DHAVE_CONFIG_H -I. -I..  -D__GMP_WITHIN_GMP -I..   -O2 -pedantic -fomit-frame-pointer -m64 -std=gnu17 -c -o out_str.lo out_str.c
libtool: compile:  ccache gcc -DHAVE_CONFIG_H -I. -I.. -D__GMP_WITHIN_GMP -I.. -O2 -pedantic -fomit-frame-pointer -m64 -std=gnu17 -c random2.c  -fPIC -DPIC -o .libs/random2.o
libtool: compile:  ccache gcc -DHAVE_CONFIG_H -I. -I.. -D__GMP_WITHIN_GMP -I.. -O2 -pedantic -fomit-frame-pointer -m64 -std=gnu17 -c eq.c -o eq.o >/dev/null 2>&1
libtool: compile:  ccache gcc -DHAVE_CONFIG_H -I. -I.. -D__GMP_WITHIN_GMP -I.. -O2 -pedantic -fomit-frame-pointer -m64 -std=gnu17 -c inp_str.c  -fPIC -DPIC -o .libs/inp_str.o
libtool: compile:  ccache gcc -DHAVE_CONFIG_H -I. -I.. -D__GMP_WITHIN_GMP -I.. -O2 -pedantic -fomit-frame-pointer -m64 -std=gnu17 -c out_str.c  -fPIC -DPIC -o .libs/out_str.o
/bin/sh ../libtool  --tag=CC   --mode=compile ccache gcc -DHAVE_CONFIG_H -I. -I..  -D__GMP_WITHIN_GMP -I..   -O2 -pedantic -fomit-frame-pointer -m64 -std=gnu17 -c -o add.lo add.c
libtool: compile:  ccache gcc -DHAVE_CONFIG_H -I. -I.. -D__GMP_WITHIN_GMP -I.. -O2 -pedantic -fomit-frame-pointer -m64 -std=gnu17 -c get_str.c -o get_str.o >/dev/null 2>&1
/bin/sh ../libtool  --tag=CC   --mode=compile ccache gcc -DHAVE_CONFIG_H -I. -I..  -D__GMP_WITHIN_GMP -I..   -O2 -pedantic -fomit-frame-pointer -m64 -std=gnu17 -c -o add_ui.lo add_ui.c
libtool: compile:  ccache gcc -DHAVE_CONFIG_H -I. -I.. -D__GMP_WITHIN_GMP -I.. -O2 -pedantic -fomit-frame-pointer -m64 -std=gnu17 -c add.c  -fPIC -DPIC -o .libs/add.o
libtool: compile:  ccache gcc -DHAVE_CONFIG_H -I. -I.. -D__GMP_WITHIN_GMP -I.. -O2 -pedantic -fomit-frame-pointer -m64 -std=gnu17 -c sqrt.c -o sqrt.o >/dev/null 2>&1
libtool: compile:  ccache gcc -DHAVE_CONFIG_H -I. -I.. -D__GMP_WITHIN_GMP -I.. -O2 -pedantic -fomit-frame-pointer -m64 -std=gnu17 -c random2.c -o random2.o >/dev/null 2>&1
libtool: compile:  ccache gcc -DHAVE_CONFIG_H -I. -I.. -D__GMP_WITHIN_GMP -I.. -O2 -pedantic -fomit-frame-pointer -m64 -std=gnu17 -c add_ui.c  -fPIC -DPIC -o .libs/add_ui.o
libtool: compile:  ccache gcc -DHAVE_CONFIG_H -I. -I.. -D__GMP_WITHIN_GMP -I.. -O2 -pedantic -fomit-frame-pointer -m64 -std=gnu17 -c inp_str.c -o inp_str.o >/dev/null 2>&1
/bin/sh ../libtool  --tag=CC   --mode=compile ccache gcc -DHAVE_CONFIG_H -I. -I..  -D__GMP_WITHIN_GMP -I..   -O2 -pedantic -fomit-frame-pointer -m64 -std=gnu17 -c -o sub.lo sub.c
libtool: compile:  ccache gcc -DHAVE_CONFIG_H -I. -I.. -D__GMP_WITHIN_GMP -I.. -O2 -pedantic -fomit-frame-pointer -m64 -std=gnu17 -c out_str.c -o out_str.o >/dev/null 2>&1
libtool: compile:  ccache gcc -DHAVE_CONFIG_H -I. -I.. -D__GMP_WITHIN_GMP -I.. -O2 -pedantic -fomit-frame-pointer -m64 -std=gnu17 -c sub.c  -fPIC -DPIC -o .libs/sub.o
/bin/sh ../libtool  --tag=CC   --mode=compile ccache gcc -DHAVE_CONFIG_H -I. -I..  -D__GMP_WITHIN_GMP -I..   -O2 -pedantic -fomit-frame-pointer -m64 -std=gnu17 -c -o sub_ui.lo sub_ui.c
/bin/sh ../libtool  --tag=CC   --mode=compile ccache gcc -DHAVE_CONFIG_H -I. -I..  -D__GMP_WITHIN_GMP -I..   -O2 -pedantic -fomit-frame-pointer -m64 -std=gnu17 -c -o ui_sub.lo ui_sub.c
libtool: compile:  ccache gcc -DHAVE_CONFIG_H -I. -I.. -D__GMP_WITHIN_GMP -I.. -O2 -pedantic -fomit-frame-pointer -m64 -std=gnu17 -c add.c -o add.o >/dev/null 2>&1
/bin/sh ../libtool  --tag=CC   --mode=compile ccache gcc -DHAVE_CONFIG_H -I. -I..  -D__GMP_WITHIN_GMP -I..   -O2 -pedantic -fomit-frame-pointer -m64 -std=gnu17 -c -o mul.lo mul.c
libtool: compile:  ccache gcc -DHAVE_CONFIG_H -I. -I.. -D__GMP_WITHIN_GMP -I.. -O2 -pedantic -fomit-frame-pointer -m64 -std=gnu17 -c sub_ui.c  -fPIC -DPIC -o .libs/sub_ui.o
libtool: compile:  ccache gcc -DHAVE_CONFIG_H -I. -I.. -D__GMP_WITHIN_GMP -I.. -O2 -pedantic -fomit-frame-pointer -m64 -std=gnu17 -c add_ui.c -o add_ui.o >/dev/null 2>&1
libtool: compile:  ccache gcc -DHAVE_CONFIG_H -I. -I.. -D__GMP_WITHIN_GMP -I.. -O2 -pedantic -fomit-frame-pointer -m64 -std=gnu17 -c ui_sub.c  -fPIC -DPIC -o .libs/ui_sub.o
libtool: compile:  ccache gcc -DHAVE_CONFIG_H -I. -I.. -D__GMP_WITHIN_GMP -I.. -O2 -pedantic -fomit-frame-pointer -m64 -std=gnu17 -c mul.c  -fPIC -DPIC -o .libs/mul.o
/bin/sh ../libtool  --tag=CC   --mode=compile ccache gcc -DHAVE_CONFIG_H -I. -I..  -D__GMP_WITHIN_GMP -I..   -O2 -pedantic -fomit-frame-pointer -m64 -std=gnu17 -c -o mul_ui.lo mul_ui.c
/bin/sh ../libtool  --tag=CC   --mode=compile ccache gcc -DHAVE_CONFIG_H -I. -I..  -D__GMP_WITHIN_GMP -I..   -O2 -pedantic -fomit-frame-pointer -m64 -std=gnu17 -c -o div.lo div.c
libtool: compile:  ccache gcc -DHAVE_CONFIG_H -I. -I.. -D__GMP_WITHIN_GMP -I.. -O2 -pedantic -fomit-frame-pointer -m64 -std=gnu17 -c mul_ui.c  -fPIC -DPIC -o .libs/mul_ui.o
libtool: compile:  ccache gcc -DHAVE_CONFIG_H -I. -I.. -D__GMP_WITHIN_GMP -I.. -O2 -pedantic -fomit-frame-pointer -m64 -std=gnu17 -c sub_ui.c -o sub_ui.o >/dev/null 2>&1
libtool: compile:  ccache gcc -DHAVE_CONFIG_H -I. -I.. -D__GMP_WITHIN_GMP -I.. -O2 -pedantic -fomit-frame-pointer -m64 -std=gnu17 -c div.c  -fPIC -DPIC -o .libs/div.o
libtool: compile:  ccache gcc -DHAVE_CONFIG_H -I. -I.. -D__GMP_WITHIN_GMP -I.. -O2 -pedantic -fomit-frame-pointer -m64 -std=gnu17 -c ui_sub.c -o ui_sub.o >/dev/null 2>&1
libtool: compile:  ccache gcc -DHAVE_CONFIG_H -I. -I.. -D__GMP_WITHIN_GMP -I.. -O2 -pedantic -fomit-frame-pointer -m64 -std=gnu17 -c mul.c -o mul.o >/dev/null 2>&1
/bin/sh ../libtool  --tag=CC   --mode=compile ccache gcc -DHAVE_CONFIG_H -I. -I..  -D__GMP_WITHIN_GMP -I..   -O2 -pedantic -fomit-frame-pointer -m64 -std=gnu17 -c -o div_ui.lo div_ui.c
/bin/sh ../libtool  --tag=CC   --mode=compile ccache gcc -DHAVE_CONFIG_H -I. -I..  -D__GMP_WITHIN_GMP -I..   -O2 -pedantic -fomit-frame-pointer -m64 -std=gnu17 -c -o cmp.lo cmp.c
libtool: compile:  ccache gcc -DHAVE_CONFIG_H -I. -I.. -D__GMP_WITHIN_GMP -I.. -O2 -pedantic -fomit-frame-pointer -m64 -std=gnu17 -c mul_ui.c -o mul_ui.o >/dev/null 2>&1
/bin/sh ../libtool  --tag=CC   --mode=compile ccache gcc -DHAVE_CONFIG_H -I. -I..  -D__GMP_WITHIN_GMP -I..   -O2 -pedantic -fomit-frame-pointer -m64 -std=gnu17 -c -o cmp_d.lo cmp_d.c
libtool: compile:  ccache gcc -DHAVE_CONFIG_H -I. -I.. -D__GMP_WITHIN_GMP -I.. -O2 -pedantic -fomit-frame-pointer -m64 -std=gnu17 -c sub.c -o sub.o >/dev/null 2>&1
libtool: compile:  ccache gcc -DHAVE_CONFIG_H -I. -I.. -D__GMP_WITHIN_GMP -I.. -O2 -pedantic -fomit-frame-pointer -m64 -std=gnu17 -c cmp.c  -fPIC -DPIC -o .libs/cmp.o
libtool: compile:  ccache gcc -DHAVE_CONFIG_H -I. -I.. -D__GMP_WITHIN_GMP -I.. -O2 -pedantic -fomit-frame-pointer -m64 -std=gnu17 -c div_ui.c  -fPIC -DPIC -o .libs/div_ui.o
libtool: compile:  ccache gcc -DHAVE_CONFIG_H -I. -I.. -D__GMP_WITHIN_GMP -I.. -O2 -pedantic -fomit-frame-pointer -m64 -std=gnu17 -c cmp_d.c  -fPIC -DPIC -o .libs/cmp_d.o
/bin/sh ../libtool  --tag=CC   --mode=compile ccache gcc -DHAVE_CONFIG_H -I. -I..  -D__GMP_WITHIN_GMP -I..   -O2 -pedantic -fomit-frame-pointer -m64 -std=gnu17 -c -o cmp_z.lo cmp_z.c
libtool: compile:  ccache gcc -DHAVE_CONFIG_H -I. -I.. -D__GMP_WITHIN_GMP -I.. -O2 -pedantic -fomit-frame-pointer -m64 -std=gnu17 -c div.c -o div.o >/dev/null 2>&1
/bin/sh ../libtool  --tag=CC   --mode=compile ccache gcc -DHAVE_CONFIG_H -I. -I..  -D__GMP_WITHIN_GMP -I..   -O2 -pedantic -fomit-frame-pointer -m64 -std=gnu17 -c -o cmp_si.lo cmp_si.c
/bin/sh ../libtool  --tag=CC   --mode=compile ccache gcc -DHAVE_CONFIG_H -I. -I..  -D__GMP_WITHIN_GMP -I..   -O2 -pedantic -fomit-frame-pointer -m64 -std=gnu17 -c -o cmp_ui.lo cmp_ui.c
libtool: compile:  ccache gcc -DHAVE_CONFIG_H -I. -I.. -D__GMP_WITHIN_GMP -I.. -O2 -pedantic -fomit-frame-pointer -m64 -std=gnu17 -c cmp_z.c  -fPIC -DPIC -o .libs/cmp_z.o
libtool: compile:  ccache gcc -DHAVE_CONFIG_H -I. -I.. -D__GMP_WITHIN_GMP -I.. -O2 -pedantic -fomit-frame-pointer -m64 -std=gnu17 -c cmp_si.c  -fPIC -DPIC -o .libs/cmp_si.o
libtool: compile:  ccache gcc -DHAVE_CONFIG_H -I. -I.. -D__GMP_WITHIN_GMP -I.. -O2 -pedantic -fomit-frame-pointer -m64 -std=gnu17 -c cmp_d.c -o cmp_d.o >/dev/null 2>&1
libtool: compile:  ccache gcc -DHAVE_CONFIG_H -I. -I.. -D__GMP_WITHIN_GMP -I.. -O2 -pedantic -fomit-frame-pointer -m64 -std=gnu17 -c div_ui.c -o div_ui.o >/dev/null 2>&1
libtool: compile:  ccache gcc -DHAVE_CONFIG_H -I. -I.. -D__GMP_WITHIN_GMP -I.. -O2 -pedantic -fomit-frame-pointer -m64 -std=gnu17 -c cmp_ui.c  -fPIC -DPIC -o .libs/cmp_ui.o
libtool: compile:  ccache gcc -DHAVE_CONFIG_H -I. -I.. -D__GMP_WITHIN_GMP -I.. -O2 -pedantic -fomit-frame-pointer -m64 -std=gnu17 -c cmp.c -o cmp.o >/dev/null 2>&1
libtool: compile:  ccache gcc -DHAVE_CONFIG_H -I. -I.. -D__GMP_WITHIN_GMP -I.. -O2 -pedantic -fomit-frame-pointer -m64 -std=gnu17 -c cmp_z.c -o cmp_z.o >/dev/null 2>&1
/bin/sh ../libtool  --tag=CC   --mode=compile ccache gcc -DHAVE_CONFIG_H -I. -I..  -D__GMP_WITHIN_GMP -I..   -O2 -pedantic -fomit-frame-pointer -m64 -std=gnu17 -c -o mul_2exp.lo mul_2exp.c
libtool: compile:  ccache gcc -DHAVE_CONFIG_H -I. -I.. -D__GMP_WITHIN_GMP -I.. -O2 -pedantic -fomit-frame-pointer -m64 -std=gnu17 -c cmp_si.c -o cmp_si.o >/dev/null 2>&1
/bin/sh ../libtool  --tag=CC   --mode=compile ccache gcc -DHAVE_CONFIG_H -I. -I..  -D__GMP_WITHIN_GMP -I..   -O2 -pedantic -fomit-frame-pointer -m64 -std=gnu17 -c -o div_2exp.lo div_2exp.c
libtool: compile:  ccache gcc -DHAVE_CONFIG_H -I. -I.. -D__GMP_WITHIN_GMP -I.. -O2 -pedantic -fomit-frame-pointer -m64 -std=gnu17 -c mul_2exp.c  -fPIC -DPIC -o .libs/mul_2exp.o
libtool: compile:  ccache gcc -DHAVE_CONFIG_H -I. -I.. -D__GMP_WITHIN_GMP -I.. -O2 -pedantic -fomit-frame-pointer -m64 -std=gnu17 -c cmp_ui.c -o cmp_ui.o >/dev/null 2>&1
/bin/sh ../libtool  --tag=CC   --mode=compile ccache gcc -DHAVE_CONFIG_H -I. -I..  -D__GMP_WITHIN_GMP -I..   -O2 -pedantic -fomit-frame-pointer -m64 -std=gnu17 -c -o abs.lo abs.c
libtool: compile:  ccache gcc -DHAVE_CONFIG_H -I. -I.. -D__GMP_WITHIN_GMP -I.. -O2 -pedantic -fomit-frame-pointer -m64 -std=gnu17 -c div_2exp.c  -fPIC -DPIC -o .libs/div_2exp.o
/bin/sh ../libtool  --tag=CC   --mode=compile ccache gcc -DHAVE_CONFIG_H -I. -I..  -D__GMP_WITHIN_GMP -I..   -O2 -pedantic -fomit-frame-pointer -m64 -std=gnu17 -c -o neg.lo neg.c
libtool: compile:  ccache gcc -DHAVE_CONFIG_H -I. -I.. -D__GMP_WITHIN_GMP -I.. -O2 -pedantic -fomit-frame-pointer -m64 -std=gnu17 -c abs.c  -fPIC -DPIC -o .libs/abs.o
/bin/sh ../libtool  --tag=CC   --mode=compile ccache gcc -DHAVE_CONFIG_H -I. -I..  -D__GMP_WITHIN_GMP -I..   -O2 -pedantic -fomit-frame-pointer -m64 -std=gnu17 -c -o get_d.lo get_d.c
/bin/sh ../libtool  --tag=CC   --mode=compile ccache gcc -DHAVE_CONFIG_H -I. -I..  -D__GMP_WITHIN_GMP -I..   -O2 -pedantic -fomit-frame-pointer -m64 -std=gnu17 -c -o get_d_2exp.lo get_d_2exp.c
libtool: compile:  ccache gcc -DHAVE_CONFIG_H -I. -I.. -D__GMP_WITHIN_GMP -I.. -O2 -pedantic -fomit-frame-pointer -m64 -std=gnu17 -c neg.c  -fPIC -DPIC -o .libs/neg.o
/bin/sh ../libtool  --tag=CC   --mode=compile ccache gcc -DHAVE_CONFIG_H -I. -I..  -D__GMP_WITHIN_GMP -I..   -O2 -pedantic -fomit-frame-pointer -m64 -std=gnu17 -c -o set_dfl_prec.lo set_dfl_prec.c
libtool: compile:  ccache gcc -DHAVE_CONFIG_H -I. -I.. -D__GMP_WITHIN_GMP -I.. -O2 -pedantic -fomit-frame-pointer -m64 -std=gnu17 -c mul_2exp.c -o mul_2exp.o >/dev/null 2>&1
libtool: compile:  ccache gcc -DHAVE_CONFIG_H -I. -I.. -D__GMP_WITHIN_GMP -I.. -O2 -pedantic -fomit-frame-pointer -m64 -std=gnu17 -c get_d_2exp.c  -fPIC -DPIC -o .libs/get_d_2exp.o
libtool: compile:  ccache gcc -DHAVE_CONFIG_H -I. -I.. -D__GMP_WITHIN_GMP -I.. -O2 -pedantic -fomit-frame-pointer -m64 -std=gnu17 -c get_d.c  -fPIC -DPIC -o .libs/get_d.o
/bin/sh ../libtool  --tag=CC   --mode=compile ccache gcc -DHAVE_CONFIG_H -I. -I..  -D__GMP_WITHIN_GMP -I..   -O2 -pedantic -fomit-frame-pointer -m64 -std=gnu17 -c -o set_prc.lo set_prc.c
libtool: compile:  ccache gcc -DHAVE_CONFIG_H -I. -I.. -D__GMP_WITHIN_GMP -I.. -O2 -pedantic -fomit-frame-pointer -m64 -std=gnu17 -c div_2exp.c -o div_2exp.o >/dev/null 2>&1
libtool: compile:  ccache gcc -DHAVE_CONFIG_H -I. -I.. -D__GMP_WITHIN_GMP -I.. -O2 -pedantic -fomit-frame-pointer -m64 -std=gnu17 -c set_dfl_prec.c  -fPIC -DPIC -o .libs/set_dfl_prec.o
libtool: compile:  ccache gcc -DHAVE_CONFIG_H -I. -I.. -D__GMP_WITHIN_GMP -I.. -O2 -pedantic -fomit-frame-pointer -m64 -std=gnu17 -c abs.c -o abs.o >/dev/null 2>&1
libtool: compile:  ccache gcc -DHAVE_CONFIG_H -I. -I.. -D__GMP_WITHIN_GMP -I.. -O2 -pedantic -fomit-frame-pointer -m64 -std=gnu17 -c set_prc.c  -fPIC -DPIC -o .libs/set_prc.o
libtool: compile:  ccache gcc -DHAVE_CONFIG_H -I. -I.. -D__GMP_WITHIN_GMP -I.. -O2 -pedantic -fomit-frame-pointer -m64 -std=gnu17 -c get_d_2exp.c -o get_d_2exp.o >/dev/null 2>&1
libtool: compile:  ccache gcc -DHAVE_CONFIG_H -I. -I.. -D__GMP_WITHIN_GMP -I.. -O2 -pedantic -fomit-frame-pointer -m64 -std=gnu17 -c neg.c -o neg.o >/dev/null 2>&1
libtool: compile:  ccache gcc -DHAVE_CONFIG_H -I. -I.. -D__GMP_WITHIN_GMP -I.. -O2 -pedantic -fomit-frame-pointer -m64 -std=gnu17 -c get_d.c -o get_d.o >/dev/null 2>&1
/bin/sh ../libtool  --tag=CC   --mode=compile ccache gcc -DHAVE_CONFIG_H -I. -I..  -D__GMP_WITHIN_GMP -I..   -O2 -pedantic -fomit-frame-pointer -m64 -std=gnu17 -c -o set_prc_raw.lo set_prc_raw.c
/bin/sh ../libtool  --tag=CC   --mode=compile ccache gcc -DHAVE_CONFIG_H -I. -I..  -D__GMP_WITHIN_GMP -I..   -O2 -pedantic -fomit-frame-pointer -m64 -std=gnu17 -c -o get_dfl_prec.lo get_dfl_prec.c
libtool: compile:  ccache gcc -DHAVE_CONFIG_H -I. -I.. -D__GMP_WITHIN_GMP -I.. -O2 -pedantic -fomit-frame-pointer -m64 -std=gnu17 -c set_dfl_prec.c -o set_dfl_prec.o >/dev/null 2>&1
/bin/sh ../libtool  --tag=CC   --mode=compile ccache gcc -DHAVE_CONFIG_H -I. -I..  -D__GMP_WITHIN_GMP -I..   -O2 -pedantic -fomit-frame-pointer -m64 -std=gnu17 -c -o get_prc.lo get_prc.c
libtool: compile:  ccache gcc -DHAVE_CONFIG_H -I. -I.. -D__GMP_WITHIN_GMP -I.. -O2 -pedantic -fomit-frame-pointer -m64 -std=gnu17 -c set_prc_raw.c  -fPIC -DPIC -o .libs/set_prc_raw.o
libtool: compile:  ccache gcc -DHAVE_CONFIG_H -I. -I.. -D__GMP_WITHIN_GMP -I.. -O2 -pedantic -fomit-frame-pointer -m64 -std=gnu17 -c set_prc.c -o set_prc.o >/dev/null 2>&1
libtool: compile:  ccache gcc -DHAVE_CONFIG_H -I. -I.. -D__GMP_WITHIN_GMP -I.. -O2 -pedantic -fomit-frame-pointer -m64 -std=gnu17 -c get_dfl_prec.c  -fPIC -DPIC -o .libs/get_dfl_prec.o
libtool: compile:  ccache gcc -DHAVE_CONFIG_H -I. -I.. -D__GMP_WITHIN_GMP -I.. -O2 -pedantic -fomit-frame-pointer -m64 -std=gnu17 -c get_prc.c  -fPIC -DPIC -o .libs/get_prc.o
/bin/sh ../libtool  --tag=CC   --mode=compile ccache gcc -DHAVE_CONFIG_H -I. -I..  -D__GMP_WITHIN_GMP -I..   -O2 -pedantic -fomit-frame-pointer -m64 -std=gnu17 -c -o ui_div.lo ui_div.c
/bin/sh ../libtool  --tag=CC   --mode=compile ccache gcc -DHAVE_CONFIG_H -I. -I..  -D__GMP_WITHIN_GMP -I..   -O2 -pedantic -fomit-frame-pointer -m64 -std=gnu17 -c -o sqrt_ui.lo sqrt_ui.c
libtool: compile:  ccache gcc -DHAVE_CONFIG_H -I. -I.. -D__GMP_WITHIN_GMP -I.. -O2 -pedantic -fomit-frame-pointer -m64 -std=gnu17 -c ui_div.c  -fPIC -DPIC -o .libs/ui_div.o
/bin/sh ../libtool  --tag=CC   --mode=compile ccache gcc -DHAVE_CONFIG_H -I. -I..  -D__GMP_WITHIN_GMP -I..   -O2 -pedantic -fomit-frame-pointer -m64 -std=gnu17 -c -o pow_ui.lo pow_ui.c
libtool: compile:  ccache gcc -DHAVE_CONFIG_H -I. -I.. -D__GMP_WITHIN_GMP -I.. -O2 -pedantic -fomit-frame-pointer -m64 -std=gnu17 -c sqrt_ui.c  -fPIC -DPIC -o .libs/sqrt_ui.o
/bin/sh ../libtool  --tag=CC   --mode=compile ccache gcc -DHAVE_CONFIG_H -I. -I..  -D__GMP_WITHIN_GMP -I..   -O2 -pedantic -fomit-frame-pointer -m64 -std=gnu17 -c -o urandomb.lo urandomb.c
libtool: compile:  ccache gcc -DHAVE_CONFIG_H -I. -I.. -D__GMP_WITHIN_GMP -I.. -O2 -pedantic -fomit-frame-pointer -m64 -std=gnu17 -c set_prc_raw.c -o set_prc_raw.o >/dev/null 2>&1
libtool: compile:  ccache gcc -DHAVE_CONFIG_H -I. -I.. -D__GMP_WITHIN_GMP -I.. -O2 -pedantic -fomit-frame-pointer -m64 -std=gnu17 -c get_dfl_prec.c -o get_dfl_prec.o >/dev/null 2>&1
libtool: compile:  ccache gcc -DHAVE_CONFIG_H -I. -I.. -D__GMP_WITHIN_GMP -I.. -O2 -pedantic -fomit-frame-pointer -m64 -std=gnu17 -c pow_ui.c  -fPIC -DPIC -o .libs/pow_ui.o
libtool: compile:  ccache gcc -DHAVE_CONFIG_H -I. -I.. -D__GMP_WITHIN_GMP -I.. -O2 -pedantic -fomit-frame-pointer -m64 -std=gnu17 -c urandomb.c  -fPIC -DPIC -o .libs/urandomb.o
/bin/sh ../libtool  --tag=CC   --mode=compile ccache gcc -DHAVE_CONFIG_H -I. -I..  -D__GMP_WITHIN_GMP -I..   -O2 -pedantic -fomit-frame-pointer -m64 -std=gnu17 -c -o swap.lo swap.c
libtool: compile:  ccache gcc -DHAVE_CONFIG_H -I. -I.. -D__GMP_WITHIN_GMP -I.. -O2 -pedantic -fomit-frame-pointer -m64 -std=gnu17 -c get_prc.c -o get_prc.o >/dev/null 2>&1
libtool: compile:  ccache gcc -DHAVE_CONFIG_H -I. -I.. -D__GMP_WITHIN_GMP -I.. -O2 -pedantic -fomit-frame-pointer -m64 -std=gnu17 -c ui_div.c -o ui_div.o >/dev/null 2>&1
libtool: compile:  ccache gcc -DHAVE_CONFIG_H -I. -I.. -D__GMP_WITHIN_GMP -I.. -O2 -pedantic -fomit-frame-pointer -m64 -std=gnu17 -c swap.c  -fPIC -DPIC -o .libs/swap.o
/bin/sh ../libtool  --tag=CC   --mode=compile ccache gcc -DHAVE_CONFIG_H -I. -I..  -D__GMP_WITHIN_GMP -I..   -O2 -pedantic -fomit-frame-pointer -m64 -std=gnu17 -c -o get_si.lo get_si.c
libtool: compile:  ccache gcc -DHAVE_CONFIG_H -I. -I.. -D__GMP_WITHIN_GMP -I.. -O2 -pedantic -fomit-frame-pointer -m64 -std=gnu17 -c sqrt_ui.c -o sqrt_ui.o >/dev/null 2>&1
libtool: compile:  ccache gcc -DHAVE_CONFIG_H -I. -I.. -D__GMP_WITHIN_GMP -I.. -O2 -pedantic -fomit-frame-pointer -m64 -std=gnu17 -c pow_ui.c -o pow_ui.o >/dev/null 2>&1
/bin/sh ../libtool  --tag=CC   --mode=compile ccache gcc -DHAVE_CONFIG_H -I. -I..  -D__GMP_WITHIN_GMP -I..   -O2 -pedantic -fomit-frame-pointer -m64 -std=gnu17 -c -o get_ui.lo get_ui.c
/bin/sh ../libtool  --tag=CC   --mode=compile ccache gcc -DHAVE_CONFIG_H -I. -I..  -D__GMP_WITHIN_GMP -I..   -O2 -pedantic -fomit-frame-pointer -m64 -std=gnu17 -c -o int_p.lo int_p.c
libtool: compile:  ccache gcc -DHAVE_CONFIG_H -I. -I.. -D__GMP_WITHIN_GMP -I.. -O2 -pedantic -fomit-frame-pointer -m64 -std=gnu17 -c urandomb.c -o urandomb.o >/dev/null 2>&1
libtool: compile:  ccache gcc -DHAVE_CONFIG_H -I. -I.. -D__GMP_WITHIN_GMP -I.. -O2 -pedantic -fomit-frame-pointer -m64 -std=gnu17 -c get_si.c  -fPIC -DPIC -o .libs/get_si.o
libtool: compile:  ccache gcc -DHAVE_CONFIG_H -I. -I.. -D__GMP_WITHIN_GMP -I.. -O2 -pedantic -fomit-frame-pointer -m64 -std=gnu17 -c get_ui.c  -fPIC -DPIC -o .libs/get_ui.o
libtool: compile:  ccache gcc -DHAVE_CONFIG_H -I. -I.. -D__GMP_WITHIN_GMP -I.. -O2 -pedantic -fomit-frame-pointer -m64 -std=gnu17 -c int_p.c  -fPIC -DPIC -o .libs/int_p.o
libtool: compile:  ccache gcc -DHAVE_CONFIG_H -I. -I.. -D__GMP_WITHIN_GMP -I.. -O2 -pedantic -fomit-frame-pointer -m64 -std=gnu17 -c swap.c -o swap.o >/dev/null 2>&1
/bin/sh ../libtool  --tag=CC   --mode=compile ccache gcc -DHAVE_CONFIG_H -I. -I..  -D__GMP_WITHIN_GMP -I..   -O2 -pedantic -fomit-frame-pointer -m64 -std=gnu17 -c -o ceilfloor.lo ceilfloor.c
/bin/sh ../libtool  --tag=CC   --mode=compile ccache gcc -DHAVE_CONFIG_H -I. -I..  -D__GMP_WITHIN_GMP -I..   -O2 -pedantic -fomit-frame-pointer -m64 -std=gnu17 -c -o trunc.lo trunc.c
/bin/sh ../libtool  --tag=CC   --mode=compile ccache gcc -DHAVE_CONFIG_H -I. -I..  -D__GMP_WITHIN_GMP -I..   -O2 -pedantic -fomit-frame-pointer -m64 -std=gnu17 -c -o fits_sint.lo fits_sint.c
libtool: compile:  ccache gcc -DHAVE_CONFIG_H -I. -I.. -D__GMP_WITHIN_GMP -I.. -O2 -pedantic -fomit-frame-pointer -m64 -std=gnu17 -c get_si.c -o get_si.o >/dev/null 2>&1
libtool: compile:  ccache gcc -DHAVE_CONFIG_H -I. -I.. -D__GMP_WITHIN_GMP -I.. -O2 -pedantic -fomit-frame-pointer -m64 -std=gnu17 -c get_ui.c -o get_ui.o >/dev/null 2>&1
libtool: compile:  ccache gcc -DHAVE_CONFIG_H -I. -I.. -D__GMP_WITHIN_GMP -I.. -O2 -pedantic -fomit-frame-pointer -m64 -std=gnu17 -c fits_sint.c  -fPIC -DPIC -o .libs/fits_sint.o
libtool: compile:  ccache gcc -DHAVE_CONFIG_H -I. -I.. -D__GMP_WITHIN_GMP -I.. -O2 -pedantic -fomit-frame-pointer -m64 -std=gnu17 -c int_p.c -o int_p.o >/dev/null 2>&1
libtool: compile:  ccache gcc -DHAVE_CONFIG_H -I. -I.. -D__GMP_WITHIN_GMP -I.. -O2 -pedantic -fomit-frame-pointer -m64 -std=gnu17 -c ceilfloor.c  -fPIC -DPIC -o .libs/ceilfloor.o
libtool: compile:  ccache gcc -DHAVE_CONFIG_H -I. -I.. -D__GMP_WITHIN_GMP -I.. -O2 -pedantic -fomit-frame-pointer -m64 -std=gnu17 -c trunc.c  -fPIC -DPIC -o .libs/trunc.o
/bin/sh ../libtool  --tag=CC   --mode=compile ccache gcc -DHAVE_CONFIG_H -I. -I..  -D__GMP_WITHIN_GMP -I..   -O2 -pedantic -fomit-frame-pointer -m64 -std=gnu17 -c -o fits_slong.lo fits_slong.c
/bin/sh ../libtool  --tag=CC   --mode=compile ccache gcc -DHAVE_CONFIG_H -I. -I..  -D__GMP_WITHIN_GMP -I..   -O2 -pedantic -fomit-frame-pointer -m64 -std=gnu17 -c -o fits_sshort.lo fits_sshort.c
libtool: compile:  ccache gcc -DHAVE_CONFIG_H -I. -I.. -D__GMP_WITHIN_GMP -I.. -O2 -pedantic -fomit-frame-pointer -m64 -std=gnu17 -c fits_slong.c  -fPIC -DPIC -o .libs/fits_slong.o
libtool: compile:  ccache gcc -DHAVE_CONFIG_H -I. -I.. -D__GMP_WITHIN_GMP -I.. -O2 -pedantic -fomit-frame-pointer -m64 -std=gnu17 -c fits_sshort.c  -fPIC -DPIC -o .libs/fits_sshort.o
/bin/sh ../libtool  --tag=CC   --mode=compile ccache gcc -DHAVE_CONFIG_H -I. -I..  -D__GMP_WITHIN_GMP -I..   -O2 -pedantic -fomit-frame-pointer -m64 -std=gnu17 -c -o fits_uint.lo fits_uint.c
libtool: compile:  ccache gcc -DHAVE_CONFIG_H -I. -I.. -D__GMP_WITHIN_GMP -I.. -O2 -pedantic -fomit-frame-pointer -m64 -std=gnu17 -c trunc.c -o trunc.o >/dev/null 2>&1
libtool: compile:  ccache gcc -DHAVE_CONFIG_H -I. -I.. -D__GMP_WITHIN_GMP -I.. -O2 -pedantic -fomit-frame-pointer -m64 -std=gnu17 -c fits_sint.c -o fits_sint.o >/dev/null 2>&1
/bin/sh ../libtool  --tag=CC   --mode=compile ccache gcc -DHAVE_CONFIG_H -I. -I..  -D__GMP_WITHIN_GMP -I..   -O2 -pedantic -fomit-frame-pointer -m64 -std=gnu17 -c -o fits_ulong.lo fits_ulong.c
/bin/sh ../libtool  --tag=CC   --mode=compile ccache gcc -DHAVE_CONFIG_H -I. -I..  -D__GMP_WITHIN_GMP -I..   -O2 -pedantic -fomit-frame-pointer -m64 -std=gnu17 -c -o fits_ushort.lo fits_ushort.c
libtool: compile:  ccache gcc -DHAVE_CONFIG_H -I. -I.. -D__GMP_WITHIN_GMP -I.. -O2 -pedantic -fomit-frame-pointer -m64 -std=gnu17 -c ceilfloor.c -o ceilfloor.o >/dev/null 2>&1
libtool: compile:  ccache gcc -DHAVE_CONFIG_H -I. -I.. -D__GMP_WITHIN_GMP -I.. -O2 -pedantic -fomit-frame-pointer -m64 -std=gnu17 -c fits_uint.c  -fPIC -DPIC -o .libs/fits_uint.o
libtool: compile:  ccache gcc -DHAVE_CONFIG_H -I. -I.. -D__GMP_WITHIN_GMP -I.. -O2 -pedantic -fomit-frame-pointer -m64 -std=gnu17 -c fits_ulong.c  -fPIC -DPIC -o .libs/fits_ulong.o
libtool: compile:  ccache gcc -DHAVE_CONFIG_H -I. -I.. -D__GMP_WITHIN_GMP -I.. -O2 -pedantic -fomit-frame-pointer -m64 -std=gnu17 -c fits_ushort.c  -fPIC -DPIC -o .libs/fits_ushort.o
libtool: compile:  ccache gcc -DHAVE_CONFIG_H -I. -I.. -D__GMP_WITHIN_GMP -I.. -O2 -pedantic -fomit-frame-pointer -m64 -std=gnu17 -c fits_slong.c -o fits_slong.o >/dev/null 2>&1
libtool: compile:  ccache gcc -DHAVE_CONFIG_H -I. -I.. -D__GMP_WITHIN_GMP -I.. -O2 -pedantic -fomit-frame-pointer -m64 -std=gnu17 -c fits_sshort.c -o fits_sshort.o >/dev/null 2>&1
libtool: compile:  ccache gcc -DHAVE_CONFIG_H -I. -I.. -D__GMP_WITHIN_GMP -I.. -O2 -pedantic -fomit-frame-pointer -m64 -std=gnu17 -c fits_uint.c -o fits_uint.o >/dev/null 2>&1
libtool: compile:  ccache gcc -DHAVE_CONFIG_H -I. -I.. -D__GMP_WITHIN_GMP -I.. -O2 -pedantic -fomit-frame-pointer -m64 -std=gnu17 -c fits_ushort.c -o fits_ushort.o >/dev/null 2>&1
libtool: compile:  ccache gcc -DHAVE_CONFIG_H -I. -I.. -D__GMP_WITHIN_GMP -I.. -O2 -pedantic -fomit-frame-pointer -m64 -std=gnu17 -c fits_ulong.c -o fits_ulong.o >/dev/null 2>&1
/bin/sh ../libtool  --tag=CC   --mode=link ccache gcc  -O2 -pedantic -fomit-frame-pointer -m64 -std=gnu17   -o libmpf.la  init.lo init2.lo inits.lo set.lo set_ui.lo set_si.lo set_str.lo set_d.lo set_z.lo set_q.lo iset.lo iset_ui.lo iset_si.lo iset_str.lo iset_d.lo clear.lo clears.lo get_str.lo dump.lo size.lo eq.lo reldiff.lo sqrt.lo random2.lo inp_str.lo out_str.lo add.lo add_ui.lo sub.lo sub_ui.lo ui_sub.lo mul.lo mul_ui.lo div.lo div_ui.lo cmp.lo cmp_d.lo cmp_z.lo cmp_si.lo cmp_ui.lo mul_2exp.lo div_2exp.lo abs.lo neg.lo get_d.lo get_d_2exp.lo set_dfl_prec.lo set_prc.lo set_prc_raw.lo get_dfl_prec.lo get_prc.lo ui_div.lo sqrt_ui.lo pow_ui.lo urandomb.lo swap.lo get_si.lo get_ui.lo int_p.lo ceilfloor.lo trunc.lo fits_sint.lo fits_slong.lo fits_sshort.lo fits_uint.lo fits_ulong.lo fits_ushort.lo  
libtool: link: ar cq .libs/libmpf.a .libs/init.o .libs/init2.o .libs/inits.o .libs/set.o .libs/set_ui.o .libs/set_si.o .libs/set_str.o .libs/set_d.o .libs/set_z.o .libs/set_q.o .libs/iset.o .libs/iset_ui.o .libs/iset_si.o .libs/iset_str.o .libs/iset_d.o .libs/clear.o .libs/clears.o .libs/get_str.o .libs/dump.o .libs/size.o .libs/eq.o .libs/reldiff.o .libs/sqrt.o .libs/random2.o .libs/inp_str.o .libs/out_str.o .libs/add.o .libs/add_ui.o .libs/sub.o .libs/sub_ui.o .libs/ui_sub.o .libs/mul.o .libs/mul_ui.o .libs/div.o .libs/div_ui.o .libs/cmp.o .libs/cmp_d.o .libs/cmp_z.o .libs/cmp_si.o .libs/cmp_ui.o .libs/mul_2exp.o .libs/div_2exp.o .libs/abs.o .libs/neg.o .libs/get_d.o .libs/get_d_2exp.o .libs/set_dfl_prec.o .libs/set_prc.o .libs/set_prc_raw.o .libs/get_dfl_prec.o .libs/get_prc.o .libs/ui_div.o .libs/sqrt_ui.o .libs/pow_ui.o .libs/urandomb.o .libs/swap.o .libs/get_si.o .libs/get_ui.o .libs/int_p.o .libs/ceilfloor.o .libs/trunc.o .libs/fits_sint.o .libs/fits_slong.o .libs/fits_sshort.o .libs/fits_uint.o .libs/fits_ulong.o .libs/fits_ushort.o 
libtool: link: ranlib .libs/libmpf.a
libtool: link: ( cd ".libs" && rm -f "libmpf.la" && ln -s "../libmpf.la" "libmpf.la" )
make[4]: Leaving directory '/build/arkana/src/gmp-6.3.0/mpf'
Making all in printf
make[4]: Entering directory '/build/arkana/src/gmp-6.3.0/printf'
/bin/sh ../libtool  --tag=CC   --mode=compile ccache gcc -DHAVE_CONFIG_H -I. -I..  -D__GMP_WITHIN_GMP -I..   -O2 -pedantic -fomit-frame-pointer -m64 -std=gnu17 -c -o asprintf.lo asprintf.c
/bin/sh ../libtool  --tag=CC   --mode=compile ccache gcc -DHAVE_CONFIG_H -I. -I..  -D__GMP_WITHIN_GMP -I..   -O2 -pedantic -fomit-frame-pointer -m64 -std=gnu17 -c -o asprntffuns.lo asprntffuns.c
/bin/sh ../libtool  --tag=CC   --mode=compile ccache gcc -DHAVE_CONFIG_H -I. -I..  -D__GMP_WITHIN_GMP -I..   -O2 -pedantic -fomit-frame-pointer -m64 -std=gnu17 -c -o doprnt.lo doprnt.c
/bin/sh ../libtool  --tag=CC   --mode=compile ccache gcc -DHAVE_CONFIG_H -I. -I..  -D__GMP_WITHIN_GMP -I..   -O2 -pedantic -fomit-frame-pointer -m64 -std=gnu17 -c -o doprntf.lo doprntf.c
/bin/sh ../libtool  --tag=CC   --mode=compile ccache gcc -DHAVE_CONFIG_H -I. -I..  -D__GMP_WITHIN_GMP -I..   -O2 -pedantic -fomit-frame-pointer -m64 -std=gnu17 -c -o doprnti.lo doprnti.c
/bin/sh ../libtool  --tag=CC   --mode=compile ccache gcc -DHAVE_CONFIG_H -I. -I..  -D__GMP_WITHIN_GMP -I..   -O2 -pedantic -fomit-frame-pointer -m64 -std=gnu17 -c -o fprintf.lo fprintf.c
/bin/sh ../libtool  --tag=CC   --mode=compile ccache gcc -DHAVE_CONFIG_H -I. -I..  -D__GMP_WITHIN_GMP -I..   -O2 -pedantic -fomit-frame-pointer -m64 -std=gnu17 -c -o obprintf.lo obprintf.c
/bin/sh ../libtool  --tag=CC   --mode=compile ccache gcc -DHAVE_CONFIG_H -I. -I..  -D__GMP_WITHIN_GMP -I..   -O2 -pedantic -fomit-frame-pointer -m64 -std=gnu17 -c -o obvprintf.lo obvprintf.c
libtool: compile:  ccache gcc -DHAVE_CONFIG_H -I. -I.. -D__GMP_WITHIN_GMP -I.. -O2 -pedantic -fomit-frame-pointer -m64 -std=gnu17 -c asprntffuns.c  -fPIC -DPIC -o .libs/asprntffuns.o
libtool: compile:  ccache gcc -DHAVE_CONFIG_H -I. -I.. -D__GMP_WITHIN_GMP -I.. -O2 -pedantic -fomit-frame-pointer -m64 -std=gnu17 -c asprintf.c  -fPIC -DPIC -o .libs/asprintf.o
libtool: compile:  ccache gcc -DHAVE_CONFIG_H -I. -I.. -D__GMP_WITHIN_GMP -I.. -O2 -pedantic -fomit-frame-pointer -m64 -std=gnu17 -c fprintf.c  -fPIC -DPIC -o .libs/fprintf.o
libtool: compile:  ccache gcc -DHAVE_CONFIG_H -I. -I.. -D__GMP_WITHIN_GMP -I.. -O2 -pedantic -fomit-frame-pointer -m64 -std=gnu17 -c doprntf.c  -fPIC -DPIC -o .libs/doprntf.o
libtool: compile:  ccache gcc -DHAVE_CONFIG_H -I. -I.. -D__GMP_WITHIN_GMP -I.. -O2 -pedantic -fomit-frame-pointer -m64 -std=gnu17 -c doprnti.c  -fPIC -DPIC -o .libs/doprnti.o
libtool: compile:  ccache gcc -DHAVE_CONFIG_H -I. -I.. -D__GMP_WITHIN_GMP -I.. -O2 -pedantic -fomit-frame-pointer -m64 -std=gnu17 -c obvprintf.c  -fPIC -DPIC -o .libs/obvprintf.o
libtool: compile:  ccache gcc -DHAVE_CONFIG_H -I. -I.. -D__GMP_WITHIN_GMP -I.. -O2 -pedantic -fomit-frame-pointer -m64 -std=gnu17 -c obprintf.c  -fPIC -DPIC -o .libs/obprintf.o
libtool: compile:  ccache gcc -DHAVE_CONFIG_H -I. -I.. -D__GMP_WITHIN_GMP -I.. -O2 -pedantic -fomit-frame-pointer -m64 -std=gnu17 -c doprnt.c  -fPIC -DPIC -o .libs/doprnt.o
libtool: compile:  ccache gcc -DHAVE_CONFIG_H -I. -I.. -D__GMP_WITHIN_GMP -I.. -O2 -pedantic -fomit-frame-pointer -m64 -std=gnu17 -c fprintf.c -o fprintf.o >/dev/null 2>&1
libtool: compile:  ccache gcc -DHAVE_CONFIG_H -I. -I.. -D__GMP_WITHIN_GMP -I.. -O2 -pedantic -fomit-frame-pointer -m64 -std=gnu17 -c obvprintf.c -o obvprintf.o >/dev/null 2>&1
libtool: compile:  ccache gcc -DHAVE_CONFIG_H -I. -I.. -D__GMP_WITHIN_GMP -I.. -O2 -pedantic -fomit-frame-pointer -m64 -std=gnu17 -c obprintf.c -o obprintf.o >/dev/null 2>&1
libtool: compile:  ccache gcc -DHAVE_CONFIG_H -I. -I.. -D__GMP_WITHIN_GMP -I.. -O2 -pedantic -fomit-frame-pointer -m64 -std=gnu17 -c asprntffuns.c -o asprntffuns.o >/dev/null 2>&1
libtool: compile:  ccache gcc -DHAVE_CONFIG_H -I. -I.. -D__GMP_WITHIN_GMP -I.. -O2 -pedantic -fomit-frame-pointer -m64 -std=gnu17 -c asprintf.c -o asprintf.o >/dev/null 2>&1
libtool: compile:  ccache gcc -DHAVE_CONFIG_H -I. -I.. -D__GMP_WITHIN_GMP -I.. -O2 -pedantic -fomit-frame-pointer -m64 -std=gnu17 -c doprnti.c -o doprnti.o >/dev/null 2>&1
/bin/sh ../libtool  --tag=CC   --mode=compile ccache gcc -DHAVE_CONFIG_H -I. -I..  -D__GMP_WITHIN_GMP -I..   -O2 -pedantic -fomit-frame-pointer -m64 -std=gnu17 -c -o obprntffuns.lo obprntffuns.c
/bin/sh ../libtool  --tag=CC   --mode=compile ccache gcc -DHAVE_CONFIG_H -I. -I..  -D__GMP_WITHIN_GMP -I..   -O2 -pedantic -fomit-frame-pointer -m64 -std=gnu17 -c -o printf.lo printf.c
/bin/sh ../libtool  --tag=CC   --mode=compile ccache gcc -DHAVE_CONFIG_H -I. -I..  -D__GMP_WITHIN_GMP -I..   -O2 -pedantic -fomit-frame-pointer -m64 -std=gnu17 -c -o printffuns.lo printffuns.c
libtool: compile:  ccache gcc -DHAVE_CONFIG_H -I. -I.. -D__GMP_WITHIN_GMP -I.. -O2 -pedantic -fomit-frame-pointer -m64 -std=gnu17 -c obprntffuns.c  -fPIC -DPIC -o .libs/obprntffuns.o
/bin/sh ../libtool  --tag=CC   --mode=compile ccache gcc -DHAVE_CONFIG_H -I. -I..  -D__GMP_WITHIN_GMP -I..   -O2 -pedantic -fomit-frame-pointer -m64 -std=gnu17 -c -o snprintf.lo snprintf.c
libtool: compile:  ccache gcc -DHAVE_CONFIG_H -I. -I.. -D__GMP_WITHIN_GMP -I.. -O2 -pedantic -fomit-frame-pointer -m64 -std=gnu17 -c doprntf.c -o doprntf.o >/dev/null 2>&1
libtool: compile:  ccache gcc -DHAVE_CONFIG_H -I. -I.. -D__GMP_WITHIN_GMP -I.. -O2 -pedantic -fomit-frame-pointer -m64 -std=gnu17 -c printf.c  -fPIC -DPIC -o .libs/printf.o
/bin/sh ../libtool  --tag=CC   --mode=compile ccache gcc -DHAVE_CONFIG_H -I. -I..  -D__GMP_WITHIN_GMP -I..   -O2 -pedantic -fomit-frame-pointer -m64 -std=gnu17 -c -o snprntffuns.lo snprntffuns.c
libtool: compile:  ccache gcc -DHAVE_CONFIG_H -I. -I.. -D__GMP_WITHIN_GMP -I.. -O2 -pedantic -fomit-frame-pointer -m64 -std=gnu17 -c printffuns.c  -fPIC -DPIC -o .libs/printffuns.o
libtool: compile:  ccache gcc -DHAVE_CONFIG_H -I. -I.. -D__GMP_WITHIN_GMP -I.. -O2 -pedantic -fomit-frame-pointer -m64 -std=gnu17 -c snprintf.c  -fPIC -DPIC -o .libs/snprintf.o
libtool: compile:  ccache gcc -DHAVE_CONFIG_H -I. -I.. -D__GMP_WITHIN_GMP -I.. -O2 -pedantic -fomit-frame-pointer -m64 -std=gnu17 -c doprnt.c -o doprnt.o >/dev/null 2>&1
libtool: compile:  ccache gcc -DHAVE_CONFIG_H -I. -I.. -D__GMP_WITHIN_GMP -I.. -O2 -pedantic -fomit-frame-pointer -m64 -std=gnu17 -c snprntffuns.c  -fPIC -DPIC -o .libs/snprntffuns.o
libtool: compile:  ccache gcc -DHAVE_CONFIG_H -I. -I.. -D__GMP_WITHIN_GMP -I.. -O2 -pedantic -fomit-frame-pointer -m64 -std=gnu17 -c obprntffuns.c -o obprntffuns.o >/dev/null 2>&1
/bin/sh ../libtool  --tag=CC   --mode=compile ccache gcc -DHAVE_CONFIG_H -I. -I..  -D__GMP_WITHIN_GMP -I..   -O2 -pedantic -fomit-frame-pointer -m64 -std=gnu17 -c -o sprintf.lo sprintf.c
libtool: compile:  ccache gcc -DHAVE_CONFIG_H -I. -I.. -D__GMP_WITHIN_GMP -I.. -O2 -pedantic -fomit-frame-pointer -m64 -std=gnu17 -c printf.c -o printf.o >/dev/null 2>&1
libtool: compile:  ccache gcc -DHAVE_CONFIG_H -I. -I.. -D__GMP_WITHIN_GMP -I.. -O2 -pedantic -fomit-frame-pointer -m64 -std=gnu17 -c snprintf.c -o snprintf.o >/dev/null 2>&1
libtool: compile:  ccache gcc -DHAVE_CONFIG_H -I. -I.. -D__GMP_WITHIN_GMP -I.. -O2 -pedantic -fomit-frame-pointer -m64 -std=gnu17 -c printffuns.c -o printffuns.o >/dev/null 2>&1
libtool: compile:  ccache gcc -DHAVE_CONFIG_H -I. -I.. -D__GMP_WITHIN_GMP -I.. -O2 -pedantic -fomit-frame-pointer -m64 -std=gnu17 -c sprintf.c  -fPIC -DPIC -o .libs/sprintf.o
libtool: compile:  ccache gcc -DHAVE_CONFIG_H -I. -I.. -D__GMP_WITHIN_GMP -I.. -O2 -pedantic -fomit-frame-pointer -m64 -std=gnu17 -c snprntffuns.c -o snprntffuns.o >/dev/null 2>&1
/bin/sh ../libtool  --tag=CC   --mode=compile ccache gcc -DHAVE_CONFIG_H -I. -I..  -D__GMP_WITHIN_GMP -I..   -O2 -pedantic -fomit-frame-pointer -m64 -std=gnu17 -c -o sprintffuns.lo sprintffuns.c
/bin/sh ../libtool  --tag=CC   --mode=compile ccache gcc -DHAVE_CONFIG_H -I. -I..  -D__GMP_WITHIN_GMP -I..   -O2 -pedantic -fomit-frame-pointer -m64 -std=gnu17 -c -o vasprintf.lo vasprintf.c
libtool: compile:  ccache gcc -DHAVE_CONFIG_H -I. -I.. -D__GMP_WITHIN_GMP -I.. -O2 -pedantic -fomit-frame-pointer -m64 -std=gnu17 -c sprintf.c -o sprintf.o >/dev/null 2>&1
/bin/sh ../libtool  --tag=CC   --mode=compile ccache gcc -DHAVE_CONFIG_H -I. -I..  -D__GMP_WITHIN_GMP -I..   -O2 -pedantic -fomit-frame-pointer -m64 -std=gnu17 -c -o vfprintf.lo vfprintf.c
/bin/sh ../libtool  --tag=CC   --mode=compile ccache gcc -DHAVE_CONFIG_H -I. -I..  -D__GMP_WITHIN_GMP -I..   -O2 -pedantic -fomit-frame-pointer -m64 -std=gnu17 -c -o vprintf.lo vprintf.c
libtool: compile:  ccache gcc -DHAVE_CONFIG_H -I. -I.. -D__GMP_WITHIN_GMP -I.. -O2 -pedantic -fomit-frame-pointer -m64 -std=gnu17 -c sprintffuns.c  -fPIC -DPIC -o .libs/sprintffuns.o
libtool: compile:  ccache gcc -DHAVE_CONFIG_H -I. -I.. -D__GMP_WITHIN_GMP -I.. -O2 -pedantic -fomit-frame-pointer -m64 -std=gnu17 -c vasprintf.c  -fPIC -DPIC -o .libs/vasprintf.o
/bin/sh ../libtool  --tag=CC   --mode=compile ccache gcc -DHAVE_CONFIG_H -I. -I..  -D__GMP_WITHIN_GMP -I..   -O2 -pedantic -fomit-frame-pointer -m64 -std=gnu17 -c -o vsnprintf.lo vsnprintf.c
libtool: compile:  ccache gcc -DHAVE_CONFIG_H -I. -I.. -D__GMP_WITHIN_GMP -I.. -O2 -pedantic -fomit-frame-pointer -m64 -std=gnu17 -c vfprintf.c  -fPIC -DPIC -o .libs/vfprintf.o
libtool: compile:  ccache gcc -DHAVE_CONFIG_H -I. -I.. -D__GMP_WITHIN_GMP -I.. -O2 -pedantic -fomit-frame-pointer -m64 -std=gnu17 -c vprintf.c  -fPIC -DPIC -o .libs/vprintf.o
/bin/sh ../libtool  --tag=CC   --mode=compile ccache gcc -DHAVE_CONFIG_H -I. -I..  -D__GMP_WITHIN_GMP -I..   -O2 -pedantic -fomit-frame-pointer -m64 -std=gnu17 -c -o vsprintf.lo vsprintf.c
libtool: compile:  ccache gcc -DHAVE_CONFIG_H -I. -I.. -D__GMP_WITHIN_GMP -I.. -O2 -pedantic -fomit-frame-pointer -m64 -std=gnu17 -c vsnprintf.c  -fPIC -DPIC -o .libs/vsnprintf.o
/bin/sh ../libtool  --tag=CC   --mode=compile ccache gcc -DHAVE_CONFIG_H -I. -I..  -D__GMP_WITHIN_GMP -I..   -O2 -pedantic -fomit-frame-pointer -m64 -std=gnu17 -c -o repl-vsnprintf.lo repl-vsnprintf.c
libtool: compile:  ccache gcc -DHAVE_CONFIG_H -I. -I.. -D__GMP_WITHIN_GMP -I.. -O2 -pedantic -fomit-frame-pointer -m64 -std=gnu17 -c vsprintf.c  -fPIC -DPIC -o .libs/vsprintf.o
libtool: compile:  ccache gcc -DHAVE_CONFIG_H -I. -I.. -D__GMP_WITHIN_GMP -I.. -O2 -pedantic -fomit-frame-pointer -m64 -std=gnu17 -c repl-vsnprintf.c  -fPIC -DPIC -o .libs/repl-vsnprintf.o
libtool: compile:  ccache gcc -DHAVE_CONFIG_H -I. -I.. -D__GMP_WITHIN_GMP -I.. -O2 -pedantic -fomit-frame-pointer -m64 -std=gnu17 -c vprintf.c -o vprintf.o >/dev/null 2>&1
libtool: compile:  ccache gcc -DHAVE_CONFIG_H -I. -I.. -D__GMP_WITHIN_GMP -I.. -O2 -pedantic -fomit-frame-pointer -m64 -std=gnu17 -c sprintffuns.c -o sprintffuns.o >/dev/null 2>&1
libtool: compile:  ccache gcc -DHAVE_CONFIG_H -I. -I.. -D__GMP_WITHIN_GMP -I.. -O2 -pedantic -fomit-frame-pointer -m64 -std=gnu17 -c vsnprintf.c -o vsnprintf.o >/dev/null 2>&1
libtool: compile:  ccache gcc -DHAVE_CONFIG_H -I. -I.. -D__GMP_WITHIN_GMP -I.. -O2 -pedantic -fomit-frame-pointer -m64 -std=gnu17 -c vasprintf.c -o vasprintf.o >/dev/null 2>&1
libtool: compile:  ccache gcc -DHAVE_CONFIG_H -I. -I.. -D__GMP_WITHIN_GMP -I.. -O2 -pedantic -fomit-frame-pointer -m64 -std=gnu17 -c vfprintf.c -o vfprintf.o >/dev/null 2>&1
libtool: compile:  ccache gcc -DHAVE_CONFIG_H -I. -I.. -D__GMP_WITHIN_GMP -I.. -O2 -pedantic -fomit-frame-pointer -m64 -std=gnu17 -c vsprintf.c -o vsprintf.o >/dev/null 2>&1
libtool: compile:  ccache gcc -DHAVE_CONFIG_H -I. -I.. -D__GMP_WITHIN_GMP -I.. -O2 -pedantic -fomit-frame-pointer -m64 -std=gnu17 -c repl-vsnprintf.c -o repl-vsnprintf.o >/dev/null 2>&1
/bin/sh ../libtool  --tag=CC   --mode=link ccache gcc  -O2 -pedantic -fomit-frame-pointer -m64 -std=gnu17   -o libprintf.la  asprintf.lo asprntffuns.lo doprnt.lo doprntf.lo doprnti.lo fprintf.lo obprintf.lo obvprintf.lo obprntffuns.lo printf.lo printffuns.lo snprintf.lo snprntffuns.lo sprintf.lo sprintffuns.lo vasprintf.lo vfprintf.lo vprintf.lo vsnprintf.lo vsprintf.lo repl-vsnprintf.lo  
libtool: link: ar cq .libs/libprintf.a .libs/asprintf.o .libs/asprntffuns.o .libs/doprnt.o .libs/doprntf.o .libs/doprnti.o .libs/fprintf.o .libs/obprintf.o .libs/obvprintf.o .libs/obprntffuns.o .libs/printf.o .libs/printffuns.o .libs/snprintf.o .libs/snprntffuns.o .libs/sprintf.o .libs/sprintffuns.o .libs/vasprintf.o .libs/vfprintf.o .libs/vprintf.o .libs/vsnprintf.o .libs/vsprintf.o .libs/repl-vsnprintf.o 
libtool: link: ranlib .libs/libprintf.a
libtool: link: ( cd ".libs" && rm -f "libprintf.la" && ln -s "../libprintf.la" "libprintf.la" )
make[4]: Leaving directory '/build/arkana/src/gmp-6.3.0/printf'
Making all in scanf
make[4]: Entering directory '/build/arkana/src/gmp-6.3.0/scanf'
/bin/sh ../libtool  --tag=CC   --mode=compile ccache gcc -DHAVE_CONFIG_H -I. -I..  -D__GMP_WITHIN_GMP -I..   -O2 -pedantic -fomit-frame-pointer -m64 -std=gnu17 -c -o doscan.lo doscan.c
/bin/sh ../libtool  --tag=CC   --mode=compile ccache gcc -DHAVE_CONFIG_H -I. -I..  -D__GMP_WITHIN_GMP -I..   -O2 -pedantic -fomit-frame-pointer -m64 -std=gnu17 -c -o fscanf.lo fscanf.c
/bin/sh ../libtool  --tag=CC   --mode=compile ccache gcc -DHAVE_CONFIG_H -I. -I..  -D__GMP_WITHIN_GMP -I..   -O2 -pedantic -fomit-frame-pointer -m64 -std=gnu17 -c -o fscanffuns.lo fscanffuns.c
/bin/sh ../libtool  --tag=CC   --mode=compile ccache gcc -DHAVE_CONFIG_H -I. -I..  -D__GMP_WITHIN_GMP -I..   -O2 -pedantic -fomit-frame-pointer -m64 -std=gnu17 -c -o scanf.lo scanf.c
/bin/sh ../libtool  --tag=CC   --mode=compile ccache gcc -DHAVE_CONFIG_H -I. -I..  -D__GMP_WITHIN_GMP -I..   -O2 -pedantic -fomit-frame-pointer -m64 -std=gnu17 -c -o sscanf.lo sscanf.c
/bin/sh ../libtool  --tag=CC   --mode=compile ccache gcc -DHAVE_CONFIG_H -I. -I..  -D__GMP_WITHIN_GMP -I..   -O2 -pedantic -fomit-frame-pointer -m64 -std=gnu17 -c -o sscanffuns.lo sscanffuns.c
/bin/sh ../libtool  --tag=CC   --mode=compile ccache gcc -DHAVE_CONFIG_H -I. -I..  -D__GMP_WITHIN_GMP -I..   -O2 -pedantic -fomit-frame-pointer -m64 -std=gnu17 -c -o vfscanf.lo vfscanf.c
/bin/sh ../libtool  --tag=CC   --mode=compile ccache gcc -DHAVE_CONFIG_H -I. -I..  -D__GMP_WITHIN_GMP -I..   -O2 -pedantic -fomit-frame-pointer -m64 -std=gnu17 -c -o vscanf.lo vscanf.c
libtool: compile:  ccache gcc -DHAVE_CONFIG_H -I. -I.. -D__GMP_WITHIN_GMP -I.. -O2 -pedantic -fomit-frame-pointer -m64 -std=gnu17 -c scanf.c  -fPIC -DPIC -o .libs/scanf.o
libtool: compile:  ccache gcc -DHAVE_CONFIG_H -I. -I.. -D__GMP_WITHIN_GMP -I.. -O2 -pedantic -fomit-frame-pointer -m64 -std=gnu17 -c fscanffuns.c  -fPIC -DPIC -o .libs/fscanffuns.o
libtool: compile:  ccache gcc -DHAVE_CONFIG_H -I. -I.. -D__GMP_WITHIN_GMP -I.. -O2 -pedantic -fomit-frame-pointer -m64 -std=gnu17 -c fscanf.c  -fPIC -DPIC -o .libs/fscanf.o
libtool: compile:  ccache gcc -DHAVE_CONFIG_H -I. -I.. -D__GMP_WITHIN_GMP -I.. -O2 -pedantic -fomit-frame-pointer -m64 -std=gnu17 -c sscanf.c  -fPIC -DPIC -o .libs/sscanf.o
libtool: compile:  ccache gcc -DHAVE_CONFIG_H -I. -I.. -D__GMP_WITHIN_GMP -I.. -O2 -pedantic -fomit-frame-pointer -m64 -std=gnu17 -c vscanf.c  -fPIC -DPIC -o .libs/vscanf.o
libtool: compile:  ccache gcc -DHAVE_CONFIG_H -I. -I.. -D__GMP_WITHIN_GMP -I.. -O2 -pedantic -fomit-frame-pointer -m64 -std=gnu17 -c doscan.c  -fPIC -DPIC -o .libs/doscan.o
libtool: compile:  ccache gcc -DHAVE_CONFIG_H -I. -I.. -D__GMP_WITHIN_GMP -I.. -O2 -pedantic -fomit-frame-pointer -m64 -std=gnu17 -c sscanffuns.c  -fPIC -DPIC -o .libs/sscanffuns.o
libtool: compile:  ccache gcc -DHAVE_CONFIG_H -I. -I.. -D__GMP_WITHIN_GMP -I.. -O2 -pedantic -fomit-frame-pointer -m64 -std=gnu17 -c vfscanf.c  -fPIC -DPIC -o .libs/vfscanf.o
libtool: compile:  ccache gcc -DHAVE_CONFIG_H -I. -I.. -D__GMP_WITHIN_GMP -I.. -O2 -pedantic -fomit-frame-pointer -m64 -std=gnu17 -c fscanffuns.c -o fscanffuns.o >/dev/null 2>&1
libtool: compile:  ccache gcc -DHAVE_CONFIG_H -I. -I.. -D__GMP_WITHIN_GMP -I.. -O2 -pedantic -fomit-frame-pointer -m64 -std=gnu17 -c scanf.c -o scanf.o >/dev/null 2>&1
libtool: compile:  ccache gcc -DHAVE_CONFIG_H -I. -I.. -D__GMP_WITHIN_GMP -I.. -O2 -pedantic -fomit-frame-pointer -m64 -std=gnu17 -c fscanf.c -o fscanf.o >/dev/null 2>&1
libtool: compile:  ccache gcc -DHAVE_CONFIG_H -I. -I.. -D__GMP_WITHIN_GMP -I.. -O2 -pedantic -fomit-frame-pointer -m64 -std=gnu17 -c sscanffuns.c -o sscanffuns.o >/dev/null 2>&1
libtool: compile:  ccache gcc -DHAVE_CONFIG_H -I. -I.. -D__GMP_WITHIN_GMP -I.. -O2 -pedantic -fomit-frame-pointer -m64 -std=gnu17 -c sscanf.c -o sscanf.o >/dev/null 2>&1
libtool: compile:  ccache gcc -DHAVE_CONFIG_H -I. -I.. -D__GMP_WITHIN_GMP -I.. -O2 -pedantic -fomit-frame-pointer -m64 -std=gnu17 -c vfscanf.c -o vfscanf.o >/dev/null 2>&1
libtool: compile:  ccache gcc -DHAVE_CONFIG_H -I. -I.. -D__GMP_WITHIN_GMP -I.. -O2 -pedantic -fomit-frame-pointer -m64 -std=gnu17 -c vscanf.c -o vscanf.o >/dev/null 2>&1
/bin/sh ../libtool  --tag=CC   --mode=compile ccache gcc -DHAVE_CONFIG_H -I. -I..  -D__GMP_WITHIN_GMP -I..   -O2 -pedantic -fomit-frame-pointer -m64 -std=gnu17 -c -o vsscanf.lo vsscanf.c
libtool: compile:  ccache gcc -DHAVE_CONFIG_H -I. -I.. -D__GMP_WITHIN_GMP -I.. -O2 -pedantic -fomit-frame-pointer -m64 -std=gnu17 -c vsscanf.c  -fPIC -DPIC -o .libs/vsscanf.o
libtool: compile:  ccache gcc -DHAVE_CONFIG_H -I. -I.. -D__GMP_WITHIN_GMP -I.. -O2 -pedantic -fomit-frame-pointer -m64 -std=gnu17 -c vsscanf.c -o vsscanf.o >/dev/null 2>&1
libtool: compile:  ccache gcc -DHAVE_CONFIG_H -I. -I.. -D__GMP_WITHIN_GMP -I.. -O2 -pedantic -fomit-frame-pointer -m64 -std=gnu17 -c doscan.c -o doscan.o >/dev/null 2>&1
/bin/sh ../libtool  --tag=CC   --mode=link ccache gcc  -O2 -pedantic -fomit-frame-pointer -m64 -std=gnu17   -o libscanf.la  doscan.lo fscanf.lo fscanffuns.lo scanf.lo sscanf.lo sscanffuns.lo vfscanf.lo vscanf.lo vsscanf.lo  
libtool: link: ar cq .libs/libscanf.a .libs/doscan.o .libs/fscanf.o .libs/fscanffuns.o .libs/scanf.o .libs/sscanf.o .libs/sscanffuns.o .libs/vfscanf.o .libs/vscanf.o .libs/vsscanf.o 
libtool: link: ranlib .libs/libscanf.a
libtool: link: ( cd ".libs" && rm -f "libscanf.la" && ln -s "../libscanf.la" "libscanf.la" )
make[4]: Leaving directory '/build/arkana/src/gmp-6.3.0/scanf'
Making all in rand
make[4]: Entering directory '/build/arkana/src/gmp-6.3.0/rand'
/bin/sh ../libtool  --tag=CC   --mode=compile ccache gcc -DHAVE_CONFIG_H -I. -I..  -D__GMP_WITHIN_GMP -I..   -O2 -pedantic -fomit-frame-pointer -m64 -std=gnu17 -c -o rand.lo rand.c
/bin/sh ../libtool  --tag=CC   --mode=compile ccache gcc -DHAVE_CONFIG_H -I. -I..  -D__GMP_WITHIN_GMP -I..   -O2 -pedantic -fomit-frame-pointer -m64 -std=gnu17 -c -o randclr.lo randclr.c
/bin/sh ../libtool  --tag=CC   --mode=compile ccache gcc -DHAVE_CONFIG_H -I. -I..  -D__GMP_WITHIN_GMP -I..   -O2 -pedantic -fomit-frame-pointer -m64 -std=gnu17 -c -o randdef.lo randdef.c
/bin/sh ../libtool  --tag=CC   --mode=compile ccache gcc -DHAVE_CONFIG_H -I. -I..  -D__GMP_WITHIN_GMP -I..   -O2 -pedantic -fomit-frame-pointer -m64 -std=gnu17 -c -o randiset.lo randiset.c
/bin/sh ../libtool  --tag=CC   --mode=compile ccache gcc -DHAVE_CONFIG_H -I. -I..  -D__GMP_WITHIN_GMP -I..   -O2 -pedantic -fomit-frame-pointer -m64 -std=gnu17 -c -o randlc2s.lo randlc2s.c
/bin/sh ../libtool  --tag=CC   --mode=compile ccache gcc -DHAVE_CONFIG_H -I. -I..  -D__GMP_WITHIN_GMP -I..   -O2 -pedantic -fomit-frame-pointer -m64 -std=gnu17 -c -o randlc2x.lo randlc2x.c
/bin/sh ../libtool  --tag=CC   --mode=compile ccache gcc -DHAVE_CONFIG_H -I. -I..  -D__GMP_WITHIN_GMP -I..   -O2 -pedantic -fomit-frame-pointer -m64 -std=gnu17 -c -o randmt.lo randmt.c
/bin/sh ../libtool  --tag=CC   --mode=compile ccache gcc -DHAVE_CONFIG_H -I. -I..  -D__GMP_WITHIN_GMP -I..   -O2 -pedantic -fomit-frame-pointer -m64 -std=gnu17 -c -o randmts.lo randmts.c
libtool: compile:  ccache gcc -DHAVE_CONFIG_H -I. -I.. -D__GMP_WITHIN_GMP -I.. -O2 -pedantic -fomit-frame-pointer -m64 -std=gnu17 -c randmt.c  -fPIC -DPIC -o .libs/randmt.o
libtool: compile:  ccache gcc -DHAVE_CONFIG_H -I. -I.. -D__GMP_WITHIN_GMP -I.. -O2 -pedantic -fomit-frame-pointer -m64 -std=gnu17 -c randclr.c  -fPIC -DPIC -o .libs/randclr.o
libtool: compile:  ccache gcc -DHAVE_CONFIG_H -I. -I.. -D__GMP_WITHIN_GMP -I.. -O2 -pedantic -fomit-frame-pointer -m64 -std=gnu17 -c rand.c  -fPIC -DPIC -o .libs/rand.o
libtool: compile:  ccache gcc -DHAVE_CONFIG_H -I. -I.. -D__GMP_WITHIN_GMP -I.. -O2 -pedantic -fomit-frame-pointer -m64 -std=gnu17 -c randdef.c  -fPIC -DPIC -o .libs/randdef.o
libtool: compile:  ccache gcc -DHAVE_CONFIG_H -I. -I.. -D__GMP_WITHIN_GMP -I.. -O2 -pedantic -fomit-frame-pointer -m64 -std=gnu17 -c randiset.c  -fPIC -DPIC -o .libs/randiset.o
libtool: compile:  ccache gcc -DHAVE_CONFIG_H -I. -I.. -D__GMP_WITHIN_GMP -I.. -O2 -pedantic -fomit-frame-pointer -m64 -std=gnu17 -c randmts.c  -fPIC -DPIC -o .libs/randmts.o
libtool: compile:  ccache gcc -DHAVE_CONFIG_H -I. -I.. -D__GMP_WITHIN_GMP -I.. -O2 -pedantic -fomit-frame-pointer -m64 -std=gnu17 -c randlc2s.c  -fPIC -DPIC -o .libs/randlc2s.o
libtool: compile:  ccache gcc -DHAVE_CONFIG_H -I. -I.. -D__GMP_WITHIN_GMP -I.. -O2 -pedantic -fomit-frame-pointer -m64 -std=gnu17 -c randlc2x.c  -fPIC -DPIC -o .libs/randlc2x.o
libtool: compile:  ccache gcc -DHAVE_CONFIG_H -I. -I.. -D__GMP_WITHIN_GMP -I.. -O2 -pedantic -fomit-frame-pointer -m64 -std=gnu17 -c randiset.c -o randiset.o >/dev/null 2>&1
libtool: compile:  ccache gcc -DHAVE_CONFIG_H -I. -I.. -D__GMP_WITHIN_GMP -I.. -O2 -pedantic -fomit-frame-pointer -m64 -std=gnu17 -c randdef.c -o randdef.o >/dev/null 2>&1
libtool: compile:  ccache gcc -DHAVE_CONFIG_H -I. -I.. -D__GMP_WITHIN_GMP -I.. -O2 -pedantic -fomit-frame-pointer -m64 -std=gnu17 -c randmts.c -o randmts.o >/dev/null 2>&1
libtool: compile:  ccache gcc -DHAVE_CONFIG_H -I. -I.. -D__GMP_WITHIN_GMP -I.. -O2 -pedantic -fomit-frame-pointer -m64 -std=gnu17 -c randclr.c -o randclr.o >/dev/null 2>&1
libtool: compile:  ccache gcc -DHAVE_CONFIG_H -I. -I.. -D__GMP_WITHIN_GMP -I.. -O2 -pedantic -fomit-frame-pointer -m64 -std=gnu17 -c rand.c -o rand.o >/dev/null 2>&1
libtool: compile:  ccache gcc -DHAVE_CONFIG_H -I. -I.. -D__GMP_WITHIN_GMP -I.. -O2 -pedantic -fomit-frame-pointer -m64 -std=gnu17 -c randlc2s.c -o randlc2s.o >/dev/null 2>&1
/bin/sh ../libtool  --tag=CC   --mode=compile ccache gcc -DHAVE_CONFIG_H -I. -I..  -D__GMP_WITHIN_GMP -I..   -O2 -pedantic -fomit-frame-pointer -m64 -std=gnu17 -c -o rands.lo rands.c
/bin/sh ../libtool  --tag=CC   --mode=compile ccache gcc -DHAVE_CONFIG_H -I. -I..  -D__GMP_WITHIN_GMP -I..   -O2 -pedantic -fomit-frame-pointer -m64 -std=gnu17 -c -o randsd.lo randsd.c
/bin/sh ../libtool  --tag=CC   --mode=compile ccache gcc -DHAVE_CONFIG_H -I. -I..  -D__GMP_WITHIN_GMP -I..   -O2 -pedantic -fomit-frame-pointer -m64 -std=gnu17 -c -o randsdui.lo randsdui.c
libtool: compile:  ccache gcc -DHAVE_CONFIG_H -I. -I.. -D__GMP_WITHIN_GMP -I.. -O2 -pedantic -fomit-frame-pointer -m64 -std=gnu17 -c rands.c  -fPIC -DPIC -o .libs/rands.o
libtool: compile:  ccache gcc -DHAVE_CONFIG_H -I. -I.. -D__GMP_WITHIN_GMP -I.. -O2 -pedantic -fomit-frame-pointer -m64 -std=gnu17 -c randmt.c -o randmt.o >/dev/null 2>&1
/bin/sh ../libtool  --tag=CC   --mode=compile ccache gcc -DHAVE_CONFIG_H -I. -I..  -D__GMP_WITHIN_GMP -I..   -O2 -pedantic -fomit-frame-pointer -m64 -std=gnu17 -c -o randbui.lo randbui.c
/bin/sh ../libtool  --tag=CC   --mode=compile ccache gcc -DHAVE_CONFIG_H -I. -I..  -D__GMP_WITHIN_GMP -I..   -O2 -pedantic -fomit-frame-pointer -m64 -std=gnu17 -c -o randmui.lo randmui.c
libtool: compile:  ccache gcc -DHAVE_CONFIG_H -I. -I.. -D__GMP_WITHIN_GMP -I.. -O2 -pedantic -fomit-frame-pointer -m64 -std=gnu17 -c randlc2x.c -o randlc2x.o >/dev/null 2>&1
libtool: compile:  ccache gcc -DHAVE_CONFIG_H -I. -I.. -D__GMP_WITHIN_GMP -I.. -O2 -pedantic -fomit-frame-pointer -m64 -std=gnu17 -c randsd.c  -fPIC -DPIC -o .libs/randsd.o
libtool: compile:  ccache gcc -DHAVE_CONFIG_H -I. -I.. -D__GMP_WITHIN_GMP -I.. -O2 -pedantic -fomit-frame-pointer -m64 -std=gnu17 -c randsdui.c  -fPIC -DPIC -o .libs/randsdui.o
libtool: compile:  ccache gcc -DHAVE_CONFIG_H -I. -I.. -D__GMP_WITHIN_GMP -I.. -O2 -pedantic -fomit-frame-pointer -m64 -std=gnu17 -c randbui.c  -fPIC -DPIC -o .libs/randbui.o
libtool: compile:  ccache gcc -DHAVE_CONFIG_H -I. -I.. -D__GMP_WITHIN_GMP -I.. -O2 -pedantic -fomit-frame-pointer -m64 -std=gnu17 -c randmui.c  -fPIC -DPIC -o .libs/randmui.o
libtool: compile:  ccache gcc -DHAVE_CONFIG_H -I. -I.. -D__GMP_WITHIN_GMP -I.. -O2 -pedantic -fomit-frame-pointer -m64 -std=gnu17 -c rands.c -o rands.o >/dev/null 2>&1
libtool: compile:  ccache gcc -DHAVE_CONFIG_H -I. -I.. -D__GMP_WITHIN_GMP -I.. -O2 -pedantic -fomit-frame-pointer -m64 -std=gnu17 -c randsd.c -o randsd.o >/dev/null 2>&1
libtool: compile:  ccache gcc -DHAVE_CONFIG_H -I. -I.. -D__GMP_WITHIN_GMP -I.. -O2 -pedantic -fomit-frame-pointer -m64 -std=gnu17 -c randbui.c -o randbui.o >/dev/null 2>&1
libtool: compile:  ccache gcc -DHAVE_CONFIG_H -I. -I.. -D__GMP_WITHIN_GMP -I.. -O2 -pedantic -fomit-frame-pointer -m64 -std=gnu17 -c randsdui.c -o randsdui.o >/dev/null 2>&1
libtool: compile:  ccache gcc -DHAVE_CONFIG_H -I. -I.. -D__GMP_WITHIN_GMP -I.. -O2 -pedantic -fomit-frame-pointer -m64 -std=gnu17 -c randmui.c -o randmui.o >/dev/null 2>&1
/bin/sh ../libtool  --tag=CC   --mode=link ccache gcc  -O2 -pedantic -fomit-frame-pointer -m64 -std=gnu17   -o librandom.la  rand.lo randclr.lo randdef.lo randiset.lo randlc2s.lo randlc2x.lo randmt.lo randmts.lo rands.lo randsd.lo randsdui.lo randbui.lo randmui.lo  
libtool: link: ar cq .libs/librandom.a .libs/rand.o .libs/randclr.o .libs/randdef.o .libs/randiset.o .libs/randlc2s.o .libs/randlc2x.o .libs/randmt.o .libs/randmts.o .libs/rands.o .libs/randsd.o .libs/randsdui.o .libs/randbui.o .libs/randmui.o 
libtool: link: ranlib .libs/librandom.a
libtool: link: ( cd ".libs" && rm -f "librandom.la" && ln -s "../librandom.la" "librandom.la" )
make[4]: Leaving directory '/build/arkana/src/gmp-6.3.0/rand'
Making all in cxx
make[4]: Entering directory '/build/arkana/src/gmp-6.3.0/cxx'
/bin/sh ../libtool  --tag=CXX   --mode=compile ccache g++ -DHAVE_CONFIG_H -I. -I..  -D__GMP_WITHIN_GMPXX -I..   -O2 -pedantic -fomit-frame-pointer -m64 -std=gnu17 -c -o isfuns.lo isfuns.cc
/bin/sh ../libtool  --tag=CXX   --mode=compile ccache g++ -DHAVE_CONFIG_H -I. -I..  -D__GMP_WITHIN_GMPXX -I..   -O2 -pedantic -fomit-frame-pointer -m64 -std=gnu17 -c -o ismpf.lo ismpf.cc
/bin/sh ../libtool  --tag=CXX   --mode=compile ccache g++ -DHAVE_CONFIG_H -I. -I..  -D__GMP_WITHIN_GMPXX -I..   -O2 -pedantic -fomit-frame-pointer -m64 -std=gnu17 -c -o ismpq.lo ismpq.cc
/bin/sh ../libtool  --tag=CXX   --mode=compile ccache g++ -DHAVE_CONFIG_H -I. -I..  -D__GMP_WITHIN_GMPXX -I..   -O2 -pedantic -fomit-frame-pointer -m64 -std=gnu17 -c -o ismpz.lo ismpz.cc
/bin/sh ../libtool  --tag=CXX   --mode=compile ccache g++ -DHAVE_CONFIG_H -I. -I..  -D__GMP_WITHIN_GMPXX -I..   -O2 -pedantic -fomit-frame-pointer -m64 -std=gnu17 -c -o ismpznw.lo ismpznw.cc
/bin/sh ../libtool  --tag=CXX   --mode=compile ccache g++ -DHAVE_CONFIG_H -I. -I..  -D__GMP_WITHIN_GMPXX -I..   -O2 -pedantic -fomit-frame-pointer -m64 -std=gnu17 -c -o limits.lo limits.cc
/bin/sh ../libtool  --tag=CXX   --mode=compile ccache g++ -DHAVE_CONFIG_H -I. -I..  -D__GMP_WITHIN_GMPXX -I..   -O2 -pedantic -fomit-frame-pointer -m64 -std=gnu17 -c -o osdoprnti.lo osdoprnti.cc
/bin/sh ../libtool  --tag=CXX   --mode=compile ccache g++ -DHAVE_CONFIG_H -I. -I..  -D__GMP_WITHIN_GMPXX -I..   -O2 -pedantic -fomit-frame-pointer -m64 -std=gnu17 -c -o osfuns.lo osfuns.cc
libtool: compile:  ccache g++ -DHAVE_CONFIG_H -I. -I.. -D__GMP_WITHIN_GMPXX -I.. -O2 -pedantic -fomit-frame-pointer -m64 -std=gnu17 -c isfuns.cc  -fPIC -DPIC -o .libs/isfuns.o
libtool: compile:  ccache g++ -DHAVE_CONFIG_H -I. -I.. -D__GMP_WITHIN_GMPXX -I.. -O2 -pedantic -fomit-frame-pointer -m64 -std=gnu17 -c ismpq.cc  -fPIC -DPIC -o .libs/ismpq.o
libtool: compile:  ccache g++ -DHAVE_CONFIG_H -I. -I.. -D__GMP_WITHIN_GMPXX -I.. -O2 -pedantic -fomit-frame-pointer -m64 -std=gnu17 -c limits.cc  -fPIC -DPIC -o .libs/limits.o
libtool: compile:  ccache g++ -DHAVE_CONFIG_H -I. -I.. -D__GMP_WITHIN_GMPXX -I.. -O2 -pedantic -fomit-frame-pointer -m64 -std=gnu17 -c osdoprnti.cc  -fPIC -DPIC -o .libs/osdoprnti.o
libtool: compile:  ccache g++ -DHAVE_CONFIG_H -I. -I.. -D__GMP_WITHIN_GMPXX -I.. -O2 -pedantic -fomit-frame-pointer -m64 -std=gnu17 -c ismpf.cc  -fPIC -DPIC -o .libs/ismpf.o
libtool: compile:  ccache g++ -DHAVE_CONFIG_H -I. -I.. -D__GMP_WITHIN_GMPXX -I.. -O2 -pedantic -fomit-frame-pointer -m64 -std=gnu17 -c ismpz.cc  -fPIC -DPIC -o .libs/ismpz.o
libtool: compile:  ccache g++ -DHAVE_CONFIG_H -I. -I.. -D__GMP_WITHIN_GMPXX -I.. -O2 -pedantic -fomit-frame-pointer -m64 -std=gnu17 -c osfuns.cc  -fPIC -DPIC -o .libs/osfuns.o
libtool: compile:  ccache g++ -DHAVE_CONFIG_H -I. -I.. -D__GMP_WITHIN_GMPXX -I.. -O2 -pedantic -fomit-frame-pointer -m64 -std=gnu17 -c ismpznw.cc  -fPIC -DPIC -o .libs/ismpznw.o
cc1plus: warning: command-line option ‘-std=gnu17’ is valid for C/ObjC but not for C++
cc1plus: warning: command-line option ‘-std=gnu17’ is valid for C/ObjC but not for C++
libtool: compile:  ccache g++ -DHAVE_CONFIG_H -I. -I.. -D__GMP_WITHIN_GMPXX -I.. -O2 -pedantic -fomit-frame-pointer -m64 -std=gnu17 -c ismpf.cc -o ismpf.o >/dev/null 2>&1
cc1plus: warning: command-line option ‘-std=gnu17’ is valid for C/ObjC but not for C++
libtool: compile:  ccache g++ -DHAVE_CONFIG_H -I. -I.. -D__GMP_WITHIN_GMPXX -I.. -O2 -pedantic -fomit-frame-pointer -m64 -std=gnu17 -c ismpq.cc -o ismpq.o >/dev/null 2>&1
libtool: compile:  ccache g++ -DHAVE_CONFIG_H -I. -I.. -D__GMP_WITHIN_GMPXX -I.. -O2 -pedantic -fomit-frame-pointer -m64 -std=gnu17 -c osdoprnti.cc -o osdoprnti.o >/dev/null 2>&1
cc1plus: warning: command-line option ‘-std=gnu17’ is valid for C/ObjC but not for C++
libtool: compile:  ccache g++ -DHAVE_CONFIG_H -I. -I.. -D__GMP_WITHIN_GMPXX -I.. -O2 -pedantic -fomit-frame-pointer -m64 -std=gnu17 -c ismpznw.cc -o ismpznw.o >/dev/null 2>&1
cc1plus: warning: command-line option ‘-std=gnu17’ is valid for C/ObjC but not for C++
libtool: compile:  ccache g++ -DHAVE_CONFIG_H -I. -I.. -D__GMP_WITHIN_GMPXX -I.. -O2 -pedantic -fomit-frame-pointer -m64 -std=gnu17 -c limits.cc -o limits.o >/dev/null 2>&1
cc1plus: warning: command-line option ‘-std=gnu17’ is valid for C/ObjC but not for C++
cc1plus: warning: command-line option ‘-std=gnu17’ is valid for C/ObjC but not for C++
libtool: compile:  ccache g++ -DHAVE_CONFIG_H -I. -I.. -D__GMP_WITHIN_GMPXX -I.. -O2 -pedantic -fomit-frame-pointer -m64 -std=gnu17 -c osfuns.cc -o osfuns.o >/dev/null 2>&1
libtool: compile:  ccache g++ -DHAVE_CONFIG_H -I. -I.. -D__GMP_WITHIN_GMPXX -I.. -O2 -pedantic -fomit-frame-pointer -m64 -std=gnu17 -c ismpz.cc -o ismpz.o >/dev/null 2>&1
cc1plus: warning: command-line option ‘-std=gnu17’ is valid for C/ObjC but not for C++
libtool: compile:  ccache g++ -DHAVE_CONFIG_H -I. -I.. -D__GMP_WITHIN_GMPXX -I.. -O2 -pedantic -fomit-frame-pointer -m64 -std=gnu17 -c isfuns.cc -o isfuns.o >/dev/null 2>&1
/bin/sh ../libtool  --tag=CXX   --mode=compile ccache g++ -DHAVE_CONFIG_H -I. -I..  -D__GMP_WITHIN_GMPXX -I..   -O2 -pedantic -fomit-frame-pointer -m64 -std=gnu17 -c -o osmpf.lo osmpf.cc
/bin/sh ../libtool  --tag=CXX   --mode=compile ccache g++ -DHAVE_CONFIG_H -I. -I..  -D__GMP_WITHIN_GMPXX -I..   -O2 -pedantic -fomit-frame-pointer -m64 -std=gnu17 -c -o osmpq.lo osmpq.cc
libtool: compile:  ccache g++ -DHAVE_CONFIG_H -I. -I.. -D__GMP_WITHIN_GMPXX -I.. -O2 -pedantic -fomit-frame-pointer -m64 -std=gnu17 -c osmpf.cc  -fPIC -DPIC -o .libs/osmpf.o
/bin/sh ../libtool  --tag=CXX   --mode=compile ccache g++ -DHAVE_CONFIG_H -I. -I..  -D__GMP_WITHIN_GMPXX -I..   -O2 -pedantic -fomit-frame-pointer -m64 -std=gnu17 -c -o osmpz.lo osmpz.cc
libtool: compile:  ccache g++ -DHAVE_CONFIG_H -I. -I.. -D__GMP_WITHIN_GMPXX -I.. -O2 -pedantic -fomit-frame-pointer -m64 -std=gnu17 -c osmpq.cc  -fPIC -DPIC -o .libs/osmpq.o
libtool: compile:  ccache g++ -DHAVE_CONFIG_H -I. -I.. -D__GMP_WITHIN_GMPXX -I.. -O2 -pedantic -fomit-frame-pointer -m64 -std=gnu17 -c osmpz.cc  -fPIC -DPIC -o .libs/osmpz.o
cc1plus: warning: command-line option ‘-std=gnu17’ is valid for C/ObjC but not for C++
libtool: compile:  ccache g++ -DHAVE_CONFIG_H -I. -I.. -D__GMP_WITHIN_GMPXX -I.. -O2 -pedantic -fomit-frame-pointer -m64 -std=gnu17 -c osmpz.cc -o osmpz.o >/dev/null 2>&1
cc1plus: warning: command-line option ‘-std=gnu17’ is valid for C/ObjC but not for C++
libtool: compile:  ccache g++ -DHAVE_CONFIG_H -I. -I.. -D__GMP_WITHIN_GMPXX -I.. -O2 -pedantic -fomit-frame-pointer -m64 -std=gnu17 -c osmpq.cc -o osmpq.o >/dev/null 2>&1
cc1plus: warning: command-line option ‘-std=gnu17’ is valid for C/ObjC but not for C++
libtool: compile:  ccache g++ -DHAVE_CONFIG_H -I. -I.. -D__GMP_WITHIN_GMPXX -I.. -O2 -pedantic -fomit-frame-pointer -m64 -std=gnu17 -c osmpf.cc -o osmpf.o >/dev/null 2>&1
/bin/sh ../libtool  --tag=CXX   --mode=link ccache g++  -O2 -pedantic -fomit-frame-pointer -m64 -std=gnu17   -o libcxx.la  isfuns.lo ismpf.lo ismpq.lo ismpz.lo ismpznw.lo limits.lo osdoprnti.lo osfuns.lo osmpf.lo osmpq.lo osmpz.lo  
libtool: link: ar cq .libs/libcxx.a .libs/isfuns.o .libs/ismpf.o .libs/ismpq.o .libs/ismpz.o .libs/ismpznw.o .libs/limits.o .libs/osdoprnti.o .libs/osfuns.o .libs/osmpf.o .libs/osmpq.o .libs/osmpz.o 
libtool: link: ranlib .libs/libcxx.a
libtool: link: ( cd ".libs" && rm -f "libcxx.la" && ln -s "../libcxx.la" "libcxx.la" )
make[4]: Leaving directory '/build/arkana/src/gmp-6.3.0/cxx'
Making all in demos
make[4]: Entering directory '/build/arkana/src/gmp-6.3.0/demos'
Making all in calc
make[5]: Entering directory '/build/arkana/src/gmp-6.3.0/demos/calc'
make  all-am
make[6]: Entering directory '/build/arkana/src/gmp-6.3.0/demos/calc'
make[6]: Nothing to be done for 'all-am'.
make[6]: Leaving directory '/build/arkana/src/gmp-6.3.0/demos/calc'
make[5]: Leaving directory '/build/arkana/src/gmp-6.3.0/demos/calc'
Making all in expr
make[5]: Entering directory '/build/arkana/src/gmp-6.3.0/demos/expr'
make[5]: Nothing to be done for 'all'.
make[5]: Leaving directory '/build/arkana/src/gmp-6.3.0/demos/expr'
make[5]: Entering directory '/build/arkana/src/gmp-6.3.0/demos'
make[5]: Nothing to be done for 'all-am'.
make[5]: Leaving directory '/build/arkana/src/gmp-6.3.0/demos'
make[4]: Leaving directory '/build/arkana/src/gmp-6.3.0/demos'
Making all in tune
make[4]: Entering directory '/build/arkana/src/gmp-6.3.0/tune'
make[4]: Nothing to be done for 'all'.
make[4]: Leaving directory '/build/arkana/src/gmp-6.3.0/tune'
Making all in doc
make[4]: Entering directory '/build/arkana/src/gmp-6.3.0/doc'
make[4]: Nothing to be done for 'all'.
make[4]: Leaving directory '/build/arkana/src/gmp-6.3.0/doc'
make[4]: Entering directory '/build/arkana/src/gmp-6.3.0'
/bin/sh ./libtool  --tag=CC   --mode=compile ccache gcc -DHAVE_CONFIG_H -I.  -D__GMP_WITHIN_GMP   -O2 -pedantic -fomit-frame-pointer -m64 -std=gnu17 -c -o assert.lo assert.c
/bin/sh ./libtool  --tag=CC   --mode=compile ccache gcc -DHAVE_CONFIG_H -I.  -D__GMP_WITHIN_GMP   -O2 -pedantic -fomit-frame-pointer -m64 -std=gnu17 -c -o compat.lo compat.c
/bin/sh ./libtool  --tag=CC   --mode=compile ccache gcc -DHAVE_CONFIG_H -I.  -D__GMP_WITHIN_GMP   -O2 -pedantic -fomit-frame-pointer -m64 -std=gnu17 -c -o errno.lo errno.c
/bin/sh ./libtool  --tag=CC   --mode=compile ccache gcc -DHAVE_CONFIG_H -I.  -D__GMP_WITHIN_GMP   -O2 -pedantic -fomit-frame-pointer -m64 -std=gnu17 -c -o extract-dbl.lo extract-dbl.c
/bin/sh ./libtool  --tag=CC   --mode=compile ccache gcc -DHAVE_CONFIG_H -I.  -D__GMP_WITHIN_GMP   -O2 -pedantic -fomit-frame-pointer -m64 -std=gnu17 -c -o invalid.lo invalid.c
/bin/sh ./libtool  --tag=CC   --mode=compile ccache gcc -DHAVE_CONFIG_H -I.  -D__GMP_WITHIN_GMP   -O2 -pedantic -fomit-frame-pointer -m64 -std=gnu17 -c -o memory.lo memory.c
/bin/sh ./libtool  --tag=CC   --mode=compile ccache gcc -DHAVE_CONFIG_H -I.  -D__GMP_WITHIN_GMP   -O2 -pedantic -fomit-frame-pointer -m64 -std=gnu17 -c -o mp_bpl.lo mp_bpl.c
/bin/sh ./libtool  --tag=CC   --mode=compile ccache gcc -DHAVE_CONFIG_H -I.  -D__GMP_WITHIN_GMP   -O2 -pedantic -fomit-frame-pointer -m64 -std=gnu17 -c -o mp_clz_tab.lo mp_clz_tab.c
libtool: compile:  ccache gcc -DHAVE_CONFIG_H -I. -D__GMP_WITHIN_GMP -O2 -pedantic -fomit-frame-pointer -m64 -std=gnu17 -c errno.c  -fPIC -DPIC -o .libs/errno.o
libtool: compile:  ccache gcc -DHAVE_CONFIG_H -I. -D__GMP_WITHIN_GMP -O2 -pedantic -fomit-frame-pointer -m64 -std=gnu17 -c invalid.c  -fPIC -DPIC -o .libs/invalid.o
libtool: compile:  ccache gcc -DHAVE_CONFIG_H -I. -D__GMP_WITHIN_GMP -O2 -pedantic -fomit-frame-pointer -m64 -std=gnu17 -c memory.c  -fPIC -DPIC -o .libs/memory.o
libtool: compile:  ccache gcc -DHAVE_CONFIG_H -I. -D__GMP_WITHIN_GMP -O2 -pedantic -fomit-frame-pointer -m64 -std=gnu17 -c extract-dbl.c  -fPIC -DPIC -o .libs/extract-dbl.o
libtool: compile:  ccache gcc -DHAVE_CONFIG_H -I. -D__GMP_WITHIN_GMP -O2 -pedantic -fomit-frame-pointer -m64 -std=gnu17 -c compat.c  -fPIC -DPIC -o .libs/compat.o
libtool: compile:  ccache gcc -DHAVE_CONFIG_H -I. -D__GMP_WITHIN_GMP -O2 -pedantic -fomit-frame-pointer -m64 -std=gnu17 -c mp_bpl.c  -fPIC -DPIC -o .libs/mp_bpl.o
libtool: compile:  ccache gcc -DHAVE_CONFIG_H -I. -D__GMP_WITHIN_GMP -O2 -pedantic -fomit-frame-pointer -m64 -std=gnu17 -c mp_clz_tab.c  -fPIC -DPIC -o .libs/mp_clz_tab.o
libtool: compile:  ccache gcc -DHAVE_CONFIG_H -I. -D__GMP_WITHIN_GMP -O2 -pedantic -fomit-frame-pointer -m64 -std=gnu17 -c assert.c  -fPIC -DPIC -o .libs/assert.o
libtool: compile:  ccache gcc -DHAVE_CONFIG_H -I. -D__GMP_WITHIN_GMP -O2 -pedantic -fomit-frame-pointer -m64 -std=gnu17 -c mp_clz_tab.c -o mp_clz_tab.o >/dev/null 2>&1
libtool: compile:  ccache gcc -DHAVE_CONFIG_H -I. -D__GMP_WITHIN_GMP -O2 -pedantic -fomit-frame-pointer -m64 -std=gnu17 -c invalid.c -o invalid.o >/dev/null 2>&1
libtool: compile:  ccache gcc -DHAVE_CONFIG_H -I. -D__GMP_WITHIN_GMP -O2 -pedantic -fomit-frame-pointer -m64 -std=gnu17 -c mp_bpl.c -o mp_bpl.o >/dev/null 2>&1
libtool: compile:  ccache gcc -DHAVE_CONFIG_H -I. -D__GMP_WITHIN_GMP -O2 -pedantic -fomit-frame-pointer -m64 -std=gnu17 -c extract-dbl.c -o extract-dbl.o >/dev/null 2>&1
libtool: compile:  ccache gcc -DHAVE_CONFIG_H -I. -D__GMP_WITHIN_GMP -O2 -pedantic -fomit-frame-pointer -m64 -std=gnu17 -c errno.c -o errno.o >/dev/null 2>&1
libtool: compile:  ccache gcc -DHAVE_CONFIG_H -I. -D__GMP_WITHIN_GMP -O2 -pedantic -fomit-frame-pointer -m64 -std=gnu17 -c assert.c -o assert.o >/dev/null 2>&1
libtool: compile:  ccache gcc -DHAVE_CONFIG_H -I. -D__GMP_WITHIN_GMP -O2 -pedantic -fomit-frame-pointer -m64 -std=gnu17 -c memory.c -o memory.o >/dev/null 2>&1
libtool: compile:  ccache gcc -DHAVE_CONFIG_H -I. -D__GMP_WITHIN_GMP -O2 -pedantic -fomit-frame-pointer -m64 -std=gnu17 -c compat.c -o compat.o >/dev/null 2>&1
/bin/sh ./libtool  --tag=CC   --mode=compile ccache gcc -DHAVE_CONFIG_H -I.  -D__GMP_WITHIN_GMP   -O2 -pedantic -fomit-frame-pointer -m64 -std=gnu17 -c -o mp_dv_tab.lo mp_dv_tab.c
/bin/sh ./libtool  --tag=CC   --mode=compile ccache gcc -DHAVE_CONFIG_H -I.  -D__GMP_WITHIN_GMP   -O2 -pedantic -fomit-frame-pointer -m64 -std=gnu17 -c -o mp_minv_tab.lo mp_minv_tab.c
/bin/sh ./libtool  --tag=CC   --mode=compile ccache gcc -DHAVE_CONFIG_H -I.  -D__GMP_WITHIN_GMP   -O2 -pedantic -fomit-frame-pointer -m64 -std=gnu17 -c -o mp_get_fns.lo mp_get_fns.c
/bin/sh ./libtool  --tag=CC   --mode=compile ccache gcc -DHAVE_CONFIG_H -I.  -D__GMP_WITHIN_GMP   -O2 -pedantic -fomit-frame-pointer -m64 -std=gnu17 -c -o mp_set_fns.lo mp_set_fns.c
/bin/sh ./libtool  --tag=CC   --mode=compile ccache gcc -DHAVE_CONFIG_H -I.  -D__GMP_WITHIN_GMP   -O2 -pedantic -fomit-frame-pointer -m64 -std=gnu17 -c -o version.lo version.c
libtool: compile:  ccache gcc -DHAVE_CONFIG_H -I. -D__GMP_WITHIN_GMP -O2 -pedantic -fomit-frame-pointer -m64 -std=gnu17 -c mp_dv_tab.c  -fPIC -DPIC -o .libs/mp_dv_tab.o
/bin/sh ./libtool  --tag=CC   --mode=compile ccache gcc -DHAVE_CONFIG_H -I.  -D__GMP_WITHIN_GMP   -O2 -pedantic -fomit-frame-pointer -m64 -std=gnu17 -c -o nextprime.lo nextprime.c
/bin/sh ./libtool  --tag=CC   --mode=compile ccache gcc -DHAVE_CONFIG_H -I.  -D__GMP_WITHIN_GMP   -O2 -pedantic -fomit-frame-pointer -m64 -std=gnu17 -c -o primesieve.lo primesieve.c
libtool: compile:  ccache gcc -DHAVE_CONFIG_H -I. -D__GMP_WITHIN_GMP -O2 -pedantic -fomit-frame-pointer -m64 -std=gnu17 -c mp_minv_tab.c  -fPIC -DPIC -o .libs/mp_minv_tab.o
/bin/sh ./libtool  --tag=CC   --mode=compile ccache gcc -DHAVE_CONFIG_H -I.  -D__GMP_WITHIN_GMP   -O2 -pedantic -fomit-frame-pointer -m64 -std=gnu17 -c -o tal-reent.lo tal-reent.c
libtool: compile:  ccache gcc -DHAVE_CONFIG_H -I. -D__GMP_WITHIN_GMP -O2 -pedantic -fomit-frame-pointer -m64 -std=gnu17 -c mp_get_fns.c  -fPIC -DPIC -o .libs/mp_get_fns.o
libtool: compile:  ccache gcc -DHAVE_CONFIG_H -I. -D__GMP_WITHIN_GMP -O2 -pedantic -fomit-frame-pointer -m64 -std=gnu17 -c mp_set_fns.c  -fPIC -DPIC -o .libs/mp_set_fns.o
libtool: compile:  ccache gcc -DHAVE_CONFIG_H -I. -D__GMP_WITHIN_GMP -O2 -pedantic -fomit-frame-pointer -m64 -std=gnu17 -c primesieve.c  -fPIC -DPIC -o .libs/primesieve.o
libtool: compile:  ccache gcc -DHAVE_CONFIG_H -I. -D__GMP_WITHIN_GMP -O2 -pedantic -fomit-frame-pointer -m64 -std=gnu17 -c version.c  -fPIC -DPIC -o .libs/version.o
libtool: compile:  ccache gcc -DHAVE_CONFIG_H -I. -D__GMP_WITHIN_GMP -O2 -pedantic -fomit-frame-pointer -m64 -std=gnu17 -c nextprime.c  -fPIC -DPIC -o .libs/nextprime.o
libtool: compile:  ccache gcc -DHAVE_CONFIG_H -I. -D__GMP_WITHIN_GMP -O2 -pedantic -fomit-frame-pointer -m64 -std=gnu17 -c tal-reent.c  -fPIC -DPIC -o .libs/tal-reent.o
libtool: compile:  ccache gcc -DHAVE_CONFIG_H -I. -D__GMP_WITHIN_GMP -O2 -pedantic -fomit-frame-pointer -m64 -std=gnu17 -c mp_dv_tab.c -o mp_dv_tab.o >/dev/null 2>&1
libtool: compile:  ccache gcc -DHAVE_CONFIG_H -I. -D__GMP_WITHIN_GMP -O2 -pedantic -fomit-frame-pointer -m64 -std=gnu17 -c mp_minv_tab.c -o mp_minv_tab.o >/dev/null 2>&1
libtool: compile:  ccache gcc -DHAVE_CONFIG_H -I. -D__GMP_WITHIN_GMP -O2 -pedantic -fomit-frame-pointer -m64 -std=gnu17 -c version.c -o version.o >/dev/null 2>&1
libtool: compile:  ccache gcc -DHAVE_CONFIG_H -I. -D__GMP_WITHIN_GMP -O2 -pedantic -fomit-frame-pointer -m64 -std=gnu17 -c mp_set_fns.c -o mp_set_fns.o >/dev/null 2>&1
libtool: compile:  ccache gcc -DHAVE_CONFIG_H -I. -D__GMP_WITHIN_GMP -O2 -pedantic -fomit-frame-pointer -m64 -std=gnu17 -c mp_get_fns.c -o mp_get_fns.o >/dev/null 2>&1
libtool: compile:  ccache gcc -DHAVE_CONFIG_H -I. -D__GMP_WITHIN_GMP -O2 -pedantic -fomit-frame-pointer -m64 -std=gnu17 -c tal-reent.c -o tal-reent.o >/dev/null 2>&1
/bin/sh ./libtool  --tag=CXX   --mode=compile ccache g++ -DHAVE_CONFIG_H -I.  -D__GMP_WITHIN_GMP   -O2 -pedantic -fomit-frame-pointer -m64 -std=gnu17 -c -o cxx/dummy.lo cxx/dummy.cc
libtool: compile:  ccache gcc -DHAVE_CONFIG_H -I. -D__GMP_WITHIN_GMP -O2 -pedantic -fomit-frame-pointer -m64 -std=gnu17 -c nextprime.c -o nextprime.o >/dev/null 2>&1
libtool: compile:  ccache g++ -DHAVE_CONFIG_H -I. -D__GMP_WITHIN_GMP -O2 -pedantic -fomit-frame-pointer -m64 -std=gnu17 -c cxx/dummy.cc  -fPIC -DPIC -o cxx/.libs/dummy.o
cc1plus: warning: command-line option ‘-std=gnu17’ is valid for C/ObjC but not for C++
libtool: compile:  ccache g++ -DHAVE_CONFIG_H -I. -D__GMP_WITHIN_GMP -O2 -pedantic -fomit-frame-pointer -m64 -std=gnu17 -c cxx/dummy.cc -o cxx/dummy.o >/dev/null 2>&1
libtool: compile:  ccache gcc -DHAVE_CONFIG_H -I. -D__GMP_WITHIN_GMP -O2 -pedantic -fomit-frame-pointer -m64 -std=gnu17 -c primesieve.c -o primesieve.o >/dev/null 2>&1
/bin/sh ./libtool  --tag=CC   --mode=link ccache gcc  -O2 -pedantic -fomit-frame-pointer -m64 -std=gnu17   -version-info 15:0:5  -o libgmp.la -rpath /usr/lib assert.lo compat.lo errno.lo extract-dbl.lo invalid.lo memory.lo mp_bpl.lo mp_clz_tab.lo mp_dv_tab.lo mp_minv_tab.lo mp_get_fns.lo mp_set_fns.lo version.lo nextprime.lo primesieve.lo tal-reent.lo mpf/init.lo mpf/init2.lo mpf/inits.lo mpf/set.lo mpf/set_ui.lo mpf/set_si.lo mpf/set_str.lo mpf/set_d.lo mpf/set_z.lo mpf/iset.lo mpf/iset_ui.lo mpf/iset_si.lo mpf/iset_str.lo mpf/iset_d.lo mpf/clear.lo mpf/clears.lo mpf/get_str.lo mpf/dump.lo mpf/size.lo mpf/eq.lo mpf/reldiff.lo mpf/sqrt.lo mpf/random2.lo mpf/inp_str.lo mpf/out_str.lo mpf/add.lo mpf/add_ui.lo mpf/sub.lo mpf/sub_ui.lo mpf/ui_sub.lo mpf/mul.lo mpf/mul_ui.lo mpf/div.lo mpf/div_ui.lo mpf/cmp_z.lo mpf/cmp.lo mpf/cmp_d.lo mpf/cmp_ui.lo mpf/cmp_si.lo mpf/mul_2exp.lo mpf/div_2exp.lo mpf/abs.lo mpf/neg.lo mpf/set_q.lo mpf/get_d.lo mpf/get_d_2exp.lo mpf/set_dfl_prec.lo mpf/set_prc.lo mpf/set_prc_raw.lo mpf/get_dfl_prec.lo mpf/get_prc.lo mpf/ui_div.lo mpf/sqrt_ui.lo mpf/ceilfloor.lo mpf/trunc.lo mpf/pow_ui.lo mpf/urandomb.lo mpf/swap.lo mpf/fits_sint.lo mpf/fits_slong.lo mpf/fits_sshort.lo mpf/fits_uint.lo mpf/fits_ulong.lo mpf/fits_ushort.lo mpf/get_si.lo mpf/get_ui.lo mpf/int_p.lo mpz/abs.lo mpz/add.lo mpz/add_ui.lo mpz/aorsmul.lo mpz/aorsmul_i.lo mpz/and.lo mpz/array_init.lo mpz/bin_ui.lo mpz/bin_uiui.lo mpz/cdiv_q.lo mpz/cdiv_q_ui.lo mpz/cdiv_qr.lo mpz/cdiv_qr_ui.lo mpz/cdiv_r.lo mpz/cdiv_r_ui.lo mpz/cdiv_ui.lo mpz/cfdiv_q_2exp.lo mpz/cfdiv_r_2exp.lo mpz/clear.lo mpz/clears.lo mpz/clrbit.lo mpz/cmp.lo mpz/cmp_d.lo mpz/cmp_si.lo mpz/cmp_ui.lo mpz/cmpabs.lo mpz/cmpabs_d.lo mpz/cmpabs_ui.lo mpz/com.lo mpz/combit.lo mpz/cong.lo mpz/cong_2exp.lo mpz/cong_ui.lo mpz/divexact.lo mpz/divegcd.lo mpz/dive_ui.lo mpz/divis.lo mpz/divis_ui.lo mpz/divis_2exp.lo mpz/dump.lo mpz/export.lo mpz/mfac_uiui.lo mpz/2fac_ui.lo mpz/fac_ui.lo mpz/oddfac_1.lo mpz/prodlimbs.lo mpz/fdiv_q_ui.lo mpz/fdiv_qr.lo mpz/fdiv_qr_ui.lo mpz/fdiv_r.lo mpz/fdiv_r_ui.lo mpz/fdiv_q.lo mpz/fdiv_ui.lo mpz/fib_ui.lo mpz/fib2_ui.lo mpz/fits_sint.lo mpz/fits_slong.lo mpz/fits_sshort.lo mpz/fits_uint.lo mpz/fits_ulong.lo mpz/fits_ushort.lo mpz/gcd.lo mpz/gcd_ui.lo mpz/gcdext.lo mpz/get_d.lo mpz/get_d_2exp.lo mpz/get_si.lo mpz/get_str.lo mpz/get_ui.lo mpz/getlimbn.lo mpz/hamdist.lo mpz/import.lo mpz/init.lo mpz/init2.lo mpz/inits.lo mpz/inp_raw.lo mpz/inp_str.lo mpz/invert.lo mpz/ior.lo mpz/iset.lo mpz/iset_d.lo mpz/iset_si.lo mpz/iset_str.lo mpz/iset_ui.lo mpz/jacobi.lo mpz/kronsz.lo mpz/kronuz.lo mpz/kronzs.lo mpz/kronzu.lo mpz/lcm.lo mpz/lcm_ui.lo mpz/limbs_finish.lo mpz/limbs_modify.lo mpz/limbs_read.lo mpz/limbs_write.lo mpz/lucmod.lo mpz/lucnum_ui.lo mpz/lucnum2_ui.lo mpz/millerrabin.lo mpz/mod.lo mpz/mul.lo mpz/mul_2exp.lo mpz/mul_si.lo mpz/mul_ui.lo mpz/n_pow_ui.lo mpz/neg.lo mpz/nextprime.lo mpz/out_raw.lo mpz/out_str.lo mpz/perfpow.lo mpz/perfsqr.lo mpz/popcount.lo mpz/pow_ui.lo mpz/powm.lo mpz/powm_sec.lo mpz/powm_ui.lo mpz/primorial_ui.lo mpz/pprime_p.lo mpz/random.lo mpz/random2.lo mpz/realloc.lo mpz/realloc2.lo mpz/remove.lo mpz/roinit_n.lo mpz/root.lo mpz/rootrem.lo mpz/rrandomb.lo mpz/scan0.lo mpz/scan1.lo mpz/set.lo mpz/set_d.lo mpz/set_f.lo mpz/set_q.lo mpz/set_si.lo mpz/set_str.lo mpz/set_ui.lo mpz/setbit.lo mpz/size.lo mpz/sizeinbase.lo mpz/sqrt.lo mpz/sqrtrem.lo mpz/stronglucas.lo mpz/sub.lo mpz/sub_ui.lo mpz/swap.lo mpz/tdiv_ui.lo mpz/tdiv_q.lo mpz/tdiv_q_2exp.lo mpz/tdiv_q_ui.lo mpz/tdiv_qr.lo mpz/tdiv_qr_ui.lo mpz/tdiv_r.lo mpz/tdiv_r_2exp.lo mpz/tdiv_r_ui.lo mpz/tstbit.lo mpz/ui_pow_ui.lo mpz/ui_sub.lo mpz/urandomb.lo mpz/urandomm.lo mpz/xor.lo mpq/abs.lo mpq/aors.lo mpq/canonicalize.lo mpq/clear.lo mpq/clears.lo mpq/cmp.lo mpq/cmp_si.lo mpq/cmp_ui.lo mpq/div.lo mpq/get_d.lo mpq/get_den.lo mpq/get_num.lo mpq/get_str.lo mpq/init.lo mpq/inits.lo mpq/inp_str.lo mpq/inv.lo mpq/md_2exp.lo mpq/mul.lo mpq/neg.lo mpq/out_str.lo mpq/set.lo mpq/set_den.lo mpq/set_num.lo mpq/set_si.lo mpq/set_str.lo mpq/set_ui.lo mpq/equal.lo mpq/set_z.lo mpq/set_d.lo mpq/set_f.lo mpq/swap.lo mpn/fib_table.lo mpn/mp_bases.lo  mpn/invert_limb_table.lo mpn/add.lo mpn/add_1.lo mpn/add_n.lo mpn/sub.lo mpn/sub_1.lo mpn/sub_n.lo mpn/cnd_add_n.lo mpn/cnd_sub_n.lo mpn/cnd_swap.lo mpn/neg.lo mpn/com.lo mpn/mul_1.lo mpn/addmul_1.lo mpn/submul_1.lo mpn/add_err1_n.lo mpn/add_err2_n.lo mpn/add_err3_n.lo mpn/sub_err1_n.lo mpn/sub_err2_n.lo mpn/sub_err3_n.lo mpn/lshift.lo mpn/rshift.lo mpn/dive_1.lo mpn/diveby3.lo mpn/divis.lo mpn/divrem.lo mpn/divrem_1.lo mpn/divrem_2.lo mpn/fib2_ui.lo mpn/fib2m.lo mpn/mod_1.lo mpn/mod_34lsub1.lo mpn/mode1o.lo mpn/pre_mod_1.lo mpn/dump.lo mpn/mod_1_1.lo mpn/mod_1_2.lo mpn/mod_1_3.lo mpn/mod_1_4.lo mpn/lshiftc.lo mpn/mul.lo mpn/mul_fft.lo mpn/mul_n.lo mpn/sqr.lo mpn/mul_basecase.lo mpn/sqr_basecase.lo mpn/nussbaumer_mul.lo mpn/mulmid_basecase.lo mpn/toom42_mulmid.lo mpn/mulmid_n.lo mpn/mulmid.lo mpn/random.lo mpn/random2.lo mpn/pow_1.lo mpn/rootrem.lo mpn/sqrtrem.lo mpn/sizeinbase.lo mpn/get_str.lo mpn/set_str.lo mpn/compute_powtab.lo mpn/scan0.lo mpn/scan1.lo mpn/popcount.lo mpn/hamdist.lo mpn/cmp.lo mpn/zero_p.lo mpn/perfsqr.lo mpn/perfpow.lo mpn/strongfibo.lo mpn/gcd_11.lo mpn/gcd_22.lo mpn/gcd_1.lo mpn/gcd.lo mpn/gcdext_1.lo mpn/gcdext.lo mpn/gcd_subdiv_step.lo mpn/gcdext_lehmer.lo mpn/div_q.lo mpn/tdiv_qr.lo mpn/jacbase.lo mpn/jacobi_2.lo mpn/jacobi.lo mpn/get_d.lo mpn/matrix22_mul.lo mpn/matrix22_mul1_inverse_vector.lo mpn/hgcd_matrix.lo mpn/hgcd2.lo mpn/hgcd_step.lo mpn/hgcd_reduce.lo mpn/hgcd.lo mpn/hgcd_appr.lo mpn/hgcd2_jacobi.lo mpn/hgcd_jacobi.lo mpn/mullo_n.lo mpn/mullo_basecase.lo mpn/sqrlo.lo mpn/sqrlo_basecase.lo mpn/toom22_mul.lo mpn/toom32_mul.lo mpn/toom42_mul.lo mpn/toom52_mul.lo mpn/toom62_mul.lo mpn/toom33_mul.lo mpn/toom43_mul.lo mpn/toom53_mul.lo mpn/toom54_mul.lo mpn/toom63_mul.lo mpn/toom44_mul.lo mpn/toom6h_mul.lo mpn/toom6_sqr.lo mpn/toom8h_mul.lo mpn/toom8_sqr.lo mpn/toom_couple_handling.lo mpn/toom2_sqr.lo mpn/toom3_sqr.lo mpn/toom4_sqr.lo mpn/toom_eval_dgr3_pm1.lo mpn/toom_eval_dgr3_pm2.lo mpn/toom_eval_pm1.lo mpn/toom_eval_pm2.lo mpn/toom_eval_pm2exp.lo mpn/toom_eval_pm2rexp.lo mpn/toom_interpolate_5pts.lo mpn/toom_interpolate_6pts.lo mpn/toom_interpolate_7pts.lo mpn/toom_interpolate_8pts.lo mpn/toom_interpolate_12pts.lo mpn/toom_interpolate_16pts.lo mpn/invertappr.lo mpn/invert.lo mpn/binvert.lo mpn/mulmod_bnm1.lo mpn/sqrmod_bnm1.lo mpn/mulmod_bknp1.lo mpn/div_qr_1.lo mpn/div_qr_1n_pi1.lo mpn/div_qr_2.lo mpn/div_qr_2n_pi1.lo mpn/div_qr_2u_pi1.lo mpn/sbpi1_div_q.lo mpn/sbpi1_div_qr.lo mpn/sbpi1_divappr_q.lo mpn/dcpi1_div_q.lo mpn/dcpi1_div_qr.lo mpn/dcpi1_divappr_q.lo mpn/mu_div_qr.lo mpn/mu_divappr_q.lo mpn/mu_div_q.lo mpn/bdiv_q_1.lo mpn/sbpi1_bdiv_q.lo mpn/sbpi1_bdiv_qr.lo mpn/sbpi1_bdiv_r.lo mpn/dcpi1_bdiv_q.lo mpn/dcpi1_bdiv_qr.lo mpn/mu_bdiv_q.lo mpn/mu_bdiv_qr.lo mpn/bdiv_q.lo mpn/bdiv_qr.lo mpn/broot.lo mpn/brootinv.lo mpn/bsqrt.lo mpn/bsqrtinv.lo mpn/divexact.lo mpn/bdiv_dbm1c.lo mpn/redc_1.lo mpn/redc_2.lo mpn/redc_n.lo mpn/powm.lo mpn/powlo.lo mpn/sec_powm.lo mpn/sec_mul.lo mpn/sec_sqr.lo mpn/sec_div_qr.lo mpn/sec_div_r.lo mpn/sec_pi1_div_qr.lo mpn/sec_pi1_div_r.lo mpn/sec_add_1.lo mpn/sec_sub_1.lo mpn/sec_invert.lo mpn/trialdiv.lo mpn/remove.lo mpn/and_n.lo mpn/andn_n.lo mpn/nand_n.lo mpn/ior_n.lo mpn/iorn_n.lo mpn/nior_n.lo mpn/xor_n.lo mpn/xnor_n.lo mpn/copyi.lo mpn/copyd.lo mpn/zero.lo mpn/sec_tabselect.lo mpn/comb_tables.lo mpn/invert_limb.lo mpn/sqr_diag_addlsh1.lo mpn/mul_2.lo mpn/addmul_2.lo mpn/addlsh1_n.lo mpn/sublsh1_n.lo mpn/rsblsh1_n.lo mpn/rsh1add_n.lo mpn/rsh1sub_n.lo mpn/addlsh2_n.lo mpn/rsblsh2_n.lo mpn/addlsh_n.lo mpn/rsblsh_n.lo mpn/add_n_sub_n.lo mpn/addaddmul_1msb0.lo printf/asprintf.lo printf/asprntffuns.lo printf/doprnt.lo printf/doprntf.lo printf/doprnti.lo printf/fprintf.lo printf/obprintf.lo printf/obvprintf.lo printf/obprntffuns.lo printf/printf.lo printf/printffuns.lo printf/snprintf.lo printf/snprntffuns.lo printf/sprintf.lo printf/sprintffuns.lo printf/vasprintf.lo printf/vfprintf.lo printf/vprintf.lo printf/vsnprintf.lo printf/vsprintf.lo printf/repl-vsnprintf.lo  scanf/doscan.lo scanf/fscanf.lo scanf/fscanffuns.lo scanf/scanf.lo scanf/sscanf.lo scanf/sscanffuns.lo scanf/vfscanf.lo scanf/vscanf.lo scanf/vsscanf.lo rand/rand.lo rand/randclr.lo rand/randdef.lo rand/randiset.lo rand/randlc2s.lo rand/randlc2x.lo rand/randmt.lo rand/randmts.lo rand/rands.lo rand/randsd.lo rand/randsdui.lo rand/randbui.lo rand/randmui.lo 
libtool: link: ccache gcc -shared  -fPIC -DPIC  .libs/assert.o .libs/compat.o .libs/errno.o .libs/extract-dbl.o .libs/invalid.o .libs/memory.o .libs/mp_bpl.o .libs/mp_clz_tab.o .libs/mp_dv_tab.o .libs/mp_minv_tab.o .libs/mp_get_fns.o .libs/mp_set_fns.o .libs/version.o .libs/nextprime.o .libs/primesieve.o .libs/tal-reent.o mpf/.libs/init.o mpf/.libs/init2.o mpf/.libs/inits.o mpf/.libs/set.o mpf/.libs/set_ui.o mpf/.libs/set_si.o mpf/.libs/set_str.o mpf/.libs/set_d.o mpf/.libs/set_z.o mpf/.libs/iset.o mpf/.libs/iset_ui.o mpf/.libs/iset_si.o mpf/.libs/iset_str.o mpf/.libs/iset_d.o mpf/.libs/clear.o mpf/.libs/clears.o mpf/.libs/get_str.o mpf/.libs/dump.o mpf/.libs/size.o mpf/.libs/eq.o mpf/.libs/reldiff.o mpf/.libs/sqrt.o mpf/.libs/random2.o mpf/.libs/inp_str.o mpf/.libs/out_str.o mpf/.libs/add.o mpf/.libs/add_ui.o mpf/.libs/sub.o mpf/.libs/sub_ui.o mpf/.libs/ui_sub.o mpf/.libs/mul.o mpf/.libs/mul_ui.o mpf/.libs/div.o mpf/.libs/div_ui.o mpf/.libs/cmp_z.o mpf/.libs/cmp.o mpf/.libs/cmp_d.o mpf/.libs/cmp_ui.o mpf/.libs/cmp_si.o mpf/.libs/mul_2exp.o mpf/.libs/div_2exp.o mpf/.libs/abs.o mpf/.libs/neg.o mpf/.libs/set_q.o mpf/.libs/get_d.o mpf/.libs/get_d_2exp.o mpf/.libs/set_dfl_prec.o mpf/.libs/set_prc.o mpf/.libs/set_prc_raw.o mpf/.libs/get_dfl_prec.o mpf/.libs/get_prc.o mpf/.libs/ui_div.o mpf/.libs/sqrt_ui.o mpf/.libs/ceilfloor.o mpf/.libs/trunc.o mpf/.libs/pow_ui.o mpf/.libs/urandomb.o mpf/.libs/swap.o mpf/.libs/fits_sint.o mpf/.libs/fits_slong.o mpf/.libs/fits_sshort.o mpf/.libs/fits_uint.o mpf/.libs/fits_ulong.o mpf/.libs/fits_ushort.o mpf/.libs/get_si.o mpf/.libs/get_ui.o mpf/.libs/int_p.o mpz/.libs/abs.o mpz/.libs/add.o mpz/.libs/add_ui.o mpz/.libs/aorsmul.o mpz/.libs/aorsmul_i.o mpz/.libs/and.o mpz/.libs/array_init.o mpz/.libs/bin_ui.o mpz/.libs/bin_uiui.o mpz/.libs/cdiv_q.o mpz/.libs/cdiv_q_ui.o mpz/.libs/cdiv_qr.o mpz/.libs/cdiv_qr_ui.o mpz/.libs/cdiv_r.o mpz/.libs/cdiv_r_ui.o mpz/.libs/cdiv_ui.o mpz/.libs/cfdiv_q_2exp.o mpz/.libs/cfdiv_r_2exp.o mpz/.libs/clear.o mpz/.libs/clears.o mpz/.libs/clrbit.o mpz/.libs/cmp.o mpz/.libs/cmp_d.o mpz/.libs/cmp_si.o mpz/.libs/cmp_ui.o mpz/.libs/cmpabs.o mpz/.libs/cmpabs_d.o mpz/.libs/cmpabs_ui.o mpz/.libs/com.o mpz/.libs/combit.o mpz/.libs/cong.o mpz/.libs/cong_2exp.o mpz/.libs/cong_ui.o mpz/.libs/divexact.o mpz/.libs/divegcd.o mpz/.libs/dive_ui.o mpz/.libs/divis.o mpz/.libs/divis_ui.o mpz/.libs/divis_2exp.o mpz/.libs/dump.o mpz/.libs/export.o mpz/.libs/mfac_uiui.o mpz/.libs/2fac_ui.o mpz/.libs/fac_ui.o mpz/.libs/oddfac_1.o mpz/.libs/prodlimbs.o mpz/.libs/fdiv_q_ui.o mpz/.libs/fdiv_qr.o mpz/.libs/fdiv_qr_ui.o mpz/.libs/fdiv_r.o mpz/.libs/fdiv_r_ui.o mpz/.libs/fdiv_q.o mpz/.libs/fdiv_ui.o mpz/.libs/fib_ui.o mpz/.libs/fib2_ui.o mpz/.libs/fits_sint.o mpz/.libs/fits_slong.o mpz/.libs/fits_sshort.o mpz/.libs/fits_uint.o mpz/.libs/fits_ulong.o mpz/.libs/fits_ushort.o mpz/.libs/gcd.o mpz/.libs/gcd_ui.o mpz/.libs/gcdext.o mpz/.libs/get_d.o mpz/.libs/get_d_2exp.o mpz/.libs/get_si.o mpz/.libs/get_str.o mpz/.libs/get_ui.o mpz/.libs/getlimbn.o mpz/.libs/hamdist.o mpz/.libs/import.o mpz/.libs/init.o mpz/.libs/init2.o mpz/.libs/inits.o mpz/.libs/inp_raw.o mpz/.libs/inp_str.o mpz/.libs/invert.o mpz/.libs/ior.o mpz/.libs/iset.o mpz/.libs/iset_d.o mpz/.libs/iset_si.o mpz/.libs/iset_str.o mpz/.libs/iset_ui.o mpz/.libs/jacobi.o mpz/.libs/kronsz.o mpz/.libs/kronuz.o mpz/.libs/kronzs.o mpz/.libs/kronzu.o mpz/.libs/lcm.o mpz/.libs/lcm_ui.o mpz/.libs/limbs_finish.o mpz/.libs/limbs_modify.o mpz/.libs/limbs_read.o mpz/.libs/limbs_write.o mpz/.libs/lucmod.o mpz/.libs/lucnum_ui.o mpz/.libs/lucnum2_ui.o mpz/.libs/millerrabin.o mpz/.libs/mod.o mpz/.libs/mul.o mpz/.libs/mul_2exp.o mpz/.libs/mul_si.o mpz/.libs/mul_ui.o mpz/.libs/n_pow_ui.o mpz/.libs/neg.o mpz/.libs/nextprime.o mpz/.libs/out_raw.o mpz/.libs/out_str.o mpz/.libs/perfpow.o mpz/.libs/perfsqr.o mpz/.libs/popcount.o mpz/.libs/pow_ui.o mpz/.libs/powm.o mpz/.libs/powm_sec.o mpz/.libs/powm_ui.o mpz/.libs/primorial_ui.o mpz/.libs/pprime_p.o mpz/.libs/random.o mpz/.libs/random2.o mpz/.libs/realloc.o mpz/.libs/realloc2.o mpz/.libs/remove.o mpz/.libs/roinit_n.o mpz/.libs/root.o mpz/.libs/rootrem.o mpz/.libs/rrandomb.o mpz/.libs/scan0.o mpz/.libs/scan1.o mpz/.libs/set.o mpz/.libs/set_d.o mpz/.libs/set_f.o mpz/.libs/set_q.o mpz/.libs/set_si.o mpz/.libs/set_str.o mpz/.libs/set_ui.o mpz/.libs/setbit.o mpz/.libs/size.o mpz/.libs/sizeinbase.o mpz/.libs/sqrt.o mpz/.libs/sqrtrem.o mpz/.libs/stronglucas.o mpz/.libs/sub.o mpz/.libs/sub_ui.o mpz/.libs/swap.o mpz/.libs/tdiv_ui.o mpz/.libs/tdiv_q.o mpz/.libs/tdiv_q_2exp.o mpz/.libs/tdiv_q_ui.o mpz/.libs/tdiv_qr.o mpz/.libs/tdiv_qr_ui.o mpz/.libs/tdiv_r.o mpz/.libs/tdiv_r_2exp.o mpz/.libs/tdiv_r_ui.o mpz/.libs/tstbit.o mpz/.libs/ui_pow_ui.o mpz/.libs/ui_sub.o mpz/.libs/urandomb.o mpz/.libs/urandomm.o mpz/.libs/xor.o mpq/.libs/abs.o mpq/.libs/aors.o mpq/.libs/canonicalize.o mpq/.libs/clear.o mpq/.libs/clears.o mpq/.libs/cmp.o mpq/.libs/cmp_si.o mpq/.libs/cmp_ui.o mpq/.libs/div.o mpq/.libs/get_d.o mpq/.libs/get_den.o mpq/.libs/get_num.o mpq/.libs/get_str.o mpq/.libs/init.o mpq/.libs/inits.o mpq/.libs/inp_str.o mpq/.libs/inv.o mpq/.libs/md_2exp.o mpq/.libs/mul.o mpq/.libs/neg.o mpq/.libs/out_str.o mpq/.libs/set.o mpq/.libs/set_den.o mpq/.libs/set_num.o mpq/.libs/set_si.o mpq/.libs/set_str.o mpq/.libs/set_ui.o mpq/.libs/equal.o mpq/.libs/set_z.o mpq/.libs/set_d.o mpq/.libs/set_f.o mpq/.libs/swap.o mpn/.libs/fib_table.o mpn/.libs/mp_bases.o mpn/.libs/invert_limb_table.o mpn/.libs/add.o mpn/.libs/add_1.o mpn/.libs/add_n.o mpn/.libs/sub.o mpn/.libs/sub_1.o mpn/.libs/sub_n.o mpn/.libs/cnd_add_n.o mpn/.libs/cnd_sub_n.o mpn/.libs/cnd_swap.o mpn/.libs/neg.o mpn/.libs/com.o mpn/.libs/mul_1.o mpn/.libs/addmul_1.o mpn/.libs/submul_1.o mpn/.libs/add_err1_n.o mpn/.libs/add_err2_n.o mpn/.libs/add_err3_n.o mpn/.libs/sub_err1_n.o mpn/.libs/sub_err2_n.o mpn/.libs/sub_err3_n.o mpn/.libs/lshift.o mpn/.libs/rshift.o mpn/.libs/dive_1.o mpn/.libs/diveby3.o mpn/.libs/divis.o mpn/.libs/divrem.o mpn/.libs/divrem_1.o mpn/.libs/divrem_2.o mpn/.libs/fib2_ui.o mpn/.libs/fib2m.o mpn/.libs/mod_1.o mpn/.libs/mod_34lsub1.o mpn/.libs/mode1o.o mpn/.libs/pre_mod_1.o mpn/.libs/dump.o mpn/.libs/mod_1_1.o mpn/.libs/mod_1_2.o mpn/.libs/mod_1_3.o mpn/.libs/mod_1_4.o mpn/.libs/lshiftc.o mpn/.libs/mul.o mpn/.libs/mul_fft.o mpn/.libs/mul_n.o mpn/.libs/sqr.o mpn/.libs/mul_basecase.o mpn/.libs/sqr_basecase.o mpn/.libs/nussbaumer_mul.o mpn/.libs/mulmid_basecase.o mpn/.libs/toom42_mulmid.o mpn/.libs/mulmid_n.o mpn/.libs/mulmid.o mpn/.libs/random.o mpn/.libs/random2.o mpn/.libs/pow_1.o mpn/.libs/rootrem.o mpn/.libs/sqrtrem.o mpn/.libs/sizeinbase.o mpn/.libs/get_str.o mpn/.libs/set_str.o mpn/.libs/compute_powtab.o mpn/.libs/scan0.o mpn/.libs/scan1.o mpn/.libs/popcount.o mpn/.libs/hamdist.o mpn/.libs/cmp.o mpn/.libs/zero_p.o mpn/.libs/perfsqr.o mpn/.libs/perfpow.o mpn/.libs/strongfibo.o mpn/.libs/gcd_11.o mpn/.libs/gcd_22.o mpn/.libs/gcd_1.o mpn/.libs/gcd.o mpn/.libs/gcdext_1.o mpn/.libs/gcdext.o mpn/.libs/gcd_subdiv_step.o mpn/.libs/gcdext_lehmer.o mpn/.libs/div_q.o mpn/.libs/tdiv_qr.o mpn/.libs/jacbase.o mpn/.libs/jacobi_2.o mpn/.libs/jacobi.o mpn/.libs/get_d.o mpn/.libs/matrix22_mul.o mpn/.libs/matrix22_mul1_inverse_vector.o mpn/.libs/hgcd_matrix.o mpn/.libs/hgcd2.o mpn/.libs/hgcd_step.o mpn/.libs/hgcd_reduce.o mpn/.libs/hgcd.o mpn/.libs/hgcd_appr.o mpn/.libs/hgcd2_jacobi.o mpn/.libs/hgcd_jacobi.o mpn/.libs/mullo_n.o mpn/.libs/mullo_basecase.o mpn/.libs/sqrlo.o mpn/.libs/sqrlo_basecase.o mpn/.libs/toom22_mul.o mpn/.libs/toom32_mul.o mpn/.libs/toom42_mul.o mpn/.libs/toom52_mul.o mpn/.libs/toom62_mul.o mpn/.libs/toom33_mul.o mpn/.libs/toom43_mul.o mpn/.libs/toom53_mul.o mpn/.libs/toom54_mul.o mpn/.libs/toom63_mul.o mpn/.libs/toom44_mul.o mpn/.libs/toom6h_mul.o mpn/.libs/toom6_sqr.o mpn/.libs/toom8h_mul.o mpn/.libs/toom8_sqr.o mpn/.libs/toom_couple_handling.o mpn/.libs/toom2_sqr.o mpn/.libs/toom3_sqr.o mpn/.libs/toom4_sqr.o mpn/.libs/toom_eval_dgr3_pm1.o mpn/.libs/toom_eval_dgr3_pm2.o mpn/.libs/toom_eval_pm1.o mpn/.libs/toom_eval_pm2.o mpn/.libs/toom_eval_pm2exp.o mpn/.libs/toom_eval_pm2rexp.o mpn/.libs/toom_interpolate_5pts.o mpn/.libs/toom_interpolate_6pts.o mpn/.libs/toom_interpolate_7pts.o mpn/.libs/toom_interpolate_8pts.o mpn/.libs/toom_interpolate_12pts.o mpn/.libs/toom_interpolate_16pts.o mpn/.libs/invertappr.o mpn/.libs/invert.o mpn/.libs/binvert.o mpn/.libs/mulmod_bnm1.o mpn/.libs/sqrmod_bnm1.o mpn/.libs/mulmod_bknp1.o mpn/.libs/div_qr_1.o mpn/.libs/div_qr_1n_pi1.o mpn/.libs/div_qr_2.o mpn/.libs/div_qr_2n_pi1.o mpn/.libs/div_qr_2u_pi1.o mpn/.libs/sbpi1_div_q.o mpn/.libs/sbpi1_div_qr.o mpn/.libs/sbpi1_divappr_q.o mpn/.libs/dcpi1_div_q.o mpn/.libs/dcpi1_div_qr.o mpn/.libs/dcpi1_divappr_q.o mpn/.libs/mu_div_qr.o mpn/.libs/mu_divappr_q.o mpn/.libs/mu_div_q.o mpn/.libs/bdiv_q_1.o mpn/.libs/sbpi1_bdiv_q.o mpn/.libs/sbpi1_bdiv_qr.o mpn/.libs/sbpi1_bdiv_r.o mpn/.libs/dcpi1_bdiv_q.o mpn/.libs/dcpi1_bdiv_qr.o mpn/.libs/mu_bdiv_q.o mpn/.libs/mu_bdiv_qr.o mpn/.libs/bdiv_q.o mpn/.libs/bdiv_qr.o mpn/.libs/broot.o mpn/.libs/brootinv.o mpn/.libs/bsqrt.o mpn/.libs/bsqrtinv.o mpn/.libs/divexact.o mpn/.libs/bdiv_dbm1c.o mpn/.libs/redc_1.o mpn/.libs/redc_2.o mpn/.libs/redc_n.o mpn/.libs/powm.o mpn/.libs/powlo.o mpn/.libs/sec_powm.o mpn/.libs/sec_mul.o mpn/.libs/sec_sqr.o mpn/.libs/sec_div_qr.o mpn/.libs/sec_div_r.o mpn/.libs/sec_pi1_div_qr.o mpn/.libs/sec_pi1_div_r.o mpn/.libs/sec_add_1.o mpn/.libs/sec_sub_1.o mpn/.libs/sec_invert.o mpn/.libs/trialdiv.o mpn/.libs/remove.o mpn/.libs/and_n.o mpn/.libs/andn_n.o mpn/.libs/nand_n.o mpn/.libs/ior_n.o mpn/.libs/iorn_n.o mpn/.libs/nior_n.o mpn/.libs/xor_n.o mpn/.libs/xnor_n.o mpn/.libs/copyi.o mpn/.libs/copyd.o mpn/.libs/zero.o mpn/.libs/sec_tabselect.o mpn/.libs/comb_tables.o mpn/.libs/invert_limb.o mpn/.libs/sqr_diag_addlsh1.o mpn/.libs/mul_2.o mpn/.libs/addmul_2.o mpn/.libs/addlsh1_n.o mpn/.libs/sublsh1_n.o mpn/.libs/rsblsh1_n.o mpn/.libs/rsh1add_n.o mpn/.libs/rsh1sub_n.o mpn/.libs/addlsh2_n.o mpn/.libs/rsblsh2_n.o mpn/.libs/addlsh_n.o mpn/.libs/rsblsh_n.o mpn/.libs/add_n_sub_n.o mpn/.libs/addaddmul_1msb0.o printf/.libs/asprintf.o printf/.libs/asprntffuns.o printf/.libs/doprnt.o printf/.libs/doprntf.o printf/.libs/doprnti.o printf/.libs/fprintf.o printf/.libs/obprintf.o printf/.libs/obvprintf.o printf/.libs/obprntffuns.o printf/.libs/printf.o printf/.libs/printffuns.o printf/.libs/snprintf.o printf/.libs/snprntffuns.o printf/.libs/sprintf.o printf/.libs/sprintffuns.o printf/.libs/vasprintf.o printf/.libs/vfprintf.o printf/.libs/vprintf.o printf/.libs/vsnprintf.o printf/.libs/vsprintf.o printf/.libs/repl-vsnprintf.o scanf/.libs/doscan.o scanf/.libs/fscanf.o scanf/.libs/fscanffuns.o scanf/.libs/scanf.o scanf/.libs/sscanf.o scanf/.libs/sscanffuns.o scanf/.libs/vfscanf.o scanf/.libs/vscanf.o scanf/.libs/vsscanf.o rand/.libs/rand.o rand/.libs/randclr.o rand/.libs/randdef.o rand/.libs/randiset.o rand/.libs/randlc2s.o rand/.libs/randlc2x.o rand/.libs/randmt.o rand/.libs/randmts.o rand/.libs/rands.o rand/.libs/randsd.o rand/.libs/randsdui.o rand/.libs/randbui.o rand/.libs/randmui.o    -O2 -m64   -Wl,-soname -Wl,libgmp.so.10 -o .libs/libgmp.so.10.5.0
libtool: link: (cd ".libs" && rm -f "libgmp.so.10" && ln -s "libgmp.so.10.5.0" "libgmp.so.10")
libtool: link: (cd ".libs" && rm -f "libgmp.so" && ln -s "libgmp.so.10.5.0" "libgmp.so")
copying selected object files to avoid basename conflicts...
libtool: link: ln mpz/abs.o .libs/libgmp.lax/lt1-abs.o || cp mpz/abs.o .libs/libgmp.lax/lt1-abs.o
libtool: link: ln mpz/add.o .libs/libgmp.lax/lt2-add.o || cp mpz/add.o .libs/libgmp.lax/lt2-add.o
libtool: link: ln mpz/add_ui.o .libs/libgmp.lax/lt3-add_ui.o || cp mpz/add_ui.o .libs/libgmp.lax/lt3-add_ui.o
libtool: link: ln mpz/clear.o .libs/libgmp.lax/lt4-clear.o || cp mpz/clear.o .libs/libgmp.lax/lt4-clear.o
libtool: link: ln mpz/clears.o .libs/libgmp.lax/lt5-clears.o || cp mpz/clears.o .libs/libgmp.lax/lt5-clears.o
libtool: link: ln mpz/cmp.o .libs/libgmp.lax/lt6-cmp.o || cp mpz/cmp.o .libs/libgmp.lax/lt6-cmp.o
libtool: link: ln mpz/cmp_d.o .libs/libgmp.lax/lt7-cmp_d.o || cp mpz/cmp_d.o .libs/libgmp.lax/lt7-cmp_d.o
libtool: link: ln mpz/cmp_si.o .libs/libgmp.lax/lt8-cmp_si.o || cp mpz/cmp_si.o .libs/libgmp.lax/lt8-cmp_si.o
libtool: link: ln mpz/cmp_ui.o .libs/libgmp.lax/lt9-cmp_ui.o || cp mpz/cmp_ui.o .libs/libgmp.lax/lt9-cmp_ui.o
libtool: link: ln mpz/dump.o .libs/libgmp.lax/lt10-dump.o || cp mpz/dump.o .libs/libgmp.lax/lt10-dump.o
libtool: link: ln mpz/fits_sint.o .libs/libgmp.lax/lt11-fits_sint.o || cp mpz/fits_sint.o .libs/libgmp.lax/lt11-fits_sint.o
libtool: link: ln mpz/fits_slong.o .libs/libgmp.lax/lt12-fits_slong.o || cp mpz/fits_slong.o .libs/libgmp.lax/lt12-fits_slong.o
libtool: link: ln mpz/fits_sshort.o .libs/libgmp.lax/lt13-fits_sshort.o || cp mpz/fits_sshort.o .libs/libgmp.lax/lt13-fits_sshort.o
libtool: link: ln mpz/fits_uint.o .libs/libgmp.lax/lt14-fits_uint.o || cp mpz/fits_uint.o .libs/libgmp.lax/lt14-fits_uint.o
libtool: link: ln mpz/fits_ulong.o .libs/libgmp.lax/lt15-fits_ulong.o || cp mpz/fits_ulong.o .libs/libgmp.lax/lt15-fits_ulong.o
libtool: link: ln mpz/fits_ushort.o .libs/libgmp.lax/lt16-fits_ushort.o || cp mpz/fits_ushort.o .libs/libgmp.lax/lt16-fits_ushort.o
libtool: link: ln mpz/get_d.o .libs/libgmp.lax/lt17-get_d.o || cp mpz/get_d.o .libs/libgmp.lax/lt17-get_d.o
libtool: link: ln mpz/get_d_2exp.o .libs/libgmp.lax/lt18-get_d_2exp.o || cp mpz/get_d_2exp.o .libs/libgmp.lax/lt18-get_d_2exp.o
libtool: link: ln mpz/get_si.o .libs/libgmp.lax/lt19-get_si.o || cp mpz/get_si.o .libs/libgmp.lax/lt19-get_si.o
libtool: link: ln mpz/get_str.o .libs/libgmp.lax/lt20-get_str.o || cp mpz/get_str.o .libs/libgmp.lax/lt20-get_str.o
libtool: link: ln mpz/get_ui.o .libs/libgmp.lax/lt21-get_ui.o || cp mpz/get_ui.o .libs/libgmp.lax/lt21-get_ui.o
libtool: link: ln mpz/init.o .libs/libgmp.lax/lt22-init.o || cp mpz/init.o .libs/libgmp.lax/lt22-init.o
libtool: link: ln mpz/init2.o .libs/libgmp.lax/lt23-init2.o || cp mpz/init2.o .libs/libgmp.lax/lt23-init2.o
libtool: link: ln mpz/inits.o .libs/libgmp.lax/lt24-inits.o || cp mpz/inits.o .libs/libgmp.lax/lt24-inits.o
libtool: link: ln mpz/inp_str.o .libs/libgmp.lax/lt25-inp_str.o || cp mpz/inp_str.o .libs/libgmp.lax/lt25-inp_str.o
libtool: link: ln mpz/iset.o .libs/libgmp.lax/lt26-iset.o || cp mpz/iset.o .libs/libgmp.lax/lt26-iset.o
libtool: link: ln mpz/iset_d.o .libs/libgmp.lax/lt27-iset_d.o || cp mpz/iset_d.o .libs/libgmp.lax/lt27-iset_d.o
libtool: link: ln mpz/iset_si.o .libs/libgmp.lax/lt28-iset_si.o || cp mpz/iset_si.o .libs/libgmp.lax/lt28-iset_si.o
libtool: link: ln mpz/iset_str.o .libs/libgmp.lax/lt29-iset_str.o || cp mpz/iset_str.o .libs/libgmp.lax/lt29-iset_str.o
libtool: link: ln mpz/iset_ui.o .libs/libgmp.lax/lt30-iset_ui.o || cp mpz/iset_ui.o .libs/libgmp.lax/lt30-iset_ui.o
libtool: link: ln mpz/mul.o .libs/libgmp.lax/lt31-mul.o || cp mpz/mul.o .libs/libgmp.lax/lt31-mul.o
libtool: link: ln mpz/mul_2exp.o .libs/libgmp.lax/lt32-mul_2exp.o || cp mpz/mul_2exp.o .libs/libgmp.lax/lt32-mul_2exp.o
libtool: link: ln mpz/mul_ui.o .libs/libgmp.lax/lt33-mul_ui.o || cp mpz/mul_ui.o .libs/libgmp.lax/lt33-mul_ui.o
libtool: link: ln mpz/neg.o .libs/libgmp.lax/lt34-neg.o || cp mpz/neg.o .libs/libgmp.lax/lt34-neg.o
libtool: link: ln mpz/nextprime.o .libs/libgmp.lax/lt35-nextprime.o || cp mpz/nextprime.o .libs/libgmp.lax/lt35-nextprime.o
libtool: link: ln mpz/out_str.o .libs/libgmp.lax/lt36-out_str.o || cp mpz/out_str.o .libs/libgmp.lax/lt36-out_str.o
libtool: link: ln mpz/pow_ui.o .libs/libgmp.lax/lt37-pow_ui.o || cp mpz/pow_ui.o .libs/libgmp.lax/lt37-pow_ui.o
libtool: link: ln mpz/random2.o .libs/libgmp.lax/lt38-random2.o || cp mpz/random2.o .libs/libgmp.lax/lt38-random2.o
libtool: link: ln mpz/set.o .libs/libgmp.lax/lt39-set.o || cp mpz/set.o .libs/libgmp.lax/lt39-set.o
libtool: link: ln mpz/set_d.o .libs/libgmp.lax/lt40-set_d.o || cp mpz/set_d.o .libs/libgmp.lax/lt40-set_d.o
libtool: link: ln mpz/set_q.o .libs/libgmp.lax/lt41-set_q.o || cp mpz/set_q.o .libs/libgmp.lax/lt41-set_q.o
libtool: link: ln mpz/set_si.o .libs/libgmp.lax/lt42-set_si.o || cp mpz/set_si.o .libs/libgmp.lax/lt42-set_si.o
libtool: link: ln mpz/set_str.o .libs/libgmp.lax/lt43-set_str.o || cp mpz/set_str.o .libs/libgmp.lax/lt43-set_str.o
libtool: link: ln mpz/set_ui.o .libs/libgmp.lax/lt44-set_ui.o || cp mpz/set_ui.o .libs/libgmp.lax/lt44-set_ui.o
libtool: link: ln mpz/size.o .libs/libgmp.lax/lt45-size.o || cp mpz/size.o .libs/libgmp.lax/lt45-size.o
libtool: link: ln mpz/sqrt.o .libs/libgmp.lax/lt46-sqrt.o || cp mpz/sqrt.o .libs/libgmp.lax/lt46-sqrt.o
libtool: link: ln mpz/sub.o .libs/libgmp.lax/lt47-sub.o || cp mpz/sub.o .libs/libgmp.lax/lt47-sub.o
libtool: link: ln mpz/sub_ui.o .libs/libgmp.lax/lt48-sub_ui.o || cp mpz/sub_ui.o .libs/libgmp.lax/lt48-sub_ui.o
libtool: link: ln mpz/swap.o .libs/libgmp.lax/lt49-swap.o || cp mpz/swap.o .libs/libgmp.lax/lt49-swap.o
libtool: link: ln mpz/ui_sub.o .libs/libgmp.lax/lt50-ui_sub.o || cp mpz/ui_sub.o .libs/libgmp.lax/lt50-ui_sub.o
libtool: link: ln mpz/urandomb.o .libs/libgmp.lax/lt51-urandomb.o || cp mpz/urandomb.o .libs/libgmp.lax/lt51-urandomb.o
libtool: link: ln mpq/abs.o .libs/libgmp.lax/lt52-abs.o || cp mpq/abs.o .libs/libgmp.lax/lt52-abs.o
libtool: link: ln mpq/clear.o .libs/libgmp.lax/lt53-clear.o || cp mpq/clear.o .libs/libgmp.lax/lt53-clear.o
libtool: link: ln mpq/clears.o .libs/libgmp.lax/lt54-clears.o || cp mpq/clears.o .libs/libgmp.lax/lt54-clears.o
libtool: link: ln mpq/cmp.o .libs/libgmp.lax/lt55-cmp.o || cp mpq/cmp.o .libs/libgmp.lax/lt55-cmp.o
libtool: link: ln mpq/cmp_si.o .libs/libgmp.lax/lt56-cmp_si.o || cp mpq/cmp_si.o .libs/libgmp.lax/lt56-cmp_si.o
libtool: link: ln mpq/cmp_ui.o .libs/libgmp.lax/lt57-cmp_ui.o || cp mpq/cmp_ui.o .libs/libgmp.lax/lt57-cmp_ui.o
libtool: link: ln mpq/div.o .libs/libgmp.lax/lt58-div.o || cp mpq/div.o .libs/libgmp.lax/lt58-div.o
libtool: link: ln mpq/get_d.o .libs/libgmp.lax/lt59-get_d.o || cp mpq/get_d.o .libs/libgmp.lax/lt59-get_d.o
libtool: link: ln mpq/get_str.o .libs/libgmp.lax/lt60-get_str.o || cp mpq/get_str.o .libs/libgmp.lax/lt60-get_str.o
libtool: link: ln mpq/init.o .libs/libgmp.lax/lt61-init.o || cp mpq/init.o .libs/libgmp.lax/lt61-init.o
libtool: link: ln mpq/inits.o .libs/libgmp.lax/lt62-inits.o || cp mpq/inits.o .libs/libgmp.lax/lt62-inits.o
libtool: link: ln mpq/inp_str.o .libs/libgmp.lax/lt63-inp_str.o || cp mpq/inp_str.o .libs/libgmp.lax/lt63-inp_str.o
libtool: link: ln mpq/mul.o .libs/libgmp.lax/lt64-mul.o || cp mpq/mul.o .libs/libgmp.lax/lt64-mul.o
libtool: link: ln mpq/neg.o .libs/libgmp.lax/lt65-neg.o || cp mpq/neg.o .libs/libgmp.lax/lt65-neg.o
libtool: link: ln mpq/out_str.o .libs/libgmp.lax/lt66-out_str.o || cp mpq/out_str.o .libs/libgmp.lax/lt66-out_str.o
libtool: link: ln mpq/set.o .libs/libgmp.lax/lt67-set.o || cp mpq/set.o .libs/libgmp.lax/lt67-set.o
libtool: link: ln mpq/set_si.o .libs/libgmp.lax/lt68-set_si.o || cp mpq/set_si.o .libs/libgmp.lax/lt68-set_si.o
libtool: link: ln mpq/set_str.o .libs/libgmp.lax/lt69-set_str.o || cp mpq/set_str.o .libs/libgmp.lax/lt69-set_str.o
libtool: link: ln mpq/set_ui.o .libs/libgmp.lax/lt70-set_ui.o || cp mpq/set_ui.o .libs/libgmp.lax/lt70-set_ui.o
libtool: link: ln mpq/set_z.o .libs/libgmp.lax/lt71-set_z.o || cp mpq/set_z.o .libs/libgmp.lax/lt71-set_z.o
libtool: link: ln mpq/set_d.o .libs/libgmp.lax/lt72-set_d.o || cp mpq/set_d.o .libs/libgmp.lax/lt72-set_d.o
libtool: link: ln mpq/set_f.o .libs/libgmp.lax/lt73-set_f.o || cp mpq/set_f.o .libs/libgmp.lax/lt73-set_f.o
libtool: link: ln mpq/swap.o .libs/libgmp.lax/lt74-swap.o || cp mpq/swap.o .libs/libgmp.lax/lt74-swap.o
libtool: link: ln mpn/add.o .libs/libgmp.lax/lt75-add.o || cp mpn/add.o .libs/libgmp.lax/lt75-add.o
libtool: link: ln mpn/sub.o .libs/libgmp.lax/lt76-sub.o || cp mpn/sub.o .libs/libgmp.lax/lt76-sub.o
libtool: link: ln mpn/neg.o .libs/libgmp.lax/lt77-neg.o || cp mpn/neg.o .libs/libgmp.lax/lt77-neg.o
libtool: link: ln mpn/com.o .libs/libgmp.lax/lt78-com.o || cp mpn/com.o .libs/libgmp.lax/lt78-com.o
libtool: link: ln mpn/divis.o .libs/libgmp.lax/lt79-divis.o || cp mpn/divis.o .libs/libgmp.lax/lt79-divis.o
libtool: link: ln mpn/fib2_ui.o .libs/libgmp.lax/lt80-fib2_ui.o || cp mpn/fib2_ui.o .libs/libgmp.lax/lt80-fib2_ui.o
libtool: link: ln mpn/dump.o .libs/libgmp.lax/lt81-dump.o || cp mpn/dump.o .libs/libgmp.lax/lt81-dump.o
libtool: link: ln mpn/mul.o .libs/libgmp.lax/lt82-mul.o || cp mpn/mul.o .libs/libgmp.lax/lt82-mul.o
libtool: link: ln mpn/random.o .libs/libgmp.lax/lt83-random.o || cp mpn/random.o .libs/libgmp.lax/lt83-random.o
libtool: link: ln mpn/random2.o .libs/libgmp.lax/lt84-random2.o || cp mpn/random2.o .libs/libgmp.lax/lt84-random2.o
libtool: link: ln mpn/rootrem.o .libs/libgmp.lax/lt85-rootrem.o || cp mpn/rootrem.o .libs/libgmp.lax/lt85-rootrem.o
libtool: link: ln mpn/sqrtrem.o .libs/libgmp.lax/lt86-sqrtrem.o || cp mpn/sqrtrem.o .libs/libgmp.lax/lt86-sqrtrem.o
libtool: link: ln mpn/sizeinbase.o .libs/libgmp.lax/lt87-sizeinbase.o || cp mpn/sizeinbase.o .libs/libgmp.lax/lt87-sizeinbase.o
libtool: link: ln mpn/get_str.o .libs/libgmp.lax/lt88-get_str.o || cp mpn/get_str.o .libs/libgmp.lax/lt88-get_str.o
libtool: link: ln mpn/set_str.o .libs/libgmp.lax/lt89-set_str.o || cp mpn/set_str.o .libs/libgmp.lax/lt89-set_str.o
libtool: link: ln mpn/scan0.o .libs/libgmp.lax/lt90-scan0.o || cp mpn/scan0.o .libs/libgmp.lax/lt90-scan0.o
libtool: link: ln mpn/scan1.o .libs/libgmp.lax/lt91-scan1.o || cp mpn/scan1.o .libs/libgmp.lax/lt91-scan1.o
libtool: link: ln mpn/popcount.o .libs/libgmp.lax/lt92-popcount.o || cp mpn/popcount.o .libs/libgmp.lax/lt92-popcount.o
libtool: link: ln mpn/hamdist.o .libs/libgmp.lax/lt93-hamdist.o || cp mpn/hamdist.o .libs/libgmp.lax/lt93-hamdist.o
libtool: link: ln mpn/cmp.o .libs/libgmp.lax/lt94-cmp.o || cp mpn/cmp.o .libs/libgmp.lax/lt94-cmp.o
libtool: link: ln mpn/perfsqr.o .libs/libgmp.lax/lt95-perfsqr.o || cp mpn/perfsqr.o .libs/libgmp.lax/lt95-perfsqr.o
libtool: link: ln mpn/perfpow.o .libs/libgmp.lax/lt96-perfpow.o || cp mpn/perfpow.o .libs/libgmp.lax/lt96-perfpow.o
libtool: link: ln mpn/gcd.o .libs/libgmp.lax/lt97-gcd.o || cp mpn/gcd.o .libs/libgmp.lax/lt97-gcd.o
libtool: link: ln mpn/gcdext.o .libs/libgmp.lax/lt98-gcdext.o || cp mpn/gcdext.o .libs/libgmp.lax/lt98-gcdext.o
libtool: link: ln mpn/tdiv_qr.o .libs/libgmp.lax/lt99-tdiv_qr.o || cp mpn/tdiv_qr.o .libs/libgmp.lax/lt99-tdiv_qr.o
libtool: link: ln mpn/jacobi.o .libs/libgmp.lax/lt100-jacobi.o || cp mpn/jacobi.o .libs/libgmp.lax/lt100-jacobi.o
libtool: link: ln mpn/get_d.o .libs/libgmp.lax/lt101-get_d.o || cp mpn/get_d.o .libs/libgmp.lax/lt101-get_d.o
libtool: link: ln mpn/invert.o .libs/libgmp.lax/lt102-invert.o || cp mpn/invert.o .libs/libgmp.lax/lt102-invert.o
libtool: link: ln mpn/divexact.o .libs/libgmp.lax/lt103-divexact.o || cp mpn/divexact.o .libs/libgmp.lax/lt103-divexact.o
libtool: link: ln mpn/powm.o .libs/libgmp.lax/lt104-powm.o || cp mpn/powm.o .libs/libgmp.lax/lt104-powm.o
libtool: link: ln mpn/remove.o .libs/libgmp.lax/lt105-remove.o || cp mpn/remove.o .libs/libgmp.lax/lt105-remove.o
libtool: link: ar cq .libs/libgmp.a assert.o compat.o errno.o extract-dbl.o invalid.o memory.o mp_bpl.o mp_clz_tab.o mp_dv_tab.o mp_minv_tab.o mp_get_fns.o mp_set_fns.o version.o nextprime.o primesieve.o tal-reent.o mpf/init.o mpf/init2.o mpf/inits.o mpf/set.o mpf/set_ui.o mpf/set_si.o mpf/set_str.o mpf/set_d.o mpf/set_z.o mpf/iset.o mpf/iset_ui.o mpf/iset_si.o mpf/iset_str.o mpf/iset_d.o mpf/clear.o mpf/clears.o mpf/get_str.o mpf/dump.o mpf/size.o mpf/eq.o mpf/reldiff.o mpf/sqrt.o mpf/random2.o mpf/inp_str.o mpf/out_str.o mpf/add.o mpf/add_ui.o mpf/sub.o mpf/sub_ui.o mpf/ui_sub.o mpf/mul.o mpf/mul_ui.o mpf/div.o mpf/div_ui.o mpf/cmp_z.o mpf/cmp.o mpf/cmp_d.o mpf/cmp_ui.o mpf/cmp_si.o mpf/mul_2exp.o mpf/div_2exp.o mpf/abs.o mpf/neg.o mpf/set_q.o mpf/get_d.o mpf/get_d_2exp.o mpf/set_dfl_prec.o mpf/set_prc.o mpf/set_prc_raw.o mpf/get_dfl_prec.o mpf/get_prc.o mpf/ui_div.o mpf/sqrt_ui.o mpf/ceilfloor.o mpf/trunc.o mpf/pow_ui.o mpf/urandomb.o mpf/swap.o mpf/fits_sint.o mpf/fits_slong.o mpf/fits_sshort.o mpf/fits_uint.o mpf/fits_ulong.o mpf/fits_ushort.o mpf/get_si.o mpf/get_ui.o mpf/int_p.o .libs/libgmp.lax/lt1-abs.o .libs/libgmp.lax/lt2-add.o .libs/libgmp.lax/lt3-add_ui.o mpz/aorsmul.o mpz/aorsmul_i.o mpz/and.o mpz/array_init.o mpz/bin_ui.o mpz/bin_uiui.o mpz/cdiv_q.o mpz/cdiv_q_ui.o mpz/cdiv_qr.o mpz/cdiv_qr_ui.o mpz/cdiv_r.o mpz/cdiv_r_ui.o mpz/cdiv_ui.o mpz/cfdiv_q_2exp.o mpz/cfdiv_r_2exp.o .libs/libgmp.lax/lt4-clear.o .libs/libgmp.lax/lt5-clears.o mpz/clrbit.o .libs/libgmp.lax/lt6-cmp.o .libs/libgmp.lax/lt7-cmp_d.o .libs/libgmp.lax/lt8-cmp_si.o .libs/libgmp.lax/lt9-cmp_ui.o mpz/cmpabs.o mpz/cmpabs_d.o mpz/cmpabs_ui.o mpz/com.o mpz/combit.o mpz/cong.o mpz/cong_2exp.o mpz/cong_ui.o mpz/divexact.o mpz/divegcd.o mpz/dive_ui.o mpz/divis.o mpz/divis_ui.o mpz/divis_2exp.o .libs/libgmp.lax/lt10-dump.o mpz/export.o mpz/mfac_uiui.o mpz/2fac_ui.o mpz/fac_ui.o mpz/oddfac_1.o mpz/prodlimbs.o mpz/fdiv_q_ui.o mpz/fdiv_qr.o mpz/fdiv_qr_ui.o mpz/fdiv_r.o mpz/fdiv_r_ui.o mpz/fdiv_q.o mpz/fdiv_ui.o mpz/fib_ui.o mpz/fib2_ui.o .libs/libgmp.lax/lt11-fits_sint.o .libs/libgmp.lax/lt12-fits_slong.o .libs/libgmp.lax/lt13-fits_sshort.o .libs/libgmp.lax/lt14-fits_uint.o .libs/libgmp.lax/lt15-fits_ulong.o .libs/libgmp.lax/lt16-fits_ushort.o mpz/gcd.o mpz/gcd_ui.o mpz/gcdext.o .libs/libgmp.lax/lt17-get_d.o .libs/libgmp.lax/lt18-get_d_2exp.o .libs/libgmp.lax/lt19-get_si.o .libs/libgmp.lax/lt20-get_str.o .libs/libgmp.lax/lt21-get_ui.o mpz/getlimbn.o mpz/hamdist.o mpz/import.o .libs/libgmp.lax/lt22-init.o .libs/libgmp.lax/lt23-init2.o .libs/libgmp.lax/lt24-inits.o mpz/inp_raw.o .libs/libgmp.lax/lt25-inp_str.o mpz/invert.o mpz/ior.o .libs/libgmp.lax/lt26-iset.o .libs/libgmp.lax/lt27-iset_d.o .libs/libgmp.lax/lt28-iset_si.o .libs/libgmp.lax/lt29-iset_str.o .libs/libgmp.lax/lt30-iset_ui.o mpz/jacobi.o mpz/kronsz.o mpz/kronuz.o mpz/kronzs.o mpz/kronzu.o mpz/lcm.o mpz/lcm_ui.o mpz/limbs_finish.o mpz/limbs_modify.o mpz/limbs_read.o mpz/limbs_write.o mpz/lucmod.o mpz/lucnum_ui.o mpz/lucnum2_ui.o mpz/millerrabin.o mpz/mod.o .libs/libgmp.lax/lt31-mul.o .libs/libgmp.lax/lt32-mul_2exp.o mpz/mul_si.o .libs/libgmp.lax/lt33-mul_ui.o mpz/n_pow_ui.o .libs/libgmp.lax/lt34-neg.o .libs/libgmp.lax/lt35-nextprime.o mpz/out_raw.o .libs/libgmp.lax/lt36-out_str.o mpz/perfpow.o mpz/perfsqr.o mpz/popcount.o .libs/libgmp.lax/lt37-pow_ui.o mpz/powm.o mpz/powm_sec.o mpz/powm_ui.o mpz/primorial_ui.o mpz/pprime_p.o mpz/random.o .libs/libgmp.lax/lt38-random2.o mpz/realloc.o mpz/realloc2.o mpz/remove.o mpz/roinit_n.o mpz/root.o mpz/rootrem.o mpz/rrandomb.o mpz/scan0.o mpz/scan1.o .libs/libgmp.lax/lt39-set.o .libs/libgmp.lax/lt40-set_d.o mpz/set_f.o .libs/libgmp.lax/lt41-set_q.o .libs/libgmp.lax/lt42-set_si.o .libs/libgmp.lax/lt43-set_str.o .libs/libgmp.lax/lt44-set_ui.o mpz/setbit.o .libs/libgmp.lax/lt45-size.o mpz/sizeinbase.o .libs/libgmp.lax/lt46-sqrt.o mpz/sqrtrem.o mpz/stronglucas.o .libs/libgmp.lax/lt47-sub.o .libs/libgmp.lax/lt48-sub_ui.o .libs/libgmp.lax/lt49-swap.o mpz/tdiv_ui.o mpz/tdiv_q.o mpz/tdiv_q_2exp.o mpz/tdiv_q_ui.o mpz/tdiv_qr.o mpz/tdiv_qr_ui.o mpz/tdiv_r.o mpz/tdiv_r_2exp.o mpz/tdiv_r_ui.o mpz/tstbit.o mpz/ui_pow_ui.o .libs/libgmp.lax/lt50-ui_sub.o .libs/libgmp.lax/lt51-urandomb.o mpz/urandomm.o mpz/xor.o .libs/libgmp.lax/lt52-abs.o mpq/aors.o mpq/canonicalize.o .libs/libgmp.lax/lt53-clear.o .libs/libgmp.lax/lt54-clears.o .libs/libgmp.lax/lt55-cmp.o .libs/libgmp.lax/lt56-cmp_si.o .libs/libgmp.lax/lt57-cmp_ui.o .libs/libgmp.lax/lt58-div.o .libs/libgmp.lax/lt59-get_d.o mpq/get_den.o mpq/get_num.o .libs/libgmp.lax/lt60-get_str.o .libs/libgmp.lax/lt61-init.o .libs/libgmp.lax/lt62-inits.o .libs/libgmp.lax/lt63-inp_str.o mpq/inv.o mpq/md_2exp.o .libs/libgmp.lax/lt64-mul.o .libs/libgmp.lax/lt65-neg.o .libs/libgmp.lax/lt66-out_str.o .libs/libgmp.lax/lt67-set.o mpq/set_den.o mpq/set_num.o .libs/libgmp.lax/lt68-set_si.o .libs/libgmp.lax/lt69-set_str.o .libs/libgmp.lax/lt70-set_ui.o mpq/equal.o .libs/libgmp.lax/lt71-set_z.o .libs/libgmp.lax/lt72-set_d.o .libs/libgmp.lax/lt73-set_f.o .libs/libgmp.lax/lt74-swap.o mpn/fib_table.o mpn/mp_bases.o mpn/invert_limb_table.o .libs/libgmp.lax/lt75-add.o mpn/add_1.o mpn/add_n.o .libs/libgmp.lax/lt76-sub.o mpn/sub_1.o mpn/sub_n.o mpn/cnd_add_n.o mpn/cnd_sub_n.o mpn/cnd_swap.o .libs/libgmp.lax/lt77-neg.o .libs/libgmp.lax/lt78-com.o mpn/mul_1.o mpn/addmul_1.o mpn/submul_1.o mpn/add_err1_n.o mpn/add_err2_n.o mpn/add_err3_n.o mpn/sub_err1_n.o mpn/sub_err2_n.o mpn/sub_err3_n.o mpn/lshift.o mpn/rshift.o mpn/dive_1.o mpn/diveby3.o .libs/libgmp.lax/lt79-divis.o mpn/divrem.o mpn/divrem_1.o mpn/divrem_2.o .libs/libgmp.lax/lt80-fib2_ui.o mpn/fib2m.o mpn/mod_1.o mpn/mod_34lsub1.o mpn/mode1o.o mpn/pre_mod_1.o .libs/libgmp.lax/lt81-dump.o mpn/mod_1_1.o mpn/mod_1_2.o mpn/mod_1_3.o mpn/mod_1_4.o mpn/lshiftc.o .libs/libgmp.lax/lt82-mul.o mpn/mul_fft.o mpn/mul_n.o mpn/sqr.o mpn/mul_basecase.o mpn/sqr_basecase.o mpn/nussbaumer_mul.o mpn/mulmid_basecase.o mpn/toom42_mulmid.o mpn/mulmid_n.o mpn/mulmid.o .libs/libgmp.lax/lt83-random.o .libs/libgmp.lax/lt84-random2.o mpn/pow_1.o .libs/libgmp.lax/lt85-rootrem.o .libs/libgmp.lax/lt86-sqrtrem.o .libs/libgmp.lax/lt87-sizeinbase.o .libs/libgmp.lax/lt88-get_str.o .libs/libgmp.lax/lt89-set_str.o mpn/compute_powtab.o .libs/libgmp.lax/lt90-scan0.o .libs/libgmp.lax/lt91-scan1.o .libs/libgmp.lax/lt92-popcount.o .libs/libgmp.lax/lt93-hamdist.o .libs/libgmp.lax/lt94-cmp.o mpn/zero_p.o .libs/libgmp.lax/lt95-perfsqr.o .libs/libgmp.lax/lt96-perfpow.o mpn/strongfibo.o mpn/gcd_11.o mpn/gcd_22.o mpn/gcd_1.o .libs/libgmp.lax/lt97-gcd.o mpn/gcdext_1.o .libs/libgmp.lax/lt98-gcdext.o mpn/gcd_subdiv_step.o mpn/gcdext_lehmer.o mpn/div_q.o .libs/libgmp.lax/lt99-tdiv_qr.o mpn/jacbase.o mpn/jacobi_2.o .libs/libgmp.lax/lt100-jacobi.o .libs/libgmp.lax/lt101-get_d.o mpn/matrix22_mul.o mpn/matrix22_mul1_inverse_vector.o mpn/hgcd_matrix.o mpn/hgcd2.o mpn/hgcd_step.o mpn/hgcd_reduce.o mpn/hgcd.o mpn/hgcd_appr.o mpn/hgcd2_jacobi.o mpn/hgcd_jacobi.o mpn/mullo_n.o mpn/mullo_basecase.o mpn/sqrlo.o mpn/sqrlo_basecase.o mpn/toom22_mul.o mpn/toom32_mul.o mpn/toom42_mul.o mpn/toom52_mul.o mpn/toom62_mul.o mpn/toom33_mul.o mpn/toom43_mul.o mpn/toom53_mul.o mpn/toom54_mul.o mpn/toom63_mul.o mpn/toom44_mul.o mpn/toom6h_mul.o mpn/toom6_sqr.o mpn/toom8h_mul.o mpn/toom8_sqr.o mpn/toom_couple_handling.o mpn/toom2_sqr.o mpn/toom3_sqr.o mpn/toom4_sqr.o mpn/toom_eval_dgr3_pm1.o mpn/toom_eval_dgr3_pm2.o mpn/toom_eval_pm1.o mpn/toom_eval_pm2.o mpn/toom_eval_pm2exp.o mpn/toom_eval_pm2rexp.o mpn/toom_interpolate_5pts.o mpn/toom_interpolate_6pts.o mpn/toom_interpolate_7pts.o mpn/toom_interpolate_8pts.o mpn/toom_interpolate_12pts.o mpn/toom_interpolate_16pts.o mpn/invertappr.o .libs/libgmp.lax/lt102-invert.o mpn/binvert.o mpn/mulmod_bnm1.o mpn/sqrmod_bnm1.o mpn/mulmod_bknp1.o mpn/div_qr_1.o mpn/div_qr_1n_pi1.o mpn/div_qr_2.o mpn/div_qr_2n_pi1.o mpn/div_qr_2u_pi1.o mpn/sbpi1_div_q.o mpn/sbpi1_div_qr.o mpn/sbpi1_divappr_q.o mpn/dcpi1_div_q.o mpn/dcpi1_div_qr.o mpn/dcpi1_divappr_q.o mpn/mu_div_qr.o mpn/mu_divappr_q.o mpn/mu_div_q.o mpn/bdiv_q_1.o mpn/sbpi1_bdiv_q.o mpn/sbpi1_bdiv_qr.o mpn/sbpi1_bdiv_r.o mpn/dcpi1_bdiv_q.o mpn/dcpi1_bdiv_qr.o mpn/mu_bdiv_q.o mpn/mu_bdiv_qr.o mpn/bdiv_q.o mpn/bdiv_qr.o mpn/broot.o mpn/brootinv.o mpn/bsqrt.o mpn/bsqrtinv.o .libs/libgmp.lax/lt103-divexact.o mpn/bdiv_dbm1c.o mpn/redc_1.o mpn/redc_2.o mpn/redc_n.o .libs/libgmp.lax/lt104-powm.o mpn/powlo.o mpn/sec_powm.o mpn/sec_mul.o mpn/sec_sqr.o mpn/sec_div_qr.o mpn/sec_div_r.o mpn/sec_pi1_div_qr.o mpn/sec_pi1_div_r.o mpn/sec_add_1.o mpn/sec_sub_1.o mpn/sec_invert.o mpn/trialdiv.o .libs/libgmp.lax/lt105-remove.o mpn/and_n.o mpn/andn_n.o mpn/nand_n.o mpn/ior_n.o mpn/iorn_n.o mpn/nior_n.o mpn/xor_n.o mpn/xnor_n.o mpn/copyi.o mpn/copyd.o mpn/zero.o mpn/sec_tabselect.o mpn/comb_tables.o mpn/invert_limb.o mpn/sqr_diag_addlsh1.o mpn/mul_2.o mpn/addmul_2.o mpn/addlsh1_n.o mpn/sublsh1_n.o mpn/rsblsh1_n.o mpn/rsh1add_n.o mpn/rsh1sub_n.o mpn/addlsh2_n.o mpn/rsblsh2_n.o mpn/addlsh_n.o mpn/rsblsh_n.o mpn/add_n_sub_n.o mpn/addaddmul_1msb0.o printf/asprintf.o printf/asprntffuns.o printf/doprnt.o printf/doprntf.o printf/doprnti.o printf/fprintf.o printf/obprintf.o printf/obvprintf.o printf/obprntffuns.o printf/printf.o printf/printffuns.o printf/snprintf.o printf/snprntffuns.o printf/sprintf.o printf/sprintffuns.o printf/vasprintf.o printf/vfprintf.o printf/vprintf.o printf/vsnprintf.o printf/vsprintf.o printf/repl-vsnprintf.o scanf/doscan.o scanf/fscanf.o scanf/fscanffuns.o scanf/scanf.o scanf/sscanf.o scanf/sscanffuns.o scanf/vfscanf.o scanf/vscanf.o scanf/vsscanf.o rand/rand.o rand/randclr.o rand/randdef.o rand/randiset.o rand/randlc2s.o rand/randlc2x.o rand/randmt.o rand/randmts.o rand/rands.o rand/randsd.o rand/randsdui.o rand/randbui.o rand/randmui.o
libtool: link: ranlib .libs/libgmp.a
libtool: link: rm -fr .libs/libgmp.lax
libtool: link: ( cd ".libs" && rm -f "libgmp.la" && ln -s "../libgmp.la" "libgmp.la" )
/bin/sh ./libtool  --tag=CXX   --mode=link ccache g++  -O2 -pedantic -fomit-frame-pointer -m64 -std=gnu17   -version-info 11:0:7  -o libgmpxx.la -rpath /usr/lib cxx/dummy.lo cxx/isfuns.lo cxx/ismpf.lo cxx/ismpq.lo cxx/ismpz.lo cxx/ismpznw.lo cxx/limits.lo cxx/osdoprnti.lo cxx/osfuns.lo cxx/osmpf.lo cxx/osmpq.lo cxx/osmpz.lo libgmp.la 
libtool: link: ccache g++  -fPIC -DPIC -shared -nostdlib /usr/lib/gcc/x86_64-pc-linux-gnu/16/../../../../lib/crti.o /usr/lib/gcc/x86_64-pc-linux-gnu/16/crtbeginS.o  cxx/.libs/dummy.o cxx/.libs/isfuns.o cxx/.libs/ismpf.o cxx/.libs/ismpq.o cxx/.libs/ismpz.o cxx/.libs/ismpznw.o cxx/.libs/limits.o cxx/.libs/osdoprnti.o cxx/.libs/osfuns.o cxx/.libs/osmpf.o cxx/.libs/osmpq.o cxx/.libs/osmpz.o   -Wl,-rpath -Wl,/build/arkana/src/gmp-6.3.0/.libs ./.libs/libgmp.so -L/usr/lib/gcc/x86_64-pc-linux-gnu/16 -L/usr/lib/gcc/x86_64-pc-linux-gnu/16/../../../../lib -L/lib/../lib -L/usr/lib/../lib -L/usr/lib/gcc/x86_64-pc-linux-gnu/16/../../.. -L/lib -L/usr/lib -lstdc++ -lm -latomic_asneeded -lc -lgcc_s /usr/lib/gcc/x86_64-pc-linux-gnu/16/crtendS.o /usr/lib/gcc/x86_64-pc-linux-gnu/16/../../../../lib/crtn.o  -O2 -m64   -Wl,-soname -Wl,libgmpxx.so.4 -o .libs/libgmpxx.so.4.7.0
libtool: link: (cd ".libs" && rm -f "libgmpxx.so.4" && ln -s "libgmpxx.so.4.7.0" "libgmpxx.so.4")
libtool: link: (cd ".libs" && rm -f "libgmpxx.so" && ln -s "libgmpxx.so.4.7.0" "libgmpxx.so")
libtool: link: ar cq .libs/libgmpxx.a  cxx/dummy.o cxx/isfuns.o cxx/ismpf.o cxx/ismpq.o cxx/ismpz.o cxx/ismpznw.o cxx/limits.o cxx/osdoprnti.o cxx/osfuns.o cxx/osmpf.o cxx/osmpq.o cxx/osmpz.o
libtool: link: ranlib .libs/libgmpxx.a
libtool: link: ( cd ".libs" && rm -f "libgmpxx.la" && ln -s "../libgmpxx.la" "libgmpxx.la" )
make[4]: Leaving directory '/build/arkana/src/gmp-6.3.0'
make[3]: Leaving directory '/build/arkana/src/gmp-6.3.0'
make[2]: Leaving directory '/build/arkana/src/gmp-6.3.0'
make[2]: Entering directory '/build/arkana/src/gmp-6.3.0'
make  install-recursive
make[3]: Entering directory '/build/arkana/src/gmp-6.3.0'
Making install in tests
make[4]: Entering directory '/build/arkana/src/gmp-6.3.0/tests'
Making install in .
make[5]: Entering directory '/build/arkana/src/gmp-6.3.0/tests'
make[6]: Entering directory '/build/arkana/src/gmp-6.3.0/tests'
make[6]: Nothing to be done for 'install-exec-am'.
make[6]: Nothing to be done for 'install-data-am'.
make[6]: Leaving directory '/build/arkana/src/gmp-6.3.0/tests'
make[5]: Leaving directory '/build/arkana/src/gmp-6.3.0/tests'
Making install in devel
make[5]: Entering directory '/build/arkana/src/gmp-6.3.0/tests/devel'
make[6]: Entering directory '/build/arkana/src/gmp-6.3.0/tests/devel'
make[6]: Nothing to be done for 'install-exec-am'.
make[6]: Nothing to be done for 'install-data-am'.
make[6]: Leaving directory '/build/arkana/src/gmp-6.3.0/tests/devel'
make[5]: Leaving directory '/build/arkana/src/gmp-6.3.0/tests/devel'
Making install in mpn
make[5]: Entering directory '/build/arkana/src/gmp-6.3.0/tests/mpn'
make[6]: Entering directory '/build/arkana/src/gmp-6.3.0/tests/mpn'
make[6]: Nothing to be done for 'install-exec-am'.
make[6]: Nothing to be done for 'install-data-am'.
make[6]: Leaving directory '/build/arkana/src/gmp-6.3.0/tests/mpn'
make[5]: Leaving directory '/build/arkana/src/gmp-6.3.0/tests/mpn'
Making install in mpz
make[5]: Entering directory '/build/arkana/src/gmp-6.3.0/tests/mpz'
make[6]: Entering directory '/build/arkana/src/gmp-6.3.0/tests/mpz'
make[6]: Nothing to be done for 'install-exec-am'.
make[6]: Nothing to be done for 'install-data-am'.
make[6]: Leaving directory '/build/arkana/src/gmp-6.3.0/tests/mpz'
make[5]: Leaving directory '/build/arkana/src/gmp-6.3.0/tests/mpz'
Making install in mpq
make[5]: Entering directory '/build/arkana/src/gmp-6.3.0/tests/mpq'
make[6]: Entering directory '/build/arkana/src/gmp-6.3.0/tests/mpq'
make[6]: Nothing to be done for 'install-exec-am'.
make[6]: Nothing to be done for 'install-data-am'.
make[6]: Leaving directory '/build/arkana/src/gmp-6.3.0/tests/mpq'
make[5]: Leaving directory '/build/arkana/src/gmp-6.3.0/tests/mpq'
Making install in mpf
make[5]: Entering directory '/build/arkana/src/gmp-6.3.0/tests/mpf'
make[6]: Entering directory '/build/arkana/src/gmp-6.3.0/tests/mpf'
make[6]: Nothing to be done for 'install-exec-am'.
make[6]: Nothing to be done for 'install-data-am'.
make[6]: Leaving directory '/build/arkana/src/gmp-6.3.0/tests/mpf'
make[5]: Leaving directory '/build/arkana/src/gmp-6.3.0/tests/mpf'
Making install in rand
make[5]: Entering directory '/build/arkana/src/gmp-6.3.0/tests/rand'
make[6]: Entering directory '/build/arkana/src/gmp-6.3.0/tests/rand'
make[6]: Nothing to be done for 'install-exec-am'.
make[6]: Nothing to be done for 'install-data-am'.
make[6]: Leaving directory '/build/arkana/src/gmp-6.3.0/tests/rand'
make[5]: Leaving directory '/build/arkana/src/gmp-6.3.0/tests/rand'
Making install in misc
make[5]: Entering directory '/build/arkana/src/gmp-6.3.0/tests/misc'
make[6]: Entering directory '/build/arkana/src/gmp-6.3.0/tests/misc'
make[6]: Nothing to be done for 'install-exec-am'.
make[6]: Nothing to be done for 'install-data-am'.
make[6]: Leaving directory '/build/arkana/src/gmp-6.3.0/tests/misc'
make[5]: Leaving directory '/build/arkana/src/gmp-6.3.0/tests/misc'
Making install in cxx
make[5]: Entering directory '/build/arkana/src/gmp-6.3.0/tests/cxx'
make[6]: Entering directory '/build/arkana/src/gmp-6.3.0/tests/cxx'
make[6]: Nothing to be done for 'install-exec-am'.
make[6]: Nothing to be done for 'install-data-am'.
make[6]: Leaving directory '/build/arkana/src/gmp-6.3.0/tests/cxx'
make[5]: Leaving directory '/build/arkana/src/gmp-6.3.0/tests/cxx'
make[4]: Leaving directory '/build/arkana/src/gmp-6.3.0/tests'
Making install in mpn
make[4]: Entering directory '/build/arkana/src/gmp-6.3.0/mpn'
make[5]: Entering directory '/build/arkana/src/gmp-6.3.0/mpn'
make[5]: Nothing to be done for 'install-exec-am'.
make[5]: Nothing to be done for 'install-data-am'.
make[5]: Leaving directory '/build/arkana/src/gmp-6.3.0/mpn'
make[4]: Leaving directory '/build/arkana/src/gmp-6.3.0/mpn'
Making install in mpz
make[4]: Entering directory '/build/arkana/src/gmp-6.3.0/mpz'
make[5]: Entering directory '/build/arkana/src/gmp-6.3.0/mpz'
make[5]: Nothing to be done for 'install-exec-am'.
make[5]: Nothing to be done for 'install-data-am'.
make[5]: Leaving directory '/build/arkana/src/gmp-6.3.0/mpz'
make[4]: Leaving directory '/build/arkana/src/gmp-6.3.0/mpz'
Making install in mpq
make[4]: Entering directory '/build/arkana/src/gmp-6.3.0/mpq'
make[5]: Entering directory '/build/arkana/src/gmp-6.3.0/mpq'
make[5]: Nothing to be done for 'install-exec-am'.
make[5]: Nothing to be done for 'install-data-am'.
make[5]: Leaving directory '/build/arkana/src/gmp-6.3.0/mpq'
make[4]: Leaving directory '/build/arkana/src/gmp-6.3.0/mpq'
Making install in mpf
make[4]: Entering directory '/build/arkana/src/gmp-6.3.0/mpf'
make[5]: Entering directory '/build/arkana/src/gmp-6.3.0/mpf'
make[5]: Nothing to be done for 'install-exec-am'.
make[5]: Nothing to be done for 'install-data-am'.
make[5]: Leaving directory '/build/arkana/src/gmp-6.3.0/mpf'
make[4]: Leaving directory '/build/arkana/src/gmp-6.3.0/mpf'
Making install in printf
make[4]: Entering directory '/build/arkana/src/gmp-6.3.0/printf'
make[5]: Entering directory '/build/arkana/src/gmp-6.3.0/printf'
make[5]: Nothing to be done for 'install-exec-am'.
make[5]: Nothing to be done for 'install-data-am'.
make[5]: Leaving directory '/build/arkana/src/gmp-6.3.0/printf'
make[4]: Leaving directory '/build/arkana/src/gmp-6.3.0/printf'
Making install in scanf
make[4]: Entering directory '/build/arkana/src/gmp-6.3.0/scanf'
make[5]: Entering directory '/build/arkana/src/gmp-6.3.0/scanf'
make[5]: Nothing to be done for 'install-exec-am'.
make[5]: Nothing to be done for 'install-data-am'.
make[5]: Leaving directory '/build/arkana/src/gmp-6.3.0/scanf'
make[4]: Leaving directory '/build/arkana/src/gmp-6.3.0/scanf'
Making install in rand
make[4]: Entering directory '/build/arkana/src/gmp-6.3.0/rand'
make[5]: Entering directory '/build/arkana/src/gmp-6.3.0/rand'
make[5]: Nothing to be done for 'install-exec-am'.
make[5]: Nothing to be done for 'install-data-am'.
make[5]: Leaving directory '/build/arkana/src/gmp-6.3.0/rand'
make[4]: Leaving directory '/build/arkana/src/gmp-6.3.0/rand'
Making install in cxx
make[4]: Entering directory '/build/arkana/src/gmp-6.3.0/cxx'
make[5]: Entering directory '/build/arkana/src/gmp-6.3.0/cxx'
make[5]: Nothing to be done for 'install-exec-am'.
make[5]: Nothing to be done for 'install-data-am'.
make[5]: Leaving directory '/build/arkana/src/gmp-6.3.0/cxx'
make[4]: Leaving directory '/build/arkana/src/gmp-6.3.0/cxx'
Making install in demos
make[4]: Entering directory '/build/arkana/src/gmp-6.3.0/demos'
Making install in calc
make[5]: Entering directory '/build/arkana/src/gmp-6.3.0/demos/calc'
make  install-am
make[6]: Entering directory '/build/arkana/src/gmp-6.3.0/demos/calc'
make[7]: Entering directory '/build/arkana/src/gmp-6.3.0/demos/calc'
make[7]: Nothing to be done for 'install-exec-am'.
make[7]: Nothing to be done for 'install-data-am'.
make[7]: Leaving directory '/build/arkana/src/gmp-6.3.0/demos/calc'
make[6]: Leaving directory '/build/arkana/src/gmp-6.3.0/demos/calc'
make[5]: Leaving directory '/build/arkana/src/gmp-6.3.0/demos/calc'
Making install in expr
make[5]: Entering directory '/build/arkana/src/gmp-6.3.0/demos/expr'
make[6]: Entering directory '/build/arkana/src/gmp-6.3.0/demos/expr'
make[6]: Nothing to be done for 'install-exec-am'.
make[6]: Nothing to be done for 'install-data-am'.
make[6]: Leaving directory '/build/arkana/src/gmp-6.3.0/demos/expr'
make[5]: Leaving directory '/build/arkana/src/gmp-6.3.0/demos/expr'
make[5]: Entering directory '/build/arkana/src/gmp-6.3.0/demos'
make[6]: Entering directory '/build/arkana/src/gmp-6.3.0/demos'
make[6]: Nothing to be done for 'install-exec-am'.
make[6]: Nothing to be done for 'install-data-am'.
make[6]: Leaving directory '/build/arkana/src/gmp-6.3.0/demos'
make[5]: Leaving directory '/build/arkana/src/gmp-6.3.0/demos'
make[4]: Leaving directory '/build/arkana/src/gmp-6.3.0/demos'
Making install in tune
make[4]: Entering directory '/build/arkana/src/gmp-6.3.0/tune'
make[5]: Entering directory '/build/arkana/src/gmp-6.3.0/tune'
make[5]: Nothing to be done for 'install-exec-am'.
make[5]: Nothing to be done for 'install-data-am'.
make[5]: Leaving directory '/build/arkana/src/gmp-6.3.0/tune'
make[4]: Leaving directory '/build/arkana/src/gmp-6.3.0/tune'
Making install in doc
make[4]: Entering directory '/build/arkana/src/gmp-6.3.0/doc'
make[5]: Entering directory '/build/arkana/src/gmp-6.3.0/doc'
make[5]: Nothing to be done for 'install-exec-am'.
 /usr/bin/mkdir -p '/build/arkana/staging/usr/share/info'
 /usr/bin/install -c -m 644 ./gmp.info ./gmp.info-1 ./gmp.info-2 '/build/arkana/staging/usr/share/info'
 install-info --info-dir='/build/arkana/staging/usr/share/info' '/build/arkana/staging/usr/share/info/gmp.info'
make[5]: Leaving directory '/build/arkana/src/gmp-6.3.0/doc'
make[4]: Leaving directory '/build/arkana/src/gmp-6.3.0/doc'
make[4]: Entering directory '/build/arkana/src/gmp-6.3.0'
make[5]: Entering directory '/build/arkana/src/gmp-6.3.0'
 /usr/bin/mkdir -p '/build/arkana/staging/usr/lib'
 /bin/sh ./libtool   --mode=install /usr/bin/install -c   libgmp.la libgmpxx.la '/build/arkana/staging/usr/lib'
libtool: install: /usr/bin/install -c .libs/libgmp.so.10.5.0 /build/arkana/staging/usr/lib/libgmp.so.10.5.0
libtool: install: (cd /build/arkana/staging/usr/lib && { ln -s -f libgmp.so.10.5.0 libgmp.so.10 || { rm -f libgmp.so.10 && ln -s libgmp.so.10.5.0 libgmp.so.10; }; })
libtool: install: (cd /build/arkana/staging/usr/lib && { ln -s -f libgmp.so.10.5.0 libgmp.so || { rm -f libgmp.so && ln -s libgmp.so.10.5.0 libgmp.so; }; })
libtool: install: /usr/bin/install -c .libs/libgmp.lai /build/arkana/staging/usr/lib/libgmp.la
libtool: warning: relinking 'libgmpxx.la'
libtool: install: (cd /build/arkana/src/gmp-6.3.0; /bin/sh "/build/arkana/src/gmp-6.3.0/libtool"  --tag CXX --mode=relink ccache g++ -O2 -pedantic -fomit-frame-pointer -m64 -std=gnu17 -version-info 11:0:7 -o libgmpxx.la -rpath /usr/lib cxx/dummy.lo cxx/isfuns.lo cxx/ismpf.lo cxx/ismpq.lo cxx/ismpz.lo cxx/ismpznw.lo cxx/limits.lo cxx/osdoprnti.lo cxx/osfuns.lo cxx/osmpf.lo cxx/osmpq.lo cxx/osmpz.lo libgmp.la -inst-prefix-dir /build/arkana/staging)
libtool: relink: ccache g++  -fPIC -DPIC -shared -nostdlib /usr/lib/gcc/x86_64-pc-linux-gnu/16/../../../../lib/crti.o /usr/lib/gcc/x86_64-pc-linux-gnu/16/crtbeginS.o  cxx/.libs/dummy.o cxx/.libs/isfuns.o cxx/.libs/ismpf.o cxx/.libs/ismpq.o cxx/.libs/ismpz.o cxx/.libs/ismpznw.o cxx/.libs/limits.o cxx/.libs/osdoprnti.o cxx/.libs/osfuns.o cxx/.libs/osmpf.o cxx/.libs/osmpq.o cxx/.libs/osmpz.o   -L/build/arkana/staging/usr/lib -L/usr/lib -lgmp -L/usr/lib/gcc/x86_64-pc-linux-gnu/16 -L/usr/lib/gcc/x86_64-pc-linux-gnu/16/../../../../lib -L/lib/../lib -L/usr/lib/../lib -L/usr/lib/gcc/x86_64-pc-linux-gnu/16/../../.. -L/lib -lstdc++ -lm -latomic_asneeded -lc -lgcc_s /usr/lib/gcc/x86_64-pc-linux-gnu/16/crtendS.o /usr/lib/gcc/x86_64-pc-linux-gnu/16/../../../../lib/crtn.o  -O2 -m64   -Wl,-soname -Wl,libgmpxx.so.4 -o .libs/libgmpxx.so.4.7.0
libtool: install: /usr/bin/install -c .libs/libgmpxx.so.4.7.0T /build/arkana/staging/usr/lib/libgmpxx.so.4.7.0
libtool: install: (cd /build/arkana/staging/usr/lib && { ln -s -f libgmpxx.so.4.7.0 libgmpxx.so.4 || { rm -f libgmpxx.so.4 && ln -s libgmpxx.so.4.7.0 libgmpxx.so.4; }; })
libtool: install: (cd /build/arkana/staging/usr/lib && { ln -s -f libgmpxx.so.4.7.0 libgmpxx.so || { rm -f libgmpxx.so && ln -s libgmpxx.so.4.7.0 libgmpxx.so; }; })
libtool: install: /usr/bin/install -c .libs/libgmpxx.lai /build/arkana/staging/usr/lib/libgmpxx.la
libtool: install: /usr/bin/install -c .libs/libgmp.a /build/arkana/staging/usr/lib/libgmp.a
libtool: install: chmod 644 /build/arkana/staging/usr/lib/libgmp.a
libtool: install: ranlib /build/arkana/staging/usr/lib/libgmp.a
libtool: install: /usr/bin/install -c .libs/libgmpxx.a /build/arkana/staging/usr/lib/libgmpxx.a
libtool: install: chmod 644 /build/arkana/staging/usr/lib/libgmpxx.a
libtool: install: ranlib /build/arkana/staging/usr/lib/libgmpxx.a
libtool: warning: remember to run 'libtool --finish /usr/lib'
 /usr/bin/mkdir -p '/build/arkana/staging/usr/include'
 /usr/bin/install -c -m 644 gmp.h '/build/arkana/staging/usr/include'
 /usr/bin/mkdir -p '/build/arkana/staging/usr/include'
 /usr/bin/install -c -m 644 gmpxx.h '/build/arkana/staging/usr/include'
 /usr/bin/mkdir -p '/build/arkana/staging/usr/lib/pkgconfig'
 /usr/bin/install -c -m 644 gmp.pc gmpxx.pc '/build/arkana/staging/usr/lib/pkgconfig'
make  install-data-hook
make[6]: Entering directory '/build/arkana/src/gmp-6.3.0'

+-------------------------------------------------------------+
| CAUTION:                                                    |
|                                                             |
| If you have not already run "make check", then we strongly  |
| recommend you do so.                                        |
|                                                             |
| GMP has been carefully tested by its authors, but compilers |
| are all too often released with serious bugs.  GMP tends to |
| explore interesting corners in compilers and has hit bugs   |
| on quite a few occasions.                                   |
|                                                             |
+-------------------------------------------------------------+

make[6]: Leaving directory '/build/arkana/src/gmp-6.3.0'
make[5]: Leaving directory '/build/arkana/src/gmp-6.3.0'
make[4]: Leaving directory '/build/arkana/src/gmp-6.3.0'
make[3]: Leaving directory '/build/arkana/src/gmp-6.3.0'
make[2]: Leaving directory '/build/arkana/src/gmp-6.3.0'
touch .gmp-done
cd /build/arkana/src && curl -s -L -o zlib-1.3.1.tar.gz https://github.com/madler/zlib/releases/download/v1.3.1/zlib-1.3.1.tar.gz && tar xf zlib-1.3.1.tar.gz
touch .zlib-obtained
cd /build/arkana/src/zlib-1.3.1 && ./configure --prefix=/usr && make -j8 && make DESTDIR=/build/arkana/staging install
Checking for shared library support...
Building shared library libz.so.1.3.1 with ccache gcc.
Checking for size_t... Yes.
Checking for off64_t... Yes.
Checking for fseeko... Yes.
Checking for strerror... Yes.
Checking for unistd.h... Yes.
Checking for stdarg.h... Yes.
Checking whether to use vs[n]printf() or s[n]printf()... using vs[n]printf().
Checking for vsnprintf() in stdio.h... Yes.
Checking for return value of vsnprintf()... Yes.
Checking for attribute(visibility) support... Yes.
make[2]: Entering directory '/build/arkana/src/zlib-1.3.1'
ccache gcc -std=gnu17   -mtls-dialect=gnu   -D_LARGEFILE64_SOURCE=1 -DHAVE_HIDDEN -I. -c -o example.o test/example.c
ccache gcc -std=gnu17   -mtls-dialect=gnu   -D_LARGEFILE64_SOURCE=1 -DHAVE_HIDDEN  -c -o adler32.o adler32.c
ccache gcc -std=gnu17   -mtls-dialect=gnu   -D_LARGEFILE64_SOURCE=1 -DHAVE_HIDDEN  -c -o crc32.o crc32.c
ccache gcc -std=gnu17   -mtls-dialect=gnu   -D_LARGEFILE64_SOURCE=1 -DHAVE_HIDDEN  -c -o deflate.o deflate.c
ccache gcc -std=gnu17   -mtls-dialect=gnu   -D_LARGEFILE64_SOURCE=1 -DHAVE_HIDDEN  -c -o infback.o infback.c
ccache gcc -std=gnu17   -mtls-dialect=gnu   -D_LARGEFILE64_SOURCE=1 -DHAVE_HIDDEN  -c -o inffast.o inffast.c
ccache gcc -std=gnu17   -mtls-dialect=gnu   -D_LARGEFILE64_SOURCE=1 -DHAVE_HIDDEN  -c -o inflate.o inflate.c
ccache gcc -std=gnu17   -mtls-dialect=gnu   -D_LARGEFILE64_SOURCE=1 -DHAVE_HIDDEN  -c -o inftrees.o inftrees.c
ccache gcc -std=gnu17   -mtls-dialect=gnu   -D_LARGEFILE64_SOURCE=1 -DHAVE_HIDDEN  -c -o trees.o trees.c
ccache gcc -std=gnu17   -mtls-dialect=gnu   -D_LARGEFILE64_SOURCE=1 -DHAVE_HIDDEN  -c -o zutil.o zutil.c
ccache gcc -std=gnu17   -mtls-dialect=gnu   -D_LARGEFILE64_SOURCE=1 -DHAVE_HIDDEN  -c -o compress.o compress.c
ccache gcc -std=gnu17   -mtls-dialect=gnu   -D_LARGEFILE64_SOURCE=1 -DHAVE_HIDDEN  -c -o uncompr.o uncompr.c
ccache gcc -std=gnu17   -mtls-dialect=gnu   -D_LARGEFILE64_SOURCE=1 -DHAVE_HIDDEN  -c -o gzclose.o gzclose.c
ccache gcc -std=gnu17   -mtls-dialect=gnu   -D_LARGEFILE64_SOURCE=1 -DHAVE_HIDDEN  -c -o gzlib.o gzlib.c
ccache gcc -std=gnu17   -mtls-dialect=gnu   -D_LARGEFILE64_SOURCE=1 -DHAVE_HIDDEN  -c -o gzread.o gzread.c
ccache gcc -std=gnu17   -mtls-dialect=gnu   -D_LARGEFILE64_SOURCE=1 -DHAVE_HIDDEN  -c -o gzwrite.o gzwrite.c
ccache gcc -std=gnu17   -mtls-dialect=gnu   -D_LARGEFILE64_SOURCE=1 -DHAVE_HIDDEN -I. -c -o minigzip.o test/minigzip.c
ccache gcc -std=gnu17   -mtls-dialect=gnu   -fPIC -D_LARGEFILE64_SOURCE=1 -DHAVE_HIDDEN  -DPIC -c -o objs/adler32.o adler32.c
ccache gcc -std=gnu17   -mtls-dialect=gnu   -fPIC -D_LARGEFILE64_SOURCE=1 -DHAVE_HIDDEN  -DPIC -c -o objs/deflate.o deflate.c
ccache gcc -std=gnu17   -mtls-dialect=gnu   -fPIC -D_LARGEFILE64_SOURCE=1 -DHAVE_HIDDEN  -DPIC -c -o objs/crc32.o crc32.c
ccache gcc -std=gnu17   -mtls-dialect=gnu   -fPIC -D_LARGEFILE64_SOURCE=1 -DHAVE_HIDDEN  -DPIC -c -o objs/infback.o infback.c
ccache gcc -std=gnu17   -mtls-dialect=gnu   -fPIC -D_LARGEFILE64_SOURCE=1 -DHAVE_HIDDEN  -DPIC -c -o objs/inftrees.o inftrees.c
ccache gcc -std=gnu17   -mtls-dialect=gnu   -fPIC -D_LARGEFILE64_SOURCE=1 -DHAVE_HIDDEN  -DPIC -c -o objs/inflate.o inflate.c
ccache gcc -std=gnu17   -mtls-dialect=gnu   -fPIC -D_LARGEFILE64_SOURCE=1 -DHAVE_HIDDEN  -DPIC -c -o objs/inffast.o inffast.c
ccache gcc -std=gnu17   -mtls-dialect=gnu   -fPIC -D_LARGEFILE64_SOURCE=1 -DHAVE_HIDDEN  -DPIC -c -o objs/trees.o trees.c
ccache gcc -std=gnu17   -mtls-dialect=gnu   -fPIC -D_LARGEFILE64_SOURCE=1 -DHAVE_HIDDEN  -DPIC -c -o objs/zutil.o zutil.c
ccache gcc -std=gnu17   -mtls-dialect=gnu   -fPIC -D_LARGEFILE64_SOURCE=1 -DHAVE_HIDDEN  -DPIC -c -o objs/compress.o compress.c
ccache gcc -std=gnu17   -mtls-dialect=gnu   -fPIC -D_LARGEFILE64_SOURCE=1 -DHAVE_HIDDEN  -DPIC -c -o objs/uncompr.o uncompr.c
ccache gcc -std=gnu17   -mtls-dialect=gnu   -fPIC -D_LARGEFILE64_SOURCE=1 -DHAVE_HIDDEN  -DPIC -c -o objs/gzclose.o gzclose.c
ccache gcc -std=gnu17   -mtls-dialect=gnu   -fPIC -D_LARGEFILE64_SOURCE=1 -DHAVE_HIDDEN  -DPIC -c -o objs/gzlib.o gzlib.c
ccache gcc -std=gnu17   -mtls-dialect=gnu   -fPIC -D_LARGEFILE64_SOURCE=1 -DHAVE_HIDDEN  -DPIC -c -o objs/gzread.o gzread.c
ccache gcc -std=gnu17   -mtls-dialect=gnu   -fPIC -D_LARGEFILE64_SOURCE=1 -DHAVE_HIDDEN  -DPIC -c -o objs/gzwrite.o gzwrite.c
ccache gcc -std=gnu17   -mtls-dialect=gnu   -D_LARGEFILE64_SOURCE=1 -DHAVE_HIDDEN -I. -D_FILE_OFFSET_BITS=64 -c -o example64.o test/example.c
ccache gcc -std=gnu17   -mtls-dialect=gnu   -D_LARGEFILE64_SOURCE=1 -DHAVE_HIDDEN -I. -D_FILE_OFFSET_BITS=64 -c -o minigzip64.o test/minigzip.c
ar rc libz.a adler32.o crc32.o deflate.o infback.o inffast.o inflate.o inftrees.o trees.o zutil.o compress.o uncompr.o gzclose.o gzlib.o gzread.o gzwrite.o 
ccache gcc -std=gnu17   -mtls-dialect=gnu   -D_LARGEFILE64_SOURCE=1 -DHAVE_HIDDEN  -o example example.o -L. libz.a
ccache gcc -std=gnu17   -mtls-dialect=gnu   -D_LARGEFILE64_SOURCE=1 -DHAVE_HIDDEN  -o minigzip minigzip.o -L. libz.a
ccache gcc -shared -Wl,-soname,libz.so.1,--version-script,zlib.map -std=gnu17   -mtls-dialect=gnu   -fPIC -D_LARGEFILE64_SOURCE=1 -DHAVE_HIDDEN -o libz.so.1.3.1 adler32.lo crc32.lo deflate.lo infback.lo inffast.lo inflate.lo inftrees.lo trees.lo zutil.lo compress.lo uncompr.lo gzclose.lo gzlib.lo gzread.lo gzwrite.lo  -lc 
ccache gcc -std=gnu17   -mtls-dialect=gnu   -D_LARGEFILE64_SOURCE=1 -DHAVE_HIDDEN  -o example64 example64.o -L. libz.a
ccache gcc -std=gnu17   -mtls-dialect=gnu   -D_LARGEFILE64_SOURCE=1 -DHAVE_HIDDEN  -o minigzip64 minigzip64.o -L. libz.a
rm -f libz.so libz.so.1
ln -s libz.so.1.3.1 libz.so
ln -s libz.so.1.3.1 libz.so.1
ccache gcc -std=gnu17   -mtls-dialect=gnu   -D_LARGEFILE64_SOURCE=1 -DHAVE_HIDDEN -o examplesh example.o  -L. libz.so.1.3.1
ccache gcc -std=gnu17   -mtls-dialect=gnu   -D_LARGEFILE64_SOURCE=1 -DHAVE_HIDDEN -o minigzipsh minigzip.o  -L. libz.so.1.3.1
make[2]: Leaving directory '/build/arkana/src/zlib-1.3.1'
make[2]: Entering directory '/build/arkana/src/zlib-1.3.1'
rm -f /build/arkana/staging/usr/lib/libz.a
cp libz.a /build/arkana/staging/usr/lib
chmod 644 /build/arkana/staging/usr/lib/libz.a
cp libz.so.1.3.1 /build/arkana/staging/usr/lib
chmod 755 /build/arkana/staging/usr/lib/libz.so.1.3.1
rm -f /build/arkana/staging/usr/share/man/man3/zlib.3
cp zlib.3 /build/arkana/staging/usr/share/man/man3
chmod 644 /build/arkana/staging/usr/share/man/man3/zlib.3
rm -f /build/arkana/staging/usr/lib/pkgconfig/zlib.pc
cp zlib.pc /build/arkana/staging/usr/lib/pkgconfig
chmod 644 /build/arkana/staging/usr/lib/pkgconfig/zlib.pc
rm -f /build/arkana/staging/usr/include/zlib.h /build/arkana/staging/usr/include/zconf.h
cp zlib.h zconf.h /build/arkana/staging/usr/include
chmod 644 /build/arkana/staging/usr/include/zlib.h /build/arkana/staging/usr/include/zconf.h
make[2]: Leaving directory '/build/arkana/src/zlib-1.3.1'
touch .zlib-done
cd /build/arkana/src && wget -O libgpg-error-1.55.tar.gz https://www.gnupg.org/ftp/gcrypt/libgpg-error/libgpg-error-1.55.tar.gz && tar xf libgpg-error-1.55.tar.gz
--2026-08-05 12:21:47--  https://www.gnupg.org/ftp/gcrypt/libgpg-error/libgpg-error-1.55.tar.gz
Loaded CA certificate '/etc/ssl/certs/ca-certificates.crt'
Resolving www.gnupg.org (www.gnupg.org)... 217.69.76.60, 2001:aa8:fff1:2100::60
Connecting to www.gnupg.org (www.gnupg.org)|217.69.76.60|:443... connected.
HTTP request sent, awaiting response... 200 OK
Length: 1466268 (1.4M) [application/gzip]
Saving to: ‘libgpg-error-1.55.tar.gz’

     0K .......... .......... .......... .......... ..........  3% 97.7K 14s
    50K .......... .......... .......... .......... ..........  6%  243K 10s
   100K .......... .......... .......... .......... .......... 10%  370M 6s
   150K .......... .......... .......... .......... .......... 13%  244K 6s
   200K .......... .......... .......... .......... .......... 17%  262M 4s
   250K .......... .......... .......... .......... .......... 20%  245K 4s
   300K .......... .......... .......... .......... .......... 24% 20.3M 3s
   350K .......... .......... .......... .......... .......... 27%  247K 3s
   400K .......... .......... .......... .......... .......... 31% 25.6M 3s
   450K .......... .......... .......... .......... .......... 34% 25.0M 2s
   500K .......... .......... .......... .......... .......... 38%  328M 2s
   550K .......... .......... .......... .......... .......... 41%  325M 2s
   600K .......... .......... .......... .......... .......... 45% 42.5M 2s
   650K .......... .......... .......... .......... .......... 48%  250K 2s
   700K .......... .......... .......... .......... .......... 52%  453M 1s
   750K .......... .......... .......... .......... .......... 55% 27.5M 1s
   800K .......... .......... .......... .......... .......... 59%  526M 1s
   850K .......... .......... .......... .......... .......... 62%  493M 1s
   900K .......... .......... .......... .......... .......... 66% 29.2M 1s
   950K .......... .......... .......... .......... .......... 69% 4.00M 1s
  1000K .......... .......... .......... .......... .......... 73%  239M 1s
  1050K .......... .......... .......... .......... .......... 76%  322M 0s
  1100K .......... .......... .......... .......... .......... 80%  265K 0s
  1150K .......... .......... .......... .......... .......... 83% 6.48M 0s
  1200K .......... .......... .......... .......... .......... 87%  270M 0s
  1250K .......... .......... .......... .......... .......... 90%  342M 0s
  1300K .......... .......... .......... .......... .......... 94%  466M 0s
  1350K .......... .......... .......... .......... .......... 97% 73.1M 0s
  1400K .......... .......... .......... .                    100%  424M=1.8s

2026-08-05 12:21:50 (818 KB/s) - ‘libgpg-error-1.55.tar.gz’ saved [1466268/1466268]

touch .libgpg-error-obtained
cd /build/arkana/src/libgpg-error-1.55 && ./configure --prefix=/usr && make -j8 && make DESTDIR=/build/arkana/staging install && \
install -m644 -D README /build/arkana/staging/usr/share/doc/libgpg-error-1.55/README
checking for a BSD-compatible install... /usr/bin/install -c
checking whether build environment is sane... yes
checking for a race-free mkdir -p... /usr/bin/mkdir -p
checking for gawk... gawk
checking whether make sets $(MAKE)... yes
checking whether make supports nested variables... yes
checking whether to enable maintainer-specific portions of Makefiles... no
checking whether make supports nested variables... (cached) yes
checking build system type... x86_64-pc-linux-gnu
checking host system type... x86_64-pc-linux-gnu
configure: autobuild project... libgpg-error
configure: autobuild revision... 1.55
./configure: line 3817: hostname: command not found
configure: autobuild timestamp... 20260805T122150Z
checking for gcc... ccache gcc
checking whether the C compiler works... yes
checking for C compiler default output file name... a.out
checking for suffix of executables... 
checking whether we are cross compiling... no
checking for suffix of object files... o
checking whether the compiler supports GNU C... yes
checking whether ccache gcc accepts -g... yes
checking for ccache gcc option to enable C11 features... none needed
checking whether ccache gcc understands -c and -o together... yes
checking whether make supports the include directive... yes (GNU style)
checking dependency style of ccache gcc... gcc3
checking how to run the C preprocessor... ccache gcc -E
checking for gawk... (cached) gawk
checking for ar... ar
checking for stdio.h... yes
checking for stdlib.h... yes
checking for string.h... yes
checking for inttypes.h... yes
checking for stdint.h... yes
checking for strings.h... yes
checking for sys/stat.h... yes
checking for sys/types.h... yes
checking for unistd.h... yes
checking for wchar.h... yes
checking for minix/config.h... no
checking for threads.h... yes
checking whether it is safe to define __EXTENSIONS__... yes
checking whether _XOPEN_SOURCE should be defined... no
checking for nl_langinfo and CODESET... yes
checking for special C compiler options needed for large files... no
checking for _FILE_OFFSET_BITS value needed for large files... no
checking how to print strings... printf
checking for a sed that does not truncate output... /usr/bin/sed
checking for grep that handles long lines and -e... /usr/bin/grep
checking for egrep... /usr/bin/grep -E
checking for fgrep... /usr/bin/grep -F
checking for ld used by ccache gcc... /usr/bin/ld
checking if the linker (/usr/bin/ld) is GNU ld... yes
checking for BSD- or MS-compatible name lister (nm)... /usr/bin/nm -B
checking the name lister (/usr/bin/nm -B) interface... BSD nm
checking whether ln -s works... yes
checking the maximum length of command line arguments... 1572864
checking how to convert x86_64-pc-linux-gnu file names to x86_64-pc-linux-gnu format... func_convert_file_noop
checking how to convert x86_64-pc-linux-gnu file names to toolchain format... func_convert_file_noop
checking for /usr/bin/ld option to reload object files... -r
checking for file... file
checking for objdump... objdump
checking how to recognize dependent libraries... pass_all
checking for dlltool... no
checking how to associate runtime and link libraries... printf %s\n
checking for archiver @FILE support... @
checking for strip... strip
checking for ranlib... ranlib
checking command to parse /usr/bin/nm -B output from ccache gcc object... ok
checking for sysroot... no
checking for a working dd... /usr/bin/dd
checking how to truncate binary pipes... /usr/bin/dd bs=4096 count=1
checking for mt... no
checking if : is a manifest tool... no
checking for dlfcn.h... yes
checking for objdir... .libs
checking if ccache gcc supports -fno-rtti -fno-exceptions... no
checking for ccache gcc option to produce PIC... -fPIC -DPIC
checking if ccache gcc PIC flag -fPIC -DPIC works... yes
checking if ccache gcc static flag -static works... yes
checking if ccache gcc supports -c -o file.o... yes
checking if ccache gcc supports -c -o file.o... (cached) yes
checking whether the ccache gcc linker (/usr/bin/ld -m elf_x86_64) supports shared libraries... yes
checking whether -lc should be explicitly linked in... no
checking dynamic linker characteristics... GNU/Linux ld.so
checking how to hardcode library paths into programs... immediate
checking whether stripping libraries is possible... yes
checking if libtool supports shared libraries... yes
checking whether to build shared libraries... yes
checking whether to build static libraries... no
checking for windres... no
checking whether NLS is requested... yes
checking for msgfmt... /usr/bin/msgfmt
checking for gmsgfmt... /usr/bin/msgfmt
checking for xgettext... /usr/bin/xgettext
checking for msgmerge... /usr/bin/msgmerge
checking for ld... /usr/bin/ld -m elf_x86_64
checking if the linker (/usr/bin/ld -m elf_x86_64) is GNU ld... yes
checking for shared library run path origin... done
checking 32-bit host C ABI... no
checking for ELF binary format... yes
checking for the common suffixes of directories in the library search path... lib,lib,lib64
checking for CFPreferencesCopyAppValue... no
checking for CFLocaleCopyPreferredLanguages... no
checking for GNU gettext in libc... yes
checking whether to use NLS... yes
checking where the gettext function comes from... libc
checking for locale.h... yes
checking for stdint.h... (cached) yes
checking for sys/select.h... yes
checking for sys/time.h... yes
checking for signal.h... yes
checking for poll.h... yes
checking for pwd.h... yes
checking for ccache gcc options needed to detect all undeclared functions... none needed
checking whether strerror_r is declared... yes
checking whether strerror_r returns char *... yes
checking for strerror_r... yes
checking for flockfile... yes
checking for vasprintf... yes
checking for mmap... yes
checking for rand... yes
checking for strlwr... no
checking for stpcpy... yes
checking for setenv... yes
checking for stat... yes
checking for getrlimit... yes
checking for getpwnam... yes
checking for getpwuid... yes
checking for getpwnam_r... yes
checking for getpwuid_r... yes
checking for inet_pton... yes
checking for closefrom... yes
checking for an ANSI C-conforming const... yes
checking size of int... 4
checking size of long... 8
checking size of long long... 8
checking for sys/stat.h... (cached) yes
checking for unistd.h... (cached) yes
checking for direct.h... no
checking if mkdir takes one argument... no
configure: checking for cc features
checking if gcc ignores unknown -Wno-* options... yes
checking if gcc supports -Wpointer-arith... yes
checking whether the GCC style aligned attribute is supported... yes
checking whether the visibility attribute is supported... yes
checking for broken visibility attribute... no
checking for broken alias attribute... no
checking if gcc supports -fvisibility=hidden... yes
checking whether imported symbols can be declared weak... yes
checking for pthread.h... yes
checking for pthread_kill in -lpthread... yes
checking whether POSIX threads API is available... yes
checking for multithread API to use... posix
checking for pthread_rwlock_t... yes
checking size of pthread_mutex_t... 40
checking for sys/single_threaded.h... yes
checking for library containing sched_yield... none required
checking for library containing inet_addr... none required
checking for library containing socket... none required
checking whether readline via "-lreadline" is present and sane... yes
checking for unsigned long long int... yes
configure: checking system features for estream-printf
checking for stdint.h... (cached) yes
checking for long long int... yes
checking for long double... yes
checking for intmax_t... yes
checking for uintmax_t... yes
checking for ptrdiff_t... yes
checking size of unsigned long... 8
checking size of void *... 8
checking for nl_langinfo and THOUSEP... yes
configure: checking system features for estream
checking for memrchr... yes
checking whether to enable log_clock... no
checking that generated files are newer than configure... done
configure: creating ./config.status
config.status: creating Makefile
config.status: creating doc/Makefile
config.status: creating po/Makefile.in
config.status: creating m4/Makefile
config.status: creating src/Makefile
config.status: creating tests/Makefile
config.status: creating lang/Makefile
config.status: creating lang/cl/Makefile
config.status: creating lang/cl/gpg-error.asd
config.status: creating src/versioninfo.rc
config.status: creating src/gpg-error.w32-manifest
config.status: creating src/gpg-error.pc
config.status: creating src/gpg-error-config-old
config.status: creating src/gpgrt-config
config.status: creating src/gpg-error-config-test.sh
config.status: creating config.h
config.status: executing depfiles commands
config.status: executing libtool commands
config.status: executing po-directories commands
config.status: creating po/POTFILES
config.status: creating po/Makefile

        libgpg-error v1.55 has been configured as follows:

        Revision: 9938139  (39224)
        Platform: x86_64-pc-linux-gnu

make[2]: Entering directory '/build/arkana/src/libgpg-error-1.55'
make  all-recursive
make[3]: Entering directory '/build/arkana/src/libgpg-error-1.55'
Making all in m4
make[4]: Entering directory '/build/arkana/src/libgpg-error-1.55/m4'
make[4]: Nothing to be done for 'all'.
make[4]: Leaving directory '/build/arkana/src/libgpg-error-1.55/m4'
Making all in src
make[4]: Entering directory '/build/arkana/src/libgpg-error-1.55/src'
gawk -f ./mkerrnos.awk ./errnos.in >code-to-errno.h
gawk -f ./mkerrcodes1.awk ./errnos.in >_mkerrcodes.h
gawk -f ./mkstrtable.awk -v textidx=2 -v nogettext=1 \
	./err-sources.h.in >err-sources-sym.h
gawk -f ./mkstrtable.awk -v textidx=2 -v nogettext=1 \
	./err-codes.h.in >err-codes-sym.h
gawk -f ./mkstrtable.awk -v textidx=2 -v nogettext=1 \
	-v prefix=GPG_ERR_ -v pkg_namespace=errnos_ \
	./errnos.in >errnos-sym.h
ccache gcc   \
 -g -I. -I. -o mkheader ./mkheader.c
ccache gcc -DHAVE_CONFIG_H -I. -I..     -std=gnu17   -mtls-dialect=gnu   -Wall -Wpointer-arith -Wno-psabi -fvisibility=hidden -MT gen-posix-lock-obj.o -MD -MP -MF .deps/gen-posix-lock-obj.Tpo -c -o gen-posix-lock-obj.o gen-posix-lock-obj.c
cat ./gpg-error.def.in >_gpg-error.def.h
ccache gcc -E  -P _mkerrcodes.h | grep GPG_ERR_ | \
               gawk -f ./mkerrcodes.awk >mkerrcodes.h
ccache gcc -E -I. -I..  _gpg-error.def.h | \
  grep -v '^#' >gpg-error.def
rm _mkerrcodes.h
ccache gcc   \
 -I. -I. -o mkerrcodes ./mkerrcodes.c
rm _gpg-error.def.h
mv -f .deps/gen-posix-lock-obj.Tpo .deps/gen-posix-lock-obj.Po
./mkerrcodes | gawk -f ./mkerrcodes2.awk >code-from-errno.h
/bin/sh ../libtool  --tag=CC   --mode=link ccache gcc  -std=gnu17   -mtls-dialect=gnu   -Wall -Wpointer-arith -Wno-psabi -fvisibility=hidden   -o gen-posix-lock-obj gen-posix-lock-obj.o  
libtool: link: ccache gcc -std=gnu17 -mtls-dialect=gnu -Wall -Wpointer-arith -Wno-psabi -fvisibility=hidden -o gen-posix-lock-obj gen-posix-lock-obj.o 
./gen-posix-lock-obj >lock-obj-pub.native.h
:
./mkheader        \
                   x86_64-pc-linux-gnu  ./gpg-error.h.in \
                   ../config.h 1.55 0x013700 >gpg-error.h
cp gpg-error.h gpgrt.h
make  all-am
make[5]: Entering directory '/build/arkana/src/libgpg-error-1.55/src'
ccache gcc -DHAVE_CONFIG_H -I. -I..  -DPKGDATADIR=\"/usr/share/libgpg-error\" -DLOCALEDIR=\"/usr/share/locale\"   -std=gnu17   -mtls-dialect=gnu   -Wall -Wpointer-arith -Wno-psabi -fvisibility=hidden -MT gpg_error-strsource-sym.o -MD -MP -MF .deps/gpg_error-strsource-sym.Tpo -c -o gpg_error-strsource-sym.o `test -f 'strsource-sym.c' || echo './'`strsource-sym.c
ccache gcc -DHAVE_CONFIG_H -I. -I..  -DPKGDATADIR=\"/usr/share/libgpg-error\" -DLOCALEDIR=\"/usr/share/locale\"   -std=gnu17   -mtls-dialect=gnu   -Wall -Wpointer-arith -Wno-psabi -fvisibility=hidden -MT gpg_error-strerror-sym.o -MD -MP -MF .deps/gpg_error-strerror-sym.Tpo -c -o gpg_error-strerror-sym.o `test -f 'strerror-sym.c' || echo './'`strerror-sym.c
ccache gcc -DHAVE_CONFIG_H -I. -I..  -DPKGDATADIR=\"/usr/share/libgpg-error\" -DLOCALEDIR=\"/usr/share/locale\"   -std=gnu17   -mtls-dialect=gnu   -Wall -Wpointer-arith -Wno-psabi -fvisibility=hidden -MT gpg_error-gpg-error.o -MD -MP -MF .deps/gpg_error-gpg-error.Tpo -c -o gpg_error-gpg-error.o `test -f 'gpg-error.c' || echo './'`gpg-error.c
/bin/sh ../libtool  --tag=CC   --mode=compile ccache gcc -DHAVE_CONFIG_H -I. -I..  -DLOCALEDIR=\"/usr/share/locale\"   -std=gnu17   -mtls-dialect=gnu   -Wall -Wpointer-arith -Wno-psabi -fvisibility=hidden -MT libgpg_error_la-posix-lock.lo -MD -MP -MF .deps/libgpg_error_la-posix-lock.Tpo -c -o libgpg_error_la-posix-lock.lo `test -f 'posix-lock.c' || echo './'`posix-lock.c
/bin/sh ../libtool  --tag=CC   --mode=compile ccache gcc -DHAVE_CONFIG_H -I. -I..  -DLOCALEDIR=\"/usr/share/locale\"   -std=gnu17   -mtls-dialect=gnu   -Wall -Wpointer-arith -Wno-psabi -fvisibility=hidden -MT libgpg_error_la-posix-thread.lo -MD -MP -MF .deps/libgpg_error_la-posix-thread.Tpo -c -o libgpg_error_la-posix-thread.lo `test -f 'posix-thread.c' || echo './'`posix-thread.c
/bin/sh ../libtool  --tag=CC   --mode=compile ccache gcc -DHAVE_CONFIG_H -I. -I..  -DLOCALEDIR=\"/usr/share/locale\"   -std=gnu17   -mtls-dialect=gnu   -Wall -Wpointer-arith -Wno-psabi -fvisibility=hidden -MT libgpg_error_la-spawn-posix.lo -MD -MP -MF .deps/libgpg_error_la-spawn-posix.Tpo -c -o libgpg_error_la-spawn-posix.lo `test -f 'spawn-posix.c' || echo './'`spawn-posix.c
/bin/sh ../libtool  --tag=CC   --mode=compile ccache gcc -DHAVE_CONFIG_H -I. -I..  -DLOCALEDIR=\"/usr/share/locale\"   -std=gnu17   -mtls-dialect=gnu   -Wall -Wpointer-arith -Wno-psabi -fvisibility=hidden -MT libgpg_error_la-init.lo -MD -MP -MF .deps/libgpg_error_la-init.Tpo -c -o libgpg_error_la-init.lo `test -f 'init.c' || echo './'`init.c
/bin/sh ../libtool  --tag=CC   --mode=compile ccache gcc -DHAVE_CONFIG_H -I. -I..  -DLOCALEDIR=\"/usr/share/locale\"   -std=gnu17   -mtls-dialect=gnu   -Wall -Wpointer-arith -Wno-psabi -fvisibility=hidden -MT libgpg_error_la-version.lo -MD -MP -MF .deps/libgpg_error_la-version.Tpo -c -o libgpg_error_la-version.lo `test -f 'version.c' || echo './'`version.c
libtool: compile:  ccache gcc -DHAVE_CONFIG_H -I. -I.. -DLOCALEDIR=\"/usr/share/locale\" -std=gnu17 -mtls-dialect=gnu -Wall -Wpointer-arith -Wno-psabi -fvisibility=hidden -MT libgpg_error_la-posix-lock.lo -MD -MP -MF .deps/libgpg_error_la-posix-lock.Tpo -c posix-lock.c  -fPIC -DPIC -o .libs/libgpg_error_la-posix-lock.o
libtool: compile:  ccache gcc -DHAVE_CONFIG_H -I. -I.. -DLOCALEDIR=\"/usr/share/locale\" -std=gnu17 -mtls-dialect=gnu -Wall -Wpointer-arith -Wno-psabi -fvisibility=hidden -MT libgpg_error_la-version.lo -MD -MP -MF .deps/libgpg_error_la-version.Tpo -c version.c  -fPIC -DPIC -o .libs/libgpg_error_la-version.o
libtool: compile:  ccache gcc -DHAVE_CONFIG_H -I. -I.. -DLOCALEDIR=\"/usr/share/locale\" -std=gnu17 -mtls-dialect=gnu -Wall -Wpointer-arith -Wno-psabi -fvisibility=hidden -MT libgpg_error_la-spawn-posix.lo -MD -MP -MF .deps/libgpg_error_la-spawn-posix.Tpo -c spawn-posix.c  -fPIC -DPIC -o .libs/libgpg_error_la-spawn-posix.o
libtool: compile:  ccache gcc -DHAVE_CONFIG_H -I. -I.. -DLOCALEDIR=\"/usr/share/locale\" -std=gnu17 -mtls-dialect=gnu -Wall -Wpointer-arith -Wno-psabi -fvisibility=hidden -MT libgpg_error_la-posix-thread.lo -MD -MP -MF .deps/libgpg_error_la-posix-thread.Tpo -c posix-thread.c  -fPIC -DPIC -o .libs/libgpg_error_la-posix-thread.o
libtool: compile:  ccache gcc -DHAVE_CONFIG_H -I. -I.. -DLOCALEDIR=\"/usr/share/locale\" -std=gnu17 -mtls-dialect=gnu -Wall -Wpointer-arith -Wno-psabi -fvisibility=hidden -MT libgpg_error_la-init.lo -MD -MP -MF .deps/libgpg_error_la-init.Tpo -c init.c  -fPIC -DPIC -o .libs/libgpg_error_la-init.o
mv -f .deps/gpg_error-strsource-sym.Tpo .deps/gpg_error-strsource-sym.Po
/bin/sh ../libtool  --tag=CC   --mode=compile ccache gcc -DHAVE_CONFIG_H -I. -I..  -DLOCALEDIR=\"/usr/share/locale\"   -std=gnu17   -mtls-dialect=gnu   -Wall -Wpointer-arith -Wno-psabi -fvisibility=hidden -MT libgpg_error_la-estream.lo -MD -MP -MF .deps/libgpg_error_la-estream.Tpo -c -o libgpg_error_la-estream.lo `test -f 'estream.c' || echo './'`estream.c
mv -f .deps/gpg_error-strerror-sym.Tpo .deps/gpg_error-strerror-sym.Po
/bin/sh ../libtool  --tag=CC   --mode=compile ccache gcc -DHAVE_CONFIG_H -I. -I..  -DLOCALEDIR=\"/usr/share/locale\"   -std=gnu17   -mtls-dialect=gnu   -Wall -Wpointer-arith -Wno-psabi -fvisibility=hidden -MT libgpg_error_la-estream-printf.lo -MD -MP -MF .deps/libgpg_error_la-estream-printf.Tpo -c -o libgpg_error_la-estream-printf.lo `test -f 'estream-printf.c' || echo './'`estream-printf.c
mv -f .deps/gpg_error-gpg-error.Tpo .deps/gpg_error-gpg-error.Po
/bin/sh ../libtool  --tag=CC   --mode=compile ccache gcc -DHAVE_CONFIG_H -I. -I..  -DLOCALEDIR=\"/usr/share/locale\"   -std=gnu17   -mtls-dialect=gnu   -Wall -Wpointer-arith -Wno-psabi -fvisibility=hidden -MT libgpg_error_la-strsource.lo -MD -MP -MF .deps/libgpg_error_la-strsource.Tpo -c -o libgpg_error_la-strsource.lo `test -f 'strsource.c' || echo './'`strsource.c
mv -f .deps/libgpg_error_la-version.Tpo .deps/libgpg_error_la-version.Plo
libtool: compile:  ccache gcc -DHAVE_CONFIG_H -I. -I.. -DLOCALEDIR=\"/usr/share/locale\" -std=gnu17 -mtls-dialect=gnu -Wall -Wpointer-arith -Wno-psabi -fvisibility=hidden -MT libgpg_error_la-estream.lo -MD -MP -MF .deps/libgpg_error_la-estream.Tpo -c estream.c  -fPIC -DPIC -o .libs/libgpg_error_la-estream.o
/bin/sh ../libtool  --tag=CC   --mode=compile ccache gcc -DHAVE_CONFIG_H -I. -I..  -DLOCALEDIR=\"/usr/share/locale\"   -std=gnu17   -mtls-dialect=gnu   -Wall -Wpointer-arith -Wno-psabi -fvisibility=hidden -MT libgpg_error_la-strerror.lo -MD -MP -MF .deps/libgpg_error_la-strerror.Tpo -c -o libgpg_error_la-strerror.lo `test -f 'strerror.c' || echo './'`strerror.c
mv -f .deps/libgpg_error_la-posix-lock.Tpo .deps/libgpg_error_la-posix-lock.Plo
/bin/sh ../libtool  --tag=CC   --mode=compile ccache gcc -DHAVE_CONFIG_H -I. -I..  -DLOCALEDIR=\"/usr/share/locale\"   -std=gnu17   -mtls-dialect=gnu   -Wall -Wpointer-arith -Wno-psabi -fvisibility=hidden -MT libgpg_error_la-code-to-errno.lo -MD -MP -MF .deps/libgpg_error_la-code-to-errno.Tpo -c -o libgpg_error_la-code-to-errno.lo `test -f 'code-to-errno.c' || echo './'`code-to-errno.c
libtool: compile:  ccache gcc -DHAVE_CONFIG_H -I. -I.. -DLOCALEDIR=\"/usr/share/locale\" -std=gnu17 -mtls-dialect=gnu -Wall -Wpointer-arith -Wno-psabi -fvisibility=hidden -MT libgpg_error_la-estream-printf.lo -MD -MP -MF .deps/libgpg_error_la-estream-printf.Tpo -c estream-printf.c  -fPIC -DPIC -o .libs/libgpg_error_la-estream-printf.o
mv -f .deps/libgpg_error_la-posix-thread.Tpo .deps/libgpg_error_la-posix-thread.Plo
libtool: compile:  ccache gcc -DHAVE_CONFIG_H -I. -I.. -DLOCALEDIR=\"/usr/share/locale\" -std=gnu17 -mtls-dialect=gnu -Wall -Wpointer-arith -Wno-psabi -fvisibility=hidden -MT libgpg_error_la-strsource.lo -MD -MP -MF .deps/libgpg_error_la-strsource.Tpo -c strsource.c  -fPIC -DPIC -o .libs/libgpg_error_la-strsource.o
/bin/sh ../libtool  --tag=CC   --mode=compile ccache gcc -DHAVE_CONFIG_H -I. -I..  -DLOCALEDIR=\"/usr/share/locale\"   -std=gnu17   -mtls-dialect=gnu   -Wall -Wpointer-arith -Wno-psabi -fvisibility=hidden -MT libgpg_error_la-code-from-errno.lo -MD -MP -MF .deps/libgpg_error_la-code-from-errno.Tpo -c -o libgpg_error_la-code-from-errno.lo `test -f 'code-from-errno.c' || echo './'`code-from-errno.c
mv -f .deps/libgpg_error_la-init.Tpo .deps/libgpg_error_la-init.Plo
/bin/sh ../libtool  --tag=CC   --mode=compile ccache gcc -DHAVE_CONFIG_H -I. -I..  -DLOCALEDIR=\"/usr/share/locale\"   -std=gnu17   -mtls-dialect=gnu   -Wall -Wpointer-arith -Wno-psabi -fvisibility=hidden -MT libgpg_error_la-visibility.lo -MD -MP -MF .deps/libgpg_error_la-visibility.Tpo -c -o libgpg_error_la-visibility.lo `test -f 'visibility.c' || echo './'`visibility.c
libtool: compile:  ccache gcc -DHAVE_CONFIG_H -I. -I.. -DLOCALEDIR=\"/usr/share/locale\" -std=gnu17 -mtls-dialect=gnu -Wall -Wpointer-arith -Wno-psabi -fvisibility=hidden -MT libgpg_error_la-strerror.lo -MD -MP -MF .deps/libgpg_error_la-strerror.Tpo -c strerror.c  -fPIC -DPIC -o .libs/libgpg_error_la-strerror.o
libtool: compile:  ccache gcc -DHAVE_CONFIG_H -I. -I.. -DLOCALEDIR=\"/usr/share/locale\" -std=gnu17 -mtls-dialect=gnu -Wall -Wpointer-arith -Wno-psabi -fvisibility=hidden -MT libgpg_error_la-code-to-errno.lo -MD -MP -MF .deps/libgpg_error_la-code-to-errno.Tpo -c code-to-errno.c  -fPIC -DPIC -o .libs/libgpg_error_la-code-to-errno.o
mv -f .deps/libgpg_error_la-spawn-posix.Tpo .deps/libgpg_error_la-spawn-posix.Plo
libtool: compile:  ccache gcc -DHAVE_CONFIG_H -I. -I.. -DLOCALEDIR=\"/usr/share/locale\" -std=gnu17 -mtls-dialect=gnu -Wall -Wpointer-arith -Wno-psabi -fvisibility=hidden -MT libgpg_error_la-code-from-errno.lo -MD -MP -MF .deps/libgpg_error_la-code-from-errno.Tpo -c code-from-errno.c  -fPIC -DPIC -o .libs/libgpg_error_la-code-from-errno.o
/bin/sh ../libtool  --tag=CC   --mode=compile ccache gcc -DHAVE_CONFIG_H -I. -I..  -DLOCALEDIR=\"/usr/share/locale\"   -std=gnu17   -mtls-dialect=gnu   -Wall -Wpointer-arith -Wno-psabi -fvisibility=hidden -MT libgpg_error_la-sysutils.lo -MD -MP -MF .deps/libgpg_error_la-sysutils.Tpo -c -o libgpg_error_la-sysutils.lo `test -f 'sysutils.c' || echo './'`sysutils.c
libtool: compile:  ccache gcc -DHAVE_CONFIG_H -I. -I.. -DLOCALEDIR=\"/usr/share/locale\" -std=gnu17 -mtls-dialect=gnu -Wall -Wpointer-arith -Wno-psabi -fvisibility=hidden -MT libgpg_error_la-visibility.lo -MD -MP -MF .deps/libgpg_error_la-visibility.Tpo -c visibility.c  -fPIC -DPIC -o .libs/libgpg_error_la-visibility.o
mv -f .deps/libgpg_error_la-strsource.Tpo .deps/libgpg_error_la-strsource.Plo
/bin/sh ../libtool  --tag=CC   --mode=compile ccache gcc -DHAVE_CONFIG_H -I. -I..  -DLOCALEDIR=\"/usr/share/locale\"   -std=gnu17   -mtls-dialect=gnu   -Wall -Wpointer-arith -Wno-psabi -fvisibility=hidden -MT libgpg_error_la-stringutils.lo -MD -MP -MF .deps/libgpg_error_la-stringutils.Tpo -c -o libgpg_error_la-stringutils.lo `test -f 'stringutils.c' || echo './'`stringutils.c
libtool: compile:  ccache gcc -DHAVE_CONFIG_H -I. -I.. -DLOCALEDIR=\"/usr/share/locale\" -std=gnu17 -mtls-dialect=gnu -Wall -Wpointer-arith -Wno-psabi -fvisibility=hidden -MT libgpg_error_la-sysutils.lo -MD -MP -MF .deps/libgpg_error_la-sysutils.Tpo -c sysutils.c  -fPIC -DPIC -o .libs/libgpg_error_la-sysutils.o
mv -f .deps/libgpg_error_la-code-from-errno.Tpo .deps/libgpg_error_la-code-from-errno.Plo
/bin/sh ../libtool  --tag=CC   --mode=compile ccache gcc -DHAVE_CONFIG_H -I. -I..  -DLOCALEDIR=\"/usr/share/locale\"   -std=gnu17   -mtls-dialect=gnu   -Wall -Wpointer-arith -Wno-psabi -fvisibility=hidden -MT libgpg_error_la-strlist.lo -MD -MP -MF .deps/libgpg_error_la-strlist.Tpo -c -o libgpg_error_la-strlist.lo `test -f 'strlist.c' || echo './'`strlist.c
mv -f .deps/libgpg_error_la-code-to-errno.Tpo .deps/libgpg_error_la-code-to-errno.Plo
/bin/sh ../libtool  --tag=CC   --mode=compile ccache gcc -DHAVE_CONFIG_H -I. -I..  -DLOCALEDIR=\"/usr/share/locale\"   -std=gnu17   -mtls-dialect=gnu   -Wall -Wpointer-arith -Wno-psabi -fvisibility=hidden -MT libgpg_error_la-name-value.lo -MD -MP -MF .deps/libgpg_error_la-name-value.Tpo -c -o libgpg_error_la-name-value.lo `test -f 'name-value.c' || echo './'`name-value.c
mv -f .deps/libgpg_error_la-strerror.Tpo .deps/libgpg_error_la-strerror.Plo
/bin/sh ../libtool  --tag=CC   --mode=compile ccache gcc -DHAVE_CONFIG_H -I. -I..  -DLOCALEDIR=\"/usr/share/locale\"   -std=gnu17   -mtls-dialect=gnu   -Wall -Wpointer-arith -Wno-psabi -fvisibility=hidden -MT libgpg_error_la-syscall-clamp.lo -MD -MP -MF .deps/libgpg_error_la-syscall-clamp.Tpo -c -o libgpg_error_la-syscall-clamp.lo `test -f 'syscall-clamp.c' || echo './'`syscall-clamp.c
mv -f .deps/libgpg_error_la-estream-printf.Tpo .deps/libgpg_error_la-estream-printf.Plo
libtool: compile:  ccache gcc -DHAVE_CONFIG_H -I. -I.. -DLOCALEDIR=\"/usr/share/locale\" -std=gnu17 -mtls-dialect=gnu -Wall -Wpointer-arith -Wno-psabi -fvisibility=hidden -MT libgpg_error_la-stringutils.lo -MD -MP -MF .deps/libgpg_error_la-stringutils.Tpo -c stringutils.c  -fPIC -DPIC -o .libs/libgpg_error_la-stringutils.o
/bin/sh ../libtool  --tag=CC   --mode=compile ccache gcc -DHAVE_CONFIG_H -I. -I..  -DLOCALEDIR=\"/usr/share/locale\"   -std=gnu17   -mtls-dialect=gnu   -Wall -Wpointer-arith -Wno-psabi -fvisibility=hidden -MT libgpg_error_la-logging.lo -MD -MP -MF .deps/libgpg_error_la-logging.Tpo -c -o libgpg_error_la-logging.lo `test -f 'logging.c' || echo './'`logging.c
libtool: compile:  ccache gcc -DHAVE_CONFIG_H -I. -I.. -DLOCALEDIR=\"/usr/share/locale\" -std=gnu17 -mtls-dialect=gnu -Wall -Wpointer-arith -Wno-psabi -fvisibility=hidden -MT libgpg_error_la-name-value.lo -MD -MP -MF .deps/libgpg_error_la-name-value.Tpo -c name-value.c  -fPIC -DPIC -o .libs/libgpg_error_la-name-value.o
libtool: compile:  ccache gcc -DHAVE_CONFIG_H -I. -I.. -DLOCALEDIR=\"/usr/share/locale\" -std=gnu17 -mtls-dialect=gnu -Wall -Wpointer-arith -Wno-psabi -fvisibility=hidden -MT libgpg_error_la-strlist.lo -MD -MP -MF .deps/libgpg_error_la-strlist.Tpo -c strlist.c  -fPIC -DPIC -o .libs/libgpg_error_la-strlist.o
libtool: compile:  ccache gcc -DHAVE_CONFIG_H -I. -I.. -DLOCALEDIR=\"/usr/share/locale\" -std=gnu17 -mtls-dialect=gnu -Wall -Wpointer-arith -Wno-psabi -fvisibility=hidden -MT libgpg_error_la-syscall-clamp.lo -MD -MP -MF .deps/libgpg_error_la-syscall-clamp.Tpo -c syscall-clamp.c  -fPIC -DPIC -o .libs/libgpg_error_la-syscall-clamp.o
mv -f .deps/libgpg_error_la-sysutils.Tpo .deps/libgpg_error_la-sysutils.Plo
libtool: compile:  ccache gcc -DHAVE_CONFIG_H -I. -I.. -DLOCALEDIR=\"/usr/share/locale\" -std=gnu17 -mtls-dialect=gnu -Wall -Wpointer-arith -Wno-psabi -fvisibility=hidden -MT libgpg_error_la-logging.lo -MD -MP -MF .deps/libgpg_error_la-logging.Tpo -c logging.c  -fPIC -DPIC -o .libs/libgpg_error_la-logging.o
/bin/sh ../libtool  --tag=CC   --mode=compile ccache gcc -DHAVE_CONFIG_H -I. -I..  -DLOCALEDIR=\"/usr/share/locale\"   -std=gnu17   -mtls-dialect=gnu   -Wall -Wpointer-arith -Wno-psabi -fvisibility=hidden -MT libgpg_error_la-b64dec.lo -MD -MP -MF .deps/libgpg_error_la-b64dec.Tpo -c -o libgpg_error_la-b64dec.lo `test -f 'b64dec.c' || echo './'`b64dec.c
mv -f .deps/libgpg_error_la-visibility.Tpo .deps/libgpg_error_la-visibility.Plo
/bin/sh ../libtool  --tag=CC   --mode=compile ccache gcc -DHAVE_CONFIG_H -I. -I..  -DLOCALEDIR=\"/usr/share/locale\"   -std=gnu17   -mtls-dialect=gnu   -Wall -Wpointer-arith -Wno-psabi -fvisibility=hidden -MT libgpg_error_la-b64enc.lo -MD -MP -MF .deps/libgpg_error_la-b64enc.Tpo -c -o libgpg_error_la-b64enc.lo `test -f 'b64enc.c' || echo './'`b64enc.c
libtool: compile:  ccache gcc -DHAVE_CONFIG_H -I. -I.. -DLOCALEDIR=\"/usr/share/locale\" -std=gnu17 -mtls-dialect=gnu -Wall -Wpointer-arith -Wno-psabi -fvisibility=hidden -MT libgpg_error_la-b64dec.lo -MD -MP -MF .deps/libgpg_error_la-b64dec.Tpo -c b64dec.c  -fPIC -DPIC -o .libs/libgpg_error_la-b64dec.o
mv -f .deps/libgpg_error_la-syscall-clamp.Tpo .deps/libgpg_error_la-syscall-clamp.Plo
/bin/sh ../libtool  --tag=CC   --mode=compile ccache gcc -DHAVE_CONFIG_H -I. -I..  -DLOCALEDIR=\"/usr/share/locale\"   -std=gnu17   -mtls-dialect=gnu   -Wall -Wpointer-arith -Wno-psabi -fvisibility=hidden -MT libgpg_error_la-argparse.lo -MD -MP -MF .deps/libgpg_error_la-argparse.Tpo -c -o libgpg_error_la-argparse.lo `test -f 'argparse.c' || echo './'`argparse.c
mv -f .deps/libgpg_error_la-estream.Tpo .deps/libgpg_error_la-estream.Plo
mv -f .deps/libgpg_error_la-strlist.Tpo .deps/libgpg_error_la-strlist.Plo
mv -f .deps/libgpg_error_la-stringutils.Tpo .deps/libgpg_error_la-stringutils.Plo
Confirm gpg-error-config works... libtool: compile:  ccache gcc -DHAVE_CONFIG_H -I. -I.. -DLOCALEDIR=\"/usr/share/locale\" -std=gnu17 -mtls-dialect=gnu -Wall -Wpointer-arith -Wno-psabi -fvisibility=hidden -MT libgpg_error_la-b64enc.lo -MD -MP -MF .deps/libgpg_error_la-b64enc.Tpo -c b64enc.c  -fPIC -DPIC -o .libs/libgpg_error_la-b64enc.o
mv -f .deps/libgpg_error_la-name-value.Tpo .deps/libgpg_error_la-name-value.Plo
libtool: compile:  ccache gcc -DHAVE_CONFIG_H -I. -I.. -DLOCALEDIR=\"/usr/share/locale\" -std=gnu17 -mtls-dialect=gnu -Wall -Wpointer-arith -Wno-psabi -fvisibility=hidden -MT libgpg_error_la-argparse.lo -MD -MP -MF .deps/libgpg_error_la-argparse.Tpo -c argparse.c  -fPIC -DPIC -o .libs/libgpg_error_la-argparse.o
mv -f .deps/libgpg_error_la-b64dec.Tpo .deps/libgpg_error_la-b64dec.Plo
mv -f .deps/libgpg_error_la-logging.Tpo .deps/libgpg_error_la-logging.Plo
mv -f .deps/libgpg_error_la-b64enc.Tpo .deps/libgpg_error_la-b64enc.Plo
mv -f .deps/libgpg_error_la-argparse.Tpo .deps/libgpg_error_la-argparse.Plo
/bin/sh ../libtool  --tag=CC   --mode=link ccache gcc  -std=gnu17   -mtls-dialect=gnu   -Wall -Wpointer-arith -Wno-psabi -fvisibility=hidden -no-undefined  -Wl,--version-script=./gpg-error.vers  -version-info 39:3:39  -o libgpg-error.la -rpath /usr/lib libgpg_error_la-posix-lock.lo libgpg_error_la-posix-thread.lo libgpg_error_la-spawn-posix.lo libgpg_error_la-init.lo libgpg_error_la-version.lo libgpg_error_la-estream.lo libgpg_error_la-estream-printf.lo libgpg_error_la-strsource.lo libgpg_error_la-strerror.lo libgpg_error_la-code-to-errno.lo libgpg_error_la-code-from-errno.lo libgpg_error_la-visibility.lo libgpg_error_la-sysutils.lo libgpg_error_la-stringutils.lo libgpg_error_la-strlist.lo libgpg_error_la-name-value.lo libgpg_error_la-syscall-clamp.lo libgpg_error_la-logging.lo libgpg_error_la-b64dec.lo libgpg_error_la-b64enc.lo libgpg_error_la-argparse.lo      
libtool: link: ccache gcc -shared  -fPIC -DPIC  .libs/libgpg_error_la-posix-lock.o .libs/libgpg_error_la-posix-thread.o .libs/libgpg_error_la-spawn-posix.o .libs/libgpg_error_la-init.o .libs/libgpg_error_la-version.o .libs/libgpg_error_la-estream.o .libs/libgpg_error_la-estream-printf.o .libs/libgpg_error_la-strsource.o .libs/libgpg_error_la-strerror.o .libs/libgpg_error_la-code-to-errno.o .libs/libgpg_error_la-code-from-errno.o .libs/libgpg_error_la-visibility.o .libs/libgpg_error_la-sysutils.o .libs/libgpg_error_la-stringutils.o .libs/libgpg_error_la-strlist.o .libs/libgpg_error_la-name-value.o .libs/libgpg_error_la-syscall-clamp.o .libs/libgpg_error_la-logging.o .libs/libgpg_error_la-b64dec.o .libs/libgpg_error_la-b64enc.o .libs/libgpg_error_la-argparse.o    -mtls-dialect=gnu -Wl,--version-script=./gpg-error.vers   -Wl,-soname -Wl,libgpg-error.so.0 -o .libs/libgpg-error.so.0.39.3
libtool: link: (cd ".libs" && rm -f "libgpg-error.so.0" && ln -s "libgpg-error.so.0.39.3" "libgpg-error.so.0")
libtool: link: (cd ".libs" && rm -f "libgpg-error.so" && ln -s "libgpg-error.so.0.39.3" "libgpg-error.so")
libtool: link: ( cd ".libs" && rm -f "libgpg-error.la" && ln -s "../libgpg-error.la" "libgpg-error.la" )
/bin/sh ../libtool  --tag=CC   --mode=link ccache gcc  -std=gnu17   -mtls-dialect=gnu   -Wall -Wpointer-arith -Wno-psabi -fvisibility=hidden   -o gpg-error gpg_error-strsource-sym.o gpg_error-strerror-sym.o gpg_error-gpg-error.o libgpg-error.la  
libtool: link: ccache gcc -std=gnu17 -mtls-dialect=gnu -Wall -Wpointer-arith -Wno-psabi -fvisibility=hidden -o .libs/gpg-error gpg_error-strsource-sym.o gpg_error-strerror-sym.o gpg_error-gpg-error.o  ./.libs/libgpg-error.so
good
cp gpg-error-config-old gpg-error-config
make[5]: Leaving directory '/build/arkana/src/libgpg-error-1.55/src'
make[4]: Leaving directory '/build/arkana/src/libgpg-error-1.55/src'
Making all in doc
make[4]: Entering directory '/build/arkana/src/libgpg-error-1.55/doc'
ccache gcc -DHAVE_CONFIG_H -I. -I..    -DPACKAGE_VERSION="\"1.55\"" -std=gnu17   -mtls-dialect=gnu   -Wall -Wpointer-arith -Wno-psabi -fvisibility=hidden -MT yat2m-yat2m.o -MD -MP -MF .deps/yat2m-yat2m.Tpo -c -o yat2m-yat2m.o `test -f 'yat2m.c' || echo './'`yat2m.c
mv -f .deps/yat2m-yat2m.Tpo .deps/yat2m-yat2m.Po
/bin/sh ../libtool  --tag=CC   --mode=link ccache gcc -DPACKAGE_VERSION="\"1.55\"" -std=gnu17   -mtls-dialect=gnu   -Wall -Wpointer-arith -Wno-psabi -fvisibility=hidden   -o yat2m yat2m-yat2m.o  
libtool: link: ccache gcc -DPACKAGE_VERSION=\"1.55\" -std=gnu17 -mtls-dialect=gnu -Wall -Wpointer-arith -Wno-psabi -fvisibility=hidden -o yat2m yat2m-yat2m.o 
for file in gpgrt.texi ; do \
              ./yat2m -I . --release "Libgpg-error 1.55" --source "GnuPG" --store \
          `test -f '$file' || echo './'`$file ; done
make[4]: Leaving directory '/build/arkana/src/libgpg-error-1.55/doc'
Making all in tests
make[4]: Entering directory '/build/arkana/src/libgpg-error-1.55/tests'
ccache gcc -DHAVE_CONFIG_H -I. -I..  -I../src   -std=gnu17   -mtls-dialect=gnu   -Wall -Wpointer-arith -Wno-psabi -fvisibility=hidden -MT t-version.o -MD -MP -MF .deps/t-version.Tpo -c -o t-version.o t-version.c
ccache gcc -DHAVE_CONFIG_H -I. -I..  -I../src   -std=gnu17   -mtls-dialect=gnu   -Wall -Wpointer-arith -Wno-psabi -fvisibility=hidden -MT t-strerror.o -MD -MP -MF .deps/t-strerror.Tpo -c -o t-strerror.o t-strerror.c
ccache gcc -DHAVE_CONFIG_H -I. -I..  -I../src   -std=gnu17   -mtls-dialect=gnu   -Wall -Wpointer-arith -Wno-psabi -fvisibility=hidden -MT t-syserror.o -MD -MP -MF .deps/t-syserror.Tpo -c -o t-syserror.o t-syserror.c
ccache gcc -DHAVE_CONFIG_H -I. -I..  -I../src   -std=gnu17   -mtls-dialect=gnu   -Wall -Wpointer-arith -Wno-psabi -fvisibility=hidden -MT t-lock.o -MD -MP -MF .deps/t-lock.Tpo -c -o t-lock.o t-lock.c
ccache gcc -DHAVE_CONFIG_H -I. -I..  -I../src   -std=gnu17   -mtls-dialect=gnu   -Wall -Wpointer-arith -Wno-psabi -fvisibility=hidden -MT t-printf.o -MD -MP -MF .deps/t-printf.Tpo -c -o t-printf.o t-printf.c
ccache gcc -DHAVE_CONFIG_H -I. -I..  -I../src   -std=gnu17   -mtls-dialect=gnu   -Wall -Wpointer-arith -Wno-psabi -fvisibility=hidden -MT t-poll.o -MD -MP -MF .deps/t-poll.Tpo -c -o t-poll.o t-poll.c
ccache gcc -DHAVE_CONFIG_H -I. -I..  -I../src   -std=gnu17   -mtls-dialect=gnu   -Wall -Wpointer-arith -Wno-psabi -fvisibility=hidden -MT t-b64.o -MD -MP -MF .deps/t-b64.Tpo -c -o t-b64.o t-b64.c
ccache gcc -DHAVE_CONFIG_H -I. -I..  -I../src   -std=gnu17   -mtls-dialect=gnu   -Wall -Wpointer-arith -Wno-psabi -fvisibility=hidden -MT t-argparse.o -MD -MP -MF .deps/t-argparse.Tpo -c -o t-argparse.o t-argparse.c
mv -f .deps/t-syserror.Tpo .deps/t-syserror.Po
mv -f .deps/t-strerror.Tpo .deps/t-strerror.Po
ccache gcc -DHAVE_CONFIG_H -I. -I..  -I../src   -std=gnu17   -mtls-dialect=gnu   -Wall -Wpointer-arith -Wno-psabi -fvisibility=hidden -MT t-logging.o -MD -MP -MF .deps/t-logging.Tpo -c -o t-logging.o t-logging.c
ccache gcc -DHAVE_CONFIG_H -I. -I..  -I../src   -std=gnu17   -mtls-dialect=gnu   -Wall -Wpointer-arith -Wno-psabi -fvisibility=hidden -MT t-stringutils.o -MD -MP -MF .deps/t-stringutils.Tpo -c -o t-stringutils.o t-stringutils.c
mv -f .deps/t-version.Tpo .deps/t-version.Po
ccache gcc -DHAVE_CONFIG_H -I. -I..  -I../src   -std=gnu17   -mtls-dialect=gnu   -Wall -Wpointer-arith -Wno-psabi -fvisibility=hidden -MT t-malloc.o -MD -MP -MF .deps/t-malloc.Tpo -c -o t-malloc.o t-malloc.c
mv -f .deps/t-b64.Tpo .deps/t-b64.Po
ccache gcc -DHAVE_CONFIG_H -I. -I..  -I../src   -std=gnu17   -mtls-dialect=gnu   -Wall -Wpointer-arith -Wno-psabi -fvisibility=hidden -MT t-spawn.o -MD -MP -MF .deps/t-spawn.Tpo -c -o t-spawn.o t-spawn.c
mv -f .deps/t-argparse.Tpo .deps/t-argparse.Po
ccache gcc -DHAVE_CONFIG_H -I. -I..  -I../src   -std=gnu17   -mtls-dialect=gnu   -Wall -Wpointer-arith -Wno-psabi -fvisibility=hidden -MT t-strlist.o -MD -MP -MF .deps/t-strlist.Tpo -c -o t-strlist.o t-strlist.c
mv -f .deps/t-poll.Tpo .deps/t-poll.Po
ccache gcc -DHAVE_CONFIG_H -I. -I..  -I../src   -std=gnu17   -mtls-dialect=gnu   -Wall -Wpointer-arith -Wno-psabi -fvisibility=hidden -MT t-name-value.o -MD -MP -MF .deps/t-name-value.Tpo -c -o t-name-value.o t-name-value.c
mv -f .deps/t-lock.Tpo .deps/t-lock.Po
ccache gcc -DHAVE_CONFIG_H -I. -I..  -I../src   -std=gnu17   -mtls-dialect=gnu   -Wall -Wpointer-arith -Wno-psabi -fvisibility=hidden -MT t-lock-single-posix.o -MD -MP -MF .deps/t-lock-single-posix.Tpo -c -o t-lock-single-posix.o t-lock-single-posix.c
mv -f .deps/t-printf.Tpo .deps/t-printf.Po
/bin/sh ../libtool  --tag=CC   --mode=link ccache gcc  -std=gnu17   -mtls-dialect=gnu   -Wall -Wpointer-arith -Wno-psabi -fvisibility=hidden -no-install  -o t-version t-version.o ../src/libgpg-error.la  
mv -f .deps/t-malloc.Tpo .deps/t-malloc.Po
/bin/sh ../libtool  --tag=CC   --mode=link ccache gcc  -std=gnu17   -mtls-dialect=gnu   -Wall -Wpointer-arith -Wno-psabi -fvisibility=hidden -no-install  -o t-strerror t-strerror.o ../src/libgpg-error.la  
mv -f .deps/t-logging.Tpo .deps/t-logging.Po
/bin/sh ../libtool  --tag=CC   --mode=link ccache gcc  -std=gnu17   -mtls-dialect=gnu   -Wall -Wpointer-arith -Wno-psabi -fvisibility=hidden -no-install  -o t-syserror t-syserror.o ../src/libgpg-error.la  
mv -f .deps/t-stringutils.Tpo .deps/t-stringutils.Po
mv -f .deps/t-spawn.Tpo .deps/t-spawn.Po
/bin/sh ../libtool  --tag=CC   --mode=link ccache gcc  -std=gnu17   -mtls-dialect=gnu   -Wall -Wpointer-arith -Wno-psabi -fvisibility=hidden -no-install  -o t-printf t-printf.o ../src/libgpg-error.la  
/bin/sh ../libtool  --tag=CC   --mode=link ccache gcc  -std=gnu17   -mtls-dialect=gnu   -Wall -Wpointer-arith -Wno-psabi -fvisibility=hidden -no-install  -o t-lock t-lock.o ../src/libgpg-error.la   
libtool: link: ccache gcc -std=gnu17 -mtls-dialect=gnu -Wall -Wpointer-arith -Wno-psabi -fvisibility=hidden -o t-strerror t-strerror.o  ../src/.libs/libgpg-error.so -Wl,-rpath -Wl,/build/arkana/src/libgpg-error-1.55/src/.libs
mv -f .deps/t-strlist.Tpo .deps/t-strlist.Po
libtool: link: ccache gcc -std=gnu17 -mtls-dialect=gnu -Wall -Wpointer-arith -Wno-psabi -fvisibility=hidden -o t-version t-version.o  ../src/.libs/libgpg-error.so -Wl,-rpath -Wl,/build/arkana/src/libgpg-error-1.55/src/.libs
/bin/sh ../libtool  --tag=CC   --mode=link ccache gcc  -std=gnu17   -mtls-dialect=gnu   -Wall -Wpointer-arith -Wno-psabi -fvisibility=hidden -no-install  -o t-poll t-poll.o ../src/libgpg-error.la   
mv -f .deps/t-lock-single-posix.Tpo .deps/t-lock-single-posix.Po
/bin/sh ../libtool  --tag=CC   --mode=link ccache gcc  -std=gnu17   -mtls-dialect=gnu   -Wall -Wpointer-arith -Wno-psabi -fvisibility=hidden -no-install  -o t-b64 t-b64.o ../src/libgpg-error.la  
libtool: link: ccache gcc -std=gnu17 -mtls-dialect=gnu -Wall -Wpointer-arith -Wno-psabi -fvisibility=hidden -o t-syserror t-syserror.o  ../src/.libs/libgpg-error.so -Wl,-rpath -Wl,/build/arkana/src/libgpg-error-1.55/src/.libs
mv -f .deps/t-name-value.Tpo .deps/t-name-value.Po
libtool: link: ccache gcc -std=gnu17 -mtls-dialect=gnu -Wall -Wpointer-arith -Wno-psabi -fvisibility=hidden -o t-printf t-printf.o  ../src/.libs/libgpg-error.so -Wl,-rpath -Wl,/build/arkana/src/libgpg-error-1.55/src/.libs
/bin/sh ../libtool  --tag=CC   --mode=link ccache gcc  -std=gnu17   -mtls-dialect=gnu   -Wall -Wpointer-arith -Wno-psabi -fvisibility=hidden -no-install  -o t-argparse t-argparse.o ../src/libgpg-error.la  
/bin/sh ../libtool  --tag=CC   --mode=link ccache gcc  -std=gnu17   -mtls-dialect=gnu   -Wall -Wpointer-arith -Wno-psabi -fvisibility=hidden -no-install  -o t-logging t-logging.o ../src/libgpg-error.la  
/bin/sh ../libtool  --tag=CC   --mode=link ccache gcc  -std=gnu17   -mtls-dialect=gnu   -Wall -Wpointer-arith -Wno-psabi -fvisibility=hidden -no-install  -o t-stringutils t-stringutils.o ../src/libgpg-error.la  
libtool: link: ccache gcc -std=gnu17 -mtls-dialect=gnu -Wall -Wpointer-arith -Wno-psabi -fvisibility=hidden -o t-lock t-lock.o  ../src/.libs/libgpg-error.so -Wl,-rpath -Wl,/build/arkana/src/libgpg-error-1.55/src/.libs
/bin/sh ../libtool  --tag=CC   --mode=link ccache gcc  -std=gnu17   -mtls-dialect=gnu   -Wall -Wpointer-arith -Wno-psabi -fvisibility=hidden -no-install  -o t-malloc t-malloc.o ../src/libgpg-error.la  
/bin/sh ../libtool  --tag=CC   --mode=link ccache gcc  -std=gnu17   -mtls-dialect=gnu   -Wall -Wpointer-arith -Wno-psabi -fvisibility=hidden -no-install  -o t-spawn t-spawn.o ../src/libgpg-error.la  
libtool: link: ccache gcc -std=gnu17 -mtls-dialect=gnu -Wall -Wpointer-arith -Wno-psabi -fvisibility=hidden -o t-poll t-poll.o  ../src/.libs/libgpg-error.so -Wl,-rpath -Wl,/build/arkana/src/libgpg-error-1.55/src/.libs
/bin/sh ../libtool  --tag=CC   --mode=link ccache gcc  -std=gnu17   -mtls-dialect=gnu   -Wall -Wpointer-arith -Wno-psabi -fvisibility=hidden -no-install  -o t-strlist t-strlist.o ../src/libgpg-error.la  
libtool: link: ccache gcc -std=gnu17 -mtls-dialect=gnu -Wall -Wpointer-arith -Wno-psabi -fvisibility=hidden -o t-b64 t-b64.o  ../src/.libs/libgpg-error.so -Wl,-rpath -Wl,/build/arkana/src/libgpg-error-1.55/src/.libs
libtool: link: ccache gcc -std=gnu17 -mtls-dialect=gnu -Wall -Wpointer-arith -Wno-psabi -fvisibility=hidden -o t-logging t-logging.o  ../src/.libs/libgpg-error.so -Wl,-rpath -Wl,/build/arkana/src/libgpg-error-1.55/src/.libs
libtool: link: ccache gcc -std=gnu17 -mtls-dialect=gnu -Wall -Wpointer-arith -Wno-psabi -fvisibility=hidden -o t-argparse t-argparse.o  ../src/.libs/libgpg-error.so -Wl,-rpath -Wl,/build/arkana/src/libgpg-error-1.55/src/.libs
/bin/sh ../libtool  --tag=CC   --mode=link ccache gcc  -std=gnu17   -mtls-dialect=gnu   -Wall -Wpointer-arith -Wno-psabi -fvisibility=hidden -no-install  -o t-name-value t-name-value.o ../src/libgpg-error.la  
libtool: link: ccache gcc -std=gnu17 -mtls-dialect=gnu -Wall -Wpointer-arith -Wno-psabi -fvisibility=hidden -o t-stringutils t-stringutils.o  ../src/.libs/libgpg-error.so -Wl,-rpath -Wl,/build/arkana/src/libgpg-error-1.55/src/.libs
/bin/sh ../libtool  --tag=CC   --mode=link ccache gcc  -std=gnu17   -mtls-dialect=gnu   -Wall -Wpointer-arith -Wno-psabi -fvisibility=hidden -no-install  -o t-lock-single-posix t-lock-single-posix.o ../src/libgpg-error.la  
libtool: link: ccache gcc -std=gnu17 -mtls-dialect=gnu -Wall -Wpointer-arith -Wno-psabi -fvisibility=hidden -o t-spawn t-spawn.o  ../src/.libs/libgpg-error.so -Wl,-rpath -Wl,/build/arkana/src/libgpg-error-1.55/src/.libs
libtool: link: ccache gcc -std=gnu17 -mtls-dialect=gnu -Wall -Wpointer-arith -Wno-psabi -fvisibility=hidden -o t-malloc t-malloc.o  ../src/.libs/libgpg-error.so -Wl,-rpath -Wl,/build/arkana/src/libgpg-error-1.55/src/.libs
libtool: link: ccache gcc -std=gnu17 -mtls-dialect=gnu -Wall -Wpointer-arith -Wno-psabi -fvisibility=hidden -o t-strlist t-strlist.o  ../src/.libs/libgpg-error.so -Wl,-rpath -Wl,/build/arkana/src/libgpg-error-1.55/src/.libs
libtool: link: ccache gcc -std=gnu17 -mtls-dialect=gnu -Wall -Wpointer-arith -Wno-psabi -fvisibility=hidden -o t-name-value t-name-value.o  ../src/.libs/libgpg-error.so -Wl,-rpath -Wl,/build/arkana/src/libgpg-error-1.55/src/.libs
libtool: link: ccache gcc -std=gnu17 -mtls-dialect=gnu -Wall -Wpointer-arith -Wno-psabi -fvisibility=hidden -o t-lock-single-posix t-lock-single-posix.o  ../src/.libs/libgpg-error.so -Wl,-rpath -Wl,/build/arkana/src/libgpg-error-1.55/src/.libs
make[4]: Leaving directory '/build/arkana/src/libgpg-error-1.55/tests'
Making all in po
make[4]: Entering directory '/build/arkana/src/libgpg-error-1.55/po'
make[4]: Nothing to be done for 'all'.
make[4]: Leaving directory '/build/arkana/src/libgpg-error-1.55/po'
Making all in lang
make[4]: Entering directory '/build/arkana/src/libgpg-error-1.55/lang'
Making all in cl
make[5]: Entering directory '/build/arkana/src/libgpg-error-1.55/lang/cl'
echo '@errnos@' | cat ../../src/err-codes.h.in - ../../src/errnos.in \
| gawk -f ./mkerrcodes.awk >gpg-error-codes.lisp
make[5]: Leaving directory '/build/arkana/src/libgpg-error-1.55/lang/cl'
make[5]: Entering directory '/build/arkana/src/libgpg-error-1.55/lang'
make[5]: Nothing to be done for 'all-am'.
make[5]: Leaving directory '/build/arkana/src/libgpg-error-1.55/lang'
make[4]: Leaving directory '/build/arkana/src/libgpg-error-1.55/lang'
make[4]: Entering directory '/build/arkana/src/libgpg-error-1.55'
make[4]: Leaving directory '/build/arkana/src/libgpg-error-1.55'
make[3]: Leaving directory '/build/arkana/src/libgpg-error-1.55'
make[2]: Leaving directory '/build/arkana/src/libgpg-error-1.55'
make[2]: Entering directory '/build/arkana/src/libgpg-error-1.55'
Making install in m4
make[3]: Entering directory '/build/arkana/src/libgpg-error-1.55/m4'
make[4]: Entering directory '/build/arkana/src/libgpg-error-1.55/m4'
make[4]: Nothing to be done for 'install-exec-am'.
make[4]: Nothing to be done for 'install-data-am'.
make[4]: Leaving directory '/build/arkana/src/libgpg-error-1.55/m4'
make[3]: Leaving directory '/build/arkana/src/libgpg-error-1.55/m4'
Making install in src
make[3]: Entering directory '/build/arkana/src/libgpg-error-1.55/src'
make  install-am
make[4]: Entering directory '/build/arkana/src/libgpg-error-1.55/src'
make[5]: Entering directory '/build/arkana/src/libgpg-error-1.55/src'
 /usr/bin/mkdir -p '/build/arkana/staging/usr/lib'
 /bin/sh ../libtool   --mode=install /usr/bin/install -c   libgpg-error.la '/build/arkana/staging/usr/lib'
libtool: install: /usr/bin/install -c .libs/libgpg-error.so.0.39.3 /build/arkana/staging/usr/lib/libgpg-error.so.0.39.3
libtool: install: (cd /build/arkana/staging/usr/lib && { ln -s -f libgpg-error.so.0.39.3 libgpg-error.so.0 || { rm -f libgpg-error.so.0 && ln -s libgpg-error.so.0.39.3 libgpg-error.so.0; }; })
libtool: install: (cd /build/arkana/staging/usr/lib && { ln -s -f libgpg-error.so.0.39.3 libgpg-error.so || { rm -f libgpg-error.so && ln -s libgpg-error.so.0.39.3 libgpg-error.so; }; })
libtool: install: /usr/bin/install -c .libs/libgpg-error.lai /build/arkana/staging/usr/lib/libgpg-error.la
libtool: warning: remember to run 'libtool --finish /usr/lib'
 /usr/bin/mkdir -p '/build/arkana/staging/usr/bin'
  /bin/sh ../libtool   --mode=install /usr/bin/install -c gpg-error '/build/arkana/staging/usr/bin'
libtool: warning: 'libgpg-error.la' has not been installed in '/usr/lib'
libtool: install: /usr/bin/install -c .libs/gpg-error /build/arkana/staging/usr/bin/gpg-error
 /usr/bin/mkdir -p '/build/arkana/staging/usr/bin'
 /usr/bin/install -c gpgrt-config '/build/arkana/staging/usr/bin'
 /usr/bin/mkdir -p '/build/arkana/staging/usr/share/aclocal'
 /usr/bin/install -c -m 644 gpg-error.m4 gpgrt.m4 '/build/arkana/staging/usr/share/aclocal'
 /usr/bin/mkdir -p '/build/arkana/staging/usr/include'
 /usr/bin/install -c -m 644 gpg-error.h gpgrt.h '/build/arkana/staging/usr/include'
 /usr/bin/mkdir -p '/build/arkana/staging/usr/lib/pkgconfig'
 /usr/bin/install -c -m 644 gpg-error.pc '/build/arkana/staging/usr/lib/pkgconfig'
make[5]: Leaving directory '/build/arkana/src/libgpg-error-1.55/src'
make[4]: Leaving directory '/build/arkana/src/libgpg-error-1.55/src'
make[3]: Leaving directory '/build/arkana/src/libgpg-error-1.55/src'
Making install in doc
make[3]: Entering directory '/build/arkana/src/libgpg-error-1.55/doc'
make[4]: Entering directory '/build/arkana/src/libgpg-error-1.55/doc'
 /usr/bin/mkdir -p '/build/arkana/staging/usr/bin'
  /bin/sh ../libtool   --mode=install /usr/bin/install -c yat2m '/build/arkana/staging/usr/bin'
libtool: install: /usr/bin/install -c yat2m /build/arkana/staging/usr/bin/yat2m
sed '/^##/ d' ./errorref.txt >errorref.txt.x
echo "# Installed by libgpg-error 1.55" >>errorref.txt.x
/bin/sh /build/arkana/src/libgpg-error-1.55/build-aux/install-sh -d /build/arkana/staging/usr/share/libgpg-error
/usr/bin/install -c -m 644 errorref.txt.x /build/arkana/staging/usr/share/libgpg-error/errorref.txt
 /usr/bin/mkdir -p '/build/arkana/staging/usr/share/info'
 /usr/bin/install -c -m 644 ./gpgrt.info '/build/arkana/staging/usr/share/info'
 install-info --info-dir='/build/arkana/staging/usr/share/info' '/build/arkana/staging/usr/share/info/gpgrt.info'
 /usr/bin/mkdir -p '/build/arkana/staging/usr/share/man/man1'
 /usr/bin/install -c -m 644 gpgrt-config.1 '/build/arkana/staging/usr/share/man/man1'
make[4]: Leaving directory '/build/arkana/src/libgpg-error-1.55/doc'
make[3]: Leaving directory '/build/arkana/src/libgpg-error-1.55/doc'
Making install in tests
make[3]: Entering directory '/build/arkana/src/libgpg-error-1.55/tests'
make[4]: Entering directory '/build/arkana/src/libgpg-error-1.55/tests'
make[4]: Nothing to be done for 'install-exec-am'.
make[4]: Nothing to be done for 'install-data-am'.
make[4]: Leaving directory '/build/arkana/src/libgpg-error-1.55/tests'
make[3]: Leaving directory '/build/arkana/src/libgpg-error-1.55/tests'
Making install in po
make[3]: Entering directory '/build/arkana/src/libgpg-error-1.55/po'
installing cs.gmo as /build/arkana/staging/usr/share/locale/cs/LC_MESSAGES/libgpg-error.mo
installing da.gmo as /build/arkana/staging/usr/share/locale/da/LC_MESSAGES/libgpg-error.mo
installing de.gmo as /build/arkana/staging/usr/share/locale/de/LC_MESSAGES/libgpg-error.mo
installing eo.gmo as /build/arkana/staging/usr/share/locale/eo/LC_MESSAGES/libgpg-error.mo
installing es.gmo as /build/arkana/staging/usr/share/locale/es/LC_MESSAGES/libgpg-error.mo
installing fr.gmo as /build/arkana/staging/usr/share/locale/fr/LC_MESSAGES/libgpg-error.mo
installing hu.gmo as /build/arkana/staging/usr/share/locale/hu/LC_MESSAGES/libgpg-error.mo
installing it.gmo as /build/arkana/staging/usr/share/locale/it/LC_MESSAGES/libgpg-error.mo
installing ja.gmo as /build/arkana/staging/usr/share/locale/ja/LC_MESSAGES/libgpg-error.mo
installing nl.gmo as /build/arkana/staging/usr/share/locale/nl/LC_MESSAGES/libgpg-error.mo
installing pl.gmo as /build/arkana/staging/usr/share/locale/pl/LC_MESSAGES/libgpg-error.mo
installing pt.gmo as /build/arkana/staging/usr/share/locale/pt/LC_MESSAGES/libgpg-error.mo
installing ro.gmo as /build/arkana/staging/usr/share/locale/ro/LC_MESSAGES/libgpg-error.mo
installing ru.gmo as /build/arkana/staging/usr/share/locale/ru/LC_MESSAGES/libgpg-error.mo
installing sr.gmo as /build/arkana/staging/usr/share/locale/sr/LC_MESSAGES/libgpg-error.mo
installing sv.gmo as /build/arkana/staging/usr/share/locale/sv/LC_MESSAGES/libgpg-error.mo
installing tr.gmo as /build/arkana/staging/usr/share/locale/tr/LC_MESSAGES/libgpg-error.mo
installing uk.gmo as /build/arkana/staging/usr/share/locale/uk/LC_MESSAGES/libgpg-error.mo
installing vi.gmo as /build/arkana/staging/usr/share/locale/vi/LC_MESSAGES/libgpg-error.mo
installing zh_CN.gmo as /build/arkana/staging/usr/share/locale/zh_CN/LC_MESSAGES/libgpg-error.mo
installing zh_TW.gmo as /build/arkana/staging/usr/share/locale/zh_TW/LC_MESSAGES/libgpg-error.mo
if test "libgpg-error" = "gettext-tools"; then \
  /usr/bin/mkdir -p /build/arkana/staging/usr/share/gettext/po; \
  for file in Makefile.in.in remove-potcdate.sin quot.sed boldquot.sed en@quot.header en@boldquot.header insert-header.sin Rules-quot   Makevars.template; do \
    /usr/bin/install -c -m 644 ./$file \
		    /build/arkana/staging/usr/share/gettext/po/$file; \
  done; \
  for file in Makevars; do \
    rm -f /build/arkana/staging/usr/share/gettext/po/$file; \
  done; \
else \
  : ; \
fi
make[3]: Leaving directory '/build/arkana/src/libgpg-error-1.55/po'
Making install in lang
make[3]: Entering directory '/build/arkana/src/libgpg-error-1.55/lang'
Making install in cl
make[4]: Entering directory '/build/arkana/src/libgpg-error-1.55/lang/cl'
make[5]: Entering directory '/build/arkana/src/libgpg-error-1.55/lang/cl'
make[5]: Nothing to be done for 'install-exec-am'.
 /usr/bin/mkdir -p '/build/arkana/staging/usr/share/common-lisp/source/gpg-error'
 /usr/bin/install -c -m 644 gpg-error.asd gpg-error-package.lisp gpg-error.lisp '/build/arkana/staging/usr/share/common-lisp/source/gpg-error'
 /usr/bin/mkdir -p '/build/arkana/staging/usr/share/common-lisp/source/gpg-error'
 /usr/bin/install -c -m 644 gpg-error-codes.lisp '/build/arkana/staging/usr/share/common-lisp/source/gpg-error'
make[5]: Leaving directory '/build/arkana/src/libgpg-error-1.55/lang/cl'
make[4]: Leaving directory '/build/arkana/src/libgpg-error-1.55/lang/cl'
make[4]: Entering directory '/build/arkana/src/libgpg-error-1.55/lang'
make[5]: Entering directory '/build/arkana/src/libgpg-error-1.55/lang'
make[5]: Nothing to be done for 'install-exec-am'.
make[5]: Nothing to be done for 'install-data-am'.
make[5]: Leaving directory '/build/arkana/src/libgpg-error-1.55/lang'
make[4]: Leaving directory '/build/arkana/src/libgpg-error-1.55/lang'
make[3]: Leaving directory '/build/arkana/src/libgpg-error-1.55/lang'
make[3]: Entering directory '/build/arkana/src/libgpg-error-1.55'
make[4]: Entering directory '/build/arkana/src/libgpg-error-1.55'
make[4]: Nothing to be done for 'install-exec-am'.
make  install-data-hook
make[5]: Entering directory '/build/arkana/src/libgpg-error-1.55'
make[5]: Nothing to be done for 'install-data-hook'.
make[5]: Leaving directory '/build/arkana/src/libgpg-error-1.55'
make[4]: Leaving directory '/build/arkana/src/libgpg-error-1.55'
make[3]: Leaving directory '/build/arkana/src/libgpg-error-1.55'
make[2]: Leaving directory '/build/arkana/src/libgpg-error-1.55'
touch .libgpg-error-done
cd /build/arkana/src && wget -O libgcrypt-1.11.2.tar.bz2 https://www.gnupg.org/ftp/gcrypt/libgcrypt/libgcrypt-1.11.2.tar.bz2 && tar xf libgcrypt-1.11.2.tar.bz2
--2026-08-05 12:21:59--  https://www.gnupg.org/ftp/gcrypt/libgcrypt/libgcrypt-1.11.2.tar.bz2
Loaded CA certificate '/etc/ssl/certs/ca-certificates.crt'
Resolving www.gnupg.org (www.gnupg.org)... 217.69.76.60, 2001:aa8:fff1:2100::60
Connecting to www.gnupg.org (www.gnupg.org)|217.69.76.60|:443... connected.
HTTP request sent, awaiting response... 200 OK
Length: 4237802 (4.0M) [text/plain]
Saving to: ‘libgcrypt-1.11.2.tar.bz2’

     0K .......... .......... .......... .......... ..........  1%  122K 33s
    50K .......... .......... .......... .......... ..........  2%  243K 25s
   100K .......... .......... .......... .......... ..........  3% 21.0M 16s
   150K .......... .......... .......... .......... ..........  4%  247K 16s
   200K .......... .......... .......... .......... ..........  6%  270M 13s
   250K .......... .......... .......... .......... ..........  7% 27.7M 11s
   300K .......... .......... .......... .......... ..........  8% 38.3M 9s
   350K .......... .......... .......... .......... ..........  9%  248K 10s
   400K .......... .......... .......... .......... .......... 10%  182M 8s
   450K .......... .......... .......... .......... .......... 12% 38.5M 7s
   500K .......... .......... .......... .......... .......... 13% 11.4M 7s
   550K .......... .......... .......... .......... .......... 14% 23.7M 6s
   600K .......... .......... .......... .......... .......... 15%  635M 6s
   650K .......... .......... .......... .......... .......... 16% 10.8M 5s
   700K .......... .......... .......... .......... .......... 18%  535M 5s
   750K .......... .......... .......... .......... .......... 19%  258K 5s
   800K .......... .......... .......... .......... .......... 20%  234M 5s
   850K .......... .......... .......... .......... .......... 21%  326M 4s
   900K .......... .......... .......... .......... .......... 22% 11.7M 4s
   950K .......... .......... .......... .......... .......... 24%  260M 4s
  1000K .......... .......... .......... .......... .......... 25% 12.1M 4s
  1050K .......... .......... .......... .......... .......... 26%  294M 3s
  1100K .......... .......... .......... .......... .......... 27%  466M 3s
  1150K .......... .......... .......... .......... .......... 28% 74.9M 3s
  1200K .......... .......... .......... .......... .......... 30% 11.7M 3s
  1250K .......... .......... .......... .......... .......... 31%  263K 3s
  1300K .......... .......... .......... .......... .......... 32%  256M 3s
  1350K .......... .......... .......... .......... .......... 33% 82.4M 3s
  1400K .......... .......... .......... .......... .......... 35% 4.37M 3s
  1450K .......... .......... .......... .......... .......... 36% 4.26M 3s
  1500K .......... .......... .......... .......... .......... 37%  300M 2s
  1550K .......... .......... .......... .......... .......... 38%  232M 2s
  1600K .......... .......... .......... .......... .......... 39% 3.58M 2s
  1650K .......... .......... .......... .......... .......... 41%  340M 2s
  1700K .......... .......... .......... .......... .......... 42% 3.60M 2s
  1750K .......... .......... .......... .......... .......... 43%  304M 2s
  1800K .......... .......... .......... .......... .......... 44% 9.14M 2s
  1850K .......... .......... .......... .......... .......... 45%  294M 2s
  1900K .......... .......... .......... .......... .......... 47% 11.8M 2s
  1950K .......... .......... .......... .......... .......... 48%  292M 2s
  2000K .......... .......... .......... .......... .......... 49% 15.7M 2s
  2050K .......... .......... .......... .......... .......... 50%  772M 1s
  2100K .......... .......... .......... .......... .......... 51% 10.2M 1s
  2150K .......... .......... .......... .......... .......... 53% 13.2M 1s
  2200K .......... .......... .......... .......... .......... 54%  244M 1s
  2250K .......... .......... .......... .......... .......... 55% 15.4M 1s
  2300K .......... .......... .......... .......... .......... 56%  263M 1s
  2350K .......... .......... .......... .......... .......... 57%  389K 1s
  2400K .......... .......... .......... .......... .......... 59% 70.4M 1s
  2450K .......... .......... .......... .......... .......... 60% 11.3M 1s
  2500K .......... .......... .......... .......... .......... 61%  320M 1s
  2550K .......... .......... .......... .......... .......... 62%  551M 1s
  2600K .......... .......... .......... .......... .......... 64% 18.6M 1s
  2650K .......... .......... .......... .......... .......... 65%  245K 1s
  2700K .......... .......... .......... .......... .......... 66%  214M 1s
  2750K .......... .......... .......... .......... .......... 67% 3.91M 1s
  2800K .......... .......... .......... .......... .......... 68%  267M 1s
  2850K .......... .......... .......... .......... .......... 70%  583M 1s
  2900K .......... .......... .......... .......... .......... 71% 2.85M 1s
  2950K .......... .......... .......... .......... .......... 72%  294M 1s
  3000K .......... .......... .......... .......... .......... 73% 12.1M 1s
  3050K .......... .......... .......... .......... .......... 74% 11.4M 1s
  3100K .......... .......... .......... .......... .......... 76%  299M 1s
  3150K .......... .......... .......... .......... .......... 77%  353M 1s
  3200K .......... .......... .......... .......... .......... 78% 5.98M 1s
  3250K .......... .......... .......... .......... .......... 79%  529M 0s
  3300K .......... .......... .......... .......... .......... 80% 9.65M 0s
  3350K .......... .......... .......... .......... .......... 82%  192M 0s
  3400K .......... .......... .......... .......... .......... 83%  421M 0s
  3450K .......... .......... .......... .......... .......... 84% 19.7M 0s
  3500K .......... .......... .......... .......... .......... 85%  159M 0s
  3550K .......... .......... .......... .......... .......... 86% 11.3M 0s
  3600K .......... .......... .......... .......... .......... 88%  110M 0s
  3650K .......... .......... .......... .......... .......... 89%  106M 0s
  3700K .......... .......... .......... .......... .......... 90% 26.7M 0s
  3750K .......... .......... .......... .......... .......... 91%  368K 0s
  3800K .......... .......... .......... .......... .......... 93%  231M 0s
  3850K .......... .......... .......... .......... .......... 94%  312M 0s
  3900K .......... .......... .......... .......... .......... 95% 13.7M 0s
  3950K .......... .......... .......... .......... .......... 96%  325M 0s
  4000K .......... .......... .......... .......... .......... 97%  251K 0s
  4050K .......... .......... .......... .......... .......... 99% 23.8M 0s
  4100K .......... .......... .......... ........             100% 36.8M=2.3s

2026-08-05 12:22:02 (1.79 MB/s) - ‘libgcrypt-1.11.2.tar.bz2’ saved [4237802/4237802]

touch .libgcrypt-obtained
cd /build/arkana/src/libgcrypt-1.11.2 && ./configure --prefix=/usr && make -j8 && make -j8 -C doc html && \
makeinfo --html --no-split -o doc/gcrypt_nochunks.html doc/gcrypt.texi && makeinfo --plaintext -o doc/gcrypt.txt doc/gcrypt.texi && \
make DESTDIR=/build/arkana/staging install && install -dm755 /build/arkana/staging/usr/share/doc/libgcrypt-1.11.2 && \
install -m644 README doc/{README.apichanges,fips*,libgcrypt*} /build/arkana/staging/usr/share/doc/libgcrypt-1.11.2 && \
install -dm755 /build/arkana/staging/usr/share/doc/libgcrypt-1.11.2/html && install -m644 doc/gcrypt.html/* \
/build/arkana/staging/usr/share/doc/libgcrypt-1.11.2/html && install -m644 doc/gcrypt_nochunks.html /build/arkana/staging/usr/share/doc/libgcrypt-1.11.2 && \
install -m644 doc/gcrypt.{txt,texi} /build/arkana/staging/usr/share/doc/libgcrypt-1.11.2
checking for a BSD-compatible install... /usr/bin/install -c
checking whether build environment is sane... yes
checking for a race-free mkdir -p... /usr/bin/mkdir -p
checking for gawk... gawk
checking whether make sets $(MAKE)... yes
checking whether make supports nested variables... yes
checking build system type... x86_64-pc-linux-gnu
checking host system type... x86_64-pc-linux-gnu
checking whether to enable maintainer-specific portions of Makefiles... no
checking whether make supports nested variables... (cached) yes
checking whether make supports the include directive... yes (GNU style)
checking for gcc... ccache gcc
checking whether the C compiler works... yes
checking for C compiler default output file name... a.out
checking for suffix of executables... 
checking whether we are cross compiling... no
checking for suffix of object files... o
checking whether the compiler supports GNU C... yes
checking whether ccache gcc accepts -g... yes
checking for ccache gcc option to enable C11 features... none needed
checking whether ccache gcc understands -c and -o together... yes
checking dependency style of ccache gcc... gcc3
checking for stdio.h... yes
checking for stdlib.h... yes
checking for string.h... yes
checking for inttypes.h... yes
checking for stdint.h... yes
checking for strings.h... yes
checking for sys/stat.h... yes
checking for sys/types.h... yes
checking for unistd.h... yes
checking for wchar.h... yes
checking for minix/config.h... no
checking whether it is safe to define __EXTENSIONS__... yes
checking whether _XOPEN_SOURCE should be defined... no
checking whether make sets $(MAKE)... (cached) yes
checking for gcc... (cached) ccache gcc
checking whether the compiler supports GNU C... (cached) yes
checking whether ccache gcc accepts -g... (cached) yes
checking for ccache gcc option to enable C11 features... (cached) none needed
checking whether ccache gcc understands -c and -o together... (cached) yes
checking dependency style of ccache gcc... (cached) gcc3
checking how to run the C preprocessor... ccache gcc -E
checking dependency style of ccache gcc... gcc3
checking for library containing strerror... none required
checking for gawk... (cached) gawk
checking for grep that handles long lines and -e... /usr/bin/grep
checking for fgrep... /usr/bin/grep -F
checking how to print strings... printf
checking for a sed that does not truncate output... /usr/bin/sed
checking for egrep... /usr/bin/grep -E
checking for ld used by ccache gcc... /usr/bin/ld
checking if the linker (/usr/bin/ld) is GNU ld... yes
checking for BSD- or MS-compatible name lister (nm)... /usr/bin/nm -B
checking the name lister (/usr/bin/nm -B) interface... BSD nm
checking whether ln -s works... yes
checking the maximum length of command line arguments... 1572864
checking whether the shell understands some XSI constructs... yes
checking whether the shell understands "+="... yes
checking how to convert x86_64-pc-linux-gnu file names to x86_64-pc-linux-gnu format... func_convert_file_noop
checking how to convert x86_64-pc-linux-gnu file names to toolchain format... func_convert_file_noop
checking for /usr/bin/ld option to reload object files... -r
checking for objdump... objdump
checking how to recognize dependent libraries... pass_all
checking for dlltool... no
checking how to associate runtime and link libraries... printf %s\n
checking for ar... ar
checking for archiver @FILE support... @
checking for strip... strip
checking for ranlib... ranlib
checking command to parse /usr/bin/nm -B output from ccache gcc object... ok
checking for sysroot... no
checking for mt... no
checking if : is a manifest tool... no
checking for dlfcn.h... yes
checking for objdir... .libs
checking if ccache gcc supports -fno-rtti -fno-exceptions... no
checking for ccache gcc option to produce PIC... -fPIC -DPIC
checking if ccache gcc PIC flag -fPIC -DPIC works... yes
checking if ccache gcc static flag -static works... yes
checking if ccache gcc supports -c -o file.o... yes
checking if ccache gcc supports -c -o file.o... (cached) yes
checking whether the ccache gcc linker (/usr/bin/ld -m elf_x86_64) supports shared libraries... yes
checking whether -lc should be explicitly linked in... no
checking dynamic linker characteristics... GNU/Linux ld.so
checking how to hardcode library paths into programs... immediate
checking whether stripping libraries is possible... yes
checking if libtool supports shared libraries... yes
checking whether to build shared libraries... yes
checking whether to build static libraries... no
checking for windres... no
checking whether byte ordering is bigendian... no
checking size of unsigned short... 2
checking size of unsigned int... 4
checking size of unsigned long... 8
checking size of unsigned long long... 8
checking size of unsigned __int128... 16
checking size of void *... 8
checking for uintptr_t... yes
checking for UINT64_C... yes
checking size of uint64_t... 8
checking which symmetric ciphers to include... arcfour blowfish cast5 des aes twofish serpent rfc2268 seed camellia idea salsa20 gost28147 chacha20 sm4 aria
checking which public-key ciphers to include... dsa elgamal rsa ecc kyber
checking which message digests to include... crc gostr3411-94  md4 md5 rmd160 sha1 sha256 sha512 sha3 tiger whirlpool stribog blake2 sm3
checking which key derivation functions to include... s2k pkdf2 scrypt
checking which random module to use... default
checking whether use of /dev/random is requested... yes
checking whether MPI and cipher assembler modules are requested... yes
checking whether to run large data tests... no
checking whether 'soft' HW feature bits are forced on... no
checking whether use of capabilities is requested... no
checking whether a HMAC binary check is requested... no
checking whether jitter entropy support is requested... yes
checking whether padlock support is requested... yes
checking whether AESNI support is requested... yes
checking whether SHAEXT support is requested... yes
checking whether PCLMUL support is requested... yes
checking whether SSE4.1 support is requested... yes
checking whether DRNG support is requested... yes
checking whether AVX support is requested... yes
checking whether AVX2 support is requested... yes
checking whether AVX512 support is requested... yes
checking whether GFNI support is requested... yes
checking whether NEON support is requested... yes
checking whether ARMv8 Crypto Extension support is requested... yes
checking whether SVE support is requested... yes
checking whether SVE2 support is requested... yes
checking whether PPC crypto support is requested... yes
checking whether a -O flag munging is requested... yes
checking whether a instrumentation (-fprofile, -fsanitize) munging is requested... yes
checking whether to enable AMD64 as(1) feature detection... yes
checking for gpg-error-config... no
checking for gpgrt-config... /usr/bin/gpgrt-config
configure: Use gpgrt-config with /usr/lib as gpg-error-config
checking for GPG Error - version >= 1.49... yes (1.61-unknown)
checking for pthread_create in -lpthread... yes
checking for library containing setsockopt... none required
checking for library containing setsockopt... (cached) none required
checking for unistd.h... (cached) yes
checking for sys/auxv.h... yes
checking for sys/random.h... yes
checking for sys/sysctl.h... no
checking for an ANSI C-conforming const... yes
checking for inline... inline
checking for size_t... yes
checking for pid_t... yes
checking for byte... no
checking for ushort... yes
checking for u16... no
checking for u32... no
checking for u64... no
checking for __builtin_bswap32... yes
checking for __builtin_bswap64... yes
checking for __builtin_ctz... yes
checking for __builtin_ctzl... yes
checking for __builtin_clz... yes
checking for __builtin_clzl... yes
checking for __sync_synchronize... yes
checking whether the variable length arrays are supported... yes
checking whether the visibility attribute is supported... yes
checking for broken visibility attribute... no
checking for broken alias attribute... no
checking if gcc supports -fvisibility=hidden... yes
checking whether the GCC style aligned attribute is supported... yes
checking whether the GCC style packed attribute is supported... yes
checking whether the GCC style may_alias attribute is supported... yes
checking whether 'asm' assembler keyword is supported... yes
checking whether '__asm__' assembler keyword is supported... yes
checking whether inline assembly memory barrier is supported... yes
checking whether GCC assembler is compatible for ARM assembly implementations... no
checking whether GCC assembler is compatible for ARMv8/Aarch64 assembly implementations... no
checking whether GCC assembler supports for CFI directives... yes
checking whether GCC assembler supports for ELF directives... yes
checking for _ prefix in compiled symbols... no
checking architecture and mpi assembler functions... x86
checking whether compiler supports 'optimize' function attribute... yes
checking whether compiler supports 'ms_abi' function attribute... yes
checking whether compiler supports 'sysv_abi' function attribute... yes
checking whether default calling convention is 'ms_abi'... no
checking whether default calling convention is 'sysv_abi'... yes
checking whether compiler supports '__thread' storage class specifier... yes
checking whether GCC inline assembler supports SSSE3 instructions... yes
checking whether GCC inline assembler supports PCLMUL instructions... yes
checking whether GCC inline assembler supports SHA Extensions instructions... yes
checking whether GCC inline assembler supports SSE4.1 instructions... yes
checking whether GCC inline assembler supports AVX instructions... yes
checking whether GCC inline assembler supports AVX2 instructions... yes
checking whether GCC inline assembler supports AVX512 instructions... yes
checking whether GCC inline assembler supports VAES and VPCLMUL instructions... yes
checking whether GCC inline assembler supports GFNI instructions... yes
checking whether GCC inline assembler supports BMI2 instructions... yes
checking whether compiler supports x86/AVX512 intrinsics... yes
checking whether GCC assembler handles division correctly... yes
checking whether GCC assembler is compatible for i386/amd64 assembly implementations... yes
checking whether GCC assembler is compatible for Intel syntax assembly implementations... yes
checking whether compiler is configured for ARMv6 or newer architecture... n/a
checking whether GCC inline assembler supports NEON instructions... n/a
checking whether GCC inline assembler supports AArch32 Crypto Extension instructions... n/a
checking whether GCC inline assembler supports AArch64 NEON instructions... n/a
checking whether GCC inline assembler supports AArch64 Crypto Extension instructions... n/a
checking whether GCC inline assembler supports AArch64 SVE instructions... n/a
checking whether GCC inline assembler supports AArch64 SVE2 instructions... n/a
checking whether GCC inline assembler supports AArch64 SHA3/SHA512/SM3/SM4 instructions... n/a
checking whether compiler supports AArch64/NEON/crypto intrinsics... n/a
checking whether compiler supports PowerPC AltiVec/VSX/crypto intrinsics... n/a
checking whether GCC inline assembler supports PowerPC AltiVec/VSX/crypto instructions... n/a
checking whether GCC inline assembler supports PowerISA 3.00 instructions... n/a
checking whether compiler supports GCC PowerPC target attributes... n/a
checking whether compiler supports clang PowerPC target attributes... n/a
checking whether GCC inline assembler supports zSeries instructions... n/a
checking whether GCC inline assembler supports zSeries vector instructions... n/a
checking whether GCC inline assembler supports RISC-V instructions... n/a
checking whether GCC inline assembler supports RISC-V vector instructions... n/a
checking whether compiler supports RISC-V vector intrinsics... n/a
checking for vprintf... yes
checking for stpcpy... yes
checking for strcasecmp... yes
checking for strtoul... yes
checking for memmove... yes
checking for stricmp... no
checking for atexit... yes
checking for raise... yes
checking for strerror... yes
checking for rand... yes
checking for mmap... yes
checking for getpagesize... yes
checking for sysconf... yes
checking for waitpid... yes
checking for wait4... yes
checking for gettimeofday... yes
checking for getrusage... yes
checking for gethrtime... no
checking for clock_gettime... yes
checking for syslog... yes
checking for syscall... yes
checking for fcntl... yes
checking for ftruncate... yes
checking for flockfile... yes
checking for getauxval... yes
checking for elf_aux_info... no
checking for explicit_bzero... yes
checking for explicit_memset... no
checking for getentropy... yes
checking for sysctlbyname... no
checking for mlock... yes
checking for sysconf... (cached) yes
checking for getpagesize... (cached) yes
checking whether mlock is broken... no
checking for random device... yes
configure: checking for cc features
checking if gcc supports -fno-delete-null-pointer-checks... yes
checking whether non excutable stack support is requested... yes
checking whether assembler supports --noexecstack option... yes
checking that generated files are newer than configure... done
configure: creating ./config.status
config.status: creating Makefile
config.status: creating m4/Makefile
config.status: creating compat/Makefile
config.status: creating mpi/Makefile
config.status: creating cipher/Makefile
config.status: creating random/Makefile
config.status: creating doc/Makefile
config.status: creating src/Makefile
config.status: creating src/gcrypt.h
config.status: creating src/libgcrypt-config
config.status: creating src/libgcrypt.pc
config.status: creating src/versioninfo.rc
config.status: creating tests/Makefile
config.status: creating tests/hashtest-6g
config.status: creating tests/hashtest-256g
config.status: creating tests/basic-disable-all-hwf
config.status: creating config.h
config.status: linking mpi/amd64/mpih-add1.S to mpi/mpih-add1-asm.S
config.status: linking mpi/amd64/mpih-sub1.S to mpi/mpih-sub1-asm.S
config.status: linking mpi/amd64/mpih-mul1.S to mpi/mpih-mul1-asm.S
config.status: linking mpi/amd64/mpih-mul2.S to mpi/mpih-mul2-asm.S
config.status: linking mpi/amd64/mpih-mul3.S to mpi/mpih-mul3-asm.S
config.status: linking mpi/amd64/mpih-lshift.S to mpi/mpih-lshift-asm.S
config.status: linking mpi/amd64/mpih-rshift.S to mpi/mpih-rshift-asm.S
config.status: linking mpi/amd64/mpi-asm-defs.h to mpi/mpi-asm-defs.h
config.status: executing depfiles commands
config.status: executing libtool commands
config.status: executing gcrypt-conf commands
         
        Libgcrypt v1.11.2 has been configured as follows:
         
        Platform:                  GNU/Linux (x86_64-pc-linux-gnu)
        Hardware detection module: libgcrypt_la-hwf-x86
        Enabled cipher algorithms: arcfour blowfish cast5 des aes twofish
                                   serpent rfc2268 seed camellia idea salsa20
                                   gost28147 chacha20 sm4 aria
        Enabled digest algorithms: crc gostr3411-94 md4 md5 rmd160 sha1
                                   sha256 sha512 sha3 tiger whirlpool stribog
                                   blake2 sm3
        Enabled kdf algorithms:    s2k pkdf2 scrypt
        Enabled pubkey algorithms: dsa elgamal rsa ecc kyber
        Random number generator:   default
        Try using jitter entropy:  yes
        Using linux capabilities:  no
        FIPS module version:       
        Try using Padlock crypto:  yes
        Try using AES-NI crypto:   yes
        Try using Intel SHAEXT:    yes
        Try using Intel PCLMUL:    yes
        Try using Intel SSE4.1:    yes
        Try using DRNG (RDRAND):   yes
        Try using Intel AVX:       yes
        Try using Intel AVX2:      yes
        Try using Intel AVX512:    yes
        Try using Intel GFNI:      yes
        Try using ARM NEON:        n/a
        Try using ARMv8 crypto:    n/a
        Try using ARMv8 SVE:       n/a
        Try using ARMv9 SVE2:      n/a
        Try using PPC crypto:      n/a
         
make[2]: Entering directory '/build/arkana/src/libgcrypt-1.11.2'
make  all-recursive
make[3]: Entering directory '/build/arkana/src/libgcrypt-1.11.2'
Making all in compat
make[4]: Entering directory '/build/arkana/src/libgcrypt-1.11.2/compat'
/bin/sh ../libtool  --tag=CC   --mode=compile ccache gcc -DHAVE_CONFIG_H -I. -I..  -I../src -I../src    -std=gnu17   -mtls-dialect=gnu   -fvisibility=hidden -fno-delete-null-pointer-checks -Wall -MT compat.lo -MD -MP -MF .deps/compat.Tpo -c -o compat.lo compat.c
libtool: compile:  ccache gcc -DHAVE_CONFIG_H -I. -I.. -I../src -I../src -std=gnu17 -mtls-dialect=gnu -fvisibility=hidden -fno-delete-null-pointer-checks -Wall -MT compat.lo -MD -MP -MF .deps/compat.Tpo -c compat.c  -fPIC -DPIC -o .libs/compat.o
mv -f .deps/compat.Tpo .deps/compat.Plo
/bin/sh ../libtool  --tag=CC   --mode=link ccache gcc  -std=gnu17   -mtls-dialect=gnu   -fvisibility=hidden -fno-delete-null-pointer-checks -Wall   -o libcompat.la  compat.lo  
libtool: link: ar cru .libs/libcompat.a .libs/compat.o 
ar: `u' modifier ignored since `D' is the default (see `U')
libtool: link: ranlib .libs/libcompat.a
libtool: link: ( cd ".libs" && rm -f "libcompat.la" && ln -s "../libcompat.la" "libcompat.la" )
make[4]: Leaving directory '/build/arkana/src/libgcrypt-1.11.2/compat'
Making all in mpi
make[4]: Entering directory '/build/arkana/src/libgcrypt-1.11.2/mpi'
/bin/sh ../libtool  --tag=CC   --mode=compile ccache gcc -DHAVE_CONFIG_H -I. -I..  -I../src -I../src   -std=gnu17   -mtls-dialect=gnu   -fvisibility=hidden -fno-delete-null-pointer-checks -Wall -MT mpi-add.lo -MD -MP -MF .deps/mpi-add.Tpo -c -o mpi-add.lo mpi-add.c
/bin/sh ../libtool  --tag=CC   --mode=compile ccache gcc -DHAVE_CONFIG_H -I. -I..  -I../src -I../src   -std=gnu17   -mtls-dialect=gnu   -fvisibility=hidden -fno-delete-null-pointer-checks -Wall -MT mpi-bit.lo -MD -MP -MF .deps/mpi-bit.Tpo -c -o mpi-bit.lo mpi-bit.c
/bin/sh ../libtool  --tag=CC   --mode=compile ccache gcc -DHAVE_CONFIG_H -I. -I..  -I../src -I../src   -std=gnu17   -mtls-dialect=gnu   -fvisibility=hidden -fno-delete-null-pointer-checks -Wall -MT mpi-cmp.lo -MD -MP -MF .deps/mpi-cmp.Tpo -c -o mpi-cmp.lo mpi-cmp.c
/bin/sh ../libtool  --tag=CC   --mode=compile ccache gcc -DHAVE_CONFIG_H -I. -I..  -I../src -I../src   -std=gnu17   -mtls-dialect=gnu   -fvisibility=hidden -fno-delete-null-pointer-checks -Wall -MT mpi-div.lo -MD -MP -MF .deps/mpi-div.Tpo -c -o mpi-div.lo mpi-div.c
/bin/sh ../libtool  --tag=CC   --mode=compile ccache gcc -DHAVE_CONFIG_H -I. -I..  -I../src -I../src   -std=gnu17   -mtls-dialect=gnu   -fvisibility=hidden -fno-delete-null-pointer-checks -Wall -MT mpi-gcd.lo -MD -MP -MF .deps/mpi-gcd.Tpo -c -o mpi-gcd.lo mpi-gcd.c
/bin/sh ../libtool  --tag=CC   --mode=compile ccache gcc -DHAVE_CONFIG_H -I. -I..  -I../src -I../src   -std=gnu17   -mtls-dialect=gnu   -fvisibility=hidden -fno-delete-null-pointer-checks -Wall -MT mpi-inline.lo -MD -MP -MF .deps/mpi-inline.Tpo -c -o mpi-inline.lo mpi-inline.c
/bin/sh ../libtool  --tag=CC   --mode=compile ccache gcc -DHAVE_CONFIG_H -I. -I..  -I../src -I../src   -std=gnu17   -mtls-dialect=gnu   -fvisibility=hidden -fno-delete-null-pointer-checks -Wall -MT mpi-inv.lo -MD -MP -MF .deps/mpi-inv.Tpo -c -o mpi-inv.lo mpi-inv.c
/bin/sh ../libtool  --tag=CC   --mode=compile ccache gcc -DHAVE_CONFIG_H -I. -I..  -I../src -I../src   -std=gnu17   -mtls-dialect=gnu   -fvisibility=hidden -fno-delete-null-pointer-checks -Wall -MT mpi-mul.lo -MD -MP -MF .deps/mpi-mul.Tpo -c -o mpi-mul.lo mpi-mul.c
libtool: compile:  ccache gcc -DHAVE_CONFIG_H -I. -I.. -I../src -I../src -std=gnu17 -mtls-dialect=gnu -fvisibility=hidden -fno-delete-null-pointer-checks -Wall -MT mpi-add.lo -MD -MP -MF .deps/mpi-add.Tpo -c mpi-add.c  -fPIC -DPIC -o .libs/mpi-add.o
libtool: compile:  ccache gcc -DHAVE_CONFIG_H -I. -I.. -I../src -I../src -std=gnu17 -mtls-dialect=gnu -fvisibility=hidden -fno-delete-null-pointer-checks -Wall -MT mpi-inline.lo -MD -MP -MF .deps/mpi-inline.Tpo -c mpi-inline.c  -fPIC -DPIC -o .libs/mpi-inline.o
libtool: compile:  ccache gcc -DHAVE_CONFIG_H -I. -I.. -I../src -I../src -std=gnu17 -mtls-dialect=gnu -fvisibility=hidden -fno-delete-null-pointer-checks -Wall -MT mpi-cmp.lo -MD -MP -MF .deps/mpi-cmp.Tpo -c mpi-cmp.c  -fPIC -DPIC -o .libs/mpi-cmp.o
libtool: compile:  ccache gcc -DHAVE_CONFIG_H -I. -I.. -I../src -I../src -std=gnu17 -mtls-dialect=gnu -fvisibility=hidden -fno-delete-null-pointer-checks -Wall -MT mpi-inv.lo -MD -MP -MF .deps/mpi-inv.Tpo -c mpi-inv.c  -fPIC -DPIC -o .libs/mpi-inv.o
libtool: compile:  ccache gcc -DHAVE_CONFIG_H -I. -I.. -I../src -I../src -std=gnu17 -mtls-dialect=gnu -fvisibility=hidden -fno-delete-null-pointer-checks -Wall -MT mpi-gcd.lo -MD -MP -MF .deps/mpi-gcd.Tpo -c mpi-gcd.c  -fPIC -DPIC -o .libs/mpi-gcd.o
libtool: compile:  ccache gcc -DHAVE_CONFIG_H -I. -I.. -I../src -I../src -std=gnu17 -mtls-dialect=gnu -fvisibility=hidden -fno-delete-null-pointer-checks -Wall -MT mpi-bit.lo -MD -MP -MF .deps/mpi-bit.Tpo -c mpi-bit.c  -fPIC -DPIC -o .libs/mpi-bit.o
libtool: compile:  ccache gcc -DHAVE_CONFIG_H -I. -I.. -I../src -I../src -std=gnu17 -mtls-dialect=gnu -fvisibility=hidden -fno-delete-null-pointer-checks -Wall -MT mpi-div.lo -MD -MP -MF .deps/mpi-div.Tpo -c mpi-div.c  -fPIC -DPIC -o .libs/mpi-div.o
libtool: compile:  ccache gcc -DHAVE_CONFIG_H -I. -I.. -I../src -I../src -std=gnu17 -mtls-dialect=gnu -fvisibility=hidden -fno-delete-null-pointer-checks -Wall -MT mpi-mul.lo -MD -MP -MF .deps/mpi-mul.Tpo -c mpi-mul.c  -fPIC -DPIC -o .libs/mpi-mul.o
mv -f .deps/mpi-add.Tpo .deps/mpi-add.Plo
/bin/sh ../libtool  --tag=CC   --mode=compile ccache gcc -DHAVE_CONFIG_H -I. -I..  -I../src -I../src   -std=gnu17   -mtls-dialect=gnu   -fvisibility=hidden -fno-delete-null-pointer-checks -Wall -MT mpi-mod.lo -MD -MP -MF .deps/mpi-mod.Tpo -c -o mpi-mod.lo mpi-mod.c
mv -f .deps/mpi-gcd.Tpo .deps/mpi-gcd.Plo
mv -f .deps/mpi-cmp.Tpo .deps/mpi-cmp.Plo
/bin/sh ../libtool  --tag=CC   --mode=compile ccache gcc -DHAVE_CONFIG_H -I. -I..  -I../src -I../src   -std=gnu17   -mtls-dialect=gnu   -fvisibility=hidden -fno-delete-null-pointer-checks -Wall -MT mpi-pow.lo -MD -MP -MF .deps/mpi-pow.Tpo -c -o mpi-pow.lo mpi-pow.c
libtool: compile:  ccache gcc -DHAVE_CONFIG_H -I. -I.. -I../src -I../src -std=gnu17 -mtls-dialect=gnu -fvisibility=hidden -fno-delete-null-pointer-checks -Wall -MT mpi-mod.lo -MD -MP -MF .deps/mpi-mod.Tpo -c mpi-mod.c  -fPIC -DPIC -o .libs/mpi-mod.o
/bin/sh ../libtool  --tag=CC   --mode=compile ccache gcc -DHAVE_CONFIG_H -I. -I..  -I../src -I../src   -std=gnu17   -mtls-dialect=gnu   -fvisibility=hidden -fno-delete-null-pointer-checks -Wall -MT mpi-mpow.lo -MD -MP -MF .deps/mpi-mpow.Tpo -c -o mpi-mpow.lo mpi-mpow.c
mv -f .deps/mpi-mul.Tpo .deps/mpi-mul.Plo
mv -f .deps/mpi-inline.Tpo .deps/mpi-inline.Plo
/bin/sh ../libtool  --tag=CC   --mode=compile ccache gcc -DHAVE_CONFIG_H -I. -I..  -I../src -I../src   -std=gnu17   -mtls-dialect=gnu   -fvisibility=hidden -fno-delete-null-pointer-checks -Wall -MT mpi-scan.lo -MD -MP -MF .deps/mpi-scan.Tpo -c -o mpi-scan.lo mpi-scan.c
/bin/sh ../libtool  --tag=CC   --mode=compile ccache gcc -DHAVE_CONFIG_H -I. -I..  -I../src -I../src   -std=gnu17   -mtls-dialect=gnu   -fvisibility=hidden -fno-delete-null-pointer-checks -Wall -MT mpicoder.lo -MD -MP -MF .deps/mpicoder.Tpo -c -o mpicoder.lo mpicoder.c
mv -f .deps/mpi-div.Tpo .deps/mpi-div.Plo
/bin/sh ../libtool  --tag=CC   --mode=compile ccache gcc -DHAVE_CONFIG_H -I. -I..  -I../src -I../src   -std=gnu17   -mtls-dialect=gnu   -fvisibility=hidden -fno-delete-null-pointer-checks -Wall -MT mpih-div.lo -MD -MP -MF .deps/mpih-div.Tpo -c -o mpih-div.lo mpih-div.c
libtool: compile:  ccache gcc -DHAVE_CONFIG_H -I. -I.. -I../src -I../src -std=gnu17 -mtls-dialect=gnu -fvisibility=hidden -fno-delete-null-pointer-checks -Wall -MT mpi-mpow.lo -MD -MP -MF .deps/mpi-mpow.Tpo -c mpi-mpow.c  -fPIC -DPIC -o .libs/mpi-mpow.o
libtool: compile:  ccache gcc -DHAVE_CONFIG_H -I. -I.. -I../src -I../src -std=gnu17 -mtls-dialect=gnu -fvisibility=hidden -fno-delete-null-pointer-checks -Wall -MT mpi-pow.lo -MD -MP -MF .deps/mpi-pow.Tpo -c mpi-pow.c  -fPIC -DPIC -o .libs/mpi-pow.o
libtool: compile:  ccache gcc -DHAVE_CONFIG_H -I. -I.. -I../src -I../src -std=gnu17 -mtls-dialect=gnu -fvisibility=hidden -fno-delete-null-pointer-checks -Wall -MT mpicoder.lo -MD -MP -MF .deps/mpicoder.Tpo -c mpicoder.c  -fPIC -DPIC -o .libs/mpicoder.o
libtool: compile:  ccache gcc -DHAVE_CONFIG_H -I. -I.. -I../src -I../src -std=gnu17 -mtls-dialect=gnu -fvisibility=hidden -fno-delete-null-pointer-checks -Wall -MT mpi-scan.lo -MD -MP -MF .deps/mpi-scan.Tpo -c mpi-scan.c  -fPIC -DPIC -o .libs/mpi-scan.o
mv -f .deps/mpi-inv.Tpo .deps/mpi-inv.Plo
libtool: compile:  ccache gcc -DHAVE_CONFIG_H -I. -I.. -I../src -I../src -std=gnu17 -mtls-dialect=gnu -fvisibility=hidden -fno-delete-null-pointer-checks -Wall -MT mpih-div.lo -MD -MP -MF .deps/mpih-div.Tpo -c mpih-div.c  -fPIC -DPIC -o .libs/mpih-div.o
/bin/sh ../libtool  --tag=CC   --mode=compile ccache gcc -DHAVE_CONFIG_H -I. -I..  -I../src -I../src   -std=gnu17   -mtls-dialect=gnu   -fvisibility=hidden -fno-delete-null-pointer-checks -Wall -MT mpih-mul.lo -MD -MP -MF .deps/mpih-mul.Tpo -c -o mpih-mul.lo mpih-mul.c
mv -f .deps/mpi-bit.Tpo .deps/mpi-bit.Plo
/bin/sh ../libtool  --tag=CC   --mode=compile ccache gcc -DHAVE_CONFIG_H -I. -I..  -I../src -I../src   -std=gnu17   -mtls-dialect=gnu   -fvisibility=hidden -fno-delete-null-pointer-checks -Wall -MT mpih-pow.lo -MD -MP -MF .deps/mpih-pow.Tpo -c -o mpih-pow.lo mpih-pow.c
libtool: compile:  ccache gcc -DHAVE_CONFIG_H -I. -I.. -I../src -I../src -std=gnu17 -mtls-dialect=gnu -fvisibility=hidden -fno-delete-null-pointer-checks -Wall -MT mpih-mul.lo -MD -MP -MF .deps/mpih-mul.Tpo -c mpih-mul.c  -fPIC -DPIC -o .libs/mpih-mul.o
libtool: compile:  ccache gcc -DHAVE_CONFIG_H -I. -I.. -I../src -I../src -std=gnu17 -mtls-dialect=gnu -fvisibility=hidden -fno-delete-null-pointer-checks -Wall -MT mpih-pow.lo -MD -MP -MF .deps/mpih-pow.Tpo -c mpih-pow.c  -fPIC -DPIC -o .libs/mpih-pow.o
mv -f .deps/mpi-mod.Tpo .deps/mpi-mod.Plo
/bin/sh ../libtool  --tag=CC   --mode=compile ccache gcc -DHAVE_CONFIG_H -I. -I..  -I../src -I../src   -std=gnu17   -mtls-dialect=gnu   -fvisibility=hidden -fno-delete-null-pointer-checks -Wall -MT mpih-const-time.lo -MD -MP -MF .deps/mpih-const-time.Tpo -c -o mpih-const-time.lo mpih-const-time.c
mv -f .deps/mpi-scan.Tpo .deps/mpi-scan.Plo
/bin/sh ../libtool  --tag=CC   --mode=compile ccache gcc -DHAVE_CONFIG_H -I. -I..  -I../src -I../src   -std=gnu17   -mtls-dialect=gnu   -fvisibility=hidden -fno-delete-null-pointer-checks -Wall -MT mpiutil.lo -MD -MP -MF .deps/mpiutil.Tpo -c -o mpiutil.lo mpiutil.c
libtool: compile:  ccache gcc -DHAVE_CONFIG_H -I. -I.. -I../src -I../src -std=gnu17 -mtls-dialect=gnu -fvisibility=hidden -fno-delete-null-pointer-checks -Wall -MT mpih-const-time.lo -MD -MP -MF .deps/mpih-const-time.Tpo -c mpih-const-time.c  -fPIC -DPIC -o .libs/mpih-const-time.o
libtool: compile:  ccache gcc -DHAVE_CONFIG_H -I. -I.. -I../src -I../src -std=gnu17 -mtls-dialect=gnu -fvisibility=hidden -fno-delete-null-pointer-checks -Wall -MT mpiutil.lo -MD -MP -MF .deps/mpiutil.Tpo -c mpiutil.c  -fPIC -DPIC -o .libs/mpiutil.o
mv -f .deps/mpi-mpow.Tpo .deps/mpi-mpow.Plo
/bin/sh ../libtool  --tag=CC   --mode=compile ccache gcc -DHAVE_CONFIG_H -I. -I..  -I../src -I../src   -std=gnu17   -mtls-dialect=gnu   -fvisibility=hidden -fno-delete-null-pointer-checks -Wall -MT ec.lo -MD -MP -MF .deps/ec.Tpo -c -o ec.lo ec.c
mv -f .deps/mpih-div.Tpo .deps/mpih-div.Plo
/bin/sh ../libtool  --tag=CC   --mode=compile ccache gcc -DHAVE_CONFIG_H -I. -I..  -I../src -I../src   -std=gnu17   -mtls-dialect=gnu   -fvisibility=hidden -fno-delete-null-pointer-checks -Wall -MT ec-ed25519.lo -MD -MP -MF .deps/ec-ed25519.Tpo -c -o ec-ed25519.lo ec-ed25519.c
libtool: compile:  ccache gcc -DHAVE_CONFIG_H -I. -I.. -I../src -I../src -std=gnu17 -mtls-dialect=gnu -fvisibility=hidden -fno-delete-null-pointer-checks -Wall -MT ec.lo -MD -MP -MF .deps/ec.Tpo -c ec.c  -fPIC -DPIC -o .libs/ec.o
libtool: compile:  ccache gcc -DHAVE_CONFIG_H -I. -I.. -I../src -I../src -std=gnu17 -mtls-dialect=gnu -fvisibility=hidden -fno-delete-null-pointer-checks -Wall -MT ec-ed25519.lo -MD -MP -MF .deps/ec-ed25519.Tpo -c ec-ed25519.c  -fPIC -DPIC -o .libs/ec-ed25519.o
mv -f .deps/mpi-pow.Tpo .deps/mpi-pow.Plo
/bin/sh ../libtool  --tag=CC   --mode=compile ccache gcc -DHAVE_CONFIG_H -I. -I..  -I../src -I../src   -std=gnu17   -mtls-dialect=gnu   -fvisibility=hidden -fno-delete-null-pointer-checks -Wall -MT ec-nist.lo -MD -MP -MF .deps/ec-nist.Tpo -c -o ec-nist.lo ec-nist.c
mv -f .deps/mpih-mul.Tpo .deps/mpih-mul.Plo
mv -f .deps/mpicoder.Tpo .deps/mpicoder.Plo
mv -f .deps/mpih-pow.Tpo .deps/mpih-pow.Plo
/bin/sh ../libtool  --tag=CC   --mode=compile ccache gcc -DHAVE_CONFIG_H -I. -I..  -I../src -I../src   -std=gnu17   -mtls-dialect=gnu   -fvisibility=hidden -fno-delete-null-pointer-checks -Wall -MT ec-hw-s390x.lo -MD -MP -MF .deps/ec-hw-s390x.Tpo -c -o ec-hw-s390x.lo ec-hw-s390x.c
/bin/sh ../libtool  --tag=CC   --mode=compile ccache gcc -DHAVE_CONFIG_H -I. -I..  -I../src -I../src  -Wa,--noexecstack -std=gnu17   -mtls-dialect=gnu   -MT mpih-add1-asm.lo -MD -MP -MF .deps/mpih-add1-asm.Tpo -c -o mpih-add1-asm.lo mpih-add1-asm.S
/bin/sh ../libtool  --tag=CC   --mode=compile ccache gcc -DHAVE_CONFIG_H -I. -I..  -I../src -I../src  -Wa,--noexecstack -std=gnu17   -mtls-dialect=gnu   -MT mpih-sub1-asm.lo -MD -MP -MF .deps/mpih-sub1-asm.Tpo -c -o mpih-sub1-asm.lo mpih-sub1-asm.S
libtool: compile:  ccache gcc -DHAVE_CONFIG_H -I. -I.. -I../src -I../src -std=gnu17 -mtls-dialect=gnu -fvisibility=hidden -fno-delete-null-pointer-checks -Wall -MT ec-nist.lo -MD -MP -MF .deps/ec-nist.Tpo -c ec-nist.c  -fPIC -DPIC -o .libs/ec-nist.o
libtool: compile:  ccache gcc -DHAVE_CONFIG_H -I. -I.. -I../src -I../src -Wa,--noexecstack -std=gnu17 -mtls-dialect=gnu -MT mpih-sub1-asm.lo -MD -MP -MF .deps/mpih-sub1-asm.Tpo -c mpih-sub1-asm.S  -fPIC -DPIC -o .libs/mpih-sub1-asm.o
libtool: compile:  ccache gcc -DHAVE_CONFIG_H -I. -I.. -I../src -I../src -std=gnu17 -mtls-dialect=gnu -fvisibility=hidden -fno-delete-null-pointer-checks -Wall -MT ec-hw-s390x.lo -MD -MP -MF .deps/ec-hw-s390x.Tpo -c ec-hw-s390x.c  -fPIC -DPIC -o .libs/ec-hw-s390x.o
mv -f .deps/mpih-const-time.Tpo .deps/mpih-const-time.Plo
libtool: compile:  ccache gcc -DHAVE_CONFIG_H -I. -I.. -I../src -I../src -Wa,--noexecstack -std=gnu17 -mtls-dialect=gnu -MT mpih-add1-asm.lo -MD -MP -MF .deps/mpih-add1-asm.Tpo -c mpih-add1-asm.S  -fPIC -DPIC -o .libs/mpih-add1-asm.o
/bin/sh ../libtool  --tag=CC   --mode=compile ccache gcc -DHAVE_CONFIG_H -I. -I..  -I../src -I../src  -Wa,--noexecstack -std=gnu17   -mtls-dialect=gnu   -MT mpih-mul1-asm.lo -MD -MP -MF .deps/mpih-mul1-asm.Tpo -c -o mpih-mul1-asm.lo mpih-mul1-asm.S
libtool: compile:  ccache gcc -DHAVE_CONFIG_H -I. -I.. -I../src -I../src -Wa,--noexecstack -std=gnu17 -mtls-dialect=gnu -MT mpih-mul1-asm.lo -MD -MP -MF .deps/mpih-mul1-asm.Tpo -c mpih-mul1-asm.S  -fPIC -DPIC -o .libs/mpih-mul1-asm.o
mv -f .deps/mpih-sub1-asm.Tpo .deps/mpih-sub1-asm.Plo
/bin/sh ../libtool  --tag=CC   --mode=compile ccache gcc -DHAVE_CONFIG_H -I. -I..  -I../src -I../src  -Wa,--noexecstack -std=gnu17   -mtls-dialect=gnu   -MT mpih-mul2-asm.lo -MD -MP -MF .deps/mpih-mul2-asm.Tpo -c -o mpih-mul2-asm.lo mpih-mul2-asm.S
mv -f .deps/mpih-add1-asm.Tpo .deps/mpih-add1-asm.Plo
mv -f .deps/ec-hw-s390x.Tpo .deps/ec-hw-s390x.Plo
/bin/sh ../libtool  --tag=CC   --mode=compile ccache gcc -DHAVE_CONFIG_H -I. -I..  -I../src -I../src  -Wa,--noexecstack -std=gnu17   -mtls-dialect=gnu   -MT mpih-mul3-asm.lo -MD -MP -MF .deps/mpih-mul3-asm.Tpo -c -o mpih-mul3-asm.lo mpih-mul3-asm.S
libtool: compile:  ccache gcc -DHAVE_CONFIG_H -I. -I.. -I../src -I../src -Wa,--noexecstack -std=gnu17 -mtls-dialect=gnu -MT mpih-mul2-asm.lo -MD -MP -MF .deps/mpih-mul2-asm.Tpo -c mpih-mul2-asm.S  -fPIC -DPIC -o .libs/mpih-mul2-asm.o
/bin/sh ../libtool  --tag=CC   --mode=compile ccache gcc -DHAVE_CONFIG_H -I. -I..  -I../src -I../src  -Wa,--noexecstack -std=gnu17   -mtls-dialect=gnu   -MT mpih-lshift-asm.lo -MD -MP -MF .deps/mpih-lshift-asm.Tpo -c -o mpih-lshift-asm.lo mpih-lshift-asm.S
mv -f .deps/mpih-mul1-asm.Tpo .deps/mpih-mul1-asm.Plo
libtool: compile:  ccache gcc -DHAVE_CONFIG_H -I. -I.. -I../src -I../src -Wa,--noexecstack -std=gnu17 -mtls-dialect=gnu -MT mpih-mul3-asm.lo -MD -MP -MF .deps/mpih-mul3-asm.Tpo -c mpih-mul3-asm.S  -fPIC -DPIC -o .libs/mpih-mul3-asm.o
/bin/sh ../libtool  --tag=CC   --mode=compile ccache gcc -DHAVE_CONFIG_H -I. -I..  -I../src -I../src  -Wa,--noexecstack -std=gnu17   -mtls-dialect=gnu   -MT mpih-rshift-asm.lo -MD -MP -MF .deps/mpih-rshift-asm.Tpo -c -o mpih-rshift-asm.lo mpih-rshift-asm.S
mv -f .deps/mpiutil.Tpo .deps/mpiutil.Plo
mv -f .deps/ec-ed25519.Tpo .deps/ec-ed25519.Plo
libtool: compile:  ccache gcc -DHAVE_CONFIG_H -I. -I.. -I../src -I../src -Wa,--noexecstack -std=gnu17 -mtls-dialect=gnu -MT mpih-lshift-asm.lo -MD -MP -MF .deps/mpih-lshift-asm.Tpo -c mpih-lshift-asm.S  -fPIC -DPIC -o .libs/mpih-lshift-asm.o
libtool: compile:  ccache gcc -DHAVE_CONFIG_H -I. -I.. -I../src -I../src -Wa,--noexecstack -std=gnu17 -mtls-dialect=gnu -MT mpih-rshift-asm.lo -MD -MP -MF .deps/mpih-rshift-asm.Tpo -c mpih-rshift-asm.S  -fPIC -DPIC -o .libs/mpih-rshift-asm.o
mv -f .deps/mpih-mul2-asm.Tpo .deps/mpih-mul2-asm.Plo
mv -f .deps/mpih-lshift-asm.Tpo .deps/mpih-lshift-asm.Plo
mv -f .deps/mpih-rshift-asm.Tpo .deps/mpih-rshift-asm.Plo
mv -f .deps/ec.Tpo .deps/ec.Plo
mv -f .deps/ec-nist.Tpo .deps/ec-nist.Plo
mv -f .deps/mpih-mul3-asm.Tpo .deps/mpih-mul3-asm.Plo
/bin/sh ../libtool  --tag=CC   --mode=link ccache gcc  -std=gnu17   -mtls-dialect=gnu   -fvisibility=hidden -fno-delete-null-pointer-checks -Wall   -o libmpi.la  mpi-add.lo mpi-bit.lo mpi-cmp.lo mpi-div.lo mpi-gcd.lo mpi-inline.lo mpi-inv.lo mpi-mul.lo mpi-mod.lo mpi-pow.lo mpi-mpow.lo mpi-scan.lo mpicoder.lo mpih-div.lo mpih-mul.lo mpih-pow.lo mpih-const-time.lo mpiutil.lo ec.lo ec-ed25519.lo ec-nist.lo ec-hw-s390x.lo mpih-add1-asm.lo mpih-sub1-asm.lo mpih-mul1-asm.lo mpih-mul2-asm.lo mpih-mul3-asm.lo mpih-lshift-asm.lo mpih-rshift-asm.lo    
libtool: link: ar cru .libs/libmpi.a .libs/mpi-add.o .libs/mpi-bit.o .libs/mpi-cmp.o .libs/mpi-div.o .libs/mpi-gcd.o .libs/mpi-inline.o .libs/mpi-inv.o .libs/mpi-mul.o .libs/mpi-mod.o .libs/mpi-pow.o .libs/mpi-mpow.o .libs/mpi-scan.o .libs/mpicoder.o .libs/mpih-div.o .libs/mpih-mul.o .libs/mpih-pow.o .libs/mpih-const-time.o .libs/mpiutil.o .libs/ec.o .libs/ec-ed25519.o .libs/ec-nist.o .libs/ec-hw-s390x.o .libs/mpih-add1-asm.o .libs/mpih-sub1-asm.o .libs/mpih-mul1-asm.o .libs/mpih-mul2-asm.o .libs/mpih-mul3-asm.o .libs/mpih-lshift-asm.o .libs/mpih-rshift-asm.o 
ar: `u' modifier ignored since `D' is the default (see `U')
libtool: link: ranlib .libs/libmpi.a
libtool: link: ( cd ".libs" && rm -f "libmpi.la" && ln -s "../libmpi.la" "libmpi.la" )
make[4]: Leaving directory '/build/arkana/src/libgcrypt-1.11.2/mpi'
Making all in cipher
make[4]: Entering directory '/build/arkana/src/libgcrypt-1.11.2/cipher'
/bin/sh ../libtool  --tag=CC   --mode=compile ccache gcc -DHAVE_CONFIG_H -I. -I..  -I../src -I../src -I../mpi -I../mpi   -std=gnu17   -mtls-dialect=gnu   -fvisibility=hidden -fno-delete-null-pointer-checks -Wall -MT cipher.lo -MD -MP -MF .deps/cipher.Tpo -c -o cipher.lo cipher.c
/bin/sh ../libtool  --tag=CC   --mode=compile ccache gcc -DHAVE_CONFIG_H -I. -I..  -I../src -I../src -I../mpi -I../mpi   -std=gnu17   -mtls-dialect=gnu   -fvisibility=hidden -fno-delete-null-pointer-checks -Wall -MT cipher-cbc.lo -MD -MP -MF .deps/cipher-cbc.Tpo -c -o cipher-cbc.lo cipher-cbc.c
/bin/sh ../libtool  --tag=CC   --mode=compile ccache gcc -DHAVE_CONFIG_H -I. -I..  -I../src -I../src -I../mpi -I../mpi   -std=gnu17   -mtls-dialect=gnu   -fvisibility=hidden -fno-delete-null-pointer-checks -Wall -MT cipher-cfb.lo -MD -MP -MF .deps/cipher-cfb.Tpo -c -o cipher-cfb.lo cipher-cfb.c
/bin/sh ../libtool  --tag=CC   --mode=compile ccache gcc -DHAVE_CONFIG_H -I. -I..  -I../src -I../src -I../mpi -I../mpi   -std=gnu17   -mtls-dialect=gnu   -fvisibility=hidden -fno-delete-null-pointer-checks -Wall -MT cipher-ofb.lo -MD -MP -MF .deps/cipher-ofb.Tpo -c -o cipher-ofb.lo cipher-ofb.c
/bin/sh ../libtool  --tag=CC   --mode=compile ccache gcc -DHAVE_CONFIG_H -I. -I..  -I../src -I../src -I../mpi -I../mpi   -std=gnu17   -mtls-dialect=gnu   -fvisibility=hidden -fno-delete-null-pointer-checks -Wall -MT cipher-ctr.lo -MD -MP -MF .deps/cipher-ctr.Tpo -c -o cipher-ctr.lo cipher-ctr.c
/bin/sh ../libtool  --tag=CC   --mode=compile ccache gcc -DHAVE_CONFIG_H -I. -I..  -I../src -I../src -I../mpi -I../mpi   -std=gnu17   -mtls-dialect=gnu   -fvisibility=hidden -fno-delete-null-pointer-checks -Wall -MT cipher-aeswrap.lo -MD -MP -MF .deps/cipher-aeswrap.Tpo -c -o cipher-aeswrap.lo cipher-aeswrap.c
/bin/sh ../libtool  --tag=CC   --mode=compile ccache gcc -DHAVE_CONFIG_H -I. -I..  -I../src -I../src -I../mpi -I../mpi   -std=gnu17   -mtls-dialect=gnu   -fvisibility=hidden -fno-delete-null-pointer-checks -Wall -MT cipher-ccm.lo -MD -MP -MF .deps/cipher-ccm.Tpo -c -o cipher-ccm.lo cipher-ccm.c
/bin/sh ../libtool  --tag=CC   --mode=compile ccache gcc -DHAVE_CONFIG_H -I. -I..  -I../src -I../src -I../mpi -I../mpi   -std=gnu17   -mtls-dialect=gnu   -fvisibility=hidden -fno-delete-null-pointer-checks -Wall -MT cipher-cmac.lo -MD -MP -MF .deps/cipher-cmac.Tpo -c -o cipher-cmac.lo cipher-cmac.c
libtool: compile:  ccache gcc -DHAVE_CONFIG_H -I. -I.. -I../src -I../src -I../mpi -I../mpi -std=gnu17 -mtls-dialect=gnu -fvisibility=hidden -fno-delete-null-pointer-checks -Wall -MT cipher-cfb.lo -MD -MP -MF .deps/cipher-cfb.Tpo -c cipher-cfb.c  -fPIC -DPIC -o .libs/cipher-cfb.o
libtool: compile:  ccache gcc -DHAVE_CONFIG_H -I. -I.. -I../src -I../src -I../mpi -I../mpi -std=gnu17 -mtls-dialect=gnu -fvisibility=hidden -fno-delete-null-pointer-checks -Wall -MT cipher.lo -MD -MP -MF .deps/cipher.Tpo -c cipher.c  -fPIC -DPIC -o .libs/cipher.o
libtool: compile:  ccache gcc -DHAVE_CONFIG_H -I. -I.. -I../src -I../src -I../mpi -I../mpi -std=gnu17 -mtls-dialect=gnu -fvisibility=hidden -fno-delete-null-pointer-checks -Wall -MT cipher-ofb.lo -MD -MP -MF .deps/cipher-ofb.Tpo -c cipher-ofb.c  -fPIC -DPIC -o .libs/cipher-ofb.o
libtool: compile:  ccache gcc -DHAVE_CONFIG_H -I. -I.. -I../src -I../src -I../mpi -I../mpi -std=gnu17 -mtls-dialect=gnu -fvisibility=hidden -fno-delete-null-pointer-checks -Wall -MT cipher-ctr.lo -MD -MP -MF .deps/cipher-ctr.Tpo -c cipher-ctr.c  -fPIC -DPIC -o .libs/cipher-ctr.o
libtool: compile:  ccache gcc -DHAVE_CONFIG_H -I. -I.. -I../src -I../src -I../mpi -I../mpi -std=gnu17 -mtls-dialect=gnu -fvisibility=hidden -fno-delete-null-pointer-checks -Wall -MT cipher-cbc.lo -MD -MP -MF .deps/cipher-cbc.Tpo -c cipher-cbc.c  -fPIC -DPIC -o .libs/cipher-cbc.o
libtool: compile:  ccache gcc -DHAVE_CONFIG_H -I. -I.. -I../src -I../src -I../mpi -I../mpi -std=gnu17 -mtls-dialect=gnu -fvisibility=hidden -fno-delete-null-pointer-checks -Wall -MT cipher-cmac.lo -MD -MP -MF .deps/cipher-cmac.Tpo -c cipher-cmac.c  -fPIC -DPIC -o .libs/cipher-cmac.o
libtool: compile:  ccache gcc -DHAVE_CONFIG_H -I. -I.. -I../src -I../src -I../mpi -I../mpi -std=gnu17 -mtls-dialect=gnu -fvisibility=hidden -fno-delete-null-pointer-checks -Wall -MT cipher-aeswrap.lo -MD -MP -MF .deps/cipher-aeswrap.Tpo -c cipher-aeswrap.c  -fPIC -DPIC -o .libs/cipher-aeswrap.o
libtool: compile:  ccache gcc -DHAVE_CONFIG_H -I. -I.. -I../src -I../src -I../mpi -I../mpi -std=gnu17 -mtls-dialect=gnu -fvisibility=hidden -fno-delete-null-pointer-checks -Wall -MT cipher-ccm.lo -MD -MP -MF .deps/cipher-ccm.Tpo -c cipher-ccm.c  -fPIC -DPIC -o .libs/cipher-ccm.o
mv -f .deps/cipher-ofb.Tpo .deps/cipher-ofb.Plo
/bin/sh ../libtool  --tag=CC   --mode=compile ccache gcc -DHAVE_CONFIG_H -I. -I..  -I../src -I../src -I../mpi -I../mpi   -std=gnu17   -mtls-dialect=gnu   -fvisibility=hidden -fno-delete-null-pointer-checks -Wall -MT cipher-gcm.lo -MD -MP -MF .deps/cipher-gcm.Tpo -c -o cipher-gcm.lo cipher-gcm.c
mv -f .deps/cipher-ctr.Tpo .deps/cipher-ctr.Plo
mv -f .deps/cipher-cbc.Tpo .deps/cipher-cbc.Plo
/bin/sh ../libtool  --tag=CC   --mode=compile ccache gcc -DHAVE_CONFIG_H -I. -I..  -I../src -I../src -I../mpi -I../mpi   -std=gnu17   -mtls-dialect=gnu   -fvisibility=hidden -fno-delete-null-pointer-checks -Wall -MT cipher-poly1305.lo -MD -MP -MF .deps/cipher-poly1305.Tpo -c -o cipher-poly1305.lo cipher-poly1305.c
/bin/sh ../libtool  --tag=CC   --mode=compile ccache gcc -DHAVE_CONFIG_H -I. -I..  -I../src -I../src -I../mpi -I../mpi   -std=gnu17   -mtls-dialect=gnu   -fvisibility=hidden -fno-delete-null-pointer-checks -Wall -MT cipher-ocb.lo -MD -MP -MF .deps/cipher-ocb.Tpo -c -o cipher-ocb.lo cipher-ocb.c
libtool: compile:  ccache gcc -DHAVE_CONFIG_H -I. -I.. -I../src -I../src -I../mpi -I../mpi -std=gnu17 -mtls-dialect=gnu -fvisibility=hidden -fno-delete-null-pointer-checks -Wall -MT cipher-gcm.lo -MD -MP -MF .deps/cipher-gcm.Tpo -c cipher-gcm.c  -fPIC -DPIC -o .libs/cipher-gcm.o
libtool: compile:  ccache gcc -DHAVE_CONFIG_H -I. -I.. -I../src -I../src -I../mpi -I../mpi -std=gnu17 -mtls-dialect=gnu -fvisibility=hidden -fno-delete-null-pointer-checks -Wall -MT cipher-ocb.lo -MD -MP -MF .deps/cipher-ocb.Tpo -c cipher-ocb.c  -fPIC -DPIC -o .libs/cipher-ocb.o
mv -f .deps/cipher-aeswrap.Tpo .deps/cipher-aeswrap.Plo
libtool: compile:  ccache gcc -DHAVE_CONFIG_H -I. -I.. -I../src -I../src -I../mpi -I../mpi -std=gnu17 -mtls-dialect=gnu -fvisibility=hidden -fno-delete-null-pointer-checks -Wall -MT cipher-poly1305.lo -MD -MP -MF .deps/cipher-poly1305.Tpo -c cipher-poly1305.c  -fPIC -DPIC -o .libs/cipher-poly1305.o
/bin/sh ../libtool  --tag=CC   --mode=compile ccache gcc -DHAVE_CONFIG_H -I. -I..  -I../src -I../src -I../mpi -I../mpi   -std=gnu17   -mtls-dialect=gnu   -fvisibility=hidden -fno-delete-null-pointer-checks -Wall -MT cipher-xts.lo -MD -MP -MF .deps/cipher-xts.Tpo -c -o cipher-xts.lo cipher-xts.c
mv -f .deps/cipher-cmac.Tpo .deps/cipher-cmac.Plo
mv -f .deps/cipher-cfb.Tpo .deps/cipher-cfb.Plo
/bin/sh ../libtool  --tag=CC   --mode=compile ccache gcc -DHAVE_CONFIG_H -I. -I..  -I../src -I../src -I../mpi -I../mpi   -std=gnu17   -mtls-dialect=gnu   -fvisibility=hidden -fno-delete-null-pointer-checks -Wall -MT cipher-eax.lo -MD -MP -MF .deps/cipher-eax.Tpo -c -o cipher-eax.lo cipher-eax.c
/bin/sh ../libtool  --tag=CC   --mode=compile ccache gcc -DHAVE_CONFIG_H -I. -I..  -I../src -I../src -I../mpi -I../mpi   -std=gnu17   -mtls-dialect=gnu   -fvisibility=hidden -fno-delete-null-pointer-checks -Wall -MT cipher-siv.lo -MD -MP -MF .deps/cipher-siv.Tpo -c -o cipher-siv.lo cipher-siv.c
libtool: compile:  ccache gcc -DHAVE_CONFIG_H -I. -I.. -I../src -I../src -I../mpi -I../mpi -std=gnu17 -mtls-dialect=gnu -fvisibility=hidden -fno-delete-null-pointer-checks -Wall -MT cipher-xts.lo -MD -MP -MF .deps/cipher-xts.Tpo -c cipher-xts.c  -fPIC -DPIC -o .libs/cipher-xts.o
mv -f .deps/cipher.Tpo .deps/cipher.Plo
/bin/sh ../libtool  --tag=CC   --mode=compile ccache gcc -DHAVE_CONFIG_H -I. -I..  -I../src -I../src -I../mpi -I../mpi   -std=gnu17   -mtls-dialect=gnu   -fvisibility=hidden -fno-delete-null-pointer-checks -Wall -MT cipher-gcm-siv.lo -MD -MP -MF .deps/cipher-gcm-siv.Tpo -c -o cipher-gcm-siv.lo cipher-gcm-siv.c
libtool: compile:  ccache gcc -DHAVE_CONFIG_H -I. -I.. -I../src -I../src -I../mpi -I../mpi -std=gnu17 -mtls-dialect=gnu -fvisibility=hidden -fno-delete-null-pointer-checks -Wall -MT cipher-siv.lo -MD -MP -MF .deps/cipher-siv.Tpo -c cipher-siv.c  -fPIC -DPIC -o .libs/cipher-siv.o
mv -f .deps/cipher-ccm.Tpo .deps/cipher-ccm.Plo
libtool: compile:  ccache gcc -DHAVE_CONFIG_H -I. -I.. -I../src -I../src -I../mpi -I../mpi -std=gnu17 -mtls-dialect=gnu -fvisibility=hidden -fno-delete-null-pointer-checks -Wall -MT cipher-eax.lo -MD -MP -MF .deps/cipher-eax.Tpo -c cipher-eax.c  -fPIC -DPIC -o .libs/cipher-eax.o
/bin/sh ../libtool  --tag=CC   --mode=compile ccache gcc -DHAVE_CONFIG_H -I. -I..  -I../src -I../src -I../mpi -I../mpi   -std=gnu17   -mtls-dialect=gnu   -fvisibility=hidden -fno-delete-null-pointer-checks -Wall -MT pubkey.lo -MD -MP -MF .deps/pubkey.Tpo -c -o pubkey.lo pubkey.c
libtool: compile:  ccache gcc -DHAVE_CONFIG_H -I. -I.. -I../src -I../src -I../mpi -I../mpi -std=gnu17 -mtls-dialect=gnu -fvisibility=hidden -fno-delete-null-pointer-checks -Wall -MT cipher-gcm-siv.lo -MD -MP -MF .deps/cipher-gcm-siv.Tpo -c cipher-gcm-siv.c  -fPIC -DPIC -o .libs/cipher-gcm-siv.o
libtool: compile:  ccache gcc -DHAVE_CONFIG_H -I. -I.. -I../src -I../src -I../mpi -I../mpi -std=gnu17 -mtls-dialect=gnu -fvisibility=hidden -fno-delete-null-pointer-checks -Wall -MT pubkey.lo -MD -MP -MF .deps/pubkey.Tpo -c pubkey.c  -fPIC -DPIC -o .libs/pubkey.o
mv -f .deps/cipher-xts.Tpo .deps/cipher-xts.Plo
/bin/sh ../libtool  --tag=CC   --mode=compile ccache gcc -DHAVE_CONFIG_H -I. -I..  -I../src -I../src -I../mpi -I../mpi   -std=gnu17   -mtls-dialect=gnu   -fvisibility=hidden -fno-delete-null-pointer-checks -Wall -MT pubkey-util.lo -MD -MP -MF .deps/pubkey-util.Tpo -c -o pubkey-util.lo pubkey-util.c
mv -f .deps/cipher-poly1305.Tpo .deps/cipher-poly1305.Plo
mv -f .deps/cipher-eax.Tpo .deps/cipher-eax.Plo
/bin/sh ../libtool  --tag=CC   --mode=compile ccache gcc -DHAVE_CONFIG_H -I. -I..  -I../src -I../src -I../mpi -I../mpi   -std=gnu17   -mtls-dialect=gnu   -fvisibility=hidden -fno-delete-null-pointer-checks -Wall -MT md.lo -MD -MP -MF .deps/md.Tpo -c -o md.lo md.c
/bin/sh ../libtool  --tag=CC   --mode=compile ccache gcc -DHAVE_CONFIG_H -I. -I..  -I../src -I../src -I../mpi -I../mpi   -std=gnu17   -mtls-dialect=gnu   -fvisibility=hidden -fno-delete-null-pointer-checks -Wall -MT mac.lo -MD -MP -MF .deps/mac.Tpo -c -o mac.lo mac.c
libtool: compile:  ccache gcc -DHAVE_CONFIG_H -I. -I.. -I../src -I../src -I../mpi -I../mpi -std=gnu17 -mtls-dialect=gnu -fvisibility=hidden -fno-delete-null-pointer-checks -Wall -MT pubkey-util.lo -MD -MP -MF .deps/pubkey-util.Tpo -c pubkey-util.c  -fPIC -DPIC -o .libs/pubkey-util.o
mv -f .deps/cipher-siv.Tpo .deps/cipher-siv.Plo
/bin/sh ../libtool  --tag=CC   --mode=compile ccache gcc -DHAVE_CONFIG_H -I. -I..  -I../src -I../src -I../mpi -I../mpi   -std=gnu17   -mtls-dialect=gnu   -fvisibility=hidden -fno-delete-null-pointer-checks -Wall -MT mac-hmac.lo -MD -MP -MF .deps/mac-hmac.Tpo -c -o mac-hmac.lo mac-hmac.c
libtool: compile:  ccache gcc -DHAVE_CONFIG_H -I. -I.. -I../src -I../src -I../mpi -I../mpi -std=gnu17 -mtls-dialect=gnu -fvisibility=hidden -fno-delete-null-pointer-checks -Wall -MT md.lo -MD -MP -MF .deps/md.Tpo -c md.c  -fPIC -DPIC -o .libs/md.o
libtool: compile:  ccache gcc -DHAVE_CONFIG_H -I. -I.. -I../src -I../src -I../mpi -I../mpi -std=gnu17 -mtls-dialect=gnu -fvisibility=hidden -fno-delete-null-pointer-checks -Wall -MT mac.lo -MD -MP -MF .deps/mac.Tpo -c mac.c  -fPIC -DPIC -o .libs/mac.o
mv -f .deps/cipher-ocb.Tpo .deps/cipher-ocb.Plo
/bin/sh ../libtool  --tag=CC   --mode=compile ccache gcc -DHAVE_CONFIG_H -I. -I..  -I../src -I../src -I../mpi -I../mpi   -std=gnu17   -mtls-dialect=gnu   -fvisibility=hidden -fno-delete-null-pointer-checks -Wall -MT mac-cmac.lo -MD -MP -MF .deps/mac-cmac.Tpo -c -o mac-cmac.lo mac-cmac.c
libtool: compile:  ccache gcc -DHAVE_CONFIG_H -I. -I.. -I../src -I../src -I../mpi -I../mpi -std=gnu17 -mtls-dialect=gnu -fvisibility=hidden -fno-delete-null-pointer-checks -Wall -MT mac-hmac.lo -MD -MP -MF .deps/mac-hmac.Tpo -c mac-hmac.c  -fPIC -DPIC -o .libs/mac-hmac.o
libtool: compile:  ccache gcc -DHAVE_CONFIG_H -I. -I.. -I../src -I../src -I../mpi -I../mpi -std=gnu17 -mtls-dialect=gnu -fvisibility=hidden -fno-delete-null-pointer-checks -Wall -MT mac-cmac.lo -MD -MP -MF .deps/mac-cmac.Tpo -c mac-cmac.c  -fPIC -DPIC -o .libs/mac-cmac.o
mv -f .deps/cipher-gcm-siv.Tpo .deps/cipher-gcm-siv.Plo
/bin/sh ../libtool  --tag=CC   --mode=compile ccache gcc -DHAVE_CONFIG_H -I. -I..  -I../src -I../src -I../mpi -I../mpi   -std=gnu17   -mtls-dialect=gnu   -fvisibility=hidden -fno-delete-null-pointer-checks -Wall -MT mac-gmac.lo -MD -MP -MF .deps/mac-gmac.Tpo -c -o mac-gmac.lo mac-gmac.c
mv -f .deps/cipher-gcm.Tpo .deps/cipher-gcm.Plo
/bin/sh ../libtool  --tag=CC   --mode=compile ccache gcc -DHAVE_CONFIG_H -I. -I..  -I../src -I../src -I../mpi -I../mpi   -std=gnu17   -mtls-dialect=gnu   -fvisibility=hidden -fno-delete-null-pointer-checks -Wall -MT mac-poly1305.lo -MD -MP -MF .deps/mac-poly1305.Tpo -c -o mac-poly1305.lo mac-poly1305.c
libtool: compile:  ccache gcc -DHAVE_CONFIG_H -I. -I.. -I../src -I../src -I../mpi -I../mpi -std=gnu17 -mtls-dialect=gnu -fvisibility=hidden -fno-delete-null-pointer-checks -Wall -MT mac-gmac.lo -MD -MP -MF .deps/mac-gmac.Tpo -c mac-gmac.c  -fPIC -DPIC -o .libs/mac-gmac.o
libtool: compile:  ccache gcc -DHAVE_CONFIG_H -I. -I.. -I../src -I../src -I../mpi -I../mpi -std=gnu17 -mtls-dialect=gnu -fvisibility=hidden -fno-delete-null-pointer-checks -Wall -MT mac-poly1305.lo -MD -MP -MF .deps/mac-poly1305.Tpo -c mac-poly1305.c  -fPIC -DPIC -o .libs/mac-poly1305.o
pubkey.c: In function '_gcry_pk_get_keygrip':
pubkey.c:972:7: warning: variable 'idx' set but not used [-Wunused-but-set-variable=]
  972 |   int idx;
      |       ^~~
mv -f .deps/pubkey.Tpo .deps/pubkey.Plo
/bin/sh ../libtool  --tag=CC   --mode=compile ccache gcc -DHAVE_CONFIG_H -I. -I..  -I../src -I../src -I../mpi -I../mpi   -std=gnu17   -mtls-dialect=gnu   -fvisibility=hidden -fno-delete-null-pointer-checks -Wall -MT poly1305.lo -MD -MP -MF .deps/poly1305.Tpo -c -o poly1305.lo poly1305.c
libtool: compile:  ccache gcc -DHAVE_CONFIG_H -I. -I.. -I../src -I../src -I../mpi -I../mpi -std=gnu17 -mtls-dialect=gnu -fvisibility=hidden -fno-delete-null-pointer-checks -Wall -MT poly1305.lo -MD -MP -MF .deps/poly1305.Tpo -c poly1305.c  -fPIC -DPIC -o .libs/poly1305.o
mv -f .deps/mac.Tpo .deps/mac.Plo
/bin/sh ../libtool  --tag=CC   --mode=compile ccache gcc -DHAVE_CONFIG_H -I. -I..  -I../src -I../src -I../mpi -I../mpi   -std=gnu17   -mtls-dialect=gnu   -fvisibility=hidden -fno-delete-null-pointer-checks -Wall -MT kem.lo -MD -MP -MF .deps/kem.Tpo -c -o kem.lo kem.c
mv -f .deps/mac-cmac.Tpo .deps/mac-cmac.Plo
/bin/sh ../libtool  --tag=CC   --mode=compile ccache gcc -DHAVE_CONFIG_H -I. -I..  -I../src -I../src -I../mpi -I../mpi   -std=gnu17   -mtls-dialect=gnu   -fvisibility=hidden -fno-delete-null-pointer-checks -Wall -MT sntrup761.lo -MD -MP -MF .deps/sntrup761.Tpo -c -o sntrup761.lo sntrup761.c
libtool: compile:  ccache gcc -DHAVE_CONFIG_H -I. -I.. -I../src -I../src -I../mpi -I../mpi -std=gnu17 -mtls-dialect=gnu -fvisibility=hidden -fno-delete-null-pointer-checks -Wall -MT kem.lo -MD -MP -MF .deps/kem.Tpo -c kem.c  -fPIC -DPIC -o .libs/kem.o
libtool: compile:  ccache gcc -DHAVE_CONFIG_H -I. -I.. -I../src -I../src -I../mpi -I../mpi -std=gnu17 -mtls-dialect=gnu -fvisibility=hidden -fno-delete-null-pointer-checks -Wall -MT sntrup761.lo -MD -MP -MF .deps/sntrup761.Tpo -c sntrup761.c  -fPIC -DPIC -o .libs/sntrup761.o
mv -f .deps/mac-hmac.Tpo .deps/mac-hmac.Plo
mv -f .deps/mac-gmac.Tpo .deps/mac-gmac.Plo
/bin/sh ../libtool  --tag=CC   --mode=compile ccache gcc -DHAVE_CONFIG_H -I. -I..  -I../src -I../src -I../mpi -I../mpi   -std=gnu17   -mtls-dialect=gnu   -fvisibility=hidden -fno-delete-null-pointer-checks -Wall -MT kem-ecc.lo -MD -MP -MF .deps/kem-ecc.Tpo -c -o kem-ecc.lo kem-ecc.c
/bin/sh ../libtool  --tag=CC   --mode=compile ccache gcc -DHAVE_CONFIG_H -I. -I..  -I../src -I../src -I../mpi -I../mpi   -std=gnu17   -mtls-dialect=gnu   -fvisibility=hidden -fno-delete-null-pointer-checks -Wall -MT mceliece6688128f.lo -MD -MP -MF .deps/mceliece6688128f.Tpo -c -o mceliece6688128f.lo mceliece6688128f.c
mv -f .deps/pubkey-util.Tpo .deps/pubkey-util.Plo
/bin/sh ../libtool  --tag=CC   --mode=compile ccache gcc -DHAVE_CONFIG_H -I. -I..  -I../src -I../src -I../mpi -I../mpi   -std=gnu17   -mtls-dialect=gnu   -fvisibility=hidden -fno-delete-null-pointer-checks -Wall -MT kdf.lo -MD -MP -MF .deps/kdf.Tpo -c -o kdf.lo kdf.c
libtool: compile:  ccache gcc -DHAVE_CONFIG_H -I. -I.. -I../src -I../src -I../mpi -I../mpi -std=gnu17 -mtls-dialect=gnu -fvisibility=hidden -fno-delete-null-pointer-checks -Wall -MT kem-ecc.lo -MD -MP -MF .deps/kem-ecc.Tpo -c kem-ecc.c  -fPIC -DPIC -o .libs/kem-ecc.o
libtool: compile:  ccache gcc -DHAVE_CONFIG_H -I. -I.. -I../src -I../src -I../mpi -I../mpi -std=gnu17 -mtls-dialect=gnu -fvisibility=hidden -fno-delete-null-pointer-checks -Wall -MT mceliece6688128f.lo -MD -MP -MF .deps/mceliece6688128f.Tpo -c mceliece6688128f.c  -fPIC -DPIC -o .libs/mceliece6688128f.o
libtool: compile:  ccache gcc -DHAVE_CONFIG_H -I. -I.. -I../src -I../src -I../mpi -I../mpi -std=gnu17 -mtls-dialect=gnu -fvisibility=hidden -fno-delete-null-pointer-checks -Wall -MT kdf.lo -MD -MP -MF .deps/kdf.Tpo -c kdf.c  -fPIC -DPIC -o .libs/kdf.o
mv -f .deps/md.Tpo .deps/md.Plo
mv -f .deps/mac-poly1305.Tpo .deps/mac-poly1305.Plo
/bin/sh ../libtool  --tag=CC   --mode=compile ccache gcc -DHAVE_CONFIG_H -I. -I..  -I../src -I../src -I../mpi -I../mpi   -std=gnu17   -mtls-dialect=gnu   -fvisibility=hidden -fno-delete-null-pointer-checks -Wall -MT primegen.lo -MD -MP -MF .deps/primegen.Tpo -c -o primegen.lo primegen.c
/bin/sh ../libtool  --tag=CC   --mode=compile ccache gcc -DHAVE_CONFIG_H -I. -I..  -I../src -I../src -I../mpi -I../mpi   -std=gnu17   -mtls-dialect=gnu   -fvisibility=hidden -fno-delete-null-pointer-checks -Wall -MT hash-common.lo -MD -MP -MF .deps/hash-common.Tpo -c -o hash-common.lo hash-common.c
libtool: compile:  ccache gcc -DHAVE_CONFIG_H -I. -I.. -I../src -I../src -I../mpi -I../mpi -std=gnu17 -mtls-dialect=gnu -fvisibility=hidden -fno-delete-null-pointer-checks -Wall -MT hash-common.lo -MD -MP -MF .deps/hash-common.Tpo -c hash-common.c  -fPIC -DPIC -o .libs/hash-common.o
libtool: compile:  ccache gcc -DHAVE_CONFIG_H -I. -I.. -I../src -I../src -I../mpi -I../mpi -std=gnu17 -mtls-dialect=gnu -fvisibility=hidden -fno-delete-null-pointer-checks -Wall -MT primegen.lo -MD -MP -MF .deps/primegen.Tpo -c primegen.c  -fPIC -DPIC -o .libs/primegen.o
mv -f .deps/poly1305.Tpo .deps/poly1305.Plo
/bin/sh ../libtool  --tag=CC   --mode=compile ccache gcc -DHAVE_CONFIG_H -I. -I..  -I../src -I../src -I../mpi -I../mpi   -std=gnu17   -mtls-dialect=gnu   -fvisibility=hidden -fno-delete-null-pointer-checks -Wall -MT dsa-common.lo -MD -MP -MF .deps/dsa-common.Tpo -c -o dsa-common.lo dsa-common.c
libtool: compile:  ccache gcc -DHAVE_CONFIG_H -I. -I.. -I../src -I../src -I../mpi -I../mpi -std=gnu17 -mtls-dialect=gnu -fvisibility=hidden -fno-delete-null-pointer-checks -Wall -MT dsa-common.lo -MD -MP -MF .deps/dsa-common.Tpo -c dsa-common.c  -fPIC -DPIC -o .libs/dsa-common.o
mv -f .deps/kem.Tpo .deps/kem.Plo
/bin/sh ../libtool  --tag=CC   --mode=compile ccache gcc -DHAVE_CONFIG_H -I. -I..  -I../src -I../src -I../mpi -I../mpi   -std=gnu17   -mtls-dialect=gnu   -fvisibility=hidden -fno-delete-null-pointer-checks -Wall -MT rsa-common.lo -MD -MP -MF .deps/rsa-common.Tpo -c -o rsa-common.lo rsa-common.c
mv -f .deps/kem-ecc.Tpo .deps/kem-ecc.Plo
/bin/sh ../libtool  --tag=CC   --mode=compile ccache gcc -DHAVE_CONFIG_H -I. -I..  -I../src -I../src -I../mpi -I../mpi   -std=gnu17   -mtls-dialect=gnu   -fvisibility=hidden -fno-delete-null-pointer-checks -Wall -MT arcfour.lo -MD -MP -MF .deps/arcfour.Tpo -c -o arcfour.lo arcfour.c
libtool: compile:  ccache gcc -DHAVE_CONFIG_H -I. -I.. -I../src -I../src -I../mpi -I../mpi -std=gnu17 -mtls-dialect=gnu -fvisibility=hidden -fno-delete-null-pointer-checks -Wall -MT rsa-common.lo -MD -MP -MF .deps/rsa-common.Tpo -c rsa-common.c  -fPIC -DPIC -o .libs/rsa-common.o
libtool: compile:  ccache gcc -DHAVE_CONFIG_H -I. -I.. -I../src -I../src -I../mpi -I../mpi -std=gnu17 -mtls-dialect=gnu -fvisibility=hidden -fno-delete-null-pointer-checks -Wall -MT arcfour.lo -MD -MP -MF .deps/arcfour.Tpo -c arcfour.c  -fPIC -DPIC -o .libs/arcfour.o
mv -f .deps/hash-common.Tpo .deps/hash-common.Plo
/bin/sh ../libtool  --tag=CC   --mode=compile ccache gcc -DHAVE_CONFIG_H -I. -I..  -I../src -I../src -I../mpi -I../mpi   -std=gnu17   -mtls-dialect=gnu   -fvisibility=hidden -fno-delete-null-pointer-checks -Wall -MT blowfish.lo -MD -MP -MF .deps/blowfish.Tpo -c -o blowfish.lo blowfish.c
mv -f .deps/sntrup761.Tpo .deps/sntrup761.Plo
/bin/sh ../libtool  --tag=CC   --mode=compile ccache gcc -DHAVE_CONFIG_H -I. -I..  -I../src -I../src -I../mpi -I../mpi   -std=gnu17   -mtls-dialect=gnu   -fvisibility=hidden -fno-delete-null-pointer-checks -Wall -MT cast5.lo -MD -MP -MF .deps/cast5.Tpo -c -o cast5.lo cast5.c
libtool: compile:  ccache gcc -DHAVE_CONFIG_H -I. -I.. -I../src -I../src -I../mpi -I../mpi -std=gnu17 -mtls-dialect=gnu -fvisibility=hidden -fno-delete-null-pointer-checks -Wall -MT blowfish.lo -MD -MP -MF .deps/blowfish.Tpo -c blowfish.c  -fPIC -DPIC -o .libs/blowfish.o
libtool: compile:  ccache gcc -DHAVE_CONFIG_H -I. -I.. -I../src -I../src -I../mpi -I../mpi -std=gnu17 -mtls-dialect=gnu -fvisibility=hidden -fno-delete-null-pointer-checks -Wall -MT cast5.lo -MD -MP -MF .deps/cast5.Tpo -c cast5.c  -fPIC -DPIC -o .libs/cast5.o
mv -f .deps/dsa-common.Tpo .deps/dsa-common.Plo
/bin/sh ../libtool  --tag=CC   --mode=compile ccache gcc -DHAVE_CONFIG_H -I. -I..  -I../src -I../src -I../mpi -I../mpi   -std=gnu17   -mtls-dialect=gnu   -fvisibility=hidden -fno-delete-null-pointer-checks -Wall -MT des.lo -MD -MP -MF .deps/des.Tpo -c -o des.lo des.c
libtool: compile:  ccache gcc -DHAVE_CONFIG_H -I. -I.. -I../src -I../src -I../mpi -I../mpi -std=gnu17 -mtls-dialect=gnu -fvisibility=hidden -fno-delete-null-pointer-checks -Wall -MT des.lo -MD -MP -MF .deps/des.Tpo -c des.c  -fPIC -DPIC -o .libs/des.o
mv -f .deps/primegen.Tpo .deps/primegen.Plo
mv -f .deps/arcfour.Tpo .deps/arcfour.Plo
/bin/sh ../libtool  --tag=CC   --mode=compile ccache gcc -DHAVE_CONFIG_H -I. -I..  -I../src -I../src -I../mpi -I../mpi   -std=gnu17   -mtls-dialect=gnu   -fvisibility=hidden -fno-delete-null-pointer-checks -Wall -MT rijndael.lo -MD -MP -MF .deps/rijndael.Tpo -c -o rijndael.lo rijndael.c
/bin/sh ../libtool  --tag=CC   --mode=compile ccache gcc -DHAVE_CONFIG_H -I. -I..  -I../src -I../src -I../mpi -I../mpi   -std=gnu17   -mtls-dialect=gnu   -fvisibility=hidden -fno-delete-null-pointer-checks -Wall -MT twofish.lo -MD -MP -MF .deps/twofish.Tpo -c -o twofish.lo twofish.c
libtool: compile:  ccache gcc -DHAVE_CONFIG_H -I. -I.. -I../src -I../src -I../mpi -I../mpi -std=gnu17 -mtls-dialect=gnu -fvisibility=hidden -fno-delete-null-pointer-checks -Wall -MT rijndael.lo -MD -MP -MF .deps/rijndael.Tpo -c rijndael.c  -fPIC -DPIC -o .libs/rijndael.o
libtool: compile:  ccache gcc -DHAVE_CONFIG_H -I. -I.. -I../src -I../src -I../mpi -I../mpi -std=gnu17 -mtls-dialect=gnu -fvisibility=hidden -fno-delete-null-pointer-checks -Wall -MT twofish.lo -MD -MP -MF .deps/twofish.Tpo -c twofish.c  -fPIC -DPIC -o .libs/twofish.o
mv -f .deps/rsa-common.Tpo .deps/rsa-common.Plo
/bin/sh ../libtool  --tag=CC   --mode=compile ccache gcc -DHAVE_CONFIG_H -I. -I..  -I../src -I../src -I../mpi -I../mpi   -std=gnu17   -mtls-dialect=gnu   -fvisibility=hidden -fno-delete-null-pointer-checks -Wall -MT serpent.lo -MD -MP -MF .deps/serpent.Tpo -c -o serpent.lo serpent.c
libtool: compile:  ccache gcc -DHAVE_CONFIG_H -I. -I.. -I../src -I../src -I../mpi -I../mpi -std=gnu17 -mtls-dialect=gnu -fvisibility=hidden -fno-delete-null-pointer-checks -Wall -MT serpent.lo -MD -MP -MF .deps/serpent.Tpo -c serpent.c  -fPIC -DPIC -o .libs/serpent.o
mv -f .deps/kdf.Tpo .deps/kdf.Plo
/bin/sh ../libtool  --tag=CC   --mode=compile ccache gcc -DHAVE_CONFIG_H -I. -I..  -I../src -I../src -I../mpi -I../mpi   -std=gnu17   -mtls-dialect=gnu   -fvisibility=hidden -fno-delete-null-pointer-checks -Wall -MT rfc2268.lo -MD -MP -MF .deps/rfc2268.Tpo -c -o rfc2268.lo rfc2268.c
mv -f .deps/blowfish.Tpo .deps/blowfish.Plo
libtool: compile:  ccache gcc -DHAVE_CONFIG_H -I. -I.. -I../src -I../src -I../mpi -I../mpi -std=gnu17 -mtls-dialect=gnu -fvisibility=hidden -fno-delete-null-pointer-checks -Wall -MT rfc2268.lo -MD -MP -MF .deps/rfc2268.Tpo -c rfc2268.c  -fPIC -DPIC -o .libs/rfc2268.o
/bin/sh ../libtool  --tag=CC   --mode=compile ccache gcc -DHAVE_CONFIG_H -I. -I..  -I../src -I../src -I../mpi -I../mpi   -std=gnu17   -mtls-dialect=gnu   -fvisibility=hidden -fno-delete-null-pointer-checks -Wall -MT seed.lo -MD -MP -MF .deps/seed.Tpo -c -o seed.lo seed.c
mv -f .deps/cast5.Tpo .deps/cast5.Plo
libtool: compile:  ccache gcc -DHAVE_CONFIG_H -I. -I.. -I../src -I../src -I../mpi -I../mpi -std=gnu17 -mtls-dialect=gnu -fvisibility=hidden -fno-delete-null-pointer-checks -Wall -MT seed.lo -MD -MP -MF .deps/seed.Tpo -c seed.c  -fPIC -DPIC -o .libs/seed.o
/bin/sh ../libtool  --tag=CC   --mode=compile ccache gcc -DHAVE_CONFIG_H -I. -I..  -I../src -I../src -I../mpi -I../mpi   -std=gnu17   -mtls-dialect=gnu   -fvisibility=hidden -fno-delete-null-pointer-checks -Wall -MT camellia.lo -MD -MP -MF .deps/camellia.Tpo -c -o camellia.lo camellia.c
libtool: compile:  ccache gcc -DHAVE_CONFIG_H -I. -I.. -I../src -I../src -I../mpi -I../mpi -std=gnu17 -mtls-dialect=gnu -fvisibility=hidden -fno-delete-null-pointer-checks -Wall -MT camellia.lo -MD -MP -MF .deps/camellia.Tpo -c camellia.c  -fPIC -DPIC -o .libs/camellia.o
mv -f .deps/des.Tpo .deps/des.Plo
/bin/sh ../libtool  --tag=CC   --mode=compile ccache gcc -DHAVE_CONFIG_H -I. -I..  -I../src -I../src -I../mpi -I../mpi   -std=gnu17   -mtls-dialect=gnu   -fvisibility=hidden -fno-delete-null-pointer-checks -Wall -MT camellia-glue.lo -MD -MP -MF .deps/camellia-glue.Tpo -c -o camellia-glue.lo camellia-glue.c
mv -f .deps/mceliece6688128f.Tpo .deps/mceliece6688128f.Plo
/bin/sh ../libtool  --tag=CC   --mode=compile ccache gcc -DHAVE_CONFIG_H -I. -I..  -I../src -I../src -I../mpi -I../mpi   -std=gnu17   -mtls-dialect=gnu   -fvisibility=hidden -fno-delete-null-pointer-checks -Wall -MT idea.lo -MD -MP -MF .deps/idea.Tpo -c -o idea.lo idea.c
libtool: compile:  ccache gcc -DHAVE_CONFIG_H -I. -I.. -I../src -I../src -I../mpi -I../mpi -std=gnu17 -mtls-dialect=gnu -fvisibility=hidden -fno-delete-null-pointer-checks -Wall -MT camellia-glue.lo -MD -MP -MF .deps/camellia-glue.Tpo -c camellia-glue.c  -fPIC -DPIC -o .libs/camellia-glue.o
libtool: compile:  ccache gcc -DHAVE_CONFIG_H -I. -I.. -I../src -I../src -I../mpi -I../mpi -std=gnu17 -mtls-dialect=gnu -fvisibility=hidden -fno-delete-null-pointer-checks -Wall -MT idea.lo -MD -MP -MF .deps/idea.Tpo -c idea.c  -fPIC -DPIC -o .libs/idea.o
mv -f .deps/rijndael.Tpo .deps/rijndael.Plo
/bin/sh ../libtool  --tag=CC   --mode=compile ccache gcc -DHAVE_CONFIG_H -I. -I..  -I../src -I../src -I../mpi -I../mpi   -std=gnu17   -mtls-dialect=gnu   -fvisibility=hidden -fno-delete-null-pointer-checks -Wall -MT salsa20.lo -MD -MP -MF .deps/salsa20.Tpo -c -o salsa20.lo salsa20.c
libtool: compile:  ccache gcc -DHAVE_CONFIG_H -I. -I.. -I../src -I../src -I../mpi -I../mpi -std=gnu17 -mtls-dialect=gnu -fvisibility=hidden -fno-delete-null-pointer-checks -Wall -MT salsa20.lo -MD -MP -MF .deps/salsa20.Tpo -c salsa20.c  -fPIC -DPIC -o .libs/salsa20.o
mv -f .deps/rfc2268.Tpo .deps/rfc2268.Plo
ccache gcc   \
     -o gost-s-box ./gost-s-box.c
mv -f .deps/twofish.Tpo .deps/twofish.Plo
/bin/sh ../libtool  --tag=CC   --mode=compile ccache gcc -DHAVE_CONFIG_H -I. -I..  -I../src -I../src -I../mpi -I../mpi   -std=gnu17   -mtls-dialect=gnu   -fvisibility=hidden -fno-delete-null-pointer-checks -Wall -MT chacha20.lo -MD -MP -MF .deps/chacha20.Tpo -c -o chacha20.lo chacha20.c
mv -f .deps/seed.Tpo .deps/seed.Plo
libtool: compile:  ccache gcc -DHAVE_CONFIG_H -I. -I.. -I../src -I../src -I../mpi -I../mpi -std=gnu17 -mtls-dialect=gnu -fvisibility=hidden -fno-delete-null-pointer-checks -Wall -MT chacha20.lo -MD -MP -MF .deps/chacha20.Tpo -c chacha20.c  -fPIC -DPIC -o .libs/chacha20.o
/bin/sh ../libtool  --tag=CC   --mode=compile ccache gcc -DHAVE_CONFIG_H -I. -I..  -I../src -I../src -I../mpi -I../mpi   -std=gnu17   -mtls-dialect=gnu   -fvisibility=hidden -fno-delete-null-pointer-checks -Wall -MT sm4.lo -MD -MP -MF .deps/sm4.Tpo -c -o sm4.lo sm4.c
/bin/sh ../libtool  --tag=CC   --mode=compile ccache gcc -DHAVE_CONFIG_H -I. -I..  -I../src -I../src -I../mpi -I../mpi   -std=gnu17   -mtls-dialect=gnu   -fvisibility=hidden -fno-delete-null-pointer-checks -Wall -MT aria.lo -MD -MP -MF .deps/aria.Tpo -c -o aria.lo aria.c
libtool: compile:  ccache gcc -DHAVE_CONFIG_H -I. -I.. -I../src -I../src -I../mpi -I../mpi -std=gnu17 -mtls-dialect=gnu -fvisibility=hidden -fno-delete-null-pointer-checks -Wall -MT sm4.lo -MD -MP -MF .deps/sm4.Tpo -c sm4.c  -fPIC -DPIC -o .libs/sm4.o
mv -f .deps/idea.Tpo .deps/idea.Plo
/bin/sh ../libtool  --tag=CC   --mode=compile ccache gcc -DHAVE_CONFIG_H -I. -I..  -I../src -I../src -I../mpi -I../mpi  -Wa,--noexecstack -std=gnu17   -mtls-dialect=gnu   -MT arcfour-amd64.lo -MD -MP -MF .deps/arcfour-amd64.Tpo -c -o arcfour-amd64.lo arcfour-amd64.S
libtool: compile:  ccache gcc -DHAVE_CONFIG_H -I. -I.. -I../src -I../src -I../mpi -I../mpi -std=gnu17 -mtls-dialect=gnu -fvisibility=hidden -fno-delete-null-pointer-checks -Wall -MT aria.lo -MD -MP -MF .deps/aria.Tpo -c aria.c  -fPIC -DPIC -o .libs/aria.o
mv -f .deps/salsa20.Tpo .deps/salsa20.Plo
/bin/sh ../libtool  --tag=CC   --mode=compile ccache gcc -DHAVE_CONFIG_H -I. -I..  -I../src -I../src -I../mpi -I../mpi  -Wa,--noexecstack -std=gnu17   -mtls-dialect=gnu   -MT blowfish-amd64.lo -MD -MP -MF .deps/blowfish-amd64.Tpo -c -o blowfish-amd64.lo blowfish-amd64.S
libtool: compile:  ccache gcc -DHAVE_CONFIG_H -I. -I.. -I../src -I../src -I../mpi -I../mpi -Wa,--noexecstack -std=gnu17 -mtls-dialect=gnu -MT arcfour-amd64.lo -MD -MP -MF .deps/arcfour-amd64.Tpo -c arcfour-amd64.S  -fPIC -DPIC -o .libs/arcfour-amd64.o
libtool: compile:  ccache gcc -DHAVE_CONFIG_H -I. -I.. -I../src -I../src -I../mpi -I../mpi -Wa,--noexecstack -std=gnu17 -mtls-dialect=gnu -MT blowfish-amd64.lo -MD -MP -MF .deps/blowfish-amd64.Tpo -c blowfish-amd64.S  -fPIC -DPIC -o .libs/blowfish-amd64.o
mv -f .deps/arcfour-amd64.Tpo .deps/arcfour-amd64.Plo
/bin/sh ../libtool  --tag=CC   --mode=compile ccache gcc -DHAVE_CONFIG_H -I. -I..  -I../src -I../src -I../mpi -I../mpi  -Wa,--noexecstack -std=gnu17   -mtls-dialect=gnu   -MT cast5-amd64.lo -MD -MP -MF .deps/cast5-amd64.Tpo -c -o cast5-amd64.lo cast5-amd64.S
mv -f .deps/camellia-glue.Tpo .deps/camellia-glue.Plo
/bin/sh ../libtool  --tag=CC   --mode=compile ccache gcc -DHAVE_CONFIG_H -I. -I..  -I../src -I../src -I../mpi -I../mpi  -Wa,--noexecstack -std=gnu17   -mtls-dialect=gnu   -MT des-amd64.lo -MD -MP -MF .deps/des-amd64.Tpo -c -o des-amd64.lo des-amd64.S
libtool: compile:  ccache gcc -DHAVE_CONFIG_H -I. -I.. -I../src -I../src -I../mpi -I../mpi -Wa,--noexecstack -std=gnu17 -mtls-dialect=gnu -MT cast5-amd64.lo -MD -MP -MF .deps/cast5-amd64.Tpo -c cast5-amd64.S  -fPIC -DPIC -o .libs/cast5-amd64.o
mv -f .deps/blowfish-amd64.Tpo .deps/blowfish-amd64.Plo
/bin/sh ../libtool  --tag=CC   --mode=compile ccache gcc -DHAVE_CONFIG_H -I. -I..  -I../src -I../src -I../mpi -I../mpi  -Wa,--noexecstack -std=gnu17   -mtls-dialect=gnu   -MT rijndael-amd64.lo -MD -MP -MF .deps/rijndael-amd64.Tpo -c -o rijndael-amd64.lo rijndael-amd64.S
libtool: compile:  ccache gcc -DHAVE_CONFIG_H -I. -I.. -I../src -I../src -I../mpi -I../mpi -Wa,--noexecstack -std=gnu17 -mtls-dialect=gnu -MT des-amd64.lo -MD -MP -MF .deps/des-amd64.Tpo -c des-amd64.S  -fPIC -DPIC -o .libs/des-amd64.o
libtool: compile:  ccache gcc -DHAVE_CONFIG_H -I. -I.. -I../src -I../src -I../mpi -I../mpi -Wa,--noexecstack -std=gnu17 -mtls-dialect=gnu -MT rijndael-amd64.lo -MD -MP -MF .deps/rijndael-amd64.Tpo -c rijndael-amd64.S  -fPIC -DPIC -o .libs/rijndael-amd64.o
mv -f .deps/camellia.Tpo .deps/camellia.Plo
`echo /bin/sh ../libtool  --tag=CC   --mode=compile ccache gcc -DHAVE_CONFIG_H -I. -I..  -I../src -I../src -I../mpi -I../mpi   -std=gnu17   -mtls-dialect=gnu   -fvisibility=hidden -fno-delete-null-pointer-checks -Wall -c rijndael-ssse3-amd64.c | sed -e 's/-fsanitize[=,\-][=,a-z,A-Z,0-9,\,,\-]*//g' -e 's/-fprofile[=,\-][=,a-z,A-Z,0-9,\,,\-]*//g' -e 's/-fcoverage[=,\-][=,a-z,A-Z,0-9,\,,\-]*//g' `
mv -f .deps/chacha20.Tpo .deps/chacha20.Plo
/bin/sh ../libtool  --tag=CC   --mode=compile ccache gcc -DHAVE_CONFIG_H -I. -I..  -I../src -I../src -I../mpi -I../mpi  -Wa,--noexecstack -std=gnu17   -mtls-dialect=gnu   -MT rijndael-ssse3-amd64-asm.lo -MD -MP -MF .deps/rijndael-ssse3-amd64-asm.Tpo -c -o rijndael-ssse3-amd64-asm.lo rijndael-ssse3-amd64-asm.S
libtool: compile:  ccache gcc -DHAVE_CONFIG_H -I. -I.. -I../src -I../src -I../mpi -I../mpi -Wa,--noexecstack -std=gnu17 -mtls-dialect=gnu -MT rijndael-ssse3-amd64-asm.lo -MD -MP -MF .deps/rijndael-ssse3-amd64-asm.Tpo -c rijndael-ssse3-amd64-asm.S  -fPIC -DPIC -o .libs/rijndael-ssse3-amd64-asm.o
libtool: compile:  ccache gcc -DHAVE_CONFIG_H -I. -I.. -I../src -I../src -I../mpi -I../mpi -std=gnu17 -mtls-dialect=gnu -fvisibility=hidden -fno-delete-null-pointer-checks -Wall -c rijndael-ssse3-amd64.c  -fPIC -DPIC -o .libs/rijndael-ssse3-amd64.o
mv -f .deps/cast5-amd64.Tpo .deps/cast5-amd64.Plo
/bin/sh ../libtool  --tag=CC   --mode=compile ccache gcc -DHAVE_CONFIG_H -I. -I..  -I../src -I../src -I../mpi -I../mpi   -std=gnu17   -mtls-dialect=gnu   -fvisibility=hidden -fno-delete-null-pointer-checks -Wall -MT rijndael-vaes.lo -MD -MP -MF .deps/rijndael-vaes.Tpo -c -o rijndael-vaes.lo rijndael-vaes.c
mv -f .deps/rijndael-amd64.Tpo .deps/rijndael-amd64.Plo
/bin/sh ../libtool  --tag=CC   --mode=compile ccache gcc -DHAVE_CONFIG_H -I. -I..  -I../src -I../src -I../mpi -I../mpi  -Wa,--noexecstack -std=gnu17   -mtls-dialect=gnu   -MT rijndael-vaes-avx2-amd64.lo -MD -MP -MF .deps/rijndael-vaes-avx2-amd64.Tpo -c -o rijndael-vaes-avx2-amd64.lo rijndael-vaes-avx2-amd64.S
mv -f .deps/serpent.Tpo .deps/serpent.Plo
`echo /bin/sh ../libtool  --tag=CC   --mode=compile ccache gcc -DHAVE_CONFIG_H -I. -I..  -I../src -I../src -I../mpi -I../mpi   -std=gnu17   -mtls-dialect=gnu   -fvisibility=hidden -fno-delete-null-pointer-checks -Wall -c rijndael-aesni.c | sed -e 's/-fsanitize[=,\-][=,a-z,A-Z,0-9,\,,\-]*//g' -e 's/-fprofile[=,\-][=,a-z,A-Z,0-9,\,,\-]*//g' -e 's/-fcoverage[=,\-][=,a-z,A-Z,0-9,\,,\-]*//g' `
libtool: compile:  ccache gcc -DHAVE_CONFIG_H -I. -I.. -I../src -I../src -I../mpi -I../mpi -std=gnu17 -mtls-dialect=gnu -fvisibility=hidden -fno-delete-null-pointer-checks -Wall -MT rijndael-vaes.lo -MD -MP -MF .deps/rijndael-vaes.Tpo -c rijndael-vaes.c  -fPIC -DPIC -o .libs/rijndael-vaes.o
libtool: compile:  ccache gcc -DHAVE_CONFIG_H -I. -I.. -I../src -I../src -I../mpi -I../mpi -Wa,--noexecstack -std=gnu17 -mtls-dialect=gnu -MT rijndael-vaes-avx2-amd64.lo -MD -MP -MF .deps/rijndael-vaes-avx2-amd64.Tpo -c rijndael-vaes-avx2-amd64.S  -fPIC -DPIC -o .libs/rijndael-vaes-avx2-amd64.o
mv -f .deps/rijndael-ssse3-amd64-asm.Tpo .deps/rijndael-ssse3-amd64-asm.Plo
/bin/sh ../libtool  --tag=CC   --mode=compile ccache gcc -DHAVE_CONFIG_H -I. -I..  -I../src -I../src -I../mpi -I../mpi   -std=gnu17   -mtls-dialect=gnu   -fvisibility=hidden -fno-delete-null-pointer-checks -Wall -MT rijndael-padlock.lo -MD -MP -MF .deps/rijndael-padlock.Tpo -c -o rijndael-padlock.lo rijndael-padlock.c
mv -f .deps/des-amd64.Tpo .deps/des-amd64.Plo
/bin/sh ../libtool  --tag=CC   --mode=compile ccache gcc -DHAVE_CONFIG_H -I. -I..  -I../src -I../src -I../mpi -I../mpi  -Wa,--noexecstack -std=gnu17   -mtls-dialect=gnu   -MT twofish-amd64.lo -MD -MP -MF .deps/twofish-amd64.Tpo -c -o twofish-amd64.lo twofish-amd64.S
mv -f .deps/sm4.Tpo .deps/sm4.Plo
libtool: compile:  ccache gcc -DHAVE_CONFIG_H -I. -I.. -I../src -I../src -I../mpi -I../mpi -std=gnu17 -mtls-dialect=gnu -fvisibility=hidden -fno-delete-null-pointer-checks -Wall -MT rijndael-padlock.lo -MD -MP -MF .deps/rijndael-padlock.Tpo -c rijndael-padlock.c  -fPIC -DPIC -o .libs/rijndael-padlock.o
/bin/sh ../libtool  --tag=CC   --mode=compile ccache gcc -DHAVE_CONFIG_H -I. -I..  -I../src -I../src -I../mpi -I../mpi  -Wa,--noexecstack -std=gnu17   -mtls-dialect=gnu   -MT twofish-avx2-amd64.lo -MD -MP -MF .deps/twofish-avx2-amd64.Tpo -c -o twofish-avx2-amd64.lo twofish-avx2-amd64.S
libtool: compile:  ccache gcc -DHAVE_CONFIG_H -I. -I.. -I../src -I../src -I../mpi -I../mpi -std=gnu17 -mtls-dialect=gnu -fvisibility=hidden -fno-delete-null-pointer-checks -Wall -c rijndael-aesni.c  -fPIC -DPIC -o .libs/rijndael-aesni.o
libtool: compile:  ccache gcc -DHAVE_CONFIG_H -I. -I.. -I../src -I../src -I../mpi -I../mpi -Wa,--noexecstack -std=gnu17 -mtls-dialect=gnu -MT twofish-amd64.lo -MD -MP -MF .deps/twofish-amd64.Tpo -c twofish-amd64.S  -fPIC -DPIC -o .libs/twofish-amd64.o
libtool: compile:  ccache gcc -DHAVE_CONFIG_H -I. -I.. -I../src -I../src -I../mpi -I../mpi -Wa,--noexecstack -std=gnu17 -mtls-dialect=gnu -MT twofish-avx2-amd64.lo -MD -MP -MF .deps/twofish-avx2-amd64.Tpo -c twofish-avx2-amd64.S  -fPIC -DPIC -o .libs/twofish-avx2-amd64.o
mv -f .deps/rijndael-vaes-avx2-amd64.Tpo .deps/rijndael-vaes-avx2-amd64.Plo
/bin/sh ../libtool  --tag=CC   --mode=compile ccache gcc -DHAVE_CONFIG_H -I. -I..  -I../src -I../src -I../mpi -I../mpi  -Wa,--noexecstack -std=gnu17   -mtls-dialect=gnu   -MT serpent-sse2-amd64.lo -MD -MP -MF .deps/serpent-sse2-amd64.Tpo -c -o serpent-sse2-amd64.lo serpent-sse2-amd64.S
/bin/sh ../libtool  --tag=CC   --mode=compile ccache gcc -DHAVE_CONFIG_H -I. -I..  -I../src -I../src -I../mpi -I../mpi  -Wa,--noexecstack -std=gnu17   -mtls-dialect=gnu   -MT serpent-avx2-amd64.lo -MD -MP -MF .deps/serpent-avx2-amd64.Tpo -c -o serpent-avx2-amd64.lo serpent-avx2-amd64.S
libtool: compile:  ccache gcc -DHAVE_CONFIG_H -I. -I.. -I../src -I../src -I../mpi -I../mpi -Wa,--noexecstack -std=gnu17 -mtls-dialect=gnu -MT serpent-sse2-amd64.lo -MD -MP -MF .deps/serpent-sse2-amd64.Tpo -c serpent-sse2-amd64.S  -fPIC -DPIC -o .libs/serpent-sse2-amd64.o
libtool: compile:  ccache gcc -DHAVE_CONFIG_H -I. -I.. -I../src -I../src -I../mpi -I../mpi -Wa,--noexecstack -std=gnu17 -mtls-dialect=gnu -MT serpent-avx2-amd64.lo -MD -MP -MF .deps/serpent-avx2-amd64.Tpo -c serpent-avx2-amd64.S  -fPIC -DPIC -o .libs/serpent-avx2-amd64.o
mv -f .deps/rijndael-vaes.Tpo .deps/rijndael-vaes.Plo
`echo /bin/sh ../libtool  --tag=CC   --mode=compile ccache gcc -DHAVE_CONFIG_H -I. -I..  -I../src -I../src -I../mpi -I../mpi   -std=gnu17   -mtls-dialect=gnu   -fvisibility=hidden -fno-delete-null-pointer-checks -Wall -mavx512f -c serpent-avx512-x86.c | sed -e 's/-fsanitize[=,\-][=,a-z,A-Z,0-9,\,,\-]*//g' -e 's/-fprofile[=,\-][=,a-z,A-Z,0-9,\,,\-]*//g' -e 's/-fcoverage[=,\-][=,a-z,A-Z,0-9,\,,\-]*//g' `
mv -f .deps/twofish-avx2-amd64.Tpo .deps/twofish-avx2-amd64.Plo
/bin/sh ../libtool  --tag=CC   --mode=compile ccache gcc -DHAVE_CONFIG_H -I. -I..  -I../src -I../src -I../mpi -I../mpi  -Wa,--noexecstack -std=gnu17   -mtls-dialect=gnu   -MT camellia-aesni-avx-amd64.lo -MD -MP -MF .deps/camellia-aesni-avx-amd64.Tpo -c -o camellia-aesni-avx-amd64.lo camellia-aesni-avx-amd64.S
mv -f .deps/twofish-amd64.Tpo .deps/twofish-amd64.Plo
/bin/sh ../libtool  --tag=CC   --mode=compile ccache gcc -DHAVE_CONFIG_H -I. -I..  -I../src -I../src -I../mpi -I../mpi  -Wa,--noexecstack -std=gnu17   -mtls-dialect=gnu   -MT camellia-aesni-avx2-amd64.lo -MD -MP -MF .deps/camellia-aesni-avx2-amd64.Tpo -c -o camellia-aesni-avx2-amd64.lo camellia-aesni-avx2-amd64.S
mv -f .deps/rijndael-padlock.Tpo .deps/rijndael-padlock.Plo
libtool: compile:  ccache gcc -DHAVE_CONFIG_H -I. -I.. -I../src -I../src -I../mpi -I../mpi -Wa,--noexecstack -std=gnu17 -mtls-dialect=gnu -MT camellia-aesni-avx-amd64.lo -MD -MP -MF .deps/camellia-aesni-avx-amd64.Tpo -c camellia-aesni-avx-amd64.S  -fPIC -DPIC -o .libs/camellia-aesni-avx-amd64.o
/bin/sh ../libtool  --tag=CC   --mode=compile ccache gcc -DHAVE_CONFIG_H -I. -I..  -I../src -I../src -I../mpi -I../mpi  -Wa,--noexecstack -std=gnu17   -mtls-dialect=gnu   -MT camellia-vaes-avx2-amd64.lo -MD -MP -MF .deps/camellia-vaes-avx2-amd64.Tpo -c -o camellia-vaes-avx2-amd64.lo camellia-vaes-avx2-amd64.S
libtool: compile:  ccache gcc -DHAVE_CONFIG_H -I. -I.. -I../src -I../src -I../mpi -I../mpi -std=gnu17 -mtls-dialect=gnu -fvisibility=hidden -fno-delete-null-pointer-checks -Wall -mavx512f -c serpent-avx512-x86.c  -fPIC -DPIC -o .libs/serpent-avx512-x86.o
libtool: compile:  ccache gcc -DHAVE_CONFIG_H -I. -I.. -I../src -I../src -I../mpi -I../mpi -Wa,--noexecstack -std=gnu17 -mtls-dialect=gnu -MT camellia-aesni-avx2-amd64.lo -MD -MP -MF .deps/camellia-aesni-avx2-amd64.Tpo -c camellia-aesni-avx2-amd64.S  -fPIC -DPIC -o .libs/camellia-aesni-avx2-amd64.o
libtool: compile:  ccache gcc -DHAVE_CONFIG_H -I. -I.. -I../src -I../src -I../mpi -I../mpi -Wa,--noexecstack -std=gnu17 -mtls-dialect=gnu -MT camellia-vaes-avx2-amd64.lo -MD -MP -MF .deps/camellia-vaes-avx2-amd64.Tpo -c camellia-vaes-avx2-amd64.S  -fPIC -DPIC -o .libs/camellia-vaes-avx2-amd64.o
mv -f .deps/serpent-avx2-amd64.Tpo .deps/serpent-avx2-amd64.Plo
/bin/sh ../libtool  --tag=CC   --mode=compile ccache gcc -DHAVE_CONFIG_H -I. -I..  -I../src -I../src -I../mpi -I../mpi  -Wa,--noexecstack -std=gnu17   -mtls-dialect=gnu   -MT camellia-gfni-avx2-amd64.lo -MD -MP -MF .deps/camellia-gfni-avx2-amd64.Tpo -c -o camellia-gfni-avx2-amd64.lo camellia-gfni-avx2-amd64.S
mv -f .deps/aria.Tpo .deps/aria.Plo
/bin/sh ../libtool  --tag=CC   --mode=compile ccache gcc -DHAVE_CONFIG_H -I. -I..  -I../src -I../src -I../mpi -I../mpi  -Wa,--noexecstack -std=gnu17   -mtls-dialect=gnu   -MT camellia-gfni-avx512-amd64.lo -MD -MP -MF .deps/camellia-gfni-avx512-amd64.Tpo -c -o camellia-gfni-avx512-amd64.lo camellia-gfni-avx512-amd64.S
mv -f .deps/serpent-sse2-amd64.Tpo .deps/serpent-sse2-amd64.Plo
libtool: compile:  ccache gcc -DHAVE_CONFIG_H -I. -I.. -I../src -I../src -I../mpi -I../mpi -Wa,--noexecstack -std=gnu17 -mtls-dialect=gnu -MT camellia-gfni-avx2-amd64.lo -MD -MP -MF .deps/camellia-gfni-avx2-amd64.Tpo -c camellia-gfni-avx2-amd64.S  -fPIC -DPIC -o .libs/camellia-gfni-avx2-amd64.o
/bin/sh ../libtool  --tag=CC   --mode=compile ccache gcc -DHAVE_CONFIG_H -I. -I..  -I../src -I../src -I../mpi -I../mpi  -Wa,--noexecstack -std=gnu17   -mtls-dialect=gnu   -MT salsa20-amd64.lo -MD -MP -MF .deps/salsa20-amd64.Tpo -c -o salsa20-amd64.lo salsa20-amd64.S
mv -f .deps/camellia-aesni-avx-amd64.Tpo .deps/camellia-aesni-avx-amd64.Plo
/bin/sh ../libtool  --tag=CC   --mode=compile ccache gcc -DHAVE_CONFIG_H -I. -I..  -I../src -I../src -I../mpi -I../mpi  -Wa,--noexecstack -std=gnu17   -mtls-dialect=gnu   -MT chacha20-amd64-ssse3.lo -MD -MP -MF .deps/chacha20-amd64-ssse3.Tpo -c -o chacha20-amd64-ssse3.lo chacha20-amd64-ssse3.S
libtool: compile:  ccache gcc -DHAVE_CONFIG_H -I. -I.. -I../src -I../src -I../mpi -I../mpi -Wa,--noexecstack -std=gnu17 -mtls-dialect=gnu -MT camellia-gfni-avx512-amd64.lo -MD -MP -MF .deps/camellia-gfni-avx512-amd64.Tpo -c camellia-gfni-avx512-amd64.S  -fPIC -DPIC -o .libs/camellia-gfni-avx512-amd64.o
libtool: compile:  ccache gcc -DHAVE_CONFIG_H -I. -I.. -I../src -I../src -I../mpi -I../mpi -Wa,--noexecstack -std=gnu17 -mtls-dialect=gnu -MT salsa20-amd64.lo -MD -MP -MF .deps/salsa20-amd64.Tpo -c salsa20-amd64.S  -fPIC -DPIC -o .libs/salsa20-amd64.o
mv -f .deps/camellia-aesni-avx2-amd64.Tpo .deps/camellia-aesni-avx2-amd64.Plo
/bin/sh ../libtool  --tag=CC   --mode=compile ccache gcc -DHAVE_CONFIG_H -I. -I..  -I../src -I../src -I../mpi -I../mpi  -Wa,--noexecstack -std=gnu17   -mtls-dialect=gnu   -MT chacha20-amd64-avx2.lo -MD -MP -MF .deps/chacha20-amd64-avx2.Tpo -c -o chacha20-amd64-avx2.lo chacha20-amd64-avx2.S
mv -f .deps/camellia-vaes-avx2-amd64.Tpo .deps/camellia-vaes-avx2-amd64.Plo
/bin/sh ../libtool  --tag=CC   --mode=compile ccache gcc -DHAVE_CONFIG_H -I. -I..  -I../src -I../src -I../mpi -I../mpi  -Wa,--noexecstack -std=gnu17   -mtls-dialect=gnu   -MT chacha20-amd64-avx512.lo -MD -MP -MF .deps/chacha20-amd64-avx512.Tpo -c -o chacha20-amd64-avx512.lo chacha20-amd64-avx512.S
libtool: compile:  ccache gcc -DHAVE_CONFIG_H -I. -I.. -I../src -I../src -I../mpi -I../mpi -Wa,--noexecstack -std=gnu17 -mtls-dialect=gnu -MT chacha20-amd64-ssse3.lo -MD -MP -MF .deps/chacha20-amd64-ssse3.Tpo -c chacha20-amd64-ssse3.S  -fPIC -DPIC -o .libs/chacha20-amd64-ssse3.o
libtool: compile:  ccache gcc -DHAVE_CONFIG_H -I. -I.. -I../src -I../src -I../mpi -I../mpi -Wa,--noexecstack -std=gnu17 -mtls-dialect=gnu -MT chacha20-amd64-avx2.lo -MD -MP -MF .deps/chacha20-amd64-avx2.Tpo -c chacha20-amd64-avx2.S  -fPIC -DPIC -o .libs/chacha20-amd64-avx2.o
libtool: compile:  ccache gcc -DHAVE_CONFIG_H -I. -I.. -I../src -I../src -I../mpi -I../mpi -Wa,--noexecstack -std=gnu17 -mtls-dialect=gnu -MT chacha20-amd64-avx512.lo -MD -MP -MF .deps/chacha20-amd64-avx512.Tpo -c chacha20-amd64-avx512.S  -fPIC -DPIC -o .libs/chacha20-amd64-avx512.o
/bin/sh ../libtool  --tag=CC   --mode=compile ccache gcc -DHAVE_CONFIG_H -I. -I..  -I../src -I../src -I../mpi -I../mpi  -Wa,--noexecstack -std=gnu17   -mtls-dialect=gnu   -MT sm4-aesni-avx-amd64.lo -MD -MP -MF .deps/sm4-aesni-avx-amd64.Tpo -c -o sm4-aesni-avx-amd64.lo sm4-aesni-avx-amd64.S
mv -f .deps/camellia-gfni-avx2-amd64.Tpo .deps/camellia-gfni-avx2-amd64.Plo
/bin/sh ../libtool  --tag=CC   --mode=compile ccache gcc -DHAVE_CONFIG_H -I. -I..  -I../src -I../src -I../mpi -I../mpi  -Wa,--noexecstack -std=gnu17   -mtls-dialect=gnu   -MT sm4-aesni-avx2-amd64.lo -MD -MP -MF .deps/sm4-aesni-avx2-amd64.Tpo -c -o sm4-aesni-avx2-amd64.lo sm4-aesni-avx2-amd64.S
mv -f .deps/salsa20-amd64.Tpo .deps/salsa20-amd64.Plo
/bin/sh ../libtool  --tag=CC   --mode=compile ccache gcc -DHAVE_CONFIG_H -I. -I..  -I../src -I../src -I../mpi -I../mpi  -Wa,--noexecstack -std=gnu17   -mtls-dialect=gnu   -MT sm4-gfni-avx2-amd64.lo -MD -MP -MF .deps/sm4-gfni-avx2-amd64.Tpo -c -o sm4-gfni-avx2-amd64.lo sm4-gfni-avx2-amd64.S
libtool: compile:  ccache gcc -DHAVE_CONFIG_H -I. -I.. -I../src -I../src -I../mpi -I../mpi -Wa,--noexecstack -std=gnu17 -mtls-dialect=gnu -MT sm4-aesni-avx-amd64.lo -MD -MP -MF .deps/sm4-aesni-avx-amd64.Tpo -c sm4-aesni-avx-amd64.S  -fPIC -DPIC -o .libs/sm4-aesni-avx-amd64.o
mv -f .deps/camellia-gfni-avx512-amd64.Tpo .deps/camellia-gfni-avx512-amd64.Plo
/bin/sh ../libtool  --tag=CC   --mode=compile ccache gcc -DHAVE_CONFIG_H -I. -I..  -I../src -I../src -I../mpi -I../mpi  -Wa,--noexecstack -std=gnu17   -mtls-dialect=gnu   -MT sm4-gfni-avx512-amd64.lo -MD -MP -MF .deps/sm4-gfni-avx512-amd64.Tpo -c -o sm4-gfni-avx512-amd64.lo sm4-gfni-avx512-amd64.S
mv -f .deps/chacha20-amd64-avx2.Tpo .deps/chacha20-amd64-avx2.Plo
libtool: compile:  ccache gcc -DHAVE_CONFIG_H -I. -I.. -I../src -I../src -I../mpi -I../mpi -Wa,--noexecstack -std=gnu17 -mtls-dialect=gnu -MT sm4-gfni-avx2-amd64.lo -MD -MP -MF .deps/sm4-gfni-avx2-amd64.Tpo -c sm4-gfni-avx2-amd64.S  -fPIC -DPIC -o .libs/sm4-gfni-avx2-amd64.o
libtool: compile:  ccache gcc -DHAVE_CONFIG_H -I. -I.. -I../src -I../src -I../mpi -I../mpi -Wa,--noexecstack -std=gnu17 -mtls-dialect=gnu -MT sm4-aesni-avx2-amd64.lo -MD -MP -MF .deps/sm4-aesni-avx2-amd64.Tpo -c sm4-aesni-avx2-amd64.S  -fPIC -DPIC -o .libs/sm4-aesni-avx2-amd64.o
/bin/sh ../libtool  --tag=CC   --mode=compile ccache gcc -DHAVE_CONFIG_H -I. -I..  -I../src -I../src -I../mpi -I../mpi  -Wa,--noexecstack -std=gnu17   -mtls-dialect=gnu   -MT aria-aesni-avx-amd64.lo -MD -MP -MF .deps/aria-aesni-avx-amd64.Tpo -c -o aria-aesni-avx-amd64.lo aria-aesni-avx-amd64.S
mv -f .deps/chacha20-amd64-ssse3.Tpo .deps/chacha20-amd64-ssse3.Plo
/bin/sh ../libtool  --tag=CC   --mode=compile ccache gcc -DHAVE_CONFIG_H -I. -I..  -I../src -I../src -I../mpi -I../mpi  -Wa,--noexecstack -std=gnu17   -mtls-dialect=gnu   -MT aria-aesni-avx2-amd64.lo -MD -MP -MF .deps/aria-aesni-avx2-amd64.Tpo -c -o aria-aesni-avx2-amd64.lo aria-aesni-avx2-amd64.S
libtool: compile:  ccache gcc -DHAVE_CONFIG_H -I. -I.. -I../src -I../src -I../mpi -I../mpi -Wa,--noexecstack -std=gnu17 -mtls-dialect=gnu -MT sm4-gfni-avx512-amd64.lo -MD -MP -MF .deps/sm4-gfni-avx512-amd64.Tpo -c sm4-gfni-avx512-amd64.S  -fPIC -DPIC -o .libs/sm4-gfni-avx512-amd64.o
mv -f .deps/chacha20-amd64-avx512.Tpo .deps/chacha20-amd64-avx512.Plo
/bin/sh ../libtool  --tag=CC   --mode=compile ccache gcc -DHAVE_CONFIG_H -I. -I..  -I../src -I../src -I../mpi -I../mpi  -Wa,--noexecstack -std=gnu17   -mtls-dialect=gnu   -MT aria-gfni-avx512-amd64.lo -MD -MP -MF .deps/aria-gfni-avx512-amd64.Tpo -c -o aria-gfni-avx512-amd64.lo aria-gfni-avx512-amd64.S
libtool: compile:  ccache gcc -DHAVE_CONFIG_H -I. -I.. -I../src -I../src -I../mpi -I../mpi -Wa,--noexecstack -std=gnu17 -mtls-dialect=gnu -MT aria-aesni-avx2-amd64.lo -MD -MP -MF .deps/aria-aesni-avx2-amd64.Tpo -c aria-aesni-avx2-amd64.S  -fPIC -DPIC -o .libs/aria-aesni-avx2-amd64.o
libtool: compile:  ccache gcc -DHAVE_CONFIG_H -I. -I.. -I../src -I../src -I../mpi -I../mpi -Wa,--noexecstack -std=gnu17 -mtls-dialect=gnu -MT aria-aesni-avx-amd64.lo -MD -MP -MF .deps/aria-aesni-avx-amd64.Tpo -c aria-aesni-avx-amd64.S  -fPIC -DPIC -o .libs/aria-aesni-avx-amd64.o
libtool: compile:  ccache gcc -DHAVE_CONFIG_H -I. -I.. -I../src -I../src -I../mpi -I../mpi -Wa,--noexecstack -std=gnu17 -mtls-dialect=gnu -MT aria-gfni-avx512-amd64.lo -MD -MP -MF .deps/aria-gfni-avx512-amd64.Tpo -c aria-gfni-avx512-amd64.S  -fPIC -DPIC -o .libs/aria-gfni-avx512-amd64.o
mv -f .deps/sm4-aesni-avx-amd64.Tpo .deps/sm4-aesni-avx-amd64.Plo
/bin/sh ../libtool  --tag=CC   --mode=compile ccache gcc -DHAVE_CONFIG_H -I. -I..  -I../src -I../src -I../mpi -I../mpi   -std=gnu17   -mtls-dialect=gnu   -fvisibility=hidden -fno-delete-null-pointer-checks -Wall -MT dsa.lo -MD -MP -MF .deps/dsa.Tpo -c -o dsa.lo dsa.c
mv -f .deps/sm4-aesni-avx2-amd64.Tpo .deps/sm4-aesni-avx2-amd64.Plo
mv -f .deps/sm4-gfni-avx2-amd64.Tpo .deps/sm4-gfni-avx2-amd64.Plo
/bin/sh ../libtool  --tag=CC   --mode=compile ccache gcc -DHAVE_CONFIG_H -I. -I..  -I../src -I../src -I../mpi -I../mpi   -std=gnu17   -mtls-dialect=gnu   -fvisibility=hidden -fno-delete-null-pointer-checks -Wall -MT rsa.lo -MD -MP -MF .deps/rsa.Tpo -c -o rsa.lo rsa.c
/bin/sh ../libtool  --tag=CC   --mode=compile ccache gcc -DHAVE_CONFIG_H -I. -I..  -I../src -I../src -I../mpi -I../mpi   -std=gnu17   -mtls-dialect=gnu   -fvisibility=hidden -fno-delete-null-pointer-checks -Wall -MT elgamal.lo -MD -MP -MF .deps/elgamal.Tpo -c -o elgamal.lo elgamal.c
libtool: compile:  ccache gcc -DHAVE_CONFIG_H -I. -I.. -I../src -I../src -I../mpi -I../mpi -std=gnu17 -mtls-dialect=gnu -fvisibility=hidden -fno-delete-null-pointer-checks -Wall -MT dsa.lo -MD -MP -MF .deps/dsa.Tpo -c dsa.c  -fPIC -DPIC -o .libs/dsa.o
libtool: compile:  ccache gcc -DHAVE_CONFIG_H -I. -I.. -I../src -I../src -I../mpi -I../mpi -std=gnu17 -mtls-dialect=gnu -fvisibility=hidden -fno-delete-null-pointer-checks -Wall -MT elgamal.lo -MD -MP -MF .deps/elgamal.Tpo -c elgamal.c  -fPIC -DPIC -o .libs/elgamal.o
mv -f .deps/sm4-gfni-avx512-amd64.Tpo .deps/sm4-gfni-avx512-amd64.Plo
libtool: compile:  ccache gcc -DHAVE_CONFIG_H -I. -I.. -I../src -I../src -I../mpi -I../mpi -std=gnu17 -mtls-dialect=gnu -fvisibility=hidden -fno-delete-null-pointer-checks -Wall -MT rsa.lo -MD -MP -MF .deps/rsa.Tpo -c rsa.c  -fPIC -DPIC -o .libs/rsa.o
/bin/sh ../libtool  --tag=CC   --mode=compile ccache gcc -DHAVE_CONFIG_H -I. -I..  -I../src -I../src -I../mpi -I../mpi   -std=gnu17   -mtls-dialect=gnu   -fvisibility=hidden -fno-delete-null-pointer-checks -Wall -MT ecc.lo -MD -MP -MF .deps/ecc.Tpo -c -o ecc.lo ecc.c
mv -f .deps/aria-gfni-avx512-amd64.Tpo .deps/aria-gfni-avx512-amd64.Plo
/bin/sh ../libtool  --tag=CC   --mode=compile ccache gcc -DHAVE_CONFIG_H -I. -I..  -I../src -I../src -I../mpi -I../mpi   -std=gnu17   -mtls-dialect=gnu   -fvisibility=hidden -fno-delete-null-pointer-checks -Wall -MT ecc-curves.lo -MD -MP -MF .deps/ecc-curves.Tpo -c -o ecc-curves.lo ecc-curves.c
libtool: compile:  ccache gcc -DHAVE_CONFIG_H -I. -I.. -I../src -I../src -I../mpi -I../mpi -std=gnu17 -mtls-dialect=gnu -fvisibility=hidden -fno-delete-null-pointer-checks -Wall -MT ecc.lo -MD -MP -MF .deps/ecc.Tpo -c ecc.c  -fPIC -DPIC -o .libs/ecc.o
mv -f .deps/aria-aesni-avx2-amd64.Tpo .deps/aria-aesni-avx2-amd64.Plo
/bin/sh ../libtool  --tag=CC   --mode=compile ccache gcc -DHAVE_CONFIG_H -I. -I..  -I../src -I../src -I../mpi -I../mpi   -std=gnu17   -mtls-dialect=gnu   -fvisibility=hidden -fno-delete-null-pointer-checks -Wall -MT ecc-misc.lo -MD -MP -MF .deps/ecc-misc.Tpo -c -o ecc-misc.lo ecc-misc.c
mv -f .deps/aria-aesni-avx-amd64.Tpo .deps/aria-aesni-avx-amd64.Plo
/bin/sh ../libtool  --tag=CC   --mode=compile ccache gcc -DHAVE_CONFIG_H -I. -I..  -I../src -I../src -I../mpi -I../mpi   -std=gnu17   -mtls-dialect=gnu   -fvisibility=hidden -fno-delete-null-pointer-checks -Wall -MT ecc-ecdh.lo -MD -MP -MF .deps/ecc-ecdh.Tpo -c -o ecc-ecdh.lo ecc-ecdh.c
libtool: compile:  ccache gcc -DHAVE_CONFIG_H -I. -I.. -I../src -I../src -I../mpi -I../mpi -std=gnu17 -mtls-dialect=gnu -fvisibility=hidden -fno-delete-null-pointer-checks -Wall -MT ecc-curves.lo -MD -MP -MF .deps/ecc-curves.Tpo -c ecc-curves.c  -fPIC -DPIC -o .libs/ecc-curves.o
libtool: compile:  ccache gcc -DHAVE_CONFIG_H -I. -I.. -I../src -I../src -I../mpi -I../mpi -std=gnu17 -mtls-dialect=gnu -fvisibility=hidden -fno-delete-null-pointer-checks -Wall -MT ecc-misc.lo -MD -MP -MF .deps/ecc-misc.Tpo -c ecc-misc.c  -fPIC -DPIC -o .libs/ecc-misc.o
libtool: compile:  ccache gcc -DHAVE_CONFIG_H -I. -I.. -I../src -I../src -I../mpi -I../mpi -std=gnu17 -mtls-dialect=gnu -fvisibility=hidden -fno-delete-null-pointer-checks -Wall -MT ecc-ecdh.lo -MD -MP -MF .deps/ecc-ecdh.Tpo -c ecc-ecdh.c  -fPIC -DPIC -o .libs/ecc-ecdh.o
mv -f .deps/dsa.Tpo .deps/dsa.Plo
/bin/sh ../libtool  --tag=CC   --mode=compile ccache gcc -DHAVE_CONFIG_H -I. -I..  -I../src -I../src -I../mpi -I../mpi   -std=gnu17   -mtls-dialect=gnu   -fvisibility=hidden -fno-delete-null-pointer-checks -Wall -MT ecc-ecdsa.lo -MD -MP -MF .deps/ecc-ecdsa.Tpo -c -o ecc-ecdsa.lo ecc-ecdsa.c
mv -f .deps/ecc-ecdh.Tpo .deps/ecc-ecdh.Plo
mv -f .deps/ecc-misc.Tpo .deps/ecc-misc.Plo
/bin/sh ../libtool  --tag=CC   --mode=compile ccache gcc -DHAVE_CONFIG_H -I. -I..  -I../src -I../src -I../mpi -I../mpi   -std=gnu17   -mtls-dialect=gnu   -fvisibility=hidden -fno-delete-null-pointer-checks -Wall -MT ecc-eddsa.lo -MD -MP -MF .deps/ecc-eddsa.Tpo -c -o ecc-eddsa.lo ecc-eddsa.c
/bin/sh ../libtool  --tag=CC   --mode=compile ccache gcc -DHAVE_CONFIG_H -I. -I..  -I../src -I../src -I../mpi -I../mpi   -std=gnu17   -mtls-dialect=gnu   -fvisibility=hidden -fno-delete-null-pointer-checks -Wall -MT ecc-gost.lo -MD -MP -MF .deps/ecc-gost.Tpo -c -o ecc-gost.lo ecc-gost.c
libtool: compile:  ccache gcc -DHAVE_CONFIG_H -I. -I.. -I../src -I../src -I../mpi -I../mpi -std=gnu17 -mtls-dialect=gnu -fvisibility=hidden -fno-delete-null-pointer-checks -Wall -MT ecc-ecdsa.lo -MD -MP -MF .deps/ecc-ecdsa.Tpo -c ecc-ecdsa.c  -fPIC -DPIC -o .libs/ecc-ecdsa.o
libtool: compile:  ccache gcc -DHAVE_CONFIG_H -I. -I.. -I../src -I../src -I../mpi -I../mpi -std=gnu17 -mtls-dialect=gnu -fvisibility=hidden -fno-delete-null-pointer-checks -Wall -MT ecc-eddsa.lo -MD -MP -MF .deps/ecc-eddsa.Tpo -c ecc-eddsa.c  -fPIC -DPIC -o .libs/ecc-eddsa.o
libtool: compile:  ccache gcc -DHAVE_CONFIG_H -I. -I.. -I../src -I../src -I../mpi -I../mpi -std=gnu17 -mtls-dialect=gnu -fvisibility=hidden -fno-delete-null-pointer-checks -Wall -MT ecc-gost.lo -MD -MP -MF .deps/ecc-gost.Tpo -c ecc-gost.c  -fPIC -DPIC -o .libs/ecc-gost.o
mv -f .deps/elgamal.Tpo .deps/elgamal.Plo
/bin/sh ../libtool  --tag=CC   --mode=compile ccache gcc -DHAVE_CONFIG_H -I. -I..  -I../src -I../src -I../mpi -I../mpi   -std=gnu17   -mtls-dialect=gnu   -fvisibility=hidden -fno-delete-null-pointer-checks -Wall -MT ecc-sm2.lo -MD -MP -MF .deps/ecc-sm2.Tpo -c -o ecc-sm2.lo ecc-sm2.c
mv -f .deps/ecc-curves.Tpo .deps/ecc-curves.Plo
/bin/sh ../libtool  --tag=CC   --mode=compile ccache gcc -DHAVE_CONFIG_H -I. -I..  -I../src -I../src -I../mpi -I../mpi   -std=gnu17   -mtls-dialect=gnu   -fvisibility=hidden -fno-delete-null-pointer-checks -Wall -MT kyber.lo -MD -MP -MF .deps/kyber.Tpo -c -o kyber.lo kyber.c
mv -f .deps/rsa.Tpo .deps/rsa.Plo
/bin/sh ../libtool  --tag=CC   --mode=compile ccache gcc -DHAVE_CONFIG_H -I. -I..  -I../src -I../src -I../mpi -I../mpi   -std=gnu17   -mtls-dialect=gnu   -fvisibility=hidden -fno-delete-null-pointer-checks -Wall -MT crc.lo -MD -MP -MF .deps/crc.Tpo -c -o crc.lo crc.c
libtool: compile:  ccache gcc -DHAVE_CONFIG_H -I. -I.. -I../src -I../src -I../mpi -I../mpi -std=gnu17 -mtls-dialect=gnu -fvisibility=hidden -fno-delete-null-pointer-checks -Wall -MT ecc-sm2.lo -MD -MP -MF .deps/ecc-sm2.Tpo -c ecc-sm2.c  -fPIC -DPIC -o .libs/ecc-sm2.o
libtool: compile:  ccache gcc -DHAVE_CONFIG_H -I. -I.. -I../src -I../src -I../mpi -I../mpi -std=gnu17 -mtls-dialect=gnu -fvisibility=hidden -fno-delete-null-pointer-checks -Wall -MT kyber.lo -MD -MP -MF .deps/kyber.Tpo -c kyber.c  -fPIC -DPIC -o .libs/kyber.o
mv -f .deps/ecc.Tpo .deps/ecc.Plo
/bin/sh ../libtool  --tag=CC   --mode=compile ccache gcc -DHAVE_CONFIG_H -I. -I..  -I../src -I../src -I../mpi -I../mpi   -std=gnu17   -mtls-dialect=gnu   -fvisibility=hidden -fno-delete-null-pointer-checks -Wall -MT gostr3411-94.lo -MD -MP -MF .deps/gostr3411-94.Tpo -c -o gostr3411-94.lo gostr3411-94.c
libtool: compile:  ccache gcc -DHAVE_CONFIG_H -I. -I.. -I../src -I../src -I../mpi -I../mpi -std=gnu17 -mtls-dialect=gnu -fvisibility=hidden -fno-delete-null-pointer-checks -Wall -MT crc.lo -MD -MP -MF .deps/crc.Tpo -c crc.c  -fPIC -DPIC -o .libs/crc.o
libtool: compile:  ccache gcc -DHAVE_CONFIG_H -I. -I.. -I../src -I../src -I../mpi -I../mpi -std=gnu17 -mtls-dialect=gnu -fvisibility=hidden -fno-delete-null-pointer-checks -Wall -MT gostr3411-94.lo -MD -MP -MF .deps/gostr3411-94.Tpo -c gostr3411-94.c  -fPIC -DPIC -o .libs/gostr3411-94.o
mv -f .deps/ecc-ecdsa.Tpo .deps/ecc-ecdsa.Plo
/bin/sh ../libtool  --tag=CC   --mode=compile ccache gcc -DHAVE_CONFIG_H -I. -I..  -I../src -I../src -I../mpi -I../mpi   -std=gnu17   -mtls-dialect=gnu   -fvisibility=hidden -fno-delete-null-pointer-checks -Wall -MT stribog.lo -MD -MP -MF .deps/stribog.Tpo -c -o stribog.lo stribog.c
mv -f .deps/ecc-gost.Tpo .deps/ecc-gost.Plo
/bin/sh ../libtool  --tag=CC   --mode=compile ccache gcc -DHAVE_CONFIG_H -I. -I..  -I../src -I../src -I../mpi -I../mpi   -std=gnu17   -mtls-dialect=gnu   -fvisibility=hidden -fno-delete-null-pointer-checks -Wall -MT md4.lo -MD -MP -MF .deps/md4.Tpo -c -o md4.lo md4.c
libtool: compile:  ccache gcc -DHAVE_CONFIG_H -I. -I.. -I../src -I../src -I../mpi -I../mpi -std=gnu17 -mtls-dialect=gnu -fvisibility=hidden -fno-delete-null-pointer-checks -Wall -MT stribog.lo -MD -MP -MF .deps/stribog.Tpo -c stribog.c  -fPIC -DPIC -o .libs/stribog.o
libtool: compile:  ccache gcc -DHAVE_CONFIG_H -I. -I.. -I../src -I../src -I../mpi -I../mpi -std=gnu17 -mtls-dialect=gnu -fvisibility=hidden -fno-delete-null-pointer-checks -Wall -MT md4.lo -MD -MP -MF .deps/md4.Tpo -c md4.c  -fPIC -DPIC -o .libs/md4.o
mv -f .deps/ecc-sm2.Tpo .deps/ecc-sm2.Plo
/bin/sh ../libtool  --tag=CC   --mode=compile ccache gcc -DHAVE_CONFIG_H -I. -I..  -I../src -I../src -I../mpi -I../mpi   -std=gnu17   -mtls-dialect=gnu   -fvisibility=hidden -fno-delete-null-pointer-checks -Wall -MT md5.lo -MD -MP -MF .deps/md5.Tpo -c -o md5.lo md5.c
mv -f .deps/ecc-eddsa.Tpo .deps/ecc-eddsa.Plo
/bin/sh ../libtool  --tag=CC   --mode=compile ccache gcc -DHAVE_CONFIG_H -I. -I..  -I../src -I../src -I../mpi -I../mpi   -std=gnu17   -mtls-dialect=gnu   -fvisibility=hidden -fno-delete-null-pointer-checks -Wall -MT rmd160.lo -MD -MP -MF .deps/rmd160.Tpo -c -o rmd160.lo rmd160.c
libtool: compile:  ccache gcc -DHAVE_CONFIG_H -I. -I.. -I../src -I../src -I../mpi -I../mpi -std=gnu17 -mtls-dialect=gnu -fvisibility=hidden -fno-delete-null-pointer-checks -Wall -MT md5.lo -MD -MP -MF .deps/md5.Tpo -c md5.c  -fPIC -DPIC -o .libs/md5.o
mv -f .deps/crc.Tpo .deps/crc.Plo
libtool: compile:  ccache gcc -DHAVE_CONFIG_H -I. -I.. -I../src -I../src -I../mpi -I../mpi -std=gnu17 -mtls-dialect=gnu -fvisibility=hidden -fno-delete-null-pointer-checks -Wall -MT rmd160.lo -MD -MP -MF .deps/rmd160.Tpo -c rmd160.c  -fPIC -DPIC -o .libs/rmd160.o
/bin/sh ../libtool  --tag=CC   --mode=compile ccache gcc -DHAVE_CONFIG_H -I. -I..  -I../src -I../src -I../mpi -I../mpi   -std=gnu17   -mtls-dialect=gnu   -fvisibility=hidden -fno-delete-null-pointer-checks -Wall -MT sha256.lo -MD -MP -MF .deps/sha256.Tpo -c -o sha256.lo sha256.c
mv -f .deps/gostr3411-94.Tpo .deps/gostr3411-94.Plo
/bin/sh ../libtool  --tag=CC   --mode=compile ccache gcc -DHAVE_CONFIG_H -I. -I..  -I../src -I../src -I../mpi -I../mpi   -std=gnu17   -mtls-dialect=gnu   -fvisibility=hidden -fno-delete-null-pointer-checks -Wall -MT sha512.lo -MD -MP -MF .deps/sha512.Tpo -c -o sha512.lo sha512.c
libtool: compile:  ccache gcc -DHAVE_CONFIG_H -I. -I.. -I../src -I../src -I../mpi -I../mpi -std=gnu17 -mtls-dialect=gnu -fvisibility=hidden -fno-delete-null-pointer-checks -Wall -MT sha256.lo -MD -MP -MF .deps/sha256.Tpo -c sha256.c  -fPIC -DPIC -o .libs/sha256.o
libtool: compile:  ccache gcc -DHAVE_CONFIG_H -I. -I.. -I../src -I../src -I../mpi -I../mpi -std=gnu17 -mtls-dialect=gnu -fvisibility=hidden -fno-delete-null-pointer-checks -Wall -MT sha512.lo -MD -MP -MF .deps/sha512.Tpo -c sha512.c  -fPIC -DPIC -o .libs/sha512.o
mv -f .deps/md4.Tpo .deps/md4.Plo
/bin/sh ../libtool  --tag=CC   --mode=compile ccache gcc -DHAVE_CONFIG_H -I. -I..  -I../src -I../src -I../mpi -I../mpi   -std=gnu17   -mtls-dialect=gnu   -fvisibility=hidden -fno-delete-null-pointer-checks -Wall -MT keccak.lo -MD -MP -MF .deps/keccak.Tpo -c -o keccak.lo keccak.c
libtool: compile:  ccache gcc -DHAVE_CONFIG_H -I. -I.. -I../src -I../src -I../mpi -I../mpi -std=gnu17 -mtls-dialect=gnu -fvisibility=hidden -fno-delete-null-pointer-checks -Wall -MT keccak.lo -MD -MP -MF .deps/keccak.Tpo -c keccak.c  -fPIC -DPIC -o .libs/keccak.o
mv -f .deps/kyber.Tpo .deps/kyber.Plo
`echo /bin/sh ../libtool  --tag=CC   --mode=compile ccache gcc -DHAVE_CONFIG_H -I. -I..  -I../src -I../src -I../mpi -I../mpi   -std=gnu17   -mtls-dialect=gnu   -fvisibility=hidden -fno-delete-null-pointer-checks -Wall -c tiger.c | sed -e 's/[[:blank:]]-O\([2-9sgz][2-9sgz]*\)/ -O1 /g' -e 's/[[:blank:]]-Ofast/ -O1 /g' `
mv -f .deps/stribog.Tpo .deps/stribog.Plo
/bin/sh ../libtool  --tag=CC   --mode=compile ccache gcc -DHAVE_CONFIG_H -I. -I..  -I../src -I../src -I../mpi -I../mpi   -std=gnu17   -mtls-dialect=gnu   -fvisibility=hidden -fno-delete-null-pointer-checks -Wall -MT whirlpool.lo -MD -MP -MF .deps/whirlpool.Tpo -c -o whirlpool.lo whirlpool.c
libtool: compile:  ccache gcc -DHAVE_CONFIG_H -I. -I.. -I../src -I../src -I../mpi -I../mpi -std=gnu17 -mtls-dialect=gnu -fvisibility=hidden -fno-delete-null-pointer-checks -Wall -c tiger.c  -fPIC -DPIC -o .libs/tiger.o
libtool: compile:  ccache gcc -DHAVE_CONFIG_H -I. -I.. -I../src -I../src -I../mpi -I../mpi -std=gnu17 -mtls-dialect=gnu -fvisibility=hidden -fno-delete-null-pointer-checks -Wall -MT whirlpool.lo -MD -MP -MF .deps/whirlpool.Tpo -c whirlpool.c  -fPIC -DPIC -o .libs/whirlpool.o
mv -f .deps/md5.Tpo .deps/md5.Plo
/bin/sh ../libtool  --tag=CC   --mode=compile ccache gcc -DHAVE_CONFIG_H -I. -I..  -I../src -I../src -I../mpi -I../mpi   -std=gnu17   -mtls-dialect=gnu   -fvisibility=hidden -fno-delete-null-pointer-checks -Wall -MT blake2.lo -MD -MP -MF .deps/blake2.Tpo -c -o blake2.lo blake2.c
libtool: compile:  ccache gcc -DHAVE_CONFIG_H -I. -I.. -I../src -I../src -I../mpi -I../mpi -std=gnu17 -mtls-dialect=gnu -fvisibility=hidden -fno-delete-null-pointer-checks -Wall -MT blake2.lo -MD -MP -MF .deps/blake2.Tpo -c blake2.c  -fPIC -DPIC -o .libs/blake2.o
mv -f .deps/rmd160.Tpo .deps/rmd160.Plo
/bin/sh ../libtool  --tag=CC   --mode=compile ccache gcc -DHAVE_CONFIG_H -I. -I..  -I../src -I../src -I../mpi -I../mpi   -std=gnu17   -mtls-dialect=gnu   -fvisibility=hidden -fno-delete-null-pointer-checks -Wall -MT sm3.lo -MD -MP -MF .deps/sm3.Tpo -c -o sm3.lo sm3.c
libtool: compile:  ccache gcc -DHAVE_CONFIG_H -I. -I.. -I../src -I../src -I../mpi -I../mpi -std=gnu17 -mtls-dialect=gnu -fvisibility=hidden -fno-delete-null-pointer-checks -Wall -MT sm3.lo -MD -MP -MF .deps/sm3.Tpo -c sm3.c  -fPIC -DPIC -o .libs/sm3.o
mv -f .deps/sha512.Tpo .deps/sha512.Plo
/bin/sh ../libtool  --tag=CC   --mode=compile ccache gcc -DHAVE_CONFIG_H -I. -I..  -I../src -I../src -I../mpi -I../mpi   -std=gnu17   -mtls-dialect=gnu   -fvisibility=hidden -fno-delete-null-pointer-checks -Wall -MT sha1.lo -MD -MP -MF .deps/sha1.Tpo -c -o sha1.lo sha1.c
libtool: compile:  ccache gcc -DHAVE_CONFIG_H -I. -I.. -I../src -I../src -I../mpi -I../mpi -std=gnu17 -mtls-dialect=gnu -fvisibility=hidden -fno-delete-null-pointer-checks -Wall -MT sha1.lo -MD -MP -MF .deps/sha1.Tpo -c sha1.c  -fPIC -DPIC -o .libs/sha1.o
mv -f .deps/sha256.Tpo .deps/sha256.Plo
`echo /bin/sh ../libtool  --tag=CC   --mode=compile ccache gcc -DHAVE_CONFIG_H -I. -I..  -I../src -I../src -I../mpi -I../mpi   -std=gnu17   -mtls-dialect=gnu   -fvisibility=hidden -fno-delete-null-pointer-checks -Wall -c crc-intel-pclmul.c | sed -e 's/-fsanitize[=,\-][=,a-z,A-Z,0-9,\,,\-]*//g' -e 's/-fprofile[=,\-][=,a-z,A-Z,0-9,\,,\-]*//g' -e 's/-fcoverage[=,\-][=,a-z,A-Z,0-9,\,,\-]*//g' `
mv -f .deps/whirlpool.Tpo .deps/whirlpool.Plo
/bin/sh ../libtool  --tag=CC   --mode=compile ccache gcc -DHAVE_CONFIG_H -I. -I..  -I../src -I../src -I../mpi -I../mpi  -Wa,--noexecstack -std=gnu17   -mtls-dialect=gnu   -MT sha256-ssse3-amd64.lo -MD -MP -MF .deps/sha256-ssse3-amd64.Tpo -c -o sha256-ssse3-amd64.lo sha256-ssse3-amd64.S
/bin/sh ../libtool  --tag=CC   --mode=compile ccache gcc -DHAVE_CONFIG_H -I. -I..  -I../src -I../src -I../mpi -I../mpi  -Wa,--noexecstack -std=gnu17   -mtls-dialect=gnu   -MT sha256-avx-amd64.lo -MD -MP -MF .deps/sha256-avx-amd64.Tpo -c -o sha256-avx-amd64.lo sha256-avx-amd64.S
libtool: compile:  ccache gcc -DHAVE_CONFIG_H -I. -I.. -I../src -I../src -I../mpi -I../mpi -Wa,--noexecstack -std=gnu17 -mtls-dialect=gnu -MT sha256-ssse3-amd64.lo -MD -MP -MF .deps/sha256-ssse3-amd64.Tpo -c sha256-ssse3-amd64.S  -fPIC -DPIC -o .libs/sha256-ssse3-amd64.o
libtool: compile:  ccache gcc -DHAVE_CONFIG_H -I. -I.. -I../src -I../src -I../mpi -I../mpi -Wa,--noexecstack -std=gnu17 -mtls-dialect=gnu -MT sha256-avx-amd64.lo -MD -MP -MF .deps/sha256-avx-amd64.Tpo -c sha256-avx-amd64.S  -fPIC -DPIC -o .libs/sha256-avx-amd64.o
mv -f .deps/keccak.Tpo .deps/keccak.Plo
libtool: compile:  ccache gcc -DHAVE_CONFIG_H -I. -I.. -I../src -I../src -I../mpi -I../mpi -std=gnu17 -mtls-dialect=gnu -fvisibility=hidden -fno-delete-null-pointer-checks -Wall -c crc-intel-pclmul.c  -fPIC -DPIC -o .libs/crc-intel-pclmul.o
/bin/sh ../libtool  --tag=CC   --mode=compile ccache gcc -DHAVE_CONFIG_H -I. -I..  -I../src -I../src -I../mpi -I../mpi  -Wa,--noexecstack -std=gnu17   -mtls-dialect=gnu   -MT sha256-avx2-bmi2-amd64.lo -MD -MP -MF .deps/sha256-avx2-bmi2-amd64.Tpo -c -o sha256-avx2-bmi2-amd64.lo sha256-avx2-bmi2-amd64.S
libtool: compile:  ccache gcc -DHAVE_CONFIG_H -I. -I.. -I../src -I../src -I../mpi -I../mpi -Wa,--noexecstack -std=gnu17 -mtls-dialect=gnu -MT sha256-avx2-bmi2-amd64.lo -MD -MP -MF .deps/sha256-avx2-bmi2-amd64.Tpo -c sha256-avx2-bmi2-amd64.S  -fPIC -DPIC -o .libs/sha256-avx2-bmi2-amd64.o
mv -f .deps/sha256-ssse3-amd64.Tpo .deps/sha256-ssse3-amd64.Plo
`echo /bin/sh ../libtool  --tag=CC   --mode=compile ccache gcc -DHAVE_CONFIG_H -I. -I..  -I../src -I../src -I../mpi -I../mpi   -std=gnu17   -mtls-dialect=gnu   -fvisibility=hidden -fno-delete-null-pointer-checks -Wall -c sha256-intel-shaext.c | sed -e 's/-fsanitize[=,\-][=,a-z,A-Z,0-9,\,,\-]*//g' -e 's/-fprofile[=,\-][=,a-z,A-Z,0-9,\,,\-]*//g' -e 's/-fcoverage[=,\-][=,a-z,A-Z,0-9,\,,\-]*//g' `
mv -f .deps/sha256-avx-amd64.Tpo .deps/sha256-avx-amd64.Plo
/bin/sh ../libtool  --tag=CC   --mode=compile ccache gcc -DHAVE_CONFIG_H -I. -I..  -I../src -I../src -I../mpi -I../mpi  -Wa,--noexecstack -std=gnu17   -mtls-dialect=gnu   -MT sha512-ssse3-amd64.lo -MD -MP -MF .deps/sha512-ssse3-amd64.Tpo -c -o sha512-ssse3-amd64.lo sha512-ssse3-amd64.S
libtool: compile:  ccache gcc -DHAVE_CONFIG_H -I. -I.. -I../src -I../src -I../mpi -I../mpi -Wa,--noexecstack -std=gnu17 -mtls-dialect=gnu -MT sha512-ssse3-amd64.lo -MD -MP -MF .deps/sha512-ssse3-amd64.Tpo -c sha512-ssse3-amd64.S  -fPIC -DPIC -o .libs/sha512-ssse3-amd64.o
libtool: compile:  ccache gcc -DHAVE_CONFIG_H -I. -I.. -I../src -I../src -I../mpi -I../mpi -std=gnu17 -mtls-dialect=gnu -fvisibility=hidden -fno-delete-null-pointer-checks -Wall -c sha256-intel-shaext.c  -fPIC -DPIC -o .libs/sha256-intel-shaext.o
/bin/sh ../libtool  --tag=CC   --mode=compile ccache gcc -DHAVE_CONFIG_H -I. -I..  -I../src -I../src -I../mpi -I../mpi  -Wa,--noexecstack -std=gnu17   -mtls-dialect=gnu   -MT sha512-avx-amd64.lo -MD -MP -MF .deps/sha512-avx-amd64.Tpo -c -o sha512-avx-amd64.lo sha512-avx-amd64.S
mv -f .deps/sha256-avx2-bmi2-amd64.Tpo .deps/sha256-avx2-bmi2-amd64.Plo
/bin/sh ../libtool  --tag=CC   --mode=compile ccache gcc -DHAVE_CONFIG_H -I. -I..  -I../src -I../src -I../mpi -I../mpi  -Wa,--noexecstack -std=gnu17   -mtls-dialect=gnu   -MT sha512-avx2-bmi2-amd64.lo -MD -MP -MF .deps/sha512-avx2-bmi2-amd64.Tpo -c -o sha512-avx2-bmi2-amd64.lo sha512-avx2-bmi2-amd64.S
libtool: compile:  ccache gcc -DHAVE_CONFIG_H -I. -I.. -I../src -I../src -I../mpi -I../mpi -Wa,--noexecstack -std=gnu17 -mtls-dialect=gnu -MT sha512-avx-amd64.lo -MD -MP -MF .deps/sha512-avx-amd64.Tpo -c sha512-avx-amd64.S  -fPIC -DPIC -o .libs/sha512-avx-amd64.o
mv -f .deps/sha512-ssse3-amd64.Tpo .deps/sha512-ssse3-amd64.Plo
/bin/sh ../libtool  --tag=CC   --mode=compile ccache gcc -DHAVE_CONFIG_H -I. -I..  -I../src -I../src -I../mpi -I../mpi  -Wa,--noexecstack -std=gnu17   -mtls-dialect=gnu   -MT sha512-avx512-amd64.lo -MD -MP -MF .deps/sha512-avx512-amd64.Tpo -c -o sha512-avx512-amd64.lo sha512-avx512-amd64.S
libtool: compile:  ccache gcc -DHAVE_CONFIG_H -I. -I.. -I../src -I../src -I../mpi -I../mpi -Wa,--noexecstack -std=gnu17 -mtls-dialect=gnu -MT sha512-avx2-bmi2-amd64.lo -MD -MP -MF .deps/sha512-avx2-bmi2-amd64.Tpo -c sha512-avx2-bmi2-amd64.S  -fPIC -DPIC -o .libs/sha512-avx2-bmi2-amd64.o
/bin/sh ../libtool  --tag=CC   --mode=compile ccache gcc -DHAVE_CONFIG_H -I. -I..  -I../src -I../src -I../mpi -I../mpi  -Wa,--noexecstack -std=gnu17   -mtls-dialect=gnu   -MT keccak-amd64-avx512.lo -MD -MP -MF .deps/keccak-amd64-avx512.Tpo -c -o keccak-amd64-avx512.lo keccak-amd64-avx512.S
mv -f .deps/sha1.Tpo .deps/sha1.Plo
/bin/sh ../libtool  --tag=CC   --mode=compile ccache gcc -DHAVE_CONFIG_H -I. -I..  -I../src -I../src -I../mpi -I../mpi  -Wa,--noexecstack -std=gnu17   -mtls-dialect=gnu   -MT whirlpool-sse2-amd64.lo -MD -MP -MF .deps/whirlpool-sse2-amd64.Tpo -c -o whirlpool-sse2-amd64.lo whirlpool-sse2-amd64.S
libtool: compile:  ccache gcc -DHAVE_CONFIG_H -I. -I.. -I../src -I../src -I../mpi -I../mpi -Wa,--noexecstack -std=gnu17 -mtls-dialect=gnu -MT sha512-avx512-amd64.lo -MD -MP -MF .deps/sha512-avx512-amd64.Tpo -c sha512-avx512-amd64.S  -fPIC -DPIC -o .libs/sha512-avx512-amd64.o
/bin/sh ../libtool  --tag=CC   --mode=compile ccache gcc -DHAVE_CONFIG_H -I. -I..  -I../src -I../src -I../mpi -I../mpi  -Wa,--noexecstack -std=gnu17   -mtls-dialect=gnu   -MT blake2b-amd64-avx2.lo -MD -MP -MF .deps/blake2b-amd64-avx2.Tpo -c -o blake2b-amd64-avx2.lo blake2b-amd64-avx2.S
libtool: compile:  ccache gcc -DHAVE_CONFIG_H -I. -I.. -I../src -I../src -I../mpi -I../mpi -Wa,--noexecstack -std=gnu17 -mtls-dialect=gnu -MT keccak-amd64-avx512.lo -MD -MP -MF .deps/keccak-amd64-avx512.Tpo -c keccak-amd64-avx512.S  -fPIC -DPIC -o .libs/keccak-amd64-avx512.o
libtool: compile:  ccache gcc -DHAVE_CONFIG_H -I. -I.. -I../src -I../src -I../mpi -I../mpi -Wa,--noexecstack -std=gnu17 -mtls-dialect=gnu -MT blake2b-amd64-avx2.lo -MD -MP -MF .deps/blake2b-amd64-avx2.Tpo -c blake2b-amd64-avx2.S  -fPIC -DPIC -o .libs/blake2b-amd64-avx2.o
libtool: compile:  ccache gcc -DHAVE_CONFIG_H -I. -I.. -I../src -I../src -I../mpi -I../mpi -Wa,--noexecstack -std=gnu17 -mtls-dialect=gnu -MT whirlpool-sse2-amd64.lo -MD -MP -MF .deps/whirlpool-sse2-amd64.Tpo -c whirlpool-sse2-amd64.S  -fPIC -DPIC -o .libs/whirlpool-sse2-amd64.o
mv -f .deps/sha512-avx-amd64.Tpo .deps/sha512-avx-amd64.Plo
mv -f .deps/sha512-avx2-bmi2-amd64.Tpo .deps/sha512-avx2-bmi2-amd64.Plo
/bin/sh ../libtool  --tag=CC   --mode=compile ccache gcc -DHAVE_CONFIG_H -I. -I..  -I../src -I../src -I../mpi -I../mpi  -Wa,--noexecstack -std=gnu17   -mtls-dialect=gnu   -MT blake2b-amd64-avx512.lo -MD -MP -MF .deps/blake2b-amd64-avx512.Tpo -c -o blake2b-amd64-avx512.lo blake2b-amd64-avx512.S
/bin/sh ../libtool  --tag=CC   --mode=compile ccache gcc -DHAVE_CONFIG_H -I. -I..  -I../src -I../src -I../mpi -I../mpi  -Wa,--noexecstack -std=gnu17   -mtls-dialect=gnu   -MT blake2s-amd64-avx.lo -MD -MP -MF .deps/blake2s-amd64-avx.Tpo -c -o blake2s-amd64-avx.lo blake2s-amd64-avx.S
mv -f .deps/keccak-amd64-avx512.Tpo .deps/keccak-amd64-avx512.Plo
mv -f .deps/sm3.Tpo .deps/sm3.Plo
/bin/sh ../libtool  --tag=CC   --mode=compile ccache gcc -DHAVE_CONFIG_H -I. -I..  -I../src -I../src -I../mpi -I../mpi  -Wa,--noexecstack -std=gnu17   -mtls-dialect=gnu   -MT blake2s-amd64-avx512.lo -MD -MP -MF .deps/blake2s-amd64-avx512.Tpo -c -o blake2s-amd64-avx512.lo blake2s-amd64-avx512.S
/bin/sh ../libtool  --tag=CC   --mode=compile ccache gcc -DHAVE_CONFIG_H -I. -I..  -I../src -I../src -I../mpi -I../mpi  -Wa,--noexecstack -std=gnu17   -mtls-dialect=gnu   -MT sm3-avx-bmi2-amd64.lo -MD -MP -MF .deps/sm3-avx-bmi2-amd64.Tpo -c -o sm3-avx-bmi2-amd64.lo sm3-avx-bmi2-amd64.S
libtool: compile:  ccache gcc -DHAVE_CONFIG_H -I. -I.. -I../src -I../src -I../mpi -I../mpi -Wa,--noexecstack -std=gnu17 -mtls-dialect=gnu -MT blake2b-amd64-avx512.lo -MD -MP -MF .deps/blake2b-amd64-avx512.Tpo -c blake2b-amd64-avx512.S  -fPIC -DPIC -o .libs/blake2b-amd64-avx512.o
libtool: compile:  ccache gcc -DHAVE_CONFIG_H -I. -I.. -I../src -I../src -I../mpi -I../mpi -Wa,--noexecstack -std=gnu17 -mtls-dialect=gnu -MT blake2s-amd64-avx.lo -MD -MP -MF .deps/blake2s-amd64-avx.Tpo -c blake2s-amd64-avx.S  -fPIC -DPIC -o .libs/blake2s-amd64-avx.o
mv -f .deps/whirlpool-sse2-amd64.Tpo .deps/whirlpool-sse2-amd64.Plo
libtool: compile:  ccache gcc -DHAVE_CONFIG_H -I. -I.. -I../src -I../src -I../mpi -I../mpi -Wa,--noexecstack -std=gnu17 -mtls-dialect=gnu -MT blake2s-amd64-avx512.lo -MD -MP -MF .deps/blake2s-amd64-avx512.Tpo -c blake2s-amd64-avx512.S  -fPIC -DPIC -o .libs/blake2s-amd64-avx512.o
/bin/sh ../libtool  --tag=CC   --mode=compile ccache gcc -DHAVE_CONFIG_H -I. -I..  -I../src -I../src -I../mpi -I../mpi  -Wa,--noexecstack -std=gnu17   -mtls-dialect=gnu   -MT sha1-ssse3-amd64.lo -MD -MP -MF .deps/sha1-ssse3-amd64.Tpo -c -o sha1-ssse3-amd64.lo sha1-ssse3-amd64.S
libtool: compile:  ccache gcc -DHAVE_CONFIG_H -I. -I.. -I../src -I../src -I../mpi -I../mpi -Wa,--noexecstack -std=gnu17 -mtls-dialect=gnu -MT sm3-avx-bmi2-amd64.lo -MD -MP -MF .deps/sm3-avx-bmi2-amd64.Tpo -c sm3-avx-bmi2-amd64.S  -fPIC -DPIC -o .libs/sm3-avx-bmi2-amd64.o
mv -f .deps/blake2b-amd64-avx2.Tpo .deps/blake2b-amd64-avx2.Plo
/bin/sh ../libtool  --tag=CC   --mode=compile ccache gcc -DHAVE_CONFIG_H -I. -I..  -I../src -I../src -I../mpi -I../mpi  -Wa,--noexecstack -std=gnu17   -mtls-dialect=gnu   -MT sha1-avx-amd64.lo -MD -MP -MF .deps/sha1-avx-amd64.Tpo -c -o sha1-avx-amd64.lo sha1-avx-amd64.S
libtool: compile:  ccache gcc -DHAVE_CONFIG_H -I. -I.. -I../src -I../src -I../mpi -I../mpi -Wa,--noexecstack -std=gnu17 -mtls-dialect=gnu -MT sha1-ssse3-amd64.lo -MD -MP -MF .deps/sha1-ssse3-amd64.Tpo -c sha1-ssse3-amd64.S  -fPIC -DPIC -o .libs/sha1-ssse3-amd64.o
mv -f .deps/sha512-avx512-amd64.Tpo .deps/sha512-avx512-amd64.Plo
/bin/sh ../libtool  --tag=CC   --mode=compile ccache gcc -DHAVE_CONFIG_H -I. -I..  -I../src -I../src -I../mpi -I../mpi  -Wa,--noexecstack -std=gnu17   -mtls-dialect=gnu   -MT sha1-avx-bmi2-amd64.lo -MD -MP -MF .deps/sha1-avx-bmi2-amd64.Tpo -c -o sha1-avx-bmi2-amd64.lo sha1-avx-bmi2-amd64.S
libtool: compile:  ccache gcc -DHAVE_CONFIG_H -I. -I.. -I../src -I../src -I../mpi -I../mpi -Wa,--noexecstack -std=gnu17 -mtls-dialect=gnu -MT sha1-avx-amd64.lo -MD -MP -MF .deps/sha1-avx-amd64.Tpo -c sha1-avx-amd64.S  -fPIC -DPIC -o .libs/sha1-avx-amd64.o
mv -f .deps/blake2s-amd64-avx.Tpo .deps/blake2s-amd64-avx.Plo
mv -f .deps/blake2b-amd64-avx512.Tpo .deps/blake2b-amd64-avx512.Plo
/bin/sh ../libtool  --tag=CC   --mode=compile ccache gcc -DHAVE_CONFIG_H -I. -I..  -I../src -I../src -I../mpi -I../mpi  -Wa,--noexecstack -std=gnu17   -mtls-dialect=gnu   -MT sha1-avx2-bmi2-amd64.lo -MD -MP -MF .deps/sha1-avx2-bmi2-amd64.Tpo -c -o sha1-avx2-bmi2-amd64.lo sha1-avx2-bmi2-amd64.S
`echo /bin/sh ../libtool  --tag=CC   --mode=compile ccache gcc -DHAVE_CONFIG_H -I. -I..  -I../src -I../src -I../mpi -I../mpi   -std=gnu17   -mtls-dialect=gnu   -fvisibility=hidden -fno-delete-null-pointer-checks -Wall -c sha1-intel-shaext.c | sed -e 's/-fsanitize[=,\-][=,a-z,A-Z,0-9,\,,\-]*//g' -e 's/-fprofile[=,\-][=,a-z,A-Z,0-9,\,,\-]*//g' -e 's/-fcoverage[=,\-][=,a-z,A-Z,0-9,\,,\-]*//g' `
libtool: compile:  ccache gcc -DHAVE_CONFIG_H -I. -I.. -I../src -I../src -I../mpi -I../mpi -Wa,--noexecstack -std=gnu17 -mtls-dialect=gnu -MT sha1-avx-bmi2-amd64.lo -MD -MP -MF .deps/sha1-avx-bmi2-amd64.Tpo -c sha1-avx-bmi2-amd64.S  -fPIC -DPIC -o .libs/sha1-avx-bmi2-amd64.o
mv -f .deps/blake2s-amd64-avx512.Tpo .deps/blake2s-amd64-avx512.Plo
`echo /bin/sh ../libtool  --tag=CC   --mode=compile ccache gcc -DHAVE_CONFIG_H -I. -I..  -I../src -I../src -I../mpi -I../mpi   -std=gnu17   -mtls-dialect=gnu   -fvisibility=hidden -fno-delete-null-pointer-checks -Wall -c cipher-gcm-intel-pclmul.c | sed -e 's/-fsanitize[=,\-][=,a-z,A-Z,0-9,\,,\-]*//g' -e 's/-fprofile[=,\-][=,a-z,A-Z,0-9,\,,\-]*//g' -e 's/-fcoverage[=,\-][=,a-z,A-Z,0-9,\,,\-]*//g' `
libtool: compile:  ccache gcc -DHAVE_CONFIG_H -I. -I.. -I../src -I../src -I../mpi -I../mpi -Wa,--noexecstack -std=gnu17 -mtls-dialect=gnu -MT sha1-avx2-bmi2-amd64.lo -MD -MP -MF .deps/sha1-avx2-bmi2-amd64.Tpo -c sha1-avx2-bmi2-amd64.S  -fPIC -DPIC -o .libs/sha1-avx2-bmi2-amd64.o
mv -f .deps/sha1-ssse3-amd64.Tpo .deps/sha1-ssse3-amd64.Plo
libtool: compile:  ccache gcc -DHAVE_CONFIG_H -I. -I.. -I../src -I../src -I../mpi -I../mpi -std=gnu17 -mtls-dialect=gnu -fvisibility=hidden -fno-delete-null-pointer-checks -Wall -c sha1-intel-shaext.c  -fPIC -DPIC -o .libs/sha1-intel-shaext.o
/bin/sh ../libtool  --tag=CC   --mode=compile ccache gcc -DHAVE_CONFIG_H -I. -I..  -I../src -I../src -I../mpi -I../mpi  -Wa,--noexecstack -std=gnu17   -mtls-dialect=gnu   -MT poly1305-amd64-avx512.lo -MD -MP -MF .deps/poly1305-amd64-avx512.Tpo -c -o poly1305-amd64-avx512.lo poly1305-amd64-avx512.S
mv -f .deps/sm3-avx-bmi2-amd64.Tpo .deps/sm3-avx-bmi2-amd64.Plo
libtool: compile:  ccache gcc -DHAVE_CONFIG_H -I. -I.. -I../src -I../src -I../mpi -I../mpi -Wa,--noexecstack -std=gnu17 -mtls-dialect=gnu -MT poly1305-amd64-avx512.lo -MD -MP -MF .deps/poly1305-amd64-avx512.Tpo -c poly1305-amd64-avx512.S  -fPIC -DPIC -o .libs/poly1305-amd64-avx512.o
/bin/sh ../libtool  --tag=CC   --mode=compile ccache gcc -DHAVE_CONFIG_H -I. -I..  -I../src -I../src -I../mpi -I../mpi   -std=gnu17   -mtls-dialect=gnu   -fvisibility=hidden -fno-delete-null-pointer-checks -Wall -MT scrypt.lo -MD -MP -MF .deps/scrypt.Tpo -c -o scrypt.lo scrypt.c
libtool: compile:  ccache gcc -DHAVE_CONFIG_H -I. -I.. -I../src -I../src -I../mpi -I../mpi -std=gnu17 -mtls-dialect=gnu -fvisibility=hidden -fno-delete-null-pointer-checks -Wall -c cipher-gcm-intel-pclmul.c  -fPIC -DPIC -o .libs/cipher-gcm-intel-pclmul.o
mv -f .deps/sha1-avx-amd64.Tpo .deps/sha1-avx-amd64.Plo
./gost-s-box gost-sb.h
/bin/sh ../libtool  --tag=CC   --mode=compile ccache gcc -DHAVE_CONFIG_H -I. -I..  -I../src -I../src -I../mpi -I../mpi   -std=gnu17   -mtls-dialect=gnu   -fvisibility=hidden -fno-delete-null-pointer-checks -Wall -MT gost28147.lo -MD -MP -MF .deps/gost28147.Tpo -c -o gost28147.lo gost28147.c
mv -f .deps/blake2.Tpo .deps/blake2.Plo
mv -f .deps/sha1-avx-bmi2-amd64.Tpo .deps/sha1-avx-bmi2-amd64.Plo
libtool: compile:  ccache gcc -DHAVE_CONFIG_H -I. -I.. -I../src -I../src -I../mpi -I../mpi -std=gnu17 -mtls-dialect=gnu -fvisibility=hidden -fno-delete-null-pointer-checks -Wall -MT scrypt.lo -MD -MP -MF .deps/scrypt.Tpo -c scrypt.c  -fPIC -DPIC -o .libs/scrypt.o
libtool: compile:  ccache gcc -DHAVE_CONFIG_H -I. -I.. -I../src -I../src -I../mpi -I../mpi -std=gnu17 -mtls-dialect=gnu -fvisibility=hidden -fno-delete-null-pointer-checks -Wall -MT gost28147.lo -MD -MP -MF .deps/gost28147.Tpo -c gost28147.c  -fPIC -DPIC -o .libs/gost28147.o
mv -f .deps/sha1-avx2-bmi2-amd64.Tpo .deps/sha1-avx2-bmi2-amd64.Plo
mv -f .deps/poly1305-amd64-avx512.Tpo .deps/poly1305-amd64-avx512.Plo
mv -f .deps/scrypt.Tpo .deps/scrypt.Plo
mv -f .deps/gost28147.Tpo .deps/gost28147.Plo
/bin/sh ../libtool  --tag=CC   --mode=link ccache gcc  -std=gnu17   -mtls-dialect=gnu   -fvisibility=hidden -fno-delete-null-pointer-checks -Wall   -o libcipher.la  cipher.lo cipher-cbc.lo cipher-cfb.lo cipher-ofb.lo cipher-ctr.lo cipher-aeswrap.lo cipher-ccm.lo cipher-cmac.lo cipher-gcm.lo cipher-poly1305.lo cipher-ocb.lo cipher-xts.lo cipher-eax.lo cipher-siv.lo cipher-gcm-siv.lo pubkey.lo pubkey-util.lo md.lo mac.lo mac-hmac.lo mac-cmac.lo mac-gmac.lo mac-poly1305.lo poly1305.lo kem.lo sntrup761.lo kem-ecc.lo mceliece6688128f.lo kdf.lo primegen.lo hash-common.lo dsa-common.lo rsa-common.lo arcfour.lo blowfish.lo cast5.lo des.lo rijndael.lo twofish.lo serpent.lo rfc2268.lo seed.lo camellia.lo camellia-glue.lo idea.lo salsa20.lo gost28147.lo chacha20.lo sm4.lo aria.lo  arcfour-amd64.lo blowfish-amd64.lo cast5-amd64.lo des-amd64.lo rijndael-amd64.lo rijndael-ssse3-amd64.lo rijndael-ssse3-amd64-asm.lo rijndael-vaes.lo rijndael-vaes-avx2-amd64.lo rijndael-aesni.lo rijndael-padlock.lo twofish-amd64.lo twofish-avx2-amd64.lo serpent-sse2-amd64.lo serpent-avx2-amd64.lo serpent-avx512-x86.lo camellia-aesni-avx-amd64.lo camellia-aesni-avx2-amd64.lo camellia-vaes-avx2-amd64.lo camellia-gfni-avx2-amd64.lo camellia-gfni-avx512-amd64.lo salsa20-amd64.lo chacha20-amd64-ssse3.lo chacha20-amd64-avx2.lo chacha20-amd64-avx512.lo sm4-aesni-avx-amd64.lo sm4-aesni-avx2-amd64.lo sm4-gfni-avx2-amd64.lo sm4-gfni-avx512-amd64.lo aria-aesni-avx-amd64.lo aria-aesni-avx2-amd64.lo aria-gfni-avx512-amd64.lo  dsa.lo rsa.lo elgamal.lo                           ecc.lo ecc-curves.lo ecc-misc.lo                           ecc-ecdh.lo ecc-ecdsa.lo ecc-eddsa.lo ecc-gost.lo                           ecc-sm2.lo                           kyber.lo crc.lo gostr3411-94.lo stribog.lo md4.lo md5.lo rmd160.lo sha256.lo sha512.lo keccak.lo tiger.lo whirlpool.lo blake2.lo sm3.lo sha1.lo  crc-intel-pclmul.lo sha256-ssse3-amd64.lo sha256-avx-amd64.lo sha256-avx2-bmi2-amd64.lo sha256-intel-shaext.lo sha512-ssse3-amd64.lo sha512-avx-amd64.lo sha512-avx2-bmi2-amd64.lo sha512-avx512-amd64.lo keccak-amd64-avx512.lo whirlpool-sse2-amd64.lo blake2b-amd64-avx2.lo blake2b-amd64-avx512.lo blake2s-amd64-avx.lo blake2s-amd64-avx512.lo sm3-avx-bmi2-amd64.lo sha1-ssse3-amd64.lo sha1-avx-amd64.lo sha1-avx-bmi2-amd64.lo sha1-avx2-bmi2-amd64.lo sha1-intel-shaext.lo cipher-gcm-intel-pclmul.lo poly1305-amd64-avx512.lo  scrypt.lo 
libtool: link: ar cru .libs/libcipher.a .libs/cipher.o .libs/cipher-cbc.o .libs/cipher-cfb.o .libs/cipher-ofb.o .libs/cipher-ctr.o .libs/cipher-aeswrap.o .libs/cipher-ccm.o .libs/cipher-cmac.o .libs/cipher-gcm.o .libs/cipher-poly1305.o .libs/cipher-ocb.o .libs/cipher-xts.o .libs/cipher-eax.o .libs/cipher-siv.o .libs/cipher-gcm-siv.o .libs/pubkey.o .libs/pubkey-util.o .libs/md.o .libs/mac.o .libs/mac-hmac.o .libs/mac-cmac.o .libs/mac-gmac.o .libs/mac-poly1305.o .libs/poly1305.o .libs/kem.o .libs/sntrup761.o .libs/kem-ecc.o .libs/mceliece6688128f.o .libs/kdf.o .libs/primegen.o .libs/hash-common.o .libs/dsa-common.o .libs/rsa-common.o .libs/arcfour.o .libs/blowfish.o .libs/cast5.o .libs/des.o .libs/rijndael.o .libs/twofish.o .libs/serpent.o .libs/rfc2268.o .libs/seed.o .libs/camellia.o .libs/camellia-glue.o .libs/idea.o .libs/salsa20.o .libs/gost28147.o .libs/chacha20.o .libs/sm4.o .libs/aria.o .libs/arcfour-amd64.o .libs/blowfish-amd64.o .libs/cast5-amd64.o .libs/des-amd64.o .libs/rijndael-amd64.o .libs/rijndael-ssse3-amd64.o .libs/rijndael-ssse3-amd64-asm.o .libs/rijndael-vaes.o .libs/rijndael-vaes-avx2-amd64.o .libs/rijndael-aesni.o .libs/rijndael-padlock.o .libs/twofish-amd64.o .libs/twofish-avx2-amd64.o .libs/serpent-sse2-amd64.o .libs/serpent-avx2-amd64.o .libs/serpent-avx512-x86.o .libs/camellia-aesni-avx-amd64.o .libs/camellia-aesni-avx2-amd64.o .libs/camellia-vaes-avx2-amd64.o .libs/camellia-gfni-avx2-amd64.o .libs/camellia-gfni-avx512-amd64.o .libs/salsa20-amd64.o .libs/chacha20-amd64-ssse3.o .libs/chacha20-amd64-avx2.o .libs/chacha20-amd64-avx512.o .libs/sm4-aesni-avx-amd64.o .libs/sm4-aesni-avx2-amd64.o .libs/sm4-gfni-avx2-amd64.o .libs/sm4-gfni-avx512-amd64.o .libs/aria-aesni-avx-amd64.o .libs/aria-aesni-avx2-amd64.o .libs/aria-gfni-avx512-amd64.o .libs/dsa.o .libs/rsa.o .libs/elgamal.o .libs/ecc.o .libs/ecc-curves.o .libs/ecc-misc.o .libs/ecc-ecdh.o .libs/ecc-ecdsa.o .libs/ecc-eddsa.o .libs/ecc-gost.o .libs/ecc-sm2.o .libs/kyber.o .libs/crc.o .libs/gostr3411-94.o .libs/stribog.o .libs/md4.o .libs/md5.o .libs/rmd160.o .libs/sha256.o .libs/sha512.o .libs/keccak.o .libs/tiger.o .libs/whirlpool.o .libs/blake2.o .libs/sm3.o .libs/sha1.o .libs/crc-intel-pclmul.o .libs/sha256-ssse3-amd64.o .libs/sha256-avx-amd64.o .libs/sha256-avx2-bmi2-amd64.o .libs/sha256-intel-shaext.o .libs/sha512-ssse3-amd64.o .libs/sha512-avx-amd64.o .libs/sha512-avx2-bmi2-amd64.o .libs/sha512-avx512-amd64.o .libs/keccak-amd64-avx512.o .libs/whirlpool-sse2-amd64.o .libs/blake2b-amd64-avx2.o .libs/blake2b-amd64-avx512.o .libs/blake2s-amd64-avx.o .libs/blake2s-amd64-avx512.o .libs/sm3-avx-bmi2-amd64.o .libs/sha1-ssse3-amd64.o .libs/sha1-avx-amd64.o .libs/sha1-avx-bmi2-amd64.o .libs/sha1-avx2-bmi2-amd64.o .libs/sha1-intel-shaext.o .libs/cipher-gcm-intel-pclmul.o .libs/poly1305-amd64-avx512.o .libs/scrypt.o 
ar: `u' modifier ignored since `D' is the default (see `U')
libtool: link: ranlib .libs/libcipher.a
libtool: link: ( cd ".libs" && rm -f "libcipher.la" && ln -s "../libcipher.la" "libcipher.la" )
make[4]: Leaving directory '/build/arkana/src/libgcrypt-1.11.2/cipher'
Making all in random
make[4]: Entering directory '/build/arkana/src/libgcrypt-1.11.2/random'
/bin/sh ../libtool  --tag=CC   --mode=compile ccache gcc -DHAVE_CONFIG_H -I. -I..  -I../src -I../src   -std=gnu17   -mtls-dialect=gnu   -fvisibility=hidden -fno-delete-null-pointer-checks -Wall -MT random.lo -MD -MP -MF .deps/random.Tpo -c -o random.lo random.c
/bin/sh ../libtool  --tag=CC   --mode=compile ccache gcc -DHAVE_CONFIG_H -I. -I..  -I../src -I../src   -std=gnu17   -mtls-dialect=gnu   -fvisibility=hidden -fno-delete-null-pointer-checks -Wall -MT random-csprng.lo -MD -MP -MF .deps/random-csprng.Tpo -c -o random-csprng.lo random-csprng.c
/bin/sh ../libtool  --tag=CC   --mode=compile ccache gcc -DHAVE_CONFIG_H -I. -I..  -I../src -I../src   -std=gnu17   -mtls-dialect=gnu   -fvisibility=hidden -fno-delete-null-pointer-checks -Wall -MT random-drbg.lo -MD -MP -MF .deps/random-drbg.Tpo -c -o random-drbg.lo random-drbg.c
/bin/sh ../libtool  --tag=CC   --mode=compile ccache gcc -DHAVE_CONFIG_H -I. -I..  -I../src -I../src   -std=gnu17   -mtls-dialect=gnu   -fvisibility=hidden -fno-delete-null-pointer-checks -Wall -MT random-system.lo -MD -MP -MF .deps/random-system.Tpo -c -o random-system.lo random-system.c
`echo /bin/sh ../libtool  --tag=CC   --mode=compile ccache gcc -DHAVE_CONFIG_H -I. -I..  -I../src -I../src   -std=gnu17   -mtls-dialect=gnu   -fvisibility=hidden -fno-delete-null-pointer-checks -Wall -c ./rndjent.c | sed -e 's/[[:blank:]]-O\([1-9sgz][1-9sgz]*\)/ -O0 /g' -e 's/[[:blank:]]-Ofast/ -O0 /g' `
/bin/sh ../libtool  --tag=CC   --mode=compile ccache gcc -DHAVE_CONFIG_H -I. -I..  -I../src -I../src   -std=gnu17   -mtls-dialect=gnu   -fvisibility=hidden -fno-delete-null-pointer-checks -Wall -MT rndhw.lo -MD -MP -MF .deps/rndhw.Tpo -c -o rndhw.lo rndhw.c
/bin/sh ../libtool  --tag=CC   --mode=compile ccache gcc -DHAVE_CONFIG_H -I. -I..  -I../src -I../src   -std=gnu17   -mtls-dialect=gnu   -fvisibility=hidden -fno-delete-null-pointer-checks -Wall -MT rndgetentropy.lo -MD -MP -MF .deps/rndgetentropy.Tpo -c -o rndgetentropy.lo rndgetentropy.c
libtool: compile:  ccache gcc -DHAVE_CONFIG_H -I. -I.. -I../src -I../src -std=gnu17 -mtls-dialect=gnu -fvisibility=hidden -fno-delete-null-pointer-checks -Wall -MT random-csprng.lo -MD -MP -MF .deps/random-csprng.Tpo -c random-csprng.c  -fPIC -DPIC -o .libs/random-csprng.o
libtool: compile:  ccache gcc -DHAVE_CONFIG_H -I. -I.. -I../src -I../src -std=gnu17 -mtls-dialect=gnu -fvisibility=hidden -fno-delete-null-pointer-checks -Wall -MT random-drbg.lo -MD -MP -MF .deps/random-drbg.Tpo -c random-drbg.c  -fPIC -DPIC -o .libs/random-drbg.o
libtool: compile:  ccache gcc -DHAVE_CONFIG_H -I. -I.. -I../src -I../src -std=gnu17 -mtls-dialect=gnu -fvisibility=hidden -fno-delete-null-pointer-checks -Wall -MT random-system.lo -MD -MP -MF .deps/random-system.Tpo -c random-system.c  -fPIC -DPIC -o .libs/random-system.o
libtool: compile:  ccache gcc -DHAVE_CONFIG_H -I. -I.. -I../src -I../src -std=gnu17 -mtls-dialect=gnu -fvisibility=hidden -fno-delete-null-pointer-checks -Wall -MT rndgetentropy.lo -MD -MP -MF .deps/rndgetentropy.Tpo -c rndgetentropy.c  -fPIC -DPIC -o .libs/rndgetentropy.o
libtool: compile:  ccache gcc -DHAVE_CONFIG_H -I. -I.. -I../src -I../src -std=gnu17 -mtls-dialect=gnu -fvisibility=hidden -fno-delete-null-pointer-checks -Wall -MT rndhw.lo -MD -MP -MF .deps/rndhw.Tpo -c rndhw.c  -fPIC -DPIC -o .libs/rndhw.o
libtool: compile:  ccache gcc -DHAVE_CONFIG_H -I. -I.. -I../src -I../src -std=gnu17 -mtls-dialect=gnu -fvisibility=hidden -fno-delete-null-pointer-checks -Wall -MT random.lo -MD -MP -MF .deps/random.Tpo -c random.c  -fPIC -DPIC -o .libs/random.o
libtool: compile:  ccache gcc -DHAVE_CONFIG_H -I. -I.. -I../src -I../src -std=gnu17 -mtls-dialect=gnu -fvisibility=hidden -fno-delete-null-pointer-checks -Wall -c ./rndjent.c  -fPIC -DPIC -o .libs/rndjent.o
mv -f .deps/rndhw.Tpo .deps/rndhw.Plo
mv -f .deps/random-system.Tpo .deps/random-system.Plo
mv -f .deps/random.Tpo .deps/random.Plo
mv -f .deps/rndgetentropy.Tpo .deps/rndgetentropy.Plo
mv -f .deps/random-csprng.Tpo .deps/random-csprng.Plo
mv -f .deps/random-drbg.Tpo .deps/random-drbg.Plo
/bin/sh ../libtool  --tag=CC   --mode=link ccache gcc  -std=gnu17   -mtls-dialect=gnu   -fvisibility=hidden -fno-delete-null-pointer-checks -Wall   -o librandom.la  random.lo random-csprng.lo random-drbg.lo random-system.lo rndjent.lo rndhw.lo rndgetentropy.lo 
libtool: link: ar cru .libs/librandom.a .libs/random.o .libs/random-csprng.o .libs/random-drbg.o .libs/random-system.o .libs/rndjent.o .libs/rndhw.o .libs/rndgetentropy.o 
ar: `u' modifier ignored since `D' is the default (see `U')
libtool: link: ranlib .libs/librandom.a
libtool: link: ( cd ".libs" && rm -f "librandom.la" && ln -s "../librandom.la" "librandom.la" )
make[4]: Leaving directory '/build/arkana/src/libgcrypt-1.11.2/random'
Making all in src
make[4]: Entering directory '/build/arkana/src/libgcrypt-1.11.2/src'
ccache gcc -DHAVE_CONFIG_H -I. -I..     -std=gnu17   -mtls-dialect=gnu   -fvisibility=hidden -fno-delete-null-pointer-checks -Wall -MT dumpsexp-dumpsexp.o -MD -MP -MF .deps/dumpsexp-dumpsexp.Tpo -c -o dumpsexp-dumpsexp.o `test -f 'dumpsexp.c' || echo './'`dumpsexp.c
ccache gcc -DHAVE_CONFIG_H -I. -I..    -DSTANDALONE  -std=gnu17   -mtls-dialect=gnu   -fvisibility=hidden -fno-delete-null-pointer-checks -Wall -MT hmac256-hmac256.o -MD -MP -MF .deps/hmac256-hmac256.Tpo -c -o hmac256-hmac256.o `test -f 'hmac256.c' || echo './'`hmac256.c
ccache gcc -DHAVE_CONFIG_H -I. -I..     -std=gnu17   -mtls-dialect=gnu   -fvisibility=hidden -fno-delete-null-pointer-checks -Wall -MT mpicalc-mpicalc.o -MD -MP -MF .deps/mpicalc-mpicalc.Tpo -c -o mpicalc-mpicalc.o `test -f 'mpicalc.c' || echo './'`mpicalc.c
/bin/sh ../libtool  --tag=CC   --mode=compile ccache gcc -DHAVE_CONFIG_H -I. -I..      -std=gnu17   -mtls-dialect=gnu   -fvisibility=hidden -fno-delete-null-pointer-checks -Wall -MT libgcrypt_la-visibility.lo -MD -MP -MF .deps/libgcrypt_la-visibility.Tpo -c -o libgcrypt_la-visibility.lo `test -f 'visibility.c' || echo './'`visibility.c
/bin/sh ../libtool  --tag=CC   --mode=compile ccache gcc -DHAVE_CONFIG_H -I. -I..      -std=gnu17   -mtls-dialect=gnu   -fvisibility=hidden -fno-delete-null-pointer-checks -Wall -MT libgcrypt_la-misc.lo -MD -MP -MF .deps/libgcrypt_la-misc.Tpo -c -o libgcrypt_la-misc.lo `test -f 'misc.c' || echo './'`misc.c
/bin/sh ../libtool  --tag=CC   --mode=compile ccache gcc -DHAVE_CONFIG_H -I. -I..      -std=gnu17   -mtls-dialect=gnu   -fvisibility=hidden -fno-delete-null-pointer-checks -Wall -MT libgcrypt_la-global.lo -MD -MP -MF .deps/libgcrypt_la-global.Tpo -c -o libgcrypt_la-global.lo `test -f 'global.c' || echo './'`global.c
/bin/sh ../libtool  --tag=CC   --mode=compile ccache gcc -DHAVE_CONFIG_H -I. -I..      -std=gnu17   -mtls-dialect=gnu   -fvisibility=hidden -fno-delete-null-pointer-checks -Wall -MT libgcrypt_la-sexp.lo -MD -MP -MF .deps/libgcrypt_la-sexp.Tpo -c -o libgcrypt_la-sexp.lo `test -f 'sexp.c' || echo './'`sexp.c
/bin/sh ../libtool  --tag=CC   --mode=compile ccache gcc -DHAVE_CONFIG_H -I. -I..      -std=gnu17   -mtls-dialect=gnu   -fvisibility=hidden -fno-delete-null-pointer-checks -Wall -MT libgcrypt_la-hwfeatures.lo -MD -MP -MF .deps/libgcrypt_la-hwfeatures.Tpo -c -o libgcrypt_la-hwfeatures.lo `test -f 'hwfeatures.c' || echo './'`hwfeatures.c
libtool: compile:  ccache gcc -DHAVE_CONFIG_H -I. -I.. -std=gnu17 -mtls-dialect=gnu -fvisibility=hidden -fno-delete-null-pointer-checks -Wall -MT libgcrypt_la-sexp.lo -MD -MP -MF .deps/libgcrypt_la-sexp.Tpo -c sexp.c  -fPIC -DPIC -o .libs/libgcrypt_la-sexp.o
libtool: compile:  ccache gcc -DHAVE_CONFIG_H -I. -I.. -std=gnu17 -mtls-dialect=gnu -fvisibility=hidden -fno-delete-null-pointer-checks -Wall -MT libgcrypt_la-global.lo -MD -MP -MF .deps/libgcrypt_la-global.Tpo -c global.c  -fPIC -DPIC -o .libs/libgcrypt_la-global.o
libtool: compile:  ccache gcc -DHAVE_CONFIG_H -I. -I.. -std=gnu17 -mtls-dialect=gnu -fvisibility=hidden -fno-delete-null-pointer-checks -Wall -MT libgcrypt_la-visibility.lo -MD -MP -MF .deps/libgcrypt_la-visibility.Tpo -c visibility.c  -fPIC -DPIC -o .libs/libgcrypt_la-visibility.o
libtool: compile:  ccache gcc -DHAVE_CONFIG_H -I. -I.. -std=gnu17 -mtls-dialect=gnu -fvisibility=hidden -fno-delete-null-pointer-checks -Wall -MT libgcrypt_la-hwfeatures.lo -MD -MP -MF .deps/libgcrypt_la-hwfeatures.Tpo -c hwfeatures.c  -fPIC -DPIC -o .libs/libgcrypt_la-hwfeatures.o
libtool: compile:  ccache gcc -DHAVE_CONFIG_H -I. -I.. -std=gnu17 -mtls-dialect=gnu -fvisibility=hidden -fno-delete-null-pointer-checks -Wall -MT libgcrypt_la-misc.lo -MD -MP -MF .deps/libgcrypt_la-misc.Tpo -c misc.c  -fPIC -DPIC -o .libs/libgcrypt_la-misc.o
mv -f .deps/mpicalc-mpicalc.Tpo .deps/mpicalc-mpicalc.Po
/bin/sh ../libtool  --tag=CC   --mode=compile ccache gcc -DHAVE_CONFIG_H -I. -I..      -std=gnu17   -mtls-dialect=gnu   -fvisibility=hidden -fno-delete-null-pointer-checks -Wall -MT libgcrypt_la-stdmem.lo -MD -MP -MF .deps/libgcrypt_la-stdmem.Tpo -c -o libgcrypt_la-stdmem.lo `test -f 'stdmem.c' || echo './'`stdmem.c
mv -f .deps/dumpsexp-dumpsexp.Tpo .deps/dumpsexp-dumpsexp.Po
/bin/sh ../libtool  --tag=CC   --mode=compile ccache gcc -DHAVE_CONFIG_H -I. -I..      -std=gnu17   -mtls-dialect=gnu   -fvisibility=hidden -fno-delete-null-pointer-checks -Wall -MT libgcrypt_la-secmem.lo -MD -MP -MF .deps/libgcrypt_la-secmem.Tpo -c -o libgcrypt_la-secmem.lo `test -f 'secmem.c' || echo './'`secmem.c
mv -f .deps/libgcrypt_la-hwfeatures.Tpo .deps/libgcrypt_la-hwfeatures.Plo
/bin/sh ../libtool  --tag=CC   --mode=compile ccache gcc -DHAVE_CONFIG_H -I. -I..      -std=gnu17   -mtls-dialect=gnu   -fvisibility=hidden -fno-delete-null-pointer-checks -Wall -MT libgcrypt_la-missing-string.lo -MD -MP -MF .deps/libgcrypt_la-missing-string.Tpo -c -o libgcrypt_la-missing-string.lo `test -f 'missing-string.c' || echo './'`missing-string.c
misc.c: In function '_gcry_log_printsxp':
misc.c:439:16: warning: assignment discards 'const' qualifier from pointer target type [-Wdiscarded-qualifiers]
  439 |           pend = strchr (p, '\n');
      |                ^
mv -f .deps/libgcrypt_la-misc.Tpo .deps/libgcrypt_la-misc.Plo
libtool: compile:  ccache gcc -DHAVE_CONFIG_H -I. -I.. -std=gnu17 -mtls-dialect=gnu -fvisibility=hidden -fno-delete-null-pointer-checks -Wall -MT libgcrypt_la-stdmem.lo -MD -MP -MF .deps/libgcrypt_la-stdmem.Tpo -c stdmem.c  -fPIC -DPIC -o .libs/libgcrypt_la-stdmem.o
/bin/sh ../libtool  --tag=CC   --mode=compile ccache gcc -DHAVE_CONFIG_H -I. -I..      -std=gnu17   -mtls-dialect=gnu   -fvisibility=hidden -fno-delete-null-pointer-checks -Wall -MT libgcrypt_la-fips.lo -MD -MP -MF .deps/libgcrypt_la-fips.Tpo -c -o libgcrypt_la-fips.lo `test -f 'fips.c' || echo './'`fips.c
mv -f .deps/hmac256-hmac256.Tpo .deps/hmac256-hmac256.Po
libtool: compile:  ccache gcc -DHAVE_CONFIG_H -I. -I.. -std=gnu17 -mtls-dialect=gnu -fvisibility=hidden -fno-delete-null-pointer-checks -Wall -MT libgcrypt_la-secmem.lo -MD -MP -MF .deps/libgcrypt_la-secmem.Tpo -c secmem.c  -fPIC -DPIC -o .libs/libgcrypt_la-secmem.o
/bin/sh ../libtool  --tag=CC   --mode=compile ccache gcc -DHAVE_CONFIG_H -I. -I..      -std=gnu17   -mtls-dialect=gnu   -fvisibility=hidden -fno-delete-null-pointer-checks -Wall -MT libgcrypt_la-context.lo -MD -MP -MF .deps/libgcrypt_la-context.Tpo -c -o libgcrypt_la-context.lo `test -f 'context.c' || echo './'`context.c
libtool: compile:  ccache gcc -DHAVE_CONFIG_H -I. -I.. -std=gnu17 -mtls-dialect=gnu -fvisibility=hidden -fno-delete-null-pointer-checks -Wall -MT libgcrypt_la-missing-string.lo -MD -MP -MF .deps/libgcrypt_la-missing-string.Tpo -c missing-string.c  -fPIC -DPIC -o .libs/libgcrypt_la-missing-string.o
libtool: compile:  ccache gcc -DHAVE_CONFIG_H -I. -I.. -std=gnu17 -mtls-dialect=gnu -fvisibility=hidden -fno-delete-null-pointer-checks -Wall -MT libgcrypt_la-fips.lo -MD -MP -MF .deps/libgcrypt_la-fips.Tpo -c fips.c  -fPIC -DPIC -o .libs/libgcrypt_la-fips.o
libtool: compile:  ccache gcc -DHAVE_CONFIG_H -I. -I.. -std=gnu17 -mtls-dialect=gnu -fvisibility=hidden -fno-delete-null-pointer-checks -Wall -MT libgcrypt_la-context.lo -MD -MP -MF .deps/libgcrypt_la-context.Tpo -c context.c  -fPIC -DPIC -o .libs/libgcrypt_la-context.o
mv -f .deps/libgcrypt_la-global.Tpo .deps/libgcrypt_la-global.Plo
/bin/sh ../libtool  --tag=CC   --mode=compile ccache gcc -DHAVE_CONFIG_H -I. -I..      -std=gnu17   -mtls-dialect=gnu   -fvisibility=hidden -fno-delete-null-pointer-checks -Wall -MT libgcrypt_la-const-time.lo -MD -MP -MF .deps/libgcrypt_la-const-time.Tpo -c -o libgcrypt_la-const-time.lo `test -f 'const-time.c' || echo './'`const-time.c
libtool: compile:  ccache gcc -DHAVE_CONFIG_H -I. -I.. -std=gnu17 -mtls-dialect=gnu -fvisibility=hidden -fno-delete-null-pointer-checks -Wall -MT libgcrypt_la-const-time.lo -MD -MP -MF .deps/libgcrypt_la-const-time.Tpo -c const-time.c  -fPIC -DPIC -o .libs/libgcrypt_la-const-time.o
mv -f .deps/libgcrypt_la-missing-string.Tpo .deps/libgcrypt_la-missing-string.Plo
/bin/sh ../libtool  --tag=CC   --mode=compile ccache gcc -DHAVE_CONFIG_H -I. -I..      -std=gnu17   -mtls-dialect=gnu   -fvisibility=hidden -fno-delete-null-pointer-checks -Wall -MT libgcrypt_la-hwf-x86.lo -MD -MP -MF .deps/libgcrypt_la-hwf-x86.Tpo -c -o libgcrypt_la-hwf-x86.lo `test -f 'hwf-x86.c' || echo './'`hwf-x86.c
mv -f .deps/libgcrypt_la-stdmem.Tpo .deps/libgcrypt_la-stdmem.Plo
/bin/sh ../libtool  --tag=CC   --mode=link ccache gcc  -std=gnu17   -mtls-dialect=gnu   -fvisibility=hidden -fno-delete-null-pointer-checks -Wall   -o dumpsexp dumpsexp-dumpsexp.o  
libtool: compile:  ccache gcc -DHAVE_CONFIG_H -I. -I.. -std=gnu17 -mtls-dialect=gnu -fvisibility=hidden -fno-delete-null-pointer-checks -Wall -MT libgcrypt_la-hwf-x86.lo -MD -MP -MF .deps/libgcrypt_la-hwf-x86.Tpo -c hwf-x86.c  -fPIC -DPIC -o .libs/libgcrypt_la-hwf-x86.o
mv -f .deps/libgcrypt_la-secmem.Tpo .deps/libgcrypt_la-secmem.Plo
/bin/sh ../libtool  --tag=CC   --mode=link ccache gcc -DSTANDALONE  -std=gnu17   -mtls-dialect=gnu   -fvisibility=hidden -fno-delete-null-pointer-checks -Wall   -o hmac256 hmac256-hmac256.o  
mv -f .deps/libgcrypt_la-sexp.Tpo .deps/libgcrypt_la-sexp.Plo
mv -f .deps/libgcrypt_la-visibility.Tpo .deps/libgcrypt_la-visibility.Plo
libtool: link: ccache gcc -std=gnu17 -mtls-dialect=gnu -fvisibility=hidden -fno-delete-null-pointer-checks -Wall -o dumpsexp dumpsexp-dumpsexp.o 
mv -f .deps/libgcrypt_la-const-time.Tpo .deps/libgcrypt_la-const-time.Plo
mv -f .deps/libgcrypt_la-context.Tpo .deps/libgcrypt_la-context.Plo
libtool: link: ccache gcc -DSTANDALONE -std=gnu17 -mtls-dialect=gnu -fvisibility=hidden -fno-delete-null-pointer-checks -Wall -o hmac256 hmac256-hmac256.o 
mv -f .deps/libgcrypt_la-fips.Tpo .deps/libgcrypt_la-fips.Plo
mv -f .deps/libgcrypt_la-hwf-x86.Tpo .deps/libgcrypt_la-hwf-x86.Plo
/bin/sh ../libtool  --tag=CC   --mode=link ccache gcc   -std=gnu17   -mtls-dialect=gnu   -fvisibility=hidden -fno-delete-null-pointer-checks -Wall    -Wl,--version-script=./libgcrypt.vers -version-info 26:0:6  -o libgcrypt.la -rpath /usr/lib libgcrypt_la-visibility.lo libgcrypt_la-misc.lo libgcrypt_la-global.lo libgcrypt_la-sexp.lo libgcrypt_la-hwfeatures.lo libgcrypt_la-stdmem.lo libgcrypt_la-secmem.lo libgcrypt_la-missing-string.lo libgcrypt_la-fips.lo libgcrypt_la-context.lo libgcrypt_la-const-time.lo  libgcrypt_la-hwf-x86.lo ../cipher/libcipher.la ../random/librandom.la ../mpi/libmpi.la ../compat/libcompat.la  -lgpg-error 
libtool: link: ccache gcc -shared  -fPIC -DPIC  .libs/libgcrypt_la-visibility.o .libs/libgcrypt_la-misc.o .libs/libgcrypt_la-global.o .libs/libgcrypt_la-sexp.o .libs/libgcrypt_la-hwfeatures.o .libs/libgcrypt_la-stdmem.o .libs/libgcrypt_la-secmem.o .libs/libgcrypt_la-missing-string.o .libs/libgcrypt_la-fips.o .libs/libgcrypt_la-context.o .libs/libgcrypt_la-const-time.o .libs/libgcrypt_la-hwf-x86.o  -Wl,--whole-archive ../cipher/.libs/libcipher.a ../random/.libs/librandom.a ../mpi/.libs/libmpi.a ../compat/.libs/libcompat.a -Wl,--no-whole-archive  -lgpg-error  -mtls-dialect=gnu -Wl,--version-script=./libgcrypt.vers   -Wl,-soname -Wl,libgcrypt.so.20 -o .libs/libgcrypt.so.20.6.0
libtool: link: (cd ".libs" && rm -f "libgcrypt.so.20" && ln -s "libgcrypt.so.20.6.0" "libgcrypt.so.20")
libtool: link: (cd ".libs" && rm -f "libgcrypt.so" && ln -s "libgcrypt.so.20.6.0" "libgcrypt.so")
libtool: link: ( cd ".libs" && rm -f "libgcrypt.la" && ln -s "../libgcrypt.la" "libgcrypt.la" )
/bin/sh ../libtool  --tag=CC   --mode=link ccache gcc  -std=gnu17   -mtls-dialect=gnu   -fvisibility=hidden -fno-delete-null-pointer-checks -Wall   -o mpicalc mpicalc-mpicalc.o libgcrypt.la -lgpg-error 
libtool: link: ccache gcc -std=gnu17 -mtls-dialect=gnu -fvisibility=hidden -fno-delete-null-pointer-checks -Wall -o .libs/mpicalc mpicalc-mpicalc.o  ./.libs/libgcrypt.so -lgpg-error
make[4]: Leaving directory '/build/arkana/src/libgcrypt-1.11.2/src'
Making all in doc
make[4]: Entering directory '/build/arkana/src/libgcrypt-1.11.2/doc'
make  all-am
make[5]: Entering directory '/build/arkana/src/libgcrypt-1.11.2/doc'
ccache gcc   \
     -o yat2m ./yat2m.c
for file in gcrypt.texi ; do \
              ./yat2m -I . --release "Libgcrypt 1.11.2" --source "Libgcrypt" --store \
          `test -f '$file' || echo './'`$file ; done
make[5]: Leaving directory '/build/arkana/src/libgcrypt-1.11.2/doc'
make[4]: Leaving directory '/build/arkana/src/libgcrypt-1.11.2/doc'
Making all in tests
make[4]: Entering directory '/build/arkana/src/libgcrypt-1.11.2/tests'
ccache gcc -DHAVE_CONFIG_H -I. -I..  -I../src -I../src   -std=gnu17   -mtls-dialect=gnu   -fvisibility=hidden -fno-delete-null-pointer-checks -Wall -MT testdrv.o -MD -MP -MF .deps/testdrv.Tpo -c -o testdrv.o testdrv.c
ccache gcc -DHAVE_CONFIG_H -I. -I..  -I../src -I../src   -std=gnu17   -mtls-dialect=gnu   -fvisibility=hidden -fno-delete-null-pointer-checks -Wall -MT version.o -MD -MP -MF .deps/version.Tpo -c -o version.o version.c
ccache gcc -DHAVE_CONFIG_H -I. -I..  -I../src -I../src   -std=gnu17   -mtls-dialect=gnu   -fvisibility=hidden -fno-delete-null-pointer-checks -Wall -MT t-secmem.o -MD -MP -MF .deps/t-secmem.Tpo -c -o t-secmem.o t-secmem.c
ccache gcc -DHAVE_CONFIG_H -I. -I..  -I../src -I../src   -std=gnu17   -mtls-dialect=gnu   -fvisibility=hidden -fno-delete-null-pointer-checks -Wall -MT mpitests.o -MD -MP -MF .deps/mpitests.Tpo -c -o mpitests.o mpitests.c
ccache gcc -DHAVE_CONFIG_H -I. -I..  -I../src -I../src   -std=gnu17   -mtls-dialect=gnu   -fvisibility=hidden -fno-delete-null-pointer-checks -Wall -MT t-sexp.o -MD -MP -MF .deps/t-sexp.Tpo -c -o t-sexp.o t-sexp.c
ccache gcc -DHAVE_CONFIG_H -I. -I..  -I../src -I../src   -std=gnu17   -mtls-dialect=gnu   -fvisibility=hidden -fno-delete-null-pointer-checks -Wall -MT t-convert.o -MD -MP -MF .deps/t-convert.Tpo -c -o t-convert.o t-convert.c
ccache gcc -DHAVE_CONFIG_H -I. -I..  -I../src -I../src   -std=gnu17   -mtls-dialect=gnu   -fvisibility=hidden -fno-delete-null-pointer-checks -Wall -MT t-mpi-bit.o -MD -MP -MF .deps/t-mpi-bit.Tpo -c -o t-mpi-bit.o t-mpi-bit.c
ccache gcc -DHAVE_CONFIG_H -I. -I..  -I../src -I../src   -std=gnu17   -mtls-dialect=gnu   -fvisibility=hidden -fno-delete-null-pointer-checks -Wall -MT t-mpi-point.o -MD -MP -MF .deps/t-mpi-point.Tpo -c -o t-mpi-point.o t-mpi-point.c
mv -f .deps/version.Tpo .deps/version.Po
testdrv.c: In function ‘my_spawn’:
testdrv.c:527:15: warning: assignment discards ‘const’ qualifier from pointer target type [-Wdiscarded-qualifiers]
  527 |   arg_list[0] = strrchr (pgmname, '/');
      |               ^
ccache gcc -DHAVE_CONFIG_H -I. -I..  -I../src -I../src   -std=gnu17   -mtls-dialect=gnu   -fvisibility=hidden -fno-delete-null-pointer-checks -Wall -MT t_lock-t-lock.o -MD -MP -MF .deps/t_lock-t-lock.Tpo -c -o t_lock-t-lock.o `test -f 't-lock.c' || echo './'`t-lock.c
mv -f .deps/testdrv.Tpo .deps/testdrv.Po
mv -f .deps/t-convert.Tpo .deps/t-convert.Po
ccache gcc -DHAVE_CONFIG_H -I. -I..  -I../src -I../src   -std=gnu17   -mtls-dialect=gnu   -fvisibility=hidden -fno-delete-null-pointer-checks -Wall -MT prime.o -MD -MP -MF .deps/prime.Tpo -c -o prime.o prime.c
ccache gcc -DHAVE_CONFIG_H -I. -I..  -I../src -I../src   -std=gnu17   -mtls-dialect=gnu   -fvisibility=hidden -fno-delete-null-pointer-checks -Wall -MT basic.o -MD -MP -MF .deps/basic.Tpo -c -o basic.o basic.c
mv -f .deps/t-secmem.Tpo .deps/t-secmem.Po
ccache gcc -DHAVE_CONFIG_H -I. -I..  -I../src -I../src   -std=gnu17   -mtls-dialect=gnu   -fvisibility=hidden -fno-delete-null-pointer-checks -Wall -MT keygen.o -MD -MP -MF .deps/keygen.Tpo -c -o keygen.o keygen.c
mv -f .deps/t-mpi-bit.Tpo .deps/t-mpi-bit.Po
ccache gcc -DHAVE_CONFIG_H -I. -I..  -I../src -I../src   -std=gnu17   -mtls-dialect=gnu   -fvisibility=hidden -fno-delete-null-pointer-checks -Wall -MT pubkey.o -MD -MP -MF .deps/pubkey.Tpo -c -o pubkey.o pubkey.c
mv -f .deps/mpitests.Tpo .deps/mpitests.Po
ccache gcc -DHAVE_CONFIG_H -I. -I..  -I../src -I../src   -std=gnu17   -mtls-dialect=gnu   -fvisibility=hidden -fno-delete-null-pointer-checks -Wall -MT hmac.o -MD -MP -MF .deps/hmac.Tpo -c -o hmac.o hmac.c
mv -f .deps/t-mpi-point.Tpo .deps/t-mpi-point.Po
ccache gcc -DHAVE_CONFIG_H -I. -I..  -I../src -I../src   -std=gnu17   -mtls-dialect=gnu   -fvisibility=hidden -fno-delete-null-pointer-checks -Wall -MT hashtest.o -MD -MP -MF .deps/hashtest.Tpo -c -o hashtest.o hashtest.c
mv -f .deps/prime.Tpo .deps/prime.Po
ccache gcc -DHAVE_CONFIG_H -I. -I..  -I../src -I../src   -std=gnu17   -mtls-dialect=gnu   -fvisibility=hidden -fno-delete-null-pointer-checks -Wall -MT t_kdf-t-kdf.o -MD -MP -MF .deps/t_kdf-t-kdf.Tpo -c -o t_kdf-t-kdf.o `test -f 't-kdf.c' || echo './'`t-kdf.c
mv -f .deps/t-sexp.Tpo .deps/t-sexp.Po
ccache gcc -DHAVE_CONFIG_H -I. -I..  -I../src -I../src   -std=gnu17   -mtls-dialect=gnu   -fvisibility=hidden -fno-delete-null-pointer-checks -Wall -MT keygrip.o -MD -MP -MF .deps/keygrip.Tpo -c -o keygrip.o keygrip.c
mv -f .deps/keygen.Tpo .deps/keygen.Po
ccache gcc -DHAVE_CONFIG_H -I. -I..  -I../src -I../src   -std=gnu17   -mtls-dialect=gnu   -fvisibility=hidden -fno-delete-null-pointer-checks -Wall -MT aeswrap.o -MD -MP -MF .deps/aeswrap.Tpo -c -o aeswrap.o aeswrap.c
mv -f .deps/t_lock-t-lock.Tpo .deps/t_lock-t-lock.Po
ccache gcc -DHAVE_CONFIG_H -I. -I..  -I../src -I../src   -std=gnu17   -mtls-dialect=gnu   -fvisibility=hidden -fno-delete-null-pointer-checks -Wall -MT random.o -MD -MP -MF .deps/random.Tpo -c -o random.o random.c
mv -f .deps/pubkey.Tpo .deps/pubkey.Po
ccache gcc -DHAVE_CONFIG_H -I. -I..  -I../src -I../src   -std=gnu17   -mtls-dialect=gnu   -fvisibility=hidden -fno-delete-null-pointer-checks -Wall -MT t-kem.o -MD -MP -MF .deps/t-kem.Tpo -c -o t-kem.o t-kem.c
mv -f .deps/hmac.Tpo .deps/hmac.Po
ccache gcc -DHAVE_CONFIG_H -I. -I..  -I../src -I../src   -std=gnu17   -mtls-dialect=gnu   -fvisibility=hidden -fno-delete-null-pointer-checks -Wall -MT t_thread_local-t-thread-local.o -MD -MP -MF .deps/t_thread_local-t-thread-local.Tpo -c -o t_thread_local-t-thread-local.o `test -f 't-thread-local.c' || echo './'`t-thread-local.c
mv -f .deps/hashtest.Tpo .deps/hashtest.Po
ccache gcc -DHAVE_CONFIG_H -I. -I..  -I../src -I../src   -std=gnu17   -mtls-dialect=gnu   -fvisibility=hidden -fno-delete-null-pointer-checks -Wall -MT t-fips-service-ind.o -MD -MP -MF .deps/t-fips-service-ind.Tpo -c -o t-fips-service-ind.o t-fips-service-ind.c
mv -f .deps/keygrip.Tpo .deps/keygrip.Po
mv -f .deps/aeswrap.Tpo .deps/aeswrap.Po
ccache gcc -DHAVE_CONFIG_H -I. -I..  -I../src -I../src   -std=gnu17   -mtls-dialect=gnu   -fvisibility=hidden -fno-delete-null-pointer-checks -Wall -MT pkcs1v2.o -MD -MP -MF .deps/pkcs1v2.Tpo -c -o pkcs1v2.o pkcs1v2.c
ccache gcc -DHAVE_CONFIG_H -I. -I..  -I../src -I../src   -std=gnu17   -mtls-dialect=gnu   -fvisibility=hidden -fno-delete-null-pointer-checks -Wall -MT t-rsa-pss.o -MD -MP -MF .deps/t-rsa-pss.Tpo -c -o t-rsa-pss.o t-rsa-pss.c
mv -f .deps/t_kdf-t-kdf.Tpo .deps/t_kdf-t-kdf.Po
ccache gcc -DHAVE_CONFIG_H -I. -I..  -I../src -I../src   -std=gnu17   -mtls-dialect=gnu   -fvisibility=hidden -fno-delete-null-pointer-checks -Wall -MT t-rsa-15.o -MD -MP -MF .deps/t-rsa-15.Tpo -c -o t-rsa-15.o t-rsa-15.c
mv -f .deps/random.Tpo .deps/random.Po
ccache gcc -DHAVE_CONFIG_H -I. -I..  -I../src -I../src   -std=gnu17   -mtls-dialect=gnu   -fvisibility=hidden -fno-delete-null-pointer-checks -Wall -MT t-rsa-testparm.o -MD -MP -MF .deps/t-rsa-testparm.Tpo -c -o t-rsa-testparm.o t-rsa-testparm.c
mv -f .deps/t_thread_local-t-thread-local.Tpo .deps/t_thread_local-t-thread-local.Po
ccache gcc -DHAVE_CONFIG_H -I. -I..  -I../src -I../src   -std=gnu17   -mtls-dialect=gnu   -fvisibility=hidden -fno-delete-null-pointer-checks -Wall -MT fips186-dsa.o -MD -MP -MF .deps/fips186-dsa.Tpo -c -o fips186-dsa.o fips186-dsa.c
mv -f .deps/t-kem.Tpo .deps/t-kem.Po
ccache gcc -DHAVE_CONFIG_H -I. -I..  -I../src -I../src   -std=gnu17   -mtls-dialect=gnu   -fvisibility=hidden -fno-delete-null-pointer-checks -Wall -MT dsa-rfc6979.o -MD -MP -MF .deps/dsa-rfc6979.Tpo -c -o dsa-rfc6979.o dsa-rfc6979.c
mv -f .deps/t-fips-service-ind.Tpo .deps/t-fips-service-ind.Po
ccache gcc -DHAVE_CONFIG_H -I. -I..  -I../src -I../src   -std=gnu17   -mtls-dialect=gnu   -fvisibility=hidden -fno-delete-null-pointer-checks -Wall -MT t-dsa.o -MD -MP -MF .deps/t-dsa.Tpo -c -o t-dsa.o t-dsa.c
mv -f .deps/t-rsa-pss.Tpo .deps/t-rsa-pss.Po
ccache gcc -DHAVE_CONFIG_H -I. -I..  -I../src -I../src   -std=gnu17   -mtls-dialect=gnu   -fvisibility=hidden -fno-delete-null-pointer-checks -Wall -MT curves.o -MD -MP -MF .deps/curves.Tpo -c -o curves.o curves.c
mv -f .deps/t-rsa-testparm.Tpo .deps/t-rsa-testparm.Po
ccache gcc -DHAVE_CONFIG_H -I. -I..  -I../src -I../src   -std=gnu17   -mtls-dialect=gnu   -fvisibility=hidden -fno-delete-null-pointer-checks -Wall -MT t-ecdsa.o -MD -MP -MF .deps/t-ecdsa.Tpo -c -o t-ecdsa.o t-ecdsa.c
mv -f .deps/t-rsa-15.Tpo .deps/t-rsa-15.Po
ccache gcc -DHAVE_CONFIG_H -I. -I..  -I../src -I../src   -std=gnu17   -mtls-dialect=gnu   -fvisibility=hidden -fno-delete-null-pointer-checks -Wall -MT t-ed25519.o -MD -MP -MF .deps/t-ed25519.Tpo -c -o t-ed25519.o t-ed25519.c
mv -f .deps/dsa-rfc6979.Tpo .deps/dsa-rfc6979.Po
mv -f .deps/fips186-dsa.Tpo .deps/fips186-dsa.Po
ccache gcc -DHAVE_CONFIG_H -I. -I..  -I../src -I../src   -std=gnu17   -mtls-dialect=gnu   -fvisibility=hidden -fno-delete-null-pointer-checks -Wall -MT t-cv25519.o -MD -MP -MF .deps/t-cv25519.Tpo -c -o t-cv25519.o t-cv25519.c
ccache gcc -DHAVE_CONFIG_H -I. -I..  -I../src -I../src   -std=gnu17   -mtls-dialect=gnu   -fvisibility=hidden -fno-delete-null-pointer-checks -Wall -MT t-x448.o -MD -MP -MF .deps/t-x448.Tpo -c -o t-x448.o t-x448.c
mv -f .deps/pkcs1v2.Tpo .deps/pkcs1v2.Po
ccache gcc -DHAVE_CONFIG_H -I. -I..  -I../src -I../src   -std=gnu17   -mtls-dialect=gnu   -fvisibility=hidden -fno-delete-null-pointer-checks -Wall -MT t-ed448.o -MD -MP -MF .deps/t-ed448.Tpo -c -o t-ed448.o t-ed448.c
mv -f .deps/curves.Tpo .deps/curves.Po
ccache gcc -DHAVE_CONFIG_H -I. -I..  -I../src -I../src   -std=gnu17   -mtls-dialect=gnu   -fvisibility=hidden -fno-delete-null-pointer-checks -Wall -MT t-mlkem.o -MD -MP -MF .deps/t-mlkem.Tpo -c -o t-mlkem.o t-mlkem.c
mv -f .deps/t-dsa.Tpo .deps/t-dsa.Po
ccache gcc -DHAVE_CONFIG_H -I. -I..  -I../src -I../src   -std=gnu17   -mtls-dialect=gnu   -fvisibility=hidden -fno-delete-null-pointer-checks -Wall -MT benchmark.o -MD -MP -MF .deps/benchmark.Tpo -c -o benchmark.o benchmark.c
mv -f .deps/t-ecdsa.Tpo .deps/t-ecdsa.Po
ccache gcc -DHAVE_CONFIG_H -I. -I..  -I../src -I../src   -std=gnu17   -mtls-dialect=gnu   -fvisibility=hidden -fno-delete-null-pointer-checks -Wall -MT bench-slope.o -MD -MP -MF .deps/bench-slope.Tpo -c -o bench-slope.o bench-slope.c
mv -f .deps/t-ed25519.Tpo .deps/t-ed25519.Po
ccache gcc -DHAVE_CONFIG_H -I. -I..  -I../src -I../src   -std=gnu17   -mtls-dialect=gnu   -fvisibility=hidden -fno-delete-null-pointer-checks -Wall -MT fipsdrv.o -MD -MP -MF .deps/fipsdrv.Tpo -c -o fipsdrv.o fipsdrv.c
mv -f .deps/t-ed448.Tpo .deps/t-ed448.Po
ccache gcc -DHAVE_CONFIG_H -I. -I..  -I../src -I../src   -std=gnu17   -mtls-dialect=gnu   -fvisibility=hidden -fno-delete-null-pointer-checks -Wall -MT rsacvt.o -MD -MP -MF .deps/rsacvt.Tpo -c -o rsacvt.o rsacvt.c
mv -f .deps/t-x448.Tpo .deps/t-x448.Po
ccache gcc -DHAVE_CONFIG_H -I. -I..  -I../src -I../src   -std=gnu17   -mtls-dialect=gnu   -fvisibility=hidden -fno-delete-null-pointer-checks -Wall -MT genhashdata.o -MD -MP -MF .deps/genhashdata.Tpo -c -o genhashdata.o genhashdata.c
mv -f .deps/t-cv25519.Tpo .deps/t-cv25519.Po
ccache gcc -DHAVE_CONFIG_H -I. -I..  -I../src -I../src   -std=gnu17   -mtls-dialect=gnu   -fvisibility=hidden -fno-delete-null-pointer-checks -Wall -MT gchash.o -MD -MP -MF .deps/gchash.Tpo -c -o gchash.o gchash.c
mv -f .deps/t-mlkem.Tpo .deps/t-mlkem.Po
/bin/sh ../libtool  --tag=CC   --mode=link ccache gcc  -std=gnu17   -mtls-dialect=gnu   -fvisibility=hidden -fno-delete-null-pointer-checks -Wall -no-install  -o testdrv testdrv.o  
mv -f .deps/rsacvt.Tpo .deps/rsacvt.Po
/bin/sh ../libtool  --tag=CC   --mode=link ccache gcc  -std=gnu17   -mtls-dialect=gnu   -fvisibility=hidden -fno-delete-null-pointer-checks -Wall -no-install  -o version version.o ../src/libgcrypt.la ../compat/libcompat.la -lgpg-error  
libtool: link: ccache gcc -std=gnu17 -mtls-dialect=gnu -fvisibility=hidden -fno-delete-null-pointer-checks -Wall -o testdrv testdrv.o 
mv -f .deps/genhashdata.Tpo .deps/genhashdata.Po
mv -f .deps/benchmark.Tpo .deps/benchmark.Po
/bin/sh ../libtool  --tag=CC   --mode=link ccache gcc  -std=gnu17   -mtls-dialect=gnu   -fvisibility=hidden -fno-delete-null-pointer-checks -Wall -no-install  -o t-secmem t-secmem.o ../src/libgcrypt.la ../compat/libcompat.la  
mv -f .deps/gchash.Tpo .deps/gchash.Po
/bin/sh ../libtool  --tag=CC   --mode=link ccache gcc  -std=gnu17   -mtls-dialect=gnu   -fvisibility=hidden -fno-delete-null-pointer-checks -Wall -no-install  -o t-sexp t-sexp.o ../src/libgcrypt.la ../compat/libcompat.la -lgpg-error  
/bin/sh ../libtool  --tag=CC   --mode=link ccache gcc  -std=gnu17   -mtls-dialect=gnu   -fvisibility=hidden -fno-delete-null-pointer-checks -Wall -no-install  -o mpitests mpitests.o ../src/libgcrypt.la ../compat/libcompat.la -lgpg-error  
/bin/sh ../libtool  --tag=CC   --mode=link ccache gcc  -std=gnu17   -mtls-dialect=gnu   -fvisibility=hidden -fno-delete-null-pointer-checks -Wall -no-install  -o t-convert t-convert.o ../src/libgcrypt.la ../compat/libcompat.la -lgpg-error  
libtool: link: ccache gcc -std=gnu17 -mtls-dialect=gnu -fvisibility=hidden -fno-delete-null-pointer-checks -Wall -o version version.o  ../src/.libs/libgcrypt.so ../compat/.libs/libcompat.a -lgpg-error -Wl,-rpath -Wl,/build/arkana/src/libgcrypt-1.11.2/src/.libs
/bin/sh ../libtool  --tag=CC   --mode=link ccache gcc  -std=gnu17   -mtls-dialect=gnu   -fvisibility=hidden -fno-delete-null-pointer-checks -Wall -no-install  -o t-mpi-bit t-mpi-bit.o ../src/libgcrypt.la ../compat/libcompat.la  
libtool: link: ccache gcc -std=gnu17 -mtls-dialect=gnu -fvisibility=hidden -fno-delete-null-pointer-checks -Wall -o t-secmem t-secmem.o  ../src/.libs/libgcrypt.so ../compat/.libs/libcompat.a -Wl,-rpath -Wl,/build/arkana/src/libgcrypt-1.11.2/src/.libs
libtool: link: ccache gcc -std=gnu17 -mtls-dialect=gnu -fvisibility=hidden -fno-delete-null-pointer-checks -Wall -o mpitests mpitests.o  ../src/.libs/libgcrypt.so ../compat/.libs/libcompat.a -lgpg-error -Wl,-rpath -Wl,/build/arkana/src/libgcrypt-1.11.2/src/.libs
libtool: link: ccache gcc -std=gnu17 -mtls-dialect=gnu -fvisibility=hidden -fno-delete-null-pointer-checks -Wall -o t-convert t-convert.o  ../src/.libs/libgcrypt.so ../compat/.libs/libcompat.a -lgpg-error -Wl,-rpath -Wl,/build/arkana/src/libgcrypt-1.11.2/src/.libs
libtool: link: ccache gcc -std=gnu17 -mtls-dialect=gnu -fvisibility=hidden -fno-delete-null-pointer-checks -Wall -o t-sexp t-sexp.o  ../src/.libs/libgcrypt.so ../compat/.libs/libcompat.a -lgpg-error -Wl,-rpath -Wl,/build/arkana/src/libgcrypt-1.11.2/src/.libs
mv -f .deps/basic.Tpo .deps/basic.Po
/bin/sh ../libtool  --tag=CC   --mode=link ccache gcc  -std=gnu17   -mtls-dialect=gnu   -fvisibility=hidden -fno-delete-null-pointer-checks -Wall -no-install  -o t-mpi-point t-mpi-point.o ../src/libgcrypt.la ../compat/libcompat.la -lgpg-error  
/bin/sh ../libtool  --tag=CC   --mode=link ccache gcc  -std=gnu17   -mtls-dialect=gnu   -fvisibility=hidden -fno-delete-null-pointer-checks -Wall -no-install  -o t-lock t_lock-t-lock.o ../src/libgcrypt.la ../compat/libcompat.la -lgpg-error   
/bin/sh ../libtool  --tag=CC   --mode=link ccache gcc  -std=gnu17   -mtls-dialect=gnu   -fvisibility=hidden -fno-delete-null-pointer-checks -Wall -no-install  -o prime prime.o ../src/libgcrypt.la ../compat/libcompat.la  
/bin/sh ../libtool  --tag=CC   --mode=link ccache gcc  -std=gnu17   -mtls-dialect=gnu   -fvisibility=hidden -fno-delete-null-pointer-checks -Wall -no-install  -o basic basic.o ../src/libgcrypt.la ../compat/libcompat.la -lgpg-error  
/bin/sh ../libtool  --tag=CC   --mode=link ccache gcc  -std=gnu17   -mtls-dialect=gnu   -fvisibility=hidden -fno-delete-null-pointer-checks -Wall -no-install  -o keygen keygen.o ../src/libgcrypt.la ../compat/libcompat.la -lgpg-error  
mv -f .deps/fipsdrv.Tpo .deps/fipsdrv.Po
/bin/sh ../libtool  --tag=CC   --mode=link ccache gcc  -std=gnu17   -mtls-dialect=gnu   -fvisibility=hidden -fno-delete-null-pointer-checks -Wall -no-install  -o pubkey pubkey.o ../src/libgcrypt.la ../compat/libcompat.la -lgpg-error  
libtool: link: ccache gcc -std=gnu17 -mtls-dialect=gnu -fvisibility=hidden -fno-delete-null-pointer-checks -Wall -o t-mpi-bit t-mpi-bit.o  ../src/.libs/libgcrypt.so ../compat/.libs/libcompat.a -Wl,-rpath -Wl,/build/arkana/src/libgcrypt-1.11.2/src/.libs
libtool: link: ccache gcc -std=gnu17 -mtls-dialect=gnu -fvisibility=hidden -fno-delete-null-pointer-checks -Wall -o t-mpi-point t-mpi-point.o  ../src/.libs/libgcrypt.so ../compat/.libs/libcompat.a -lgpg-error -Wl,-rpath -Wl,/build/arkana/src/libgcrypt-1.11.2/src/.libs
libtool: link: ccache gcc -std=gnu17 -mtls-dialect=gnu -fvisibility=hidden -fno-delete-null-pointer-checks -Wall -o basic basic.o  ../src/.libs/libgcrypt.so ../compat/.libs/libcompat.a -lgpg-error -Wl,-rpath -Wl,/build/arkana/src/libgcrypt-1.11.2/src/.libs
libtool: link: ccache gcc -std=gnu17 -mtls-dialect=gnu -fvisibility=hidden -fno-delete-null-pointer-checks -Wall -o t-lock t_lock-t-lock.o  ../src/.libs/libgcrypt.so ../compat/.libs/libcompat.a -lgpg-error -Wl,-rpath -Wl,/build/arkana/src/libgcrypt-1.11.2/src/.libs
/bin/sh ../libtool  --tag=CC   --mode=link ccache gcc  -std=gnu17   -mtls-dialect=gnu   -fvisibility=hidden -fno-delete-null-pointer-checks -Wall -no-install  -o hmac hmac.o ../src/libgcrypt.la ../compat/libcompat.la -lgpg-error  
libtool: link: ccache gcc -std=gnu17 -mtls-dialect=gnu -fvisibility=hidden -fno-delete-null-pointer-checks -Wall -o keygen keygen.o  ../src/.libs/libgcrypt.so ../compat/.libs/libcompat.a -lgpg-error -Wl,-rpath -Wl,/build/arkana/src/libgcrypt-1.11.2/src/.libs
libtool: link: ccache gcc -std=gnu17 -mtls-dialect=gnu -fvisibility=hidden -fno-delete-null-pointer-checks -Wall -o prime prime.o  ../src/.libs/libgcrypt.so ../compat/.libs/libcompat.a -Wl,-rpath -Wl,/build/arkana/src/libgcrypt-1.11.2/src/.libs
libtool: link: ccache gcc -std=gnu17 -mtls-dialect=gnu -fvisibility=hidden -fno-delete-null-pointer-checks -Wall -o pubkey pubkey.o  ../src/.libs/libgcrypt.so ../compat/.libs/libcompat.a -lgpg-error -Wl,-rpath -Wl,/build/arkana/src/libgcrypt-1.11.2/src/.libs
/bin/sh ../libtool  --tag=CC   --mode=link ccache gcc  -std=gnu17   -mtls-dialect=gnu   -fvisibility=hidden -fno-delete-null-pointer-checks -Wall -no-install  -o hashtest hashtest.o ../src/libgcrypt.la ../compat/libcompat.la -lgpg-error  
/bin/sh ../libtool  --tag=CC   --mode=link ccache gcc  -std=gnu17   -mtls-dialect=gnu   -fvisibility=hidden -fno-delete-null-pointer-checks -Wall -no-install  -o t-kdf t_kdf-t-kdf.o ../src/libgcrypt.la ../compat/libcompat.la -lgpg-error   
/bin/sh ../libtool  --tag=CC   --mode=link ccache gcc  -std=gnu17   -mtls-dialect=gnu   -fvisibility=hidden -fno-delete-null-pointer-checks -Wall -no-install  -o keygrip keygrip.o ../src/libgcrypt.la ../compat/libcompat.la -lgpg-error  
/bin/sh ../libtool  --tag=CC   --mode=link ccache gcc  -std=gnu17   -mtls-dialect=gnu   -fvisibility=hidden -fno-delete-null-pointer-checks -Wall -no-install  -o aeswrap aeswrap.o ../src/libgcrypt.la ../compat/libcompat.la -lgpg-error  
/bin/sh ../libtool  --tag=CC   --mode=link ccache gcc  -std=gnu17   -mtls-dialect=gnu   -fvisibility=hidden -fno-delete-null-pointer-checks -Wall -no-install  -o random random.o ../src/libgcrypt.la ../compat/libcompat.la -lgpg-error  
libtool: link: ccache gcc -std=gnu17 -mtls-dialect=gnu -fvisibility=hidden -fno-delete-null-pointer-checks -Wall -o hmac hmac.o  ../src/.libs/libgcrypt.so ../compat/.libs/libcompat.a -lgpg-error -Wl,-rpath -Wl,/build/arkana/src/libgcrypt-1.11.2/src/.libs
libtool: link: ccache gcc -std=gnu17 -mtls-dialect=gnu -fvisibility=hidden -fno-delete-null-pointer-checks -Wall -o hashtest hashtest.o  ../src/.libs/libgcrypt.so ../compat/.libs/libcompat.a -lgpg-error -Wl,-rpath -Wl,/build/arkana/src/libgcrypt-1.11.2/src/.libs
libtool: link: ccache gcc -std=gnu17 -mtls-dialect=gnu -fvisibility=hidden -fno-delete-null-pointer-checks -Wall -o t-kdf t_kdf-t-kdf.o  ../src/.libs/libgcrypt.so ../compat/.libs/libcompat.a -lgpg-error -Wl,-rpath -Wl,/build/arkana/src/libgcrypt-1.11.2/src/.libs
/bin/sh ../libtool  --tag=CC   --mode=link ccache gcc  -std=gnu17   -mtls-dialect=gnu   -fvisibility=hidden -fno-delete-null-pointer-checks -Wall -no-install  -o t-kem t-kem.o ../src/libgcrypt.la ../compat/libcompat.la -lgpg-error  
libtool: link: ccache gcc -std=gnu17 -mtls-dialect=gnu -fvisibility=hidden -fno-delete-null-pointer-checks -Wall -o keygrip keygrip.o  ../src/.libs/libgcrypt.so ../compat/.libs/libcompat.a -lgpg-error -Wl,-rpath -Wl,/build/arkana/src/libgcrypt-1.11.2/src/.libs
/bin/sh ../libtool  --tag=CC   --mode=link ccache gcc  -std=gnu17   -mtls-dialect=gnu   -fvisibility=hidden -fno-delete-null-pointer-checks -Wall -no-install  -o t-thread-local t_thread_local-t-thread-local.o ../src/libgcrypt.la ../compat/libcompat.la -lgpg-error   
libtool: link: ccache gcc -std=gnu17 -mtls-dialect=gnu -fvisibility=hidden -fno-delete-null-pointer-checks -Wall -o aeswrap aeswrap.o  ../src/.libs/libgcrypt.so ../compat/.libs/libcompat.a -lgpg-error -Wl,-rpath -Wl,/build/arkana/src/libgcrypt-1.11.2/src/.libs
libtool: link: ccache gcc -std=gnu17 -mtls-dialect=gnu -fvisibility=hidden -fno-delete-null-pointer-checks -Wall -o random random.o  ../src/.libs/libgcrypt.so ../compat/.libs/libcompat.a -lgpg-error -Wl,-rpath -Wl,/build/arkana/src/libgcrypt-1.11.2/src/.libs
/bin/sh ../libtool  --tag=CC   --mode=link ccache gcc  -std=gnu17   -mtls-dialect=gnu   -fvisibility=hidden -fno-delete-null-pointer-checks -Wall -no-install  -o t-fips-service-ind t-fips-service-ind.o ../src/libgcrypt.la ../compat/libcompat.la -lgpg-error  
/bin/sh ../libtool  --tag=CC   --mode=link ccache gcc  -std=gnu17   -mtls-dialect=gnu   -fvisibility=hidden -fno-delete-null-pointer-checks -Wall -no-install  -o pkcs1v2 pkcs1v2.o ../src/libgcrypt.la ../compat/libcompat.la -lgpg-error  
/bin/sh ../libtool  --tag=CC   --mode=link ccache gcc  -std=gnu17   -mtls-dialect=gnu   -fvisibility=hidden -fno-delete-null-pointer-checks -Wall -no-install  -o t-rsa-pss t-rsa-pss.o ../src/libgcrypt.la ../compat/libcompat.la -lgpg-error  
/bin/sh ../libtool  --tag=CC   --mode=link ccache gcc  -std=gnu17   -mtls-dialect=gnu   -fvisibility=hidden -fno-delete-null-pointer-checks -Wall -no-install  -o t-rsa-15 t-rsa-15.o ../src/libgcrypt.la ../compat/libcompat.la -lgpg-error  
/bin/sh ../libtool  --tag=CC   --mode=link ccache gcc  -std=gnu17   -mtls-dialect=gnu   -fvisibility=hidden -fno-delete-null-pointer-checks -Wall -no-install  -o t-rsa-testparm t-rsa-testparm.o ../src/libgcrypt.la ../compat/libcompat.la -lgpg-error  
libtool: link: ccache gcc -std=gnu17 -mtls-dialect=gnu -fvisibility=hidden -fno-delete-null-pointer-checks -Wall -o t-kem t-kem.o  ../src/.libs/libgcrypt.so ../compat/.libs/libcompat.a -lgpg-error -Wl,-rpath -Wl,/build/arkana/src/libgcrypt-1.11.2/src/.libs
libtool: link: ccache gcc -std=gnu17 -mtls-dialect=gnu -fvisibility=hidden -fno-delete-null-pointer-checks -Wall -o t-thread-local t_thread_local-t-thread-local.o  ../src/.libs/libgcrypt.so ../compat/.libs/libcompat.a -lgpg-error -Wl,-rpath -Wl,/build/arkana/src/libgcrypt-1.11.2/src/.libs
libtool: link: ccache gcc -std=gnu17 -mtls-dialect=gnu -fvisibility=hidden -fno-delete-null-pointer-checks -Wall -o t-fips-service-ind t-fips-service-ind.o  ../src/.libs/libgcrypt.so ../compat/.libs/libcompat.a -lgpg-error -Wl,-rpath -Wl,/build/arkana/src/libgcrypt-1.11.2/src/.libs
/bin/sh ../libtool  --tag=CC   --mode=link ccache gcc  -std=gnu17   -mtls-dialect=gnu   -fvisibility=hidden -fno-delete-null-pointer-checks -Wall -no-install  -o fips186-dsa fips186-dsa.o ../src/libgcrypt.la ../compat/libcompat.la -lgpg-error  
libtool: link: ccache gcc -std=gnu17 -mtls-dialect=gnu -fvisibility=hidden -fno-delete-null-pointer-checks -Wall -o pkcs1v2 pkcs1v2.o  ../src/.libs/libgcrypt.so ../compat/.libs/libcompat.a -lgpg-error -Wl,-rpath -Wl,/build/arkana/src/libgcrypt-1.11.2/src/.libs
libtool: link: ccache gcc -std=gnu17 -mtls-dialect=gnu -fvisibility=hidden -fno-delete-null-pointer-checks -Wall -o t-rsa-15 t-rsa-15.o  ../src/.libs/libgcrypt.so ../compat/.libs/libcompat.a -lgpg-error -Wl,-rpath -Wl,/build/arkana/src/libgcrypt-1.11.2/src/.libs
libtool: link: ccache gcc -std=gnu17 -mtls-dialect=gnu -fvisibility=hidden -fno-delete-null-pointer-checks -Wall -o t-rsa-pss t-rsa-pss.o  ../src/.libs/libgcrypt.so ../compat/.libs/libcompat.a -lgpg-error -Wl,-rpath -Wl,/build/arkana/src/libgcrypt-1.11.2/src/.libs
/bin/sh ../libtool  --tag=CC   --mode=link ccache gcc  -std=gnu17   -mtls-dialect=gnu   -fvisibility=hidden -fno-delete-null-pointer-checks -Wall -no-install  -o dsa-rfc6979 dsa-rfc6979.o ../src/libgcrypt.la ../compat/libcompat.la -lgpg-error  
libtool: link: ccache gcc -std=gnu17 -mtls-dialect=gnu -fvisibility=hidden -fno-delete-null-pointer-checks -Wall -o t-rsa-testparm t-rsa-testparm.o  ../src/.libs/libgcrypt.so ../compat/.libs/libcompat.a -lgpg-error -Wl,-rpath -Wl,/build/arkana/src/libgcrypt-1.11.2/src/.libs
/bin/sh ../libtool  --tag=CC   --mode=link ccache gcc  -std=gnu17   -mtls-dialect=gnu   -fvisibility=hidden -fno-delete-null-pointer-checks -Wall -no-install  -o t-dsa t-dsa.o ../src/libgcrypt.la ../compat/libcompat.la -lgpg-error  
/bin/sh ../libtool  --tag=CC   --mode=link ccache gcc  -std=gnu17   -mtls-dialect=gnu   -fvisibility=hidden -fno-delete-null-pointer-checks -Wall -no-install  -o curves curves.o ../src/libgcrypt.la ../compat/libcompat.la -lgpg-error  
/bin/sh ../libtool  --tag=CC   --mode=link ccache gcc  -std=gnu17   -mtls-dialect=gnu   -fvisibility=hidden -fno-delete-null-pointer-checks -Wall -no-install  -o t-ecdsa t-ecdsa.o ../src/libgcrypt.la ../compat/libcompat.la -lgpg-error  
/bin/sh ../libtool  --tag=CC   --mode=link ccache gcc  -std=gnu17   -mtls-dialect=gnu   -fvisibility=hidden -fno-delete-null-pointer-checks -Wall -no-install  -o t-ed25519 t-ed25519.o ../src/libgcrypt.la ../compat/libcompat.la -lgpg-error  
/bin/sh ../libtool  --tag=CC   --mode=link ccache gcc  -std=gnu17   -mtls-dialect=gnu   -fvisibility=hidden -fno-delete-null-pointer-checks -Wall -no-install  -o t-cv25519 t-cv25519.o ../src/libgcrypt.la ../compat/libcompat.la -lgpg-error  
libtool: link: ccache gcc -std=gnu17 -mtls-dialect=gnu -fvisibility=hidden -fno-delete-null-pointer-checks -Wall -o fips186-dsa fips186-dsa.o  ../src/.libs/libgcrypt.so ../compat/.libs/libcompat.a -lgpg-error -Wl,-rpath -Wl,/build/arkana/src/libgcrypt-1.11.2/src/.libs
libtool: link: ccache gcc -std=gnu17 -mtls-dialect=gnu -fvisibility=hidden -fno-delete-null-pointer-checks -Wall -o dsa-rfc6979 dsa-rfc6979.o  ../src/.libs/libgcrypt.so ../compat/.libs/libcompat.a -lgpg-error -Wl,-rpath -Wl,/build/arkana/src/libgcrypt-1.11.2/src/.libs
libtool: link: ccache gcc -std=gnu17 -mtls-dialect=gnu -fvisibility=hidden -fno-delete-null-pointer-checks -Wall -o t-dsa t-dsa.o  ../src/.libs/libgcrypt.so ../compat/.libs/libcompat.a -lgpg-error -Wl,-rpath -Wl,/build/arkana/src/libgcrypt-1.11.2/src/.libs
libtool: link: ccache gcc -std=gnu17 -mtls-dialect=gnu -fvisibility=hidden -fno-delete-null-pointer-checks -Wall -o curves curves.o  ../src/.libs/libgcrypt.so ../compat/.libs/libcompat.a -lgpg-error -Wl,-rpath -Wl,/build/arkana/src/libgcrypt-1.11.2/src/.libs
libtool: link: ccache gcc -std=gnu17 -mtls-dialect=gnu -fvisibility=hidden -fno-delete-null-pointer-checks -Wall -o t-ed25519 t-ed25519.o  ../src/.libs/libgcrypt.so ../compat/.libs/libcompat.a -lgpg-error -Wl,-rpath -Wl,/build/arkana/src/libgcrypt-1.11.2/src/.libs
libtool: link: ccache gcc -std=gnu17 -mtls-dialect=gnu -fvisibility=hidden -fno-delete-null-pointer-checks -Wall -o t-ecdsa t-ecdsa.o  ../src/.libs/libgcrypt.so ../compat/.libs/libcompat.a -lgpg-error -Wl,-rpath -Wl,/build/arkana/src/libgcrypt-1.11.2/src/.libs
/bin/sh ../libtool  --tag=CC   --mode=link ccache gcc  -std=gnu17   -mtls-dialect=gnu   -fvisibility=hidden -fno-delete-null-pointer-checks -Wall -no-install  -o t-x448 t-x448.o ../src/libgcrypt.la ../compat/libcompat.la -lgpg-error  
/bin/sh ../libtool  --tag=CC   --mode=link ccache gcc  -std=gnu17   -mtls-dialect=gnu   -fvisibility=hidden -fno-delete-null-pointer-checks -Wall -no-install  -o t-ed448 t-ed448.o ../src/libgcrypt.la ../compat/libcompat.la -lgpg-error  
libtool: link: ccache gcc -std=gnu17 -mtls-dialect=gnu -fvisibility=hidden -fno-delete-null-pointer-checks -Wall -o t-cv25519 t-cv25519.o  ../src/.libs/libgcrypt.so ../compat/.libs/libcompat.a -lgpg-error -Wl,-rpath -Wl,/build/arkana/src/libgcrypt-1.11.2/src/.libs
/bin/sh ../libtool  --tag=CC   --mode=link ccache gcc  -std=gnu17   -mtls-dialect=gnu   -fvisibility=hidden -fno-delete-null-pointer-checks -Wall -no-install  -o t-mlkem t-mlkem.o ../src/libgcrypt.la ../compat/libcompat.la -lgpg-error  
/bin/sh ../libtool  --tag=CC   --mode=link ccache gcc  -std=gnu17   -mtls-dialect=gnu   -fvisibility=hidden -fno-delete-null-pointer-checks -Wall -no-install  -o benchmark benchmark.o ../src/libgcrypt.la ../compat/libcompat.la -lgpg-error  
/bin/sh ../libtool  --tag=CC   --mode=link ccache gcc  -std=gnu17   -mtls-dialect=gnu   -fvisibility=hidden -fno-delete-null-pointer-checks -Wall -no-install  -o fipsdrv fipsdrv.o ../src/libgcrypt.la ../compat/libcompat.la -lgpg-error  
/bin/sh ../libtool  --tag=CC   --mode=link ccache gcc  -std=gnu17   -mtls-dialect=gnu   -fvisibility=hidden -fno-delete-null-pointer-checks -Wall -no-install  -o rsacvt rsacvt.o ../src/libgcrypt.la ../compat/libcompat.la -lgpg-error  
/bin/sh ../libtool  --tag=CC   --mode=link ccache gcc  -std=gnu17   -mtls-dialect=gnu   -fvisibility=hidden -fno-delete-null-pointer-checks -Wall -no-install  -o genhashdata genhashdata.o ../src/libgcrypt.la ../compat/libcompat.la -lgpg-error  
libtool: link: ccache gcc -std=gnu17 -mtls-dialect=gnu -fvisibility=hidden -fno-delete-null-pointer-checks -Wall -o t-x448 t-x448.o  ../src/.libs/libgcrypt.so ../compat/.libs/libcompat.a -lgpg-error -Wl,-rpath -Wl,/build/arkana/src/libgcrypt-1.11.2/src/.libs
libtool: link: ccache gcc -std=gnu17 -mtls-dialect=gnu -fvisibility=hidden -fno-delete-null-pointer-checks -Wall -o t-ed448 t-ed448.o  ../src/.libs/libgcrypt.so ../compat/.libs/libcompat.a -lgpg-error -Wl,-rpath -Wl,/build/arkana/src/libgcrypt-1.11.2/src/.libs
libtool: link: ccache gcc -std=gnu17 -mtls-dialect=gnu -fvisibility=hidden -fno-delete-null-pointer-checks -Wall -o t-mlkem t-mlkem.o  ../src/.libs/libgcrypt.so ../compat/.libs/libcompat.a -lgpg-error -Wl,-rpath -Wl,/build/arkana/src/libgcrypt-1.11.2/src/.libs
libtool: link: ccache gcc -std=gnu17 -mtls-dialect=gnu -fvisibility=hidden -fno-delete-null-pointer-checks -Wall -o benchmark benchmark.o  ../src/.libs/libgcrypt.so ../compat/.libs/libcompat.a -lgpg-error -Wl,-rpath -Wl,/build/arkana/src/libgcrypt-1.11.2/src/.libs
libtool: link: ccache gcc -std=gnu17 -mtls-dialect=gnu -fvisibility=hidden -fno-delete-null-pointer-checks -Wall -o fipsdrv fipsdrv.o  ../src/.libs/libgcrypt.so ../compat/.libs/libcompat.a -lgpg-error -Wl,-rpath -Wl,/build/arkana/src/libgcrypt-1.11.2/src/.libs
/bin/sh ../libtool  --tag=CC   --mode=link ccache gcc  -std=gnu17   -mtls-dialect=gnu   -fvisibility=hidden -fno-delete-null-pointer-checks -Wall -no-install  -o gchash gchash.o ../src/libgcrypt.la ../compat/libcompat.la -lgpg-error  
libtool: link: ccache gcc -std=gnu17 -mtls-dialect=gnu -fvisibility=hidden -fno-delete-null-pointer-checks -Wall -o genhashdata genhashdata.o  ../src/.libs/libgcrypt.so ../compat/.libs/libcompat.a -lgpg-error -Wl,-rpath -Wl,/build/arkana/src/libgcrypt-1.11.2/src/.libs
mv -f .deps/bench-slope.Tpo .deps/bench-slope.Po
libtool: link: ccache gcc -std=gnu17 -mtls-dialect=gnu -fvisibility=hidden -fno-delete-null-pointer-checks -Wall -o rsacvt rsacvt.o  ../src/.libs/libgcrypt.so ../compat/.libs/libcompat.a -lgpg-error -Wl,-rpath -Wl,/build/arkana/src/libgcrypt-1.11.2/src/.libs
/bin/sh ../libtool  --tag=CC   --mode=link ccache gcc  -std=gnu17   -mtls-dialect=gnu   -fvisibility=hidden -fno-delete-null-pointer-checks -Wall -no-install  -o bench-slope bench-slope.o ../src/libgcrypt.la ../compat/libcompat.la -lgpg-error  
libtool: link: ccache gcc -std=gnu17 -mtls-dialect=gnu -fvisibility=hidden -fno-delete-null-pointer-checks -Wall -o gchash gchash.o  ../src/.libs/libgcrypt.so ../compat/.libs/libcompat.a -lgpg-error -Wl,-rpath -Wl,/build/arkana/src/libgcrypt-1.11.2/src/.libs
libtool: link: ccache gcc -std=gnu17 -mtls-dialect=gnu -fvisibility=hidden -fno-delete-null-pointer-checks -Wall -o bench-slope bench-slope.o  ../src/.libs/libgcrypt.so ../compat/.libs/libcompat.a -lgpg-error -Wl,-rpath -Wl,/build/arkana/src/libgcrypt-1.11.2/src/.libs
make[4]: Leaving directory '/build/arkana/src/libgcrypt-1.11.2/tests'
make[4]: Entering directory '/build/arkana/src/libgcrypt-1.11.2'
make[4]: Leaving directory '/build/arkana/src/libgcrypt-1.11.2'
make[3]: Leaving directory '/build/arkana/src/libgcrypt-1.11.2'
make[2]: Leaving directory '/build/arkana/src/libgcrypt-1.11.2'
make[2]: Entering directory '/build/arkana/src/libgcrypt-1.11.2/doc'
rm -rf gcrypt.htp
if /bin/sh '/build/arkana/src/libgcrypt-1.11.2/build-aux/missing' makeinfo --html   -I . \
 -o gcrypt.htp gcrypt.texi; \
then \
  rm -rf gcrypt.html && mv gcrypt.htp gcrypt.html; \
else \
  rm -rf gcrypt.htp; exit 1; \
fi
make[2]: Leaving directory '/build/arkana/src/libgcrypt-1.11.2/doc'
make[2]: Entering directory '/build/arkana/src/libgcrypt-1.11.2'
Making install in compat
make[3]: Entering directory '/build/arkana/src/libgcrypt-1.11.2/compat'
make[4]: Entering directory '/build/arkana/src/libgcrypt-1.11.2/compat'
make[4]: Nothing to be done for 'install-exec-am'.
make[4]: Nothing to be done for 'install-data-am'.
make[4]: Leaving directory '/build/arkana/src/libgcrypt-1.11.2/compat'
make[3]: Leaving directory '/build/arkana/src/libgcrypt-1.11.2/compat'
Making install in mpi
make[3]: Entering directory '/build/arkana/src/libgcrypt-1.11.2/mpi'
make[4]: Entering directory '/build/arkana/src/libgcrypt-1.11.2/mpi'
make[4]: Nothing to be done for 'install-exec-am'.
make[4]: Nothing to be done for 'install-data-am'.
make[4]: Leaving directory '/build/arkana/src/libgcrypt-1.11.2/mpi'
make[3]: Leaving directory '/build/arkana/src/libgcrypt-1.11.2/mpi'
Making install in cipher
make[3]: Entering directory '/build/arkana/src/libgcrypt-1.11.2/cipher'
make[4]: Entering directory '/build/arkana/src/libgcrypt-1.11.2/cipher'
make[4]: Nothing to be done for 'install-exec-am'.
make[4]: Nothing to be done for 'install-data-am'.
make[4]: Leaving directory '/build/arkana/src/libgcrypt-1.11.2/cipher'
make[3]: Leaving directory '/build/arkana/src/libgcrypt-1.11.2/cipher'
Making install in random
make[3]: Entering directory '/build/arkana/src/libgcrypt-1.11.2/random'
make[4]: Entering directory '/build/arkana/src/libgcrypt-1.11.2/random'
make[4]: Nothing to be done for 'install-exec-am'.
make[4]: Nothing to be done for 'install-data-am'.
make[4]: Leaving directory '/build/arkana/src/libgcrypt-1.11.2/random'
make[3]: Leaving directory '/build/arkana/src/libgcrypt-1.11.2/random'
Making install in src
make[3]: Entering directory '/build/arkana/src/libgcrypt-1.11.2/src'
make[4]: Entering directory '/build/arkana/src/libgcrypt-1.11.2/src'
 /usr/bin/mkdir -p '/build/arkana/staging/usr/lib'
 /bin/sh ../libtool   --mode=install /usr/bin/install -c   libgcrypt.la '/build/arkana/staging/usr/lib'
libtool: install: /usr/bin/install -c .libs/libgcrypt.so.20.6.0 /build/arkana/staging/usr/lib/libgcrypt.so.20.6.0
libtool: install: (cd /build/arkana/staging/usr/lib && { ln -s -f libgcrypt.so.20.6.0 libgcrypt.so.20 || { rm -f libgcrypt.so.20 && ln -s libgcrypt.so.20.6.0 libgcrypt.so.20; }; })
libtool: install: (cd /build/arkana/staging/usr/lib && { ln -s -f libgcrypt.so.20.6.0 libgcrypt.so || { rm -f libgcrypt.so && ln -s libgcrypt.so.20.6.0 libgcrypt.so; }; })
libtool: install: /usr/bin/install -c .libs/libgcrypt.lai /build/arkana/staging/usr/lib/libgcrypt.la
libtool: install: warning: remember to run `libtool --finish /usr/lib'
 /usr/bin/mkdir -p '/build/arkana/staging/usr/bin'
  /bin/sh ../libtool   --mode=install /usr/bin/install -c dumpsexp hmac256 mpicalc '/build/arkana/staging/usr/bin'
libtool: install: /usr/bin/install -c dumpsexp /build/arkana/staging/usr/bin/dumpsexp
libtool: install: /usr/bin/install -c hmac256 /build/arkana/staging/usr/bin/hmac256
libtool: install: warning: `libgcrypt.la' has not been installed in `/usr/lib'
libtool: install: /usr/bin/install -c .libs/mpicalc /build/arkana/staging/usr/bin/mpicalc
 /usr/bin/mkdir -p '/build/arkana/staging/usr/share/aclocal'
 /usr/bin/install -c -m 644 libgcrypt.m4 '/build/arkana/staging/usr/share/aclocal'
 /usr/bin/mkdir -p '/build/arkana/staging/usr/include'
 /usr/bin/install -c -m 644 gcrypt.h '/build/arkana/staging/usr/include'
 /usr/bin/mkdir -p '/build/arkana/staging/usr/lib/pkgconfig'
 /usr/bin/install -c -m 644 libgcrypt.pc '/build/arkana/staging/usr/lib/pkgconfig'
make[4]: Leaving directory '/build/arkana/src/libgcrypt-1.11.2/src'
make[3]: Leaving directory '/build/arkana/src/libgcrypt-1.11.2/src'
Making install in doc
make[3]: Entering directory '/build/arkana/src/libgcrypt-1.11.2/doc'
make  install-am
make[4]: Entering directory '/build/arkana/src/libgcrypt-1.11.2/doc'
make[5]: Entering directory '/build/arkana/src/libgcrypt-1.11.2/doc'
make[5]: Nothing to be done for 'install-exec-am'.
 /usr/bin/mkdir -p '/build/arkana/staging/usr/share/info'
 /usr/bin/install -c -m 644 ./gcrypt.info ./gcrypt.info-1 ./gcrypt.info-2 '/build/arkana/staging/usr/share/info'
 install-info --info-dir='/build/arkana/staging/usr/share/info' '/build/arkana/staging/usr/share/info/gcrypt.info'
 /usr/bin/mkdir -p '/build/arkana/staging/usr/share/man/man1'
 /usr/bin/install -c -m 644 hmac256.1 '/build/arkana/staging/usr/share/man/man1'
make[5]: Leaving directory '/build/arkana/src/libgcrypt-1.11.2/doc'
make[4]: Leaving directory '/build/arkana/src/libgcrypt-1.11.2/doc'
make[3]: Leaving directory '/build/arkana/src/libgcrypt-1.11.2/doc'
Making install in tests
make[3]: Entering directory '/build/arkana/src/libgcrypt-1.11.2/tests'
make[4]: Entering directory '/build/arkana/src/libgcrypt-1.11.2/tests'
make[4]: Nothing to be done for 'install-exec-am'.
make[4]: Nothing to be done for 'install-data-am'.
make[4]: Leaving directory '/build/arkana/src/libgcrypt-1.11.2/tests'
make[3]: Leaving directory '/build/arkana/src/libgcrypt-1.11.2/tests'
make[3]: Entering directory '/build/arkana/src/libgcrypt-1.11.2'
make[4]: Entering directory '/build/arkana/src/libgcrypt-1.11.2'
make[4]: Nothing to be done for 'install-exec-am'.
make[4]: Nothing to be done for 'install-data-am'.
make[4]: Leaving directory '/build/arkana/src/libgcrypt-1.11.2'
make[3]: Leaving directory '/build/arkana/src/libgcrypt-1.11.2'
make[2]: Leaving directory '/build/arkana/src/libgcrypt-1.11.2'
touch .libgcrypt-done
cd /build/arkana/src && wget -O libxcrypt-4.4.38.tar.xz https://github.com/besser82/libxcrypt/releases/download/v4.4.38/libxcrypt-4.4.38.tar.xz && tar xf libxcrypt-4.4.38.tar.xz
--2026-08-05 12:22:18--  https://github.com/besser82/libxcrypt/releases/download/v4.4.38/libxcrypt-4.4.38.tar.xz
Loaded CA certificate '/etc/ssl/certs/ca-certificates.crt'
Resolving github.com (github.com)... 20.207.73.82
Connecting to github.com (github.com)|20.207.73.82|:443... connected.
HTTP request sent, awaiting response... 302 Found
Location: https://release-assets.githubusercontent.com/github-production-release-asset/35503965/00fec067-6b89-42f6-ba82-02f2997ff738?sp=r&sv=2018-11-09&sr=b&spr=https&se=2026-08-05T13%3A17%3A10Z&rscd=attachment%3B+filename%3Dlibxcrypt-4.4.38.tar.xz&rsct=application%2Foctet-stream&skoid=96c2d410-5711-43a1-aedd-ab1947aa7ab0&sktid=398a6654-997b-47e9-b12b-9515b896b4de&skt=2026-08-05T12%3A16%3A49Z&ske=2026-08-05T13%3A17%3A10Z&sks=b&skv=2018-11-09&sig=9tXh%2FwseeiKJzmoel5vPjN6sWaqRb87NaA0HzQ1gpFM%3D&jwt=eyJ0eXAiOiJKV1QiLCJhbGciOiJIUzI1NiJ9.eyJpc3MiOiJnaXRodWIuY29tIiwiYXVkIjoicmVsZWFzZS1hc3NldHMuZ2l0aHVidXNlcmNvbnRlbnQuY29tIiwia2V5Ijoia2V5MSIsImV4cCI6MTc4NTkzMjgzOSwibmJmIjoxNzg1OTMyNTM5LCJwYXRoIjoicmVsZWFzZWFzc2V0cHJvZHVjdGlvbi5ibG9iLmNvcmUud2luZG93cy5uZXQifQ.jKpTFKG-K7PRMQ5S_4c8xiLbfHZ2dwQLu1awGIMdh3E&response-content-disposition=attachment%3B%20filename%3Dlibxcrypt-4.4.38.tar.xz&response-content-type=application%2Foctet-stream [following]
--2026-08-05 12:22:19--  https://release-assets.githubusercontent.com/github-production-release-asset/35503965/00fec067-6b89-42f6-ba82-02f2997ff738?sp=r&sv=2018-11-09&sr=b&spr=https&se=2026-08-05T13%3A17%3A10Z&rscd=attachment%3B+filename%3Dlibxcrypt-4.4.38.tar.xz&rsct=application%2Foctet-stream&skoid=96c2d410-5711-43a1-aedd-ab1947aa7ab0&sktid=398a6654-997b-47e9-b12b-9515b896b4de&skt=2026-08-05T12%3A16%3A49Z&ske=2026-08-05T13%3A17%3A10Z&sks=b&skv=2018-11-09&sig=9tXh%2FwseeiKJzmoel5vPjN6sWaqRb87NaA0HzQ1gpFM%3D&jwt=eyJ0eXAiOiJKV1QiLCJhbGciOiJIUzI1NiJ9.eyJpc3MiOiJnaXRodWIuY29tIiwiYXVkIjoicmVsZWFzZS1hc3NldHMuZ2l0aHVidXNlcmNvbnRlbnQuY29tIiwia2V5Ijoia2V5MSIsImV4cCI6MTc4NTkzMjgzOSwibmJmIjoxNzg1OTMyNTM5LCJwYXRoIjoicmVsZWFzZWFzc2V0cHJvZHVjdGlvbi5ibG9iLmNvcmUud2luZG93cy5uZXQifQ.jKpTFKG-K7PRMQ5S_4c8xiLbfHZ2dwQLu1awGIMdh3E&response-content-disposition=attachment%3B%20filename%3Dlibxcrypt-4.4.38.tar.xz&response-content-type=application%2Foctet-stream
Resolving release-assets.githubusercontent.com (release-assets.githubusercontent.com)... 185.199.110.133, 185.199.109.133, 185.199.108.133, ...
Connecting to release-assets.githubusercontent.com (release-assets.githubusercontent.com)|185.199.110.133|:443... connected.
HTTP request sent, awaiting response... 200 OK
Length: 625756 (611K) [application/octet-stream]
Saving to: ‘libxcrypt-4.4.38.tar.xz’

     0K .......... .......... .......... .......... ..........  8%  243K 2s
    50K .......... .......... .......... .......... .......... 16% 39.8M 1s
   100K .......... .......... .......... .......... .......... 24%  346K 1s
   150K .......... .......... .......... .......... .......... 32% 26.1M 1s
   200K .......... .......... .......... .......... .......... 40%  831K 1s
   250K .......... .......... .......... .......... .......... 49% 2.15M 0s
   300K .......... .......... .......... .......... .......... 57% 3.14M 0s
   350K .......... .......... .......... .......... .......... 65% 5.03M 0s
   400K .......... .......... .......... .......... .......... 73% 6.88M 0s
   450K .......... .......... .......... .......... .......... 81% 7.03M 0s
   500K .......... .......... .......... .......... .......... 90% 5.96M 0s
   550K .......... .......... .......... .......... .......... 98% 7.51M 0s
   600K .......... .                                          100% 13.1M=0.5s

2026-08-05 12:22:20 (1.22 MB/s) - ‘libxcrypt-4.4.38.tar.xz’ saved [625756/625756]

touch .libxcrypt-obtained
cd /build/arkana/src/libxcrypt-4.4.38 && ./configure --prefix=/usr --enable-hashes=strong,glibc --enable-obsolete-api=no \
--disable-failure-tokens --disable-werror && make -j8 && make DESTDIR=/build/arkana/staging install
checking for a BSD-compatible install... /usr/bin/install -c
checking whether build environment is sane... yes
checking for a race-free mkdir -p... /usr/bin/mkdir -p
checking for gawk... gawk
checking whether make sets $(MAKE)... yes
checking whether make supports nested variables... yes
checking for pkg-config... /usr/bin/pkg-config
checking pkg-config is at least version 0.27... yes
checking build system type... x86_64-pc-linux-gnu
checking host system type... x86_64-pc-linux-gnu
checking for gcc... ccache gcc
checking whether the C compiler works... yes
checking for C compiler default output file name... a.out
checking for suffix of executables... 
checking whether we are cross compiling... no
checking for suffix of object files... o
checking whether the compiler supports GNU C... yes
checking whether ccache gcc accepts -g... yes
checking for ccache gcc option to enable C11 features... none needed
checking whether ccache gcc understands -c and -o together... yes
checking whether make supports the include directive... yes (GNU style)
checking dependency style of ccache gcc... gcc3
checking how to run the C preprocessor... ccache gcc -E
checking whether make sets $(MAKE)... (cached) yes
checking whether ln -s works... yes
checking for perl... /usr/bin/perl
checking whether /usr/bin/perl is version 5.14.0 or later... yes
checking for gpg2... /usr/bin/gpg2
checking for sha256sum... /usr/bin/sha256sum
checking for stdio.h... yes
checking for stdlib.h... yes
checking for string.h... yes
checking for inttypes.h... yes
checking for stdint.h... yes
checking for strings.h... yes
checking for sys/stat.h... yes
checking for sys/types.h... yes
checking for unistd.h... yes
checking for wchar.h... yes
checking for minix/config.h... no
checking for fcntl.h... yes
checking for stdbool.h... yes
checking for ucontext.h... yes
checking for sys/cdefs.h... yes
checking for sys/random.h... yes
checking for sys/syscall.h... yes
checking for valgrind/valgrind.h... no
checking for endian.h... yes
checking for sys/endian.h... no
checking for sys/param.h... yes
checking whether it is safe to define __EXTENSIONS__... yes
checking whether _XOPEN_SOURCE should be defined... no
checking for ccache gcc option to enable large file support... none needed
checking whether C compiler accepts -Werror=unknown-warning-option... no
checking whether C compiler accepts -Wall... yes
checking whether C compiler accepts -Wextra... yes
checking whether C compiler accepts -Walloc-zero... yes
checking whether C compiler accepts -Walloca... yes
checking whether C compiler accepts -Wbad-function-cast... yes
checking whether C compiler accepts -Wcast-align... yes
checking whether C compiler accepts -Wcast-qual... yes
checking whether C compiler accepts -Wconversion... yes
checking whether C compiler accepts -Wformat=2... yes
checking whether C compiler accepts -Wformat-overflow=2... yes
checking whether C compiler accepts -Wformat-signedness... yes
checking whether C compiler accepts -Wformat-truncation=1... yes
checking whether C compiler accepts -Wlogical-op... yes
checking whether C compiler accepts -Wmissing-declarations... yes
checking whether C compiler accepts -Wmissing-prototypes... yes
checking whether C compiler accepts -Wnested-externs... yes
checking whether C compiler accepts -Wnull-dereference... yes
checking whether C compiler accepts -Wold-style-definition... yes
checking whether C compiler accepts -Wpointer-arith... yes
checking whether C compiler accepts -Wrestrict... yes
checking whether C compiler accepts -Wshadow... yes
checking whether C compiler accepts -Wstrict-overflow=2... yes
checking whether C compiler accepts -Wstrict-prototypes... yes
checking whether C compiler accepts -Wundef... yes
checking whether C compiler accepts -Wvla... yes
checking whether C compiler accepts -Wwrite-strings... yes
checking whether C compiler accepts -Wpedantic... yes
checking how to print strings... printf
checking for a sed that does not truncate output... /usr/bin/sed
checking for grep that handles long lines and -e... /usr/bin/grep
checking for egrep... /usr/bin/grep -E
checking for fgrep... /usr/bin/grep -F
checking for ld used by ccache gcc... /usr/bin/ld
checking if the linker (/usr/bin/ld) is GNU ld... yes
checking for BSD- or MS-compatible name lister (nm)... /usr/bin/nm -B
checking the name lister (/usr/bin/nm -B) interface... BSD nm
checking the maximum length of command line arguments... 1572864
checking how to convert x86_64-pc-linux-gnu file names to x86_64-pc-linux-gnu format... func_convert_file_noop
checking how to convert x86_64-pc-linux-gnu file names to toolchain format... func_convert_file_noop
checking for /usr/bin/ld option to reload object files... -r
checking for file... file
checking for objdump... objdump
checking how to recognize dependent libraries... pass_all
checking for dlltool... no
checking how to associate runtime and link libraries... printf %s\n
checking for ar... ar
checking for archiver @FILE support... @
checking for strip... strip
checking for ranlib... ranlib
checking command to parse /usr/bin/nm -B output from ccache gcc object... ok
checking for sysroot... no
checking for a working dd... /usr/bin/dd
checking how to truncate binary pipes... /usr/bin/dd bs=4096 count=1
checking for mt... no
checking if : is a manifest tool... no
checking for dlfcn.h... yes
checking for objdir... .libs
checking if ccache gcc supports -fno-rtti -fno-exceptions... no
checking for ccache gcc option to produce PIC... -fPIC -DPIC
checking if ccache gcc PIC flag -fPIC -DPIC works... yes
checking if ccache gcc static flag -static works... yes
checking if ccache gcc supports -c -o file.o... yes
checking if ccache gcc supports -c -o file.o... (cached) yes
checking whether the ccache gcc linker (/usr/bin/ld -m elf_x86_64) supports shared libraries... yes
checking whether -lc should be explicitly linked in... no
checking dynamic linker characteristics... GNU/Linux ld.so
checking how to hardcode library paths into programs... immediate
checking whether stripping libraries is possible... yes
checking if libtool supports shared libraries... yes
checking whether to build shared libraries... yes
checking whether to build static libraries... yes
checking for _ prefix in compiled symbols... no
checking whether the preprocessor (ccache gcc -E) supports -dD... yes
checking whether we are compiling with ASan... no
checking whether sys/cdefs.h defines __BEGIN_DECLS and __END_DECLS... yes
checking whether sys/cdefs.h defines __THROW... yes
checking how to control data alignment... _Alignas
checking how to query data alignment... _Alignof
checking for max_align_t in stddef.h... yes
checking for byte order macros... BYTE_ORDER and xxx_ENDIAN
checking for static_assert in assert.h... yes
checking for ld --wrap... yes
checking linker version script flag... --version-script
checking if version scripts can use complex wildcards... yes
checking for __attribute__((symver))... yes
checking how to make linking fail when undefined symbols remain... -Wl,-z,defs
checking how to make linking fail when there are text relocations... -Wl,-z,text
checking how to link with read-only relocations... -Wl,-z,relro
checking how to link with immediate binding... -Wl,-z,now
checking whether C compiler accepts -fno-plt... yes
checking for arc4random_buf... yes
checking for explicit_bzero... yes
checking for explicit_memset... no
checking for getentropy... yes
checking for getrandom... yes
checking for memset_s... no
checking for open64... yes
checking for syscall... yes
checking for valgrind... no
checking for Python 3.>=6 with Passlib... not found
configure: Disabling the "regen-ka-table" target, missing Python requirements.
checking whether all ucontext.h functions are available... yes
checking that generated files are newer than configure... done
configure: creating ./config.status
config.status: creating Makefile
config.status: creating libxcrypt.pc
config.status: creating config.h
config.status: executing depfiles commands
config.status: executing libtool commands
make[2]: Entering directory '/build/arkana/src/libxcrypt-4.4.38'
make  all-am
make[3]: Entering directory '/build/arkana/src/libxcrypt-4.4.38'
LC_ALL=C /usr/bin/perl ./build-aux/scripts/gen-libcrypt-map \
  SYMVER_MIN=XCRYPT_2.0 \
  SYMVER_FLOOR=XCRYPT_2.0 \
  COMPAT_ABI=no \
  ./lib/libcrypt.map.in > libcrypt.map.T
depbase=`echo lib/gen-des-tables.o | sed 's|[^/]*$|.deps/&|;s|\.o$||'`;\
ccache gcc -DHAVE_CONFIG_H -I.  -I./lib  -Wall -Wextra -Walloc-zero -Walloca -Wbad-function-cast -Wcast-align -Wcast-qual -Wconversion -Wformat=2 -Wformat-overflow=2 -Wformat-signedness -Wformat-truncation=1 -Wlogical-op -Wmissing-declarations -Wmissing-prototypes -Wnested-externs -Wnull-dereference -Wold-style-definition -Wpointer-arith -Wrestrict -Wshadow -Wstrict-overflow=2 -Wstrict-prototypes -Wundef -Wvla -Wwrite-strings -Wpedantic -fno-plt -std=gnu17   -mtls-dialect=gnu   -MT lib/gen-des-tables.o -MD -MP -MF $depbase.Tpo -c -o lib/gen-des-tables.o lib/gen-des-tables.c &&\
mv -f $depbase.Tpo $depbase.Po
/bin/sh ./libtool  --tag=CC   --mode=compile ccache gcc -DHAVE_CONFIG_H -I.  -I./lib -DIN_LIBCRYPT  -Wall -Wextra -Walloc-zero -Walloca -Wbad-function-cast -Wcast-align -Wcast-qual -Wconversion -Wformat=2 -Wformat-overflow=2 -Wformat-signedness -Wformat-truncation=1 -Wlogical-op -Wmissing-declarations -Wmissing-prototypes -Wnested-externs -Wnull-dereference -Wold-style-definition -Wpointer-arith -Wrestrict -Wshadow -Wstrict-overflow=2 -Wstrict-prototypes -Wundef -Wvla -Wwrite-strings -Wpedantic -fno-plt -std=gnu17   -mtls-dialect=gnu   -MT lib/libcrypt_la-alg-des-tables.lo -MD -MP -MF lib/.deps/libcrypt_la-alg-des-tables.Tpo -c -o lib/libcrypt_la-alg-des-tables.lo `test -f 'lib/alg-des-tables.c' || echo './'`lib/alg-des-tables.c
/bin/sh ./libtool  --tag=CC   --mode=compile ccache gcc -DHAVE_CONFIG_H -I.  -I./lib -DIN_LIBCRYPT  -Wall -Wextra -Walloc-zero -Walloca -Wbad-function-cast -Wcast-align -Wcast-qual -Wconversion -Wformat=2 -Wformat-overflow=2 -Wformat-signedness -Wformat-truncation=1 -Wlogical-op -Wmissing-declarations -Wmissing-prototypes -Wnested-externs -Wnull-dereference -Wold-style-definition -Wpointer-arith -Wrestrict -Wshadow -Wstrict-overflow=2 -Wstrict-prototypes -Wundef -Wvla -Wwrite-strings -Wpedantic -fno-plt -std=gnu17   -mtls-dialect=gnu   -MT lib/libcrypt_la-alg-des.lo -MD -MP -MF lib/.deps/libcrypt_la-alg-des.Tpo -c -o lib/libcrypt_la-alg-des.lo `test -f 'lib/alg-des.c' || echo './'`lib/alg-des.c
/bin/sh ./libtool  --tag=CC   --mode=compile ccache gcc -DHAVE_CONFIG_H -I.  -I./lib -DIN_LIBCRYPT  -Wall -Wextra -Walloc-zero -Walloca -Wbad-function-cast -Wcast-align -Wcast-qual -Wconversion -Wformat=2 -Wformat-overflow=2 -Wformat-signedness -Wformat-truncation=1 -Wlogical-op -Wmissing-declarations -Wmissing-prototypes -Wnested-externs -Wnull-dereference -Wold-style-definition -Wpointer-arith -Wrestrict -Wshadow -Wstrict-overflow=2 -Wstrict-prototypes -Wundef -Wvla -Wwrite-strings -Wpedantic -fno-plt -std=gnu17   -mtls-dialect=gnu   -MT lib/libcrypt_la-alg-gost3411-2012-core.lo -MD -MP -MF lib/.deps/libcrypt_la-alg-gost3411-2012-core.Tpo -c -o lib/libcrypt_la-alg-gost3411-2012-core.lo `test -f 'lib/alg-gost3411-2012-core.c' || echo './'`lib/alg-gost3411-2012-core.c
/bin/sh ./libtool  --tag=CC   --mode=compile ccache gcc -DHAVE_CONFIG_H -I.  -I./lib -DIN_LIBCRYPT  -Wall -Wextra -Walloc-zero -Walloca -Wbad-function-cast -Wcast-align -Wcast-qual -Wconversion -Wformat=2 -Wformat-overflow=2 -Wformat-signedness -Wformat-truncation=1 -Wlogical-op -Wmissing-declarations -Wmissing-prototypes -Wnested-externs -Wnull-dereference -Wold-style-definition -Wpointer-arith -Wrestrict -Wshadow -Wstrict-overflow=2 -Wstrict-prototypes -Wundef -Wvla -Wwrite-strings -Wpedantic -fno-plt -std=gnu17   -mtls-dialect=gnu   -MT lib/libcrypt_la-alg-gost3411-2012-hmac.lo -MD -MP -MF lib/.deps/libcrypt_la-alg-gost3411-2012-hmac.Tpo -c -o lib/libcrypt_la-alg-gost3411-2012-hmac.lo `test -f 'lib/alg-gost3411-2012-hmac.c' || echo './'`lib/alg-gost3411-2012-hmac.c
/bin/sh ./libtool  --tag=CC   --mode=compile ccache gcc -DHAVE_CONFIG_H -I.  -I./lib -DIN_LIBCRYPT  -Wall -Wextra -Walloc-zero -Walloca -Wbad-function-cast -Wcast-align -Wcast-qual -Wconversion -Wformat=2 -Wformat-overflow=2 -Wformat-signedness -Wformat-truncation=1 -Wlogical-op -Wmissing-declarations -Wmissing-prototypes -Wnested-externs -Wnull-dereference -Wold-style-definition -Wpointer-arith -Wrestrict -Wshadow -Wstrict-overflow=2 -Wstrict-prototypes -Wundef -Wvla -Wwrite-strings -Wpedantic -fno-plt -std=gnu17   -mtls-dialect=gnu   -MT lib/libcrypt_la-alg-hmac-sha1.lo -MD -MP -MF lib/.deps/libcrypt_la-alg-hmac-sha1.Tpo -c -o lib/libcrypt_la-alg-hmac-sha1.lo `test -f 'lib/alg-hmac-sha1.c' || echo './'`lib/alg-hmac-sha1.c
/bin/sh ./libtool  --tag=CC   --mode=compile ccache gcc -DHAVE_CONFIG_H -I.  -I./lib -DIN_LIBCRYPT  -Wall -Wextra -Walloc-zero -Walloca -Wbad-function-cast -Wcast-align -Wcast-qual -Wconversion -Wformat=2 -Wformat-overflow=2 -Wformat-signedness -Wformat-truncation=1 -Wlogical-op -Wmissing-declarations -Wmissing-prototypes -Wnested-externs -Wnull-dereference -Wold-style-definition -Wpointer-arith -Wrestrict -Wshadow -Wstrict-overflow=2 -Wstrict-prototypes -Wundef -Wvla -Wwrite-strings -Wpedantic -fno-plt -std=gnu17   -mtls-dialect=gnu   -MT lib/libcrypt_la-alg-md4.lo -MD -MP -MF lib/.deps/libcrypt_la-alg-md4.Tpo -c -o lib/libcrypt_la-alg-md4.lo `test -f 'lib/alg-md4.c' || echo './'`lib/alg-md4.c
./build-aux/scripts/move-if-change libcrypt.map.T libcrypt.map
echo timestamp > libcrypt.map.stamp
/bin/sh ./libtool  --tag=CC   --mode=compile ccache gcc -DHAVE_CONFIG_H -I.  -I./lib -DIN_LIBCRYPT  -Wall -Wextra -Walloc-zero -Walloca -Wbad-function-cast -Wcast-align -Wcast-qual -Wconversion -Wformat=2 -Wformat-overflow=2 -Wformat-signedness -Wformat-truncation=1 -Wlogical-op -Wmissing-declarations -Wmissing-prototypes -Wnested-externs -Wnull-dereference -Wold-style-definition -Wpointer-arith -Wrestrict -Wshadow -Wstrict-overflow=2 -Wstrict-prototypes -Wundef -Wvla -Wwrite-strings -Wpedantic -fno-plt -std=gnu17   -mtls-dialect=gnu   -MT lib/libcrypt_la-alg-md5.lo -MD -MP -MF lib/.deps/libcrypt_la-alg-md5.Tpo -c -o lib/libcrypt_la-alg-md5.lo `test -f 'lib/alg-md5.c' || echo './'`lib/alg-md5.c
libtool: compile:  ccache gcc -DHAVE_CONFIG_H -I. -I./lib -DIN_LIBCRYPT -Wall -Wextra -Walloc-zero -Walloca -Wbad-function-cast -Wcast-align -Wcast-qual -Wconversion -Wformat=2 -Wformat-overflow=2 -Wformat-signedness -Wformat-truncation=1 -Wlogical-op -Wmissing-declarations -Wmissing-prototypes -Wnested-externs -Wnull-dereference -Wold-style-definition -Wpointer-arith -Wrestrict -Wshadow -Wstrict-overflow=2 -Wstrict-prototypes -Wundef -Wvla -Wwrite-strings -Wpedantic -fno-plt -std=gnu17 -mtls-dialect=gnu -MT lib/libcrypt_la-alg-gost3411-2012-hmac.lo -MD -MP -MF lib/.deps/libcrypt_la-alg-gost3411-2012-hmac.Tpo -c lib/alg-gost3411-2012-hmac.c  -fPIC -DPIC -o lib/.libs/libcrypt_la-alg-gost3411-2012-hmac.o
libtool: compile:  ccache gcc -DHAVE_CONFIG_H -I. -I./lib -DIN_LIBCRYPT -Wall -Wextra -Walloc-zero -Walloca -Wbad-function-cast -Wcast-align -Wcast-qual -Wconversion -Wformat=2 -Wformat-overflow=2 -Wformat-signedness -Wformat-truncation=1 -Wlogical-op -Wmissing-declarations -Wmissing-prototypes -Wnested-externs -Wnull-dereference -Wold-style-definition -Wpointer-arith -Wrestrict -Wshadow -Wstrict-overflow=2 -Wstrict-prototypes -Wundef -Wvla -Wwrite-strings -Wpedantic -fno-plt -std=gnu17 -mtls-dialect=gnu -MT lib/libcrypt_la-alg-md4.lo -MD -MP -MF lib/.deps/libcrypt_la-alg-md4.Tpo -c lib/alg-md4.c  -fPIC -DPIC -o lib/.libs/libcrypt_la-alg-md4.o
libtool: compile:  ccache gcc -DHAVE_CONFIG_H -I. -I./lib -DIN_LIBCRYPT -Wall -Wextra -Walloc-zero -Walloca -Wbad-function-cast -Wcast-align -Wcast-qual -Wconversion -Wformat=2 -Wformat-overflow=2 -Wformat-signedness -Wformat-truncation=1 -Wlogical-op -Wmissing-declarations -Wmissing-prototypes -Wnested-externs -Wnull-dereference -Wold-style-definition -Wpointer-arith -Wrestrict -Wshadow -Wstrict-overflow=2 -Wstrict-prototypes -Wundef -Wvla -Wwrite-strings -Wpedantic -fno-plt -std=gnu17 -mtls-dialect=gnu -MT lib/libcrypt_la-alg-des.lo -MD -MP -MF lib/.deps/libcrypt_la-alg-des.Tpo -c lib/alg-des.c  -fPIC -DPIC -o lib/.libs/libcrypt_la-alg-des.o
libtool: compile:  ccache gcc -DHAVE_CONFIG_H -I. -I./lib -DIN_LIBCRYPT -Wall -Wextra -Walloc-zero -Walloca -Wbad-function-cast -Wcast-align -Wcast-qual -Wconversion -Wformat=2 -Wformat-overflow=2 -Wformat-signedness -Wformat-truncation=1 -Wlogical-op -Wmissing-declarations -Wmissing-prototypes -Wnested-externs -Wnull-dereference -Wold-style-definition -Wpointer-arith -Wrestrict -Wshadow -Wstrict-overflow=2 -Wstrict-prototypes -Wundef -Wvla -Wwrite-strings -Wpedantic -fno-plt -std=gnu17 -mtls-dialect=gnu -MT lib/libcrypt_la-alg-des-tables.lo -MD -MP -MF lib/.deps/libcrypt_la-alg-des-tables.Tpo -c lib/alg-des-tables.c  -fPIC -DPIC -o lib/.libs/libcrypt_la-alg-des-tables.o
libtool: compile:  ccache gcc -DHAVE_CONFIG_H -I. -I./lib -DIN_LIBCRYPT -Wall -Wextra -Walloc-zero -Walloca -Wbad-function-cast -Wcast-align -Wcast-qual -Wconversion -Wformat=2 -Wformat-overflow=2 -Wformat-signedness -Wformat-truncation=1 -Wlogical-op -Wmissing-declarations -Wmissing-prototypes -Wnested-externs -Wnull-dereference -Wold-style-definition -Wpointer-arith -Wrestrict -Wshadow -Wstrict-overflow=2 -Wstrict-prototypes -Wundef -Wvla -Wwrite-strings -Wpedantic -fno-plt -std=gnu17 -mtls-dialect=gnu -MT lib/libcrypt_la-alg-gost3411-2012-core.lo -MD -MP -MF lib/.deps/libcrypt_la-alg-gost3411-2012-core.Tpo -c lib/alg-gost3411-2012-core.c  -fPIC -DPIC -o lib/.libs/libcrypt_la-alg-gost3411-2012-core.o
libtool: compile:  ccache gcc -DHAVE_CONFIG_H -I. -I./lib -DIN_LIBCRYPT -Wall -Wextra -Walloc-zero -Walloca -Wbad-function-cast -Wcast-align -Wcast-qual -Wconversion -Wformat=2 -Wformat-overflow=2 -Wformat-signedness -Wformat-truncation=1 -Wlogical-op -Wmissing-declarations -Wmissing-prototypes -Wnested-externs -Wnull-dereference -Wold-style-definition -Wpointer-arith -Wrestrict -Wshadow -Wstrict-overflow=2 -Wstrict-prototypes -Wundef -Wvla -Wwrite-strings -Wpedantic -fno-plt -std=gnu17 -mtls-dialect=gnu -MT lib/libcrypt_la-alg-hmac-sha1.lo -MD -MP -MF lib/.deps/libcrypt_la-alg-hmac-sha1.Tpo -c lib/alg-hmac-sha1.c  -fPIC -DPIC -o lib/.libs/libcrypt_la-alg-hmac-sha1.o
libtool: compile:  ccache gcc -DHAVE_CONFIG_H -I. -I./lib -DIN_LIBCRYPT -Wall -Wextra -Walloc-zero -Walloca -Wbad-function-cast -Wcast-align -Wcast-qual -Wconversion -Wformat=2 -Wformat-overflow=2 -Wformat-signedness -Wformat-truncation=1 -Wlogical-op -Wmissing-declarations -Wmissing-prototypes -Wnested-externs -Wnull-dereference -Wold-style-definition -Wpointer-arith -Wrestrict -Wshadow -Wstrict-overflow=2 -Wstrict-prototypes -Wundef -Wvla -Wwrite-strings -Wpedantic -fno-plt -std=gnu17 -mtls-dialect=gnu -MT lib/libcrypt_la-alg-md5.lo -MD -MP -MF lib/.deps/libcrypt_la-alg-md5.Tpo -c lib/alg-md5.c  -fPIC -DPIC -o lib/.libs/libcrypt_la-alg-md5.o
/bin/sh ./libtool  --tag=CC   --mode=compile ccache gcc -DHAVE_CONFIG_H -I.  -I./lib -DIN_LIBCRYPT  -Wall -Wextra -Walloc-zero -Walloca -Wbad-function-cast -Wcast-align -Wcast-qual -Wconversion -Wformat=2 -Wformat-overflow=2 -Wformat-signedness -Wformat-truncation=1 -Wlogical-op -Wmissing-declarations -Wmissing-prototypes -Wnested-externs -Wnull-dereference -Wold-style-definition -Wpointer-arith -Wrestrict -Wshadow -Wstrict-overflow=2 -Wstrict-prototypes -Wundef -Wvla -Wwrite-strings -Wpedantic -fno-plt -std=gnu17   -mtls-dialect=gnu   -MT lib/libcrypt_la-alg-sha1.lo -MD -MP -MF lib/.deps/libcrypt_la-alg-sha1.Tpo -c -o lib/libcrypt_la-alg-sha1.lo `test -f 'lib/alg-sha1.c' || echo './'`lib/alg-sha1.c
libtool: compile:  ccache gcc -DHAVE_CONFIG_H -I. -I./lib -DIN_LIBCRYPT -Wall -Wextra -Walloc-zero -Walloca -Wbad-function-cast -Wcast-align -Wcast-qual -Wconversion -Wformat=2 -Wformat-overflow=2 -Wformat-signedness -Wformat-truncation=1 -Wlogical-op -Wmissing-declarations -Wmissing-prototypes -Wnested-externs -Wnull-dereference -Wold-style-definition -Wpointer-arith -Wrestrict -Wshadow -Wstrict-overflow=2 -Wstrict-prototypes -Wundef -Wvla -Wwrite-strings -Wpedantic -fno-plt -std=gnu17 -mtls-dialect=gnu -MT lib/libcrypt_la-alg-md4.lo -MD -MP -MF lib/.deps/libcrypt_la-alg-md4.Tpo -c lib/alg-md4.c -o lib/libcrypt_la-alg-md4.o >/dev/null 2>&1
libtool: compile:  ccache gcc -DHAVE_CONFIG_H -I. -I./lib -DIN_LIBCRYPT -Wall -Wextra -Walloc-zero -Walloca -Wbad-function-cast -Wcast-align -Wcast-qual -Wconversion -Wformat=2 -Wformat-overflow=2 -Wformat-signedness -Wformat-truncation=1 -Wlogical-op -Wmissing-declarations -Wmissing-prototypes -Wnested-externs -Wnull-dereference -Wold-style-definition -Wpointer-arith -Wrestrict -Wshadow -Wstrict-overflow=2 -Wstrict-prototypes -Wundef -Wvla -Wwrite-strings -Wpedantic -fno-plt -std=gnu17 -mtls-dialect=gnu -MT lib/libcrypt_la-alg-hmac-sha1.lo -MD -MP -MF lib/.deps/libcrypt_la-alg-hmac-sha1.Tpo -c lib/alg-hmac-sha1.c -o lib/libcrypt_la-alg-hmac-sha1.o >/dev/null 2>&1
libtool: compile:  ccache gcc -DHAVE_CONFIG_H -I. -I./lib -DIN_LIBCRYPT -Wall -Wextra -Walloc-zero -Walloca -Wbad-function-cast -Wcast-align -Wcast-qual -Wconversion -Wformat=2 -Wformat-overflow=2 -Wformat-signedness -Wformat-truncation=1 -Wlogical-op -Wmissing-declarations -Wmissing-prototypes -Wnested-externs -Wnull-dereference -Wold-style-definition -Wpointer-arith -Wrestrict -Wshadow -Wstrict-overflow=2 -Wstrict-prototypes -Wundef -Wvla -Wwrite-strings -Wpedantic -fno-plt -std=gnu17 -mtls-dialect=gnu -MT lib/libcrypt_la-alg-des.lo -MD -MP -MF lib/.deps/libcrypt_la-alg-des.Tpo -c lib/alg-des.c -o lib/libcrypt_la-alg-des.o >/dev/null 2>&1
libtool: compile:  ccache gcc -DHAVE_CONFIG_H -I. -I./lib -DIN_LIBCRYPT -Wall -Wextra -Walloc-zero -Walloca -Wbad-function-cast -Wcast-align -Wcast-qual -Wconversion -Wformat=2 -Wformat-overflow=2 -Wformat-signedness -Wformat-truncation=1 -Wlogical-op -Wmissing-declarations -Wmissing-prototypes -Wnested-externs -Wnull-dereference -Wold-style-definition -Wpointer-arith -Wrestrict -Wshadow -Wstrict-overflow=2 -Wstrict-prototypes -Wundef -Wvla -Wwrite-strings -Wpedantic -fno-plt -std=gnu17 -mtls-dialect=gnu -MT lib/libcrypt_la-alg-des-tables.lo -MD -MP -MF lib/.deps/libcrypt_la-alg-des-tables.Tpo -c lib/alg-des-tables.c -o lib/libcrypt_la-alg-des-tables.o >/dev/null 2>&1
libtool: compile:  ccache gcc -DHAVE_CONFIG_H -I. -I./lib -DIN_LIBCRYPT -Wall -Wextra -Walloc-zero -Walloca -Wbad-function-cast -Wcast-align -Wcast-qual -Wconversion -Wformat=2 -Wformat-overflow=2 -Wformat-signedness -Wformat-truncation=1 -Wlogical-op -Wmissing-declarations -Wmissing-prototypes -Wnested-externs -Wnull-dereference -Wold-style-definition -Wpointer-arith -Wrestrict -Wshadow -Wstrict-overflow=2 -Wstrict-prototypes -Wundef -Wvla -Wwrite-strings -Wpedantic -fno-plt -std=gnu17 -mtls-dialect=gnu -MT lib/libcrypt_la-alg-gost3411-2012-hmac.lo -MD -MP -MF lib/.deps/libcrypt_la-alg-gost3411-2012-hmac.Tpo -c lib/alg-gost3411-2012-hmac.c -o lib/libcrypt_la-alg-gost3411-2012-hmac.o >/dev/null 2>&1
libtool: compile:  ccache gcc -DHAVE_CONFIG_H -I. -I./lib -DIN_LIBCRYPT -Wall -Wextra -Walloc-zero -Walloca -Wbad-function-cast -Wcast-align -Wcast-qual -Wconversion -Wformat=2 -Wformat-overflow=2 -Wformat-signedness -Wformat-truncation=1 -Wlogical-op -Wmissing-declarations -Wmissing-prototypes -Wnested-externs -Wnull-dereference -Wold-style-definition -Wpointer-arith -Wrestrict -Wshadow -Wstrict-overflow=2 -Wstrict-prototypes -Wundef -Wvla -Wwrite-strings -Wpedantic -fno-plt -std=gnu17 -mtls-dialect=gnu -MT lib/libcrypt_la-alg-sha1.lo -MD -MP -MF lib/.deps/libcrypt_la-alg-sha1.Tpo -c lib/alg-sha1.c  -fPIC -DPIC -o lib/.libs/libcrypt_la-alg-sha1.o
libtool: compile:  ccache gcc -DHAVE_CONFIG_H -I. -I./lib -DIN_LIBCRYPT -Wall -Wextra -Walloc-zero -Walloca -Wbad-function-cast -Wcast-align -Wcast-qual -Wconversion -Wformat=2 -Wformat-overflow=2 -Wformat-signedness -Wformat-truncation=1 -Wlogical-op -Wmissing-declarations -Wmissing-prototypes -Wnested-externs -Wnull-dereference -Wold-style-definition -Wpointer-arith -Wrestrict -Wshadow -Wstrict-overflow=2 -Wstrict-prototypes -Wundef -Wvla -Wwrite-strings -Wpedantic -fno-plt -std=gnu17 -mtls-dialect=gnu -MT lib/libcrypt_la-alg-gost3411-2012-core.lo -MD -MP -MF lib/.deps/libcrypt_la-alg-gost3411-2012-core.Tpo -c lib/alg-gost3411-2012-core.c -o lib/libcrypt_la-alg-gost3411-2012-core.o >/dev/null 2>&1
mv -f lib/.deps/libcrypt_la-alg-md4.Tpo lib/.deps/libcrypt_la-alg-md4.Plo
libtool: compile:  ccache gcc -DHAVE_CONFIG_H -I. -I./lib -DIN_LIBCRYPT -Wall -Wextra -Walloc-zero -Walloca -Wbad-function-cast -Wcast-align -Wcast-qual -Wconversion -Wformat=2 -Wformat-overflow=2 -Wformat-signedness -Wformat-truncation=1 -Wlogical-op -Wmissing-declarations -Wmissing-prototypes -Wnested-externs -Wnull-dereference -Wold-style-definition -Wpointer-arith -Wrestrict -Wshadow -Wstrict-overflow=2 -Wstrict-prototypes -Wundef -Wvla -Wwrite-strings -Wpedantic -fno-plt -std=gnu17 -mtls-dialect=gnu -MT lib/libcrypt_la-alg-md5.lo -MD -MP -MF lib/.deps/libcrypt_la-alg-md5.Tpo -c lib/alg-md5.c -o lib/libcrypt_la-alg-md5.o >/dev/null 2>&1
/bin/sh ./libtool  --tag=CC   --mode=compile ccache gcc -DHAVE_CONFIG_H -I.  -I./lib -DIN_LIBCRYPT  -Wall -Wextra -Walloc-zero -Walloca -Wbad-function-cast -Wcast-align -Wcast-qual -Wconversion -Wformat=2 -Wformat-overflow=2 -Wformat-signedness -Wformat-truncation=1 -Wlogical-op -Wmissing-declarations -Wmissing-prototypes -Wnested-externs -Wnull-dereference -Wold-style-definition -Wpointer-arith -Wrestrict -Wshadow -Wstrict-overflow=2 -Wstrict-prototypes -Wundef -Wvla -Wwrite-strings -Wpedantic -fno-plt -std=gnu17   -mtls-dialect=gnu   -MT lib/libcrypt_la-alg-sha256.lo -MD -MP -MF lib/.deps/libcrypt_la-alg-sha256.Tpo -c -o lib/libcrypt_la-alg-sha256.lo `test -f 'lib/alg-sha256.c' || echo './'`lib/alg-sha256.c
mv -f lib/.deps/libcrypt_la-alg-hmac-sha1.Tpo lib/.deps/libcrypt_la-alg-hmac-sha1.Plo
/bin/sh ./libtool  --tag=CC   --mode=compile ccache gcc -DHAVE_CONFIG_H -I.  -I./lib -DIN_LIBCRYPT  -Wall -Wextra -Walloc-zero -Walloca -Wbad-function-cast -Wcast-align -Wcast-qual -Wconversion -Wformat=2 -Wformat-overflow=2 -Wformat-signedness -Wformat-truncation=1 -Wlogical-op -Wmissing-declarations -Wmissing-prototypes -Wnested-externs -Wnull-dereference -Wold-style-definition -Wpointer-arith -Wrestrict -Wshadow -Wstrict-overflow=2 -Wstrict-prototypes -Wundef -Wvla -Wwrite-strings -Wpedantic -fno-plt -std=gnu17   -mtls-dialect=gnu   -MT lib/libcrypt_la-alg-sha512.lo -MD -MP -MF lib/.deps/libcrypt_la-alg-sha512.Tpo -c -o lib/libcrypt_la-alg-sha512.lo `test -f 'lib/alg-sha512.c' || echo './'`lib/alg-sha512.c
libtool: compile:  ccache gcc -DHAVE_CONFIG_H -I. -I./lib -DIN_LIBCRYPT -Wall -Wextra -Walloc-zero -Walloca -Wbad-function-cast -Wcast-align -Wcast-qual -Wconversion -Wformat=2 -Wformat-overflow=2 -Wformat-signedness -Wformat-truncation=1 -Wlogical-op -Wmissing-declarations -Wmissing-prototypes -Wnested-externs -Wnull-dereference -Wold-style-definition -Wpointer-arith -Wrestrict -Wshadow -Wstrict-overflow=2 -Wstrict-prototypes -Wundef -Wvla -Wwrite-strings -Wpedantic -fno-plt -std=gnu17 -mtls-dialect=gnu -MT lib/libcrypt_la-alg-sha1.lo -MD -MP -MF lib/.deps/libcrypt_la-alg-sha1.Tpo -c lib/alg-sha1.c -o lib/libcrypt_la-alg-sha1.o >/dev/null 2>&1
libtool: compile:  ccache gcc -DHAVE_CONFIG_H -I. -I./lib -DIN_LIBCRYPT -Wall -Wextra -Walloc-zero -Walloca -Wbad-function-cast -Wcast-align -Wcast-qual -Wconversion -Wformat=2 -Wformat-overflow=2 -Wformat-signedness -Wformat-truncation=1 -Wlogical-op -Wmissing-declarations -Wmissing-prototypes -Wnested-externs -Wnull-dereference -Wold-style-definition -Wpointer-arith -Wrestrict -Wshadow -Wstrict-overflow=2 -Wstrict-prototypes -Wundef -Wvla -Wwrite-strings -Wpedantic -fno-plt -std=gnu17 -mtls-dialect=gnu -MT lib/libcrypt_la-alg-sha512.lo -MD -MP -MF lib/.deps/libcrypt_la-alg-sha512.Tpo -c lib/alg-sha512.c  -fPIC -DPIC -o lib/.libs/libcrypt_la-alg-sha512.o
mv -f lib/.deps/libcrypt_la-alg-des.Tpo lib/.deps/libcrypt_la-alg-des.Plo
libtool: compile:  ccache gcc -DHAVE_CONFIG_H -I. -I./lib -DIN_LIBCRYPT -Wall -Wextra -Walloc-zero -Walloca -Wbad-function-cast -Wcast-align -Wcast-qual -Wconversion -Wformat=2 -Wformat-overflow=2 -Wformat-signedness -Wformat-truncation=1 -Wlogical-op -Wmissing-declarations -Wmissing-prototypes -Wnested-externs -Wnull-dereference -Wold-style-definition -Wpointer-arith -Wrestrict -Wshadow -Wstrict-overflow=2 -Wstrict-prototypes -Wundef -Wvla -Wwrite-strings -Wpedantic -fno-plt -std=gnu17 -mtls-dialect=gnu -MT lib/libcrypt_la-alg-sha256.lo -MD -MP -MF lib/.deps/libcrypt_la-alg-sha256.Tpo -c lib/alg-sha256.c  -fPIC -DPIC -o lib/.libs/libcrypt_la-alg-sha256.o
/bin/sh ./libtool  --tag=CC   --mode=compile ccache gcc -DHAVE_CONFIG_H -I.  -I./lib -DIN_LIBCRYPT  -Wall -Wextra -Walloc-zero -Walloca -Wbad-function-cast -Wcast-align -Wcast-qual -Wconversion -Wformat=2 -Wformat-overflow=2 -Wformat-signedness -Wformat-truncation=1 -Wlogical-op -Wmissing-declarations -Wmissing-prototypes -Wnested-externs -Wnull-dereference -Wold-style-definition -Wpointer-arith -Wrestrict -Wshadow -Wstrict-overflow=2 -Wstrict-prototypes -Wundef -Wvla -Wwrite-strings -Wpedantic -fno-plt -std=gnu17   -mtls-dialect=gnu   -MT lib/libcrypt_la-alg-yescrypt-common.lo -MD -MP -MF lib/.deps/libcrypt_la-alg-yescrypt-common.Tpo -c -o lib/libcrypt_la-alg-yescrypt-common.lo `test -f 'lib/alg-yescrypt-common.c' || echo './'`lib/alg-yescrypt-common.c
mv -f lib/.deps/libcrypt_la-alg-gost3411-2012-hmac.Tpo lib/.deps/libcrypt_la-alg-gost3411-2012-hmac.Plo
/bin/sh ./libtool  --tag=CC   --mode=compile ccache gcc -DHAVE_CONFIG_H -I.  -I./lib -DIN_LIBCRYPT  -Wall -Wextra -Walloc-zero -Walloca -Wbad-function-cast -Wcast-align -Wcast-qual -Wconversion -Wformat=2 -Wformat-overflow=2 -Wformat-signedness -Wformat-truncation=1 -Wlogical-op -Wmissing-declarations -Wmissing-prototypes -Wnested-externs -Wnull-dereference -Wold-style-definition -Wpointer-arith -Wrestrict -Wshadow -Wstrict-overflow=2 -Wstrict-prototypes -Wundef -Wvla -Wwrite-strings -Wpedantic -fno-plt -std=gnu17   -mtls-dialect=gnu   -MT lib/libcrypt_la-alg-yescrypt-opt.lo -MD -MP -MF lib/.deps/libcrypt_la-alg-yescrypt-opt.Tpo -c -o lib/libcrypt_la-alg-yescrypt-opt.lo `test -f 'lib/alg-yescrypt-opt.c' || echo './'`lib/alg-yescrypt-opt.c
mv -f lib/.deps/libcrypt_la-alg-gost3411-2012-core.Tpo lib/.deps/libcrypt_la-alg-gost3411-2012-core.Plo
/bin/sh ./libtool  --tag=CC   --mode=compile ccache gcc -DHAVE_CONFIG_H -I.  -I./lib -DIN_LIBCRYPT  -Wall -Wextra -Walloc-zero -Walloca -Wbad-function-cast -Wcast-align -Wcast-qual -Wconversion -Wformat=2 -Wformat-overflow=2 -Wformat-signedness -Wformat-truncation=1 -Wlogical-op -Wmissing-declarations -Wmissing-prototypes -Wnested-externs -Wnull-dereference -Wold-style-definition -Wpointer-arith -Wrestrict -Wshadow -Wstrict-overflow=2 -Wstrict-prototypes -Wundef -Wvla -Wwrite-strings -Wpedantic -fno-plt -std=gnu17   -mtls-dialect=gnu   -MT lib/libcrypt_la-crypt-bcrypt.lo -MD -MP -MF lib/.deps/libcrypt_la-crypt-bcrypt.Tpo -c -o lib/libcrypt_la-crypt-bcrypt.lo `test -f 'lib/crypt-bcrypt.c' || echo './'`lib/crypt-bcrypt.c
mv -f lib/.deps/libcrypt_la-alg-des-tables.Tpo lib/.deps/libcrypt_la-alg-des-tables.Plo
/bin/sh ./libtool  --tag=CC   --mode=compile ccache gcc -DHAVE_CONFIG_H -I.  -I./lib -DIN_LIBCRYPT  -Wall -Wextra -Walloc-zero -Walloca -Wbad-function-cast -Wcast-align -Wcast-qual -Wconversion -Wformat=2 -Wformat-overflow=2 -Wformat-signedness -Wformat-truncation=1 -Wlogical-op -Wmissing-declarations -Wmissing-prototypes -Wnested-externs -Wnull-dereference -Wold-style-definition -Wpointer-arith -Wrestrict -Wshadow -Wstrict-overflow=2 -Wstrict-prototypes -Wundef -Wvla -Wwrite-strings -Wpedantic -fno-plt -std=gnu17   -mtls-dialect=gnu   -MT lib/libcrypt_la-crypt-des.lo -MD -MP -MF lib/.deps/libcrypt_la-crypt-des.Tpo -c -o lib/libcrypt_la-crypt-des.lo `test -f 'lib/crypt-des.c' || echo './'`lib/crypt-des.c
mv -f lib/.deps/libcrypt_la-alg-md5.Tpo lib/.deps/libcrypt_la-alg-md5.Plo
/bin/sh ./libtool  --tag=CC   --mode=compile ccache gcc -DHAVE_CONFIG_H -I.  -I./lib -DIN_LIBCRYPT  -Wall -Wextra -Walloc-zero -Walloca -Wbad-function-cast -Wcast-align -Wcast-qual -Wconversion -Wformat=2 -Wformat-overflow=2 -Wformat-signedness -Wformat-truncation=1 -Wlogical-op -Wmissing-declarations -Wmissing-prototypes -Wnested-externs -Wnull-dereference -Wold-style-definition -Wpointer-arith -Wrestrict -Wshadow -Wstrict-overflow=2 -Wstrict-prototypes -Wundef -Wvla -Wwrite-strings -Wpedantic -fno-plt -std=gnu17   -mtls-dialect=gnu   -MT lib/libcrypt_la-crypt-gensalt-static.lo -MD -MP -MF lib/.deps/libcrypt_la-crypt-gensalt-static.Tpo -c -o lib/libcrypt_la-crypt-gensalt-static.lo `test -f 'lib/crypt-gensalt-static.c' || echo './'`lib/crypt-gensalt-static.c
mv -f lib/.deps/libcrypt_la-alg-sha1.Tpo lib/.deps/libcrypt_la-alg-sha1.Plo
/bin/sh ./libtool  --tag=CC   --mode=compile ccache gcc -DHAVE_CONFIG_H -I.  -I./lib -DIN_LIBCRYPT  -Wall -Wextra -Walloc-zero -Walloca -Wbad-function-cast -Wcast-align -Wcast-qual -Wconversion -Wformat=2 -Wformat-overflow=2 -Wformat-signedness -Wformat-truncation=1 -Wlogical-op -Wmissing-declarations -Wmissing-prototypes -Wnested-externs -Wnull-dereference -Wold-style-definition -Wpointer-arith -Wrestrict -Wshadow -Wstrict-overflow=2 -Wstrict-prototypes -Wundef -Wvla -Wwrite-strings -Wpedantic -fno-plt -std=gnu17   -mtls-dialect=gnu   -MT lib/libcrypt_la-crypt-gost-yescrypt.lo -MD -MP -MF lib/.deps/libcrypt_la-crypt-gost-yescrypt.Tpo -c -o lib/libcrypt_la-crypt-gost-yescrypt.lo `test -f 'lib/crypt-gost-yescrypt.c' || echo './'`lib/crypt-gost-yescrypt.c
libtool: compile:  ccache gcc -DHAVE_CONFIG_H -I. -I./lib -DIN_LIBCRYPT -Wall -Wextra -Walloc-zero -Walloca -Wbad-function-cast -Wcast-align -Wcast-qual -Wconversion -Wformat=2 -Wformat-overflow=2 -Wformat-signedness -Wformat-truncation=1 -Wlogical-op -Wmissing-declarations -Wmissing-prototypes -Wnested-externs -Wnull-dereference -Wold-style-definition -Wpointer-arith -Wrestrict -Wshadow -Wstrict-overflow=2 -Wstrict-prototypes -Wundef -Wvla -Wwrite-strings -Wpedantic -fno-plt -std=gnu17 -mtls-dialect=gnu -MT lib/libcrypt_la-alg-yescrypt-common.lo -MD -MP -MF lib/.deps/libcrypt_la-alg-yescrypt-common.Tpo -c lib/alg-yescrypt-common.c  -fPIC -DPIC -o lib/.libs/libcrypt_la-alg-yescrypt-common.o
libtool: compile:  ccache gcc -DHAVE_CONFIG_H -I. -I./lib -DIN_LIBCRYPT -Wall -Wextra -Walloc-zero -Walloca -Wbad-function-cast -Wcast-align -Wcast-qual -Wconversion -Wformat=2 -Wformat-overflow=2 -Wformat-signedness -Wformat-truncation=1 -Wlogical-op -Wmissing-declarations -Wmissing-prototypes -Wnested-externs -Wnull-dereference -Wold-style-definition -Wpointer-arith -Wrestrict -Wshadow -Wstrict-overflow=2 -Wstrict-prototypes -Wundef -Wvla -Wwrite-strings -Wpedantic -fno-plt -std=gnu17 -mtls-dialect=gnu -MT lib/libcrypt_la-alg-yescrypt-opt.lo -MD -MP -MF lib/.deps/libcrypt_la-alg-yescrypt-opt.Tpo -c lib/alg-yescrypt-opt.c  -fPIC -DPIC -o lib/.libs/libcrypt_la-alg-yescrypt-opt.o
libtool: compile:  ccache gcc -DHAVE_CONFIG_H -I. -I./lib -DIN_LIBCRYPT -Wall -Wextra -Walloc-zero -Walloca -Wbad-function-cast -Wcast-align -Wcast-qual -Wconversion -Wformat=2 -Wformat-overflow=2 -Wformat-signedness -Wformat-truncation=1 -Wlogical-op -Wmissing-declarations -Wmissing-prototypes -Wnested-externs -Wnull-dereference -Wold-style-definition -Wpointer-arith -Wrestrict -Wshadow -Wstrict-overflow=2 -Wstrict-prototypes -Wundef -Wvla -Wwrite-strings -Wpedantic -fno-plt -std=gnu17 -mtls-dialect=gnu -MT lib/libcrypt_la-crypt-bcrypt.lo -MD -MP -MF lib/.deps/libcrypt_la-crypt-bcrypt.Tpo -c lib/crypt-bcrypt.c  -fPIC -DPIC -o lib/.libs/libcrypt_la-crypt-bcrypt.o
libtool: compile:  ccache gcc -DHAVE_CONFIG_H -I. -I./lib -DIN_LIBCRYPT -Wall -Wextra -Walloc-zero -Walloca -Wbad-function-cast -Wcast-align -Wcast-qual -Wconversion -Wformat=2 -Wformat-overflow=2 -Wformat-signedness -Wformat-truncation=1 -Wlogical-op -Wmissing-declarations -Wmissing-prototypes -Wnested-externs -Wnull-dereference -Wold-style-definition -Wpointer-arith -Wrestrict -Wshadow -Wstrict-overflow=2 -Wstrict-prototypes -Wundef -Wvla -Wwrite-strings -Wpedantic -fno-plt -std=gnu17 -mtls-dialect=gnu -MT lib/libcrypt_la-crypt-gensalt-static.lo -MD -MP -MF lib/.deps/libcrypt_la-crypt-gensalt-static.Tpo -c lib/crypt-gensalt-static.c  -fPIC -DPIC -o lib/.libs/libcrypt_la-crypt-gensalt-static.o
libtool: compile:  ccache gcc -DHAVE_CONFIG_H -I. -I./lib -DIN_LIBCRYPT -Wall -Wextra -Walloc-zero -Walloca -Wbad-function-cast -Wcast-align -Wcast-qual -Wconversion -Wformat=2 -Wformat-overflow=2 -Wformat-signedness -Wformat-truncation=1 -Wlogical-op -Wmissing-declarations -Wmissing-prototypes -Wnested-externs -Wnull-dereference -Wold-style-definition -Wpointer-arith -Wrestrict -Wshadow -Wstrict-overflow=2 -Wstrict-prototypes -Wundef -Wvla -Wwrite-strings -Wpedantic -fno-plt -std=gnu17 -mtls-dialect=gnu -MT lib/libcrypt_la-crypt-des.lo -MD -MP -MF lib/.deps/libcrypt_la-crypt-des.Tpo -c lib/crypt-des.c  -fPIC -DPIC -o lib/.libs/libcrypt_la-crypt-des.o
libtool: compile:  ccache gcc -DHAVE_CONFIG_H -I. -I./lib -DIN_LIBCRYPT -Wall -Wextra -Walloc-zero -Walloca -Wbad-function-cast -Wcast-align -Wcast-qual -Wconversion -Wformat=2 -Wformat-overflow=2 -Wformat-signedness -Wformat-truncation=1 -Wlogical-op -Wmissing-declarations -Wmissing-prototypes -Wnested-externs -Wnull-dereference -Wold-style-definition -Wpointer-arith -Wrestrict -Wshadow -Wstrict-overflow=2 -Wstrict-prototypes -Wundef -Wvla -Wwrite-strings -Wpedantic -fno-plt -std=gnu17 -mtls-dialect=gnu -MT lib/libcrypt_la-crypt-gost-yescrypt.lo -MD -MP -MF lib/.deps/libcrypt_la-crypt-gost-yescrypt.Tpo -c lib/crypt-gost-yescrypt.c  -fPIC -DPIC -o lib/.libs/libcrypt_la-crypt-gost-yescrypt.o
libtool: compile:  ccache gcc -DHAVE_CONFIG_H -I. -I./lib -DIN_LIBCRYPT -Wall -Wextra -Walloc-zero -Walloca -Wbad-function-cast -Wcast-align -Wcast-qual -Wconversion -Wformat=2 -Wformat-overflow=2 -Wformat-signedness -Wformat-truncation=1 -Wlogical-op -Wmissing-declarations -Wmissing-prototypes -Wnested-externs -Wnull-dereference -Wold-style-definition -Wpointer-arith -Wrestrict -Wshadow -Wstrict-overflow=2 -Wstrict-prototypes -Wundef -Wvla -Wwrite-strings -Wpedantic -fno-plt -std=gnu17 -mtls-dialect=gnu -MT lib/libcrypt_la-alg-sha512.lo -MD -MP -MF lib/.deps/libcrypt_la-alg-sha512.Tpo -c lib/alg-sha512.c -o lib/libcrypt_la-alg-sha512.o >/dev/null 2>&1
libtool: compile:  ccache gcc -DHAVE_CONFIG_H -I. -I./lib -DIN_LIBCRYPT -Wall -Wextra -Walloc-zero -Walloca -Wbad-function-cast -Wcast-align -Wcast-qual -Wconversion -Wformat=2 -Wformat-overflow=2 -Wformat-signedness -Wformat-truncation=1 -Wlogical-op -Wmissing-declarations -Wmissing-prototypes -Wnested-externs -Wnull-dereference -Wold-style-definition -Wpointer-arith -Wrestrict -Wshadow -Wstrict-overflow=2 -Wstrict-prototypes -Wundef -Wvla -Wwrite-strings -Wpedantic -fno-plt -std=gnu17 -mtls-dialect=gnu -MT lib/libcrypt_la-alg-sha256.lo -MD -MP -MF lib/.deps/libcrypt_la-alg-sha256.Tpo -c lib/alg-sha256.c -o lib/libcrypt_la-alg-sha256.o >/dev/null 2>&1
libtool: compile:  ccache gcc -DHAVE_CONFIG_H -I. -I./lib -DIN_LIBCRYPT -Wall -Wextra -Walloc-zero -Walloca -Wbad-function-cast -Wcast-align -Wcast-qual -Wconversion -Wformat=2 -Wformat-overflow=2 -Wformat-signedness -Wformat-truncation=1 -Wlogical-op -Wmissing-declarations -Wmissing-prototypes -Wnested-externs -Wnull-dereference -Wold-style-definition -Wpointer-arith -Wrestrict -Wshadow -Wstrict-overflow=2 -Wstrict-prototypes -Wundef -Wvla -Wwrite-strings -Wpedantic -fno-plt -std=gnu17 -mtls-dialect=gnu -MT lib/libcrypt_la-crypt-gensalt-static.lo -MD -MP -MF lib/.deps/libcrypt_la-crypt-gensalt-static.Tpo -c lib/crypt-gensalt-static.c -o lib/libcrypt_la-crypt-gensalt-static.o >/dev/null 2>&1
libtool: compile:  ccache gcc -DHAVE_CONFIG_H -I. -I./lib -DIN_LIBCRYPT -Wall -Wextra -Walloc-zero -Walloca -Wbad-function-cast -Wcast-align -Wcast-qual -Wconversion -Wformat=2 -Wformat-overflow=2 -Wformat-signedness -Wformat-truncation=1 -Wlogical-op -Wmissing-declarations -Wmissing-prototypes -Wnested-externs -Wnull-dereference -Wold-style-definition -Wpointer-arith -Wrestrict -Wshadow -Wstrict-overflow=2 -Wstrict-prototypes -Wundef -Wvla -Wwrite-strings -Wpedantic -fno-plt -std=gnu17 -mtls-dialect=gnu -MT lib/libcrypt_la-crypt-des.lo -MD -MP -MF lib/.deps/libcrypt_la-crypt-des.Tpo -c lib/crypt-des.c -o lib/libcrypt_la-crypt-des.o >/dev/null 2>&1
lib/crypt-gost-yescrypt.c: In function '_crypt_crypt_gost_yescrypt_rn':
lib/crypt-gost-yescrypt.c:134:16: warning: initialization discards 'const' qualifier from pointer target type [-Wdiscarded-qualifiers]
  134 |   char *hptr = strchr ((const char *) intbuf->retval + 3, '$');
      |                ^~~~~~
libtool: compile:  ccache gcc -DHAVE_CONFIG_H -I. -I./lib -DIN_LIBCRYPT -Wall -Wextra -Walloc-zero -Walloca -Wbad-function-cast -Wcast-align -Wcast-qual -Wconversion -Wformat=2 -Wformat-overflow=2 -Wformat-signedness -Wformat-truncation=1 -Wlogical-op -Wmissing-declarations -Wmissing-prototypes -Wnested-externs -Wnull-dereference -Wold-style-definition -Wpointer-arith -Wrestrict -Wshadow -Wstrict-overflow=2 -Wstrict-prototypes -Wundef -Wvla -Wwrite-strings -Wpedantic -fno-plt -std=gnu17 -mtls-dialect=gnu -MT lib/libcrypt_la-crypt-gost-yescrypt.lo -MD -MP -MF lib/.deps/libcrypt_la-crypt-gost-yescrypt.Tpo -c lib/crypt-gost-yescrypt.c -o lib/libcrypt_la-crypt-gost-yescrypt.o >/dev/null 2>&1
libtool: compile:  ccache gcc -DHAVE_CONFIG_H -I. -I./lib -DIN_LIBCRYPT -Wall -Wextra -Walloc-zero -Walloca -Wbad-function-cast -Wcast-align -Wcast-qual -Wconversion -Wformat=2 -Wformat-overflow=2 -Wformat-signedness -Wformat-truncation=1 -Wlogical-op -Wmissing-declarations -Wmissing-prototypes -Wnested-externs -Wnull-dereference -Wold-style-definition -Wpointer-arith -Wrestrict -Wshadow -Wstrict-overflow=2 -Wstrict-prototypes -Wundef -Wvla -Wwrite-strings -Wpedantic -fno-plt -std=gnu17 -mtls-dialect=gnu -MT lib/libcrypt_la-alg-yescrypt-common.lo -MD -MP -MF lib/.deps/libcrypt_la-alg-yescrypt-common.Tpo -c lib/alg-yescrypt-common.c -o lib/libcrypt_la-alg-yescrypt-common.o >/dev/null 2>&1
libtool: compile:  ccache gcc -DHAVE_CONFIG_H -I. -I./lib -DIN_LIBCRYPT -Wall -Wextra -Walloc-zero -Walloca -Wbad-function-cast -Wcast-align -Wcast-qual -Wconversion -Wformat=2 -Wformat-overflow=2 -Wformat-signedness -Wformat-truncation=1 -Wlogical-op -Wmissing-declarations -Wmissing-prototypes -Wnested-externs -Wnull-dereference -Wold-style-definition -Wpointer-arith -Wrestrict -Wshadow -Wstrict-overflow=2 -Wstrict-prototypes -Wundef -Wvla -Wwrite-strings -Wpedantic -fno-plt -std=gnu17 -mtls-dialect=gnu -MT lib/libcrypt_la-crypt-bcrypt.lo -MD -MP -MF lib/.deps/libcrypt_la-crypt-bcrypt.Tpo -c lib/crypt-bcrypt.c -o lib/libcrypt_la-crypt-bcrypt.o >/dev/null 2>&1
mv -f lib/.deps/libcrypt_la-alg-sha512.Tpo lib/.deps/libcrypt_la-alg-sha512.Plo
/bin/sh ./libtool  --tag=CC   --mode=compile ccache gcc -DHAVE_CONFIG_H -I.  -I./lib -DIN_LIBCRYPT  -Wall -Wextra -Walloc-zero -Walloca -Wbad-function-cast -Wcast-align -Wcast-qual -Wconversion -Wformat=2 -Wformat-overflow=2 -Wformat-signedness -Wformat-truncation=1 -Wlogical-op -Wmissing-declarations -Wmissing-prototypes -Wnested-externs -Wnull-dereference -Wold-style-definition -Wpointer-arith -Wrestrict -Wshadow -Wstrict-overflow=2 -Wstrict-prototypes -Wundef -Wvla -Wwrite-strings -Wpedantic -fno-plt -std=gnu17   -mtls-dialect=gnu   -MT lib/libcrypt_la-crypt-md5.lo -MD -MP -MF lib/.deps/libcrypt_la-crypt-md5.Tpo -c -o lib/libcrypt_la-crypt-md5.lo `test -f 'lib/crypt-md5.c' || echo './'`lib/crypt-md5.c
mv -f lib/.deps/libcrypt_la-crypt-gensalt-static.Tpo lib/.deps/libcrypt_la-crypt-gensalt-static.Plo
/bin/sh ./libtool  --tag=CC   --mode=compile ccache gcc -DHAVE_CONFIG_H -I.  -I./lib -DIN_LIBCRYPT  -Wall -Wextra -Walloc-zero -Walloca -Wbad-function-cast -Wcast-align -Wcast-qual -Wconversion -Wformat=2 -Wformat-overflow=2 -Wformat-signedness -Wformat-truncation=1 -Wlogical-op -Wmissing-declarations -Wmissing-prototypes -Wnested-externs -Wnull-dereference -Wold-style-definition -Wpointer-arith -Wrestrict -Wshadow -Wstrict-overflow=2 -Wstrict-prototypes -Wundef -Wvla -Wwrite-strings -Wpedantic -fno-plt -std=gnu17   -mtls-dialect=gnu   -MT lib/libcrypt_la-crypt-nthash.lo -MD -MP -MF lib/.deps/libcrypt_la-crypt-nthash.Tpo -c -o lib/libcrypt_la-crypt-nthash.lo `test -f 'lib/crypt-nthash.c' || echo './'`lib/crypt-nthash.c
mv -f lib/.deps/libcrypt_la-crypt-des.Tpo lib/.deps/libcrypt_la-crypt-des.Plo
/bin/sh ./libtool  --tag=CC   --mode=compile ccache gcc -DHAVE_CONFIG_H -I.  -I./lib -DIN_LIBCRYPT  -Wall -Wextra -Walloc-zero -Walloca -Wbad-function-cast -Wcast-align -Wcast-qual -Wconversion -Wformat=2 -Wformat-overflow=2 -Wformat-signedness -Wformat-truncation=1 -Wlogical-op -Wmissing-declarations -Wmissing-prototypes -Wnested-externs -Wnull-dereference -Wold-style-definition -Wpointer-arith -Wrestrict -Wshadow -Wstrict-overflow=2 -Wstrict-prototypes -Wundef -Wvla -Wwrite-strings -Wpedantic -fno-plt -std=gnu17   -mtls-dialect=gnu   -MT lib/libcrypt_la-crypt-pbkdf1-sha1.lo -MD -MP -MF lib/.deps/libcrypt_la-crypt-pbkdf1-sha1.Tpo -c -o lib/libcrypt_la-crypt-pbkdf1-sha1.lo `test -f 'lib/crypt-pbkdf1-sha1.c' || echo './'`lib/crypt-pbkdf1-sha1.c
mv -f lib/.deps/libcrypt_la-alg-sha256.Tpo lib/.deps/libcrypt_la-alg-sha256.Plo
/bin/sh ./libtool  --tag=CC   --mode=compile ccache gcc -DHAVE_CONFIG_H -I.  -I./lib -DIN_LIBCRYPT  -Wall -Wextra -Walloc-zero -Walloca -Wbad-function-cast -Wcast-align -Wcast-qual -Wconversion -Wformat=2 -Wformat-overflow=2 -Wformat-signedness -Wformat-truncation=1 -Wlogical-op -Wmissing-declarations -Wmissing-prototypes -Wnested-externs -Wnull-dereference -Wold-style-definition -Wpointer-arith -Wrestrict -Wshadow -Wstrict-overflow=2 -Wstrict-prototypes -Wundef -Wvla -Wwrite-strings -Wpedantic -fno-plt -std=gnu17   -mtls-dialect=gnu   -MT lib/libcrypt_la-crypt-scrypt.lo -MD -MP -MF lib/.deps/libcrypt_la-crypt-scrypt.Tpo -c -o lib/libcrypt_la-crypt-scrypt.lo `test -f 'lib/crypt-scrypt.c' || echo './'`lib/crypt-scrypt.c
mv -f lib/.deps/libcrypt_la-crypt-gost-yescrypt.Tpo lib/.deps/libcrypt_la-crypt-gost-yescrypt.Plo
/bin/sh ./libtool  --tag=CC   --mode=compile ccache gcc -DHAVE_CONFIG_H -I.  -I./lib -DIN_LIBCRYPT  -Wall -Wextra -Walloc-zero -Walloca -Wbad-function-cast -Wcast-align -Wcast-qual -Wconversion -Wformat=2 -Wformat-overflow=2 -Wformat-signedness -Wformat-truncation=1 -Wlogical-op -Wmissing-declarations -Wmissing-prototypes -Wnested-externs -Wnull-dereference -Wold-style-definition -Wpointer-arith -Wrestrict -Wshadow -Wstrict-overflow=2 -Wstrict-prototypes -Wundef -Wvla -Wwrite-strings -Wpedantic -fno-plt -std=gnu17   -mtls-dialect=gnu   -MT lib/libcrypt_la-crypt-sha256.lo -MD -MP -MF lib/.deps/libcrypt_la-crypt-sha256.Tpo -c -o lib/libcrypt_la-crypt-sha256.lo `test -f 'lib/crypt-sha256.c' || echo './'`lib/crypt-sha256.c
libtool: compile:  ccache gcc -DHAVE_CONFIG_H -I. -I./lib -DIN_LIBCRYPT -Wall -Wextra -Walloc-zero -Walloca -Wbad-function-cast -Wcast-align -Wcast-qual -Wconversion -Wformat=2 -Wformat-overflow=2 -Wformat-signedness -Wformat-truncation=1 -Wlogical-op -Wmissing-declarations -Wmissing-prototypes -Wnested-externs -Wnull-dereference -Wold-style-definition -Wpointer-arith -Wrestrict -Wshadow -Wstrict-overflow=2 -Wstrict-prototypes -Wundef -Wvla -Wwrite-strings -Wpedantic -fno-plt -std=gnu17 -mtls-dialect=gnu -MT lib/libcrypt_la-crypt-md5.lo -MD -MP -MF lib/.deps/libcrypt_la-crypt-md5.Tpo -c lib/crypt-md5.c  -fPIC -DPIC -o lib/.libs/libcrypt_la-crypt-md5.o
libtool: compile:  ccache gcc -DHAVE_CONFIG_H -I. -I./lib -DIN_LIBCRYPT -Wall -Wextra -Walloc-zero -Walloca -Wbad-function-cast -Wcast-align -Wcast-qual -Wconversion -Wformat=2 -Wformat-overflow=2 -Wformat-signedness -Wformat-truncation=1 -Wlogical-op -Wmissing-declarations -Wmissing-prototypes -Wnested-externs -Wnull-dereference -Wold-style-definition -Wpointer-arith -Wrestrict -Wshadow -Wstrict-overflow=2 -Wstrict-prototypes -Wundef -Wvla -Wwrite-strings -Wpedantic -fno-plt -std=gnu17 -mtls-dialect=gnu -MT lib/libcrypt_la-crypt-nthash.lo -MD -MP -MF lib/.deps/libcrypt_la-crypt-nthash.Tpo -c lib/crypt-nthash.c  -fPIC -DPIC -o lib/.libs/libcrypt_la-crypt-nthash.o
mv -f lib/.deps/libcrypt_la-alg-yescrypt-common.Tpo lib/.deps/libcrypt_la-alg-yescrypt-common.Plo
/bin/sh ./libtool  --tag=CC   --mode=compile ccache gcc -DHAVE_CONFIG_H -I.  -I./lib -DIN_LIBCRYPT  -Wall -Wextra -Walloc-zero -Walloca -Wbad-function-cast -Wcast-align -Wcast-qual -Wconversion -Wformat=2 -Wformat-overflow=2 -Wformat-signedness -Wformat-truncation=1 -Wlogical-op -Wmissing-declarations -Wmissing-prototypes -Wnested-externs -Wnull-dereference -Wold-style-definition -Wpointer-arith -Wrestrict -Wshadow -Wstrict-overflow=2 -Wstrict-prototypes -Wundef -Wvla -Wwrite-strings -Wpedantic -fno-plt -std=gnu17   -mtls-dialect=gnu   -MT lib/libcrypt_la-crypt-sha512.lo -MD -MP -MF lib/.deps/libcrypt_la-crypt-sha512.Tpo -c -o lib/libcrypt_la-crypt-sha512.lo `test -f 'lib/crypt-sha512.c' || echo './'`lib/crypt-sha512.c
libtool: compile:  ccache gcc -DHAVE_CONFIG_H -I. -I./lib -DIN_LIBCRYPT -Wall -Wextra -Walloc-zero -Walloca -Wbad-function-cast -Wcast-align -Wcast-qual -Wconversion -Wformat=2 -Wformat-overflow=2 -Wformat-signedness -Wformat-truncation=1 -Wlogical-op -Wmissing-declarations -Wmissing-prototypes -Wnested-externs -Wnull-dereference -Wold-style-definition -Wpointer-arith -Wrestrict -Wshadow -Wstrict-overflow=2 -Wstrict-prototypes -Wundef -Wvla -Wwrite-strings -Wpedantic -fno-plt -std=gnu17 -mtls-dialect=gnu -MT lib/libcrypt_la-crypt-scrypt.lo -MD -MP -MF lib/.deps/libcrypt_la-crypt-scrypt.Tpo -c lib/crypt-scrypt.c  -fPIC -DPIC -o lib/.libs/libcrypt_la-crypt-scrypt.o
libtool: compile:  ccache gcc -DHAVE_CONFIG_H -I. -I./lib -DIN_LIBCRYPT -Wall -Wextra -Walloc-zero -Walloca -Wbad-function-cast -Wcast-align -Wcast-qual -Wconversion -Wformat=2 -Wformat-overflow=2 -Wformat-signedness -Wformat-truncation=1 -Wlogical-op -Wmissing-declarations -Wmissing-prototypes -Wnested-externs -Wnull-dereference -Wold-style-definition -Wpointer-arith -Wrestrict -Wshadow -Wstrict-overflow=2 -Wstrict-prototypes -Wundef -Wvla -Wwrite-strings -Wpedantic -fno-plt -std=gnu17 -mtls-dialect=gnu -MT lib/libcrypt_la-crypt-pbkdf1-sha1.lo -MD -MP -MF lib/.deps/libcrypt_la-crypt-pbkdf1-sha1.Tpo -c lib/crypt-pbkdf1-sha1.c  -fPIC -DPIC -o lib/.libs/libcrypt_la-crypt-pbkdf1-sha1.o
libtool: compile:  ccache gcc -DHAVE_CONFIG_H -I. -I./lib -DIN_LIBCRYPT -Wall -Wextra -Walloc-zero -Walloca -Wbad-function-cast -Wcast-align -Wcast-qual -Wconversion -Wformat=2 -Wformat-overflow=2 -Wformat-signedness -Wformat-truncation=1 -Wlogical-op -Wmissing-declarations -Wmissing-prototypes -Wnested-externs -Wnull-dereference -Wold-style-definition -Wpointer-arith -Wrestrict -Wshadow -Wstrict-overflow=2 -Wstrict-prototypes -Wundef -Wvla -Wwrite-strings -Wpedantic -fno-plt -std=gnu17 -mtls-dialect=gnu -MT lib/libcrypt_la-crypt-sha256.lo -MD -MP -MF lib/.deps/libcrypt_la-crypt-sha256.Tpo -c lib/crypt-sha256.c  -fPIC -DPIC -o lib/.libs/libcrypt_la-crypt-sha256.o
libtool: compile:  ccache gcc -DHAVE_CONFIG_H -I. -I./lib -DIN_LIBCRYPT -Wall -Wextra -Walloc-zero -Walloca -Wbad-function-cast -Wcast-align -Wcast-qual -Wconversion -Wformat=2 -Wformat-overflow=2 -Wformat-signedness -Wformat-truncation=1 -Wlogical-op -Wmissing-declarations -Wmissing-prototypes -Wnested-externs -Wnull-dereference -Wold-style-definition -Wpointer-arith -Wrestrict -Wshadow -Wstrict-overflow=2 -Wstrict-prototypes -Wundef -Wvla -Wwrite-strings -Wpedantic -fno-plt -std=gnu17 -mtls-dialect=gnu -MT lib/libcrypt_la-crypt-md5.lo -MD -MP -MF lib/.deps/libcrypt_la-crypt-md5.Tpo -c lib/crypt-md5.c -o lib/libcrypt_la-crypt-md5.o >/dev/null 2>&1
libtool: compile:  ccache gcc -DHAVE_CONFIG_H -I. -I./lib -DIN_LIBCRYPT -Wall -Wextra -Walloc-zero -Walloca -Wbad-function-cast -Wcast-align -Wcast-qual -Wconversion -Wformat=2 -Wformat-overflow=2 -Wformat-signedness -Wformat-truncation=1 -Wlogical-op -Wmissing-declarations -Wmissing-prototypes -Wnested-externs -Wnull-dereference -Wold-style-definition -Wpointer-arith -Wrestrict -Wshadow -Wstrict-overflow=2 -Wstrict-prototypes -Wundef -Wvla -Wwrite-strings -Wpedantic -fno-plt -std=gnu17 -mtls-dialect=gnu -MT lib/libcrypt_la-crypt-nthash.lo -MD -MP -MF lib/.deps/libcrypt_la-crypt-nthash.Tpo -c lib/crypt-nthash.c -o lib/libcrypt_la-crypt-nthash.o >/dev/null 2>&1
libtool: compile:  ccache gcc -DHAVE_CONFIG_H -I. -I./lib -DIN_LIBCRYPT -Wall -Wextra -Walloc-zero -Walloca -Wbad-function-cast -Wcast-align -Wcast-qual -Wconversion -Wformat=2 -Wformat-overflow=2 -Wformat-signedness -Wformat-truncation=1 -Wlogical-op -Wmissing-declarations -Wmissing-prototypes -Wnested-externs -Wnull-dereference -Wold-style-definition -Wpointer-arith -Wrestrict -Wshadow -Wstrict-overflow=2 -Wstrict-prototypes -Wundef -Wvla -Wwrite-strings -Wpedantic -fno-plt -std=gnu17 -mtls-dialect=gnu -MT lib/libcrypt_la-alg-yescrypt-opt.lo -MD -MP -MF lib/.deps/libcrypt_la-alg-yescrypt-opt.Tpo -c lib/alg-yescrypt-opt.c -o lib/libcrypt_la-alg-yescrypt-opt.o >/dev/null 2>&1
libtool: compile:  ccache gcc -DHAVE_CONFIG_H -I. -I./lib -DIN_LIBCRYPT -Wall -Wextra -Walloc-zero -Walloca -Wbad-function-cast -Wcast-align -Wcast-qual -Wconversion -Wformat=2 -Wformat-overflow=2 -Wformat-signedness -Wformat-truncation=1 -Wlogical-op -Wmissing-declarations -Wmissing-prototypes -Wnested-externs -Wnull-dereference -Wold-style-definition -Wpointer-arith -Wrestrict -Wshadow -Wstrict-overflow=2 -Wstrict-prototypes -Wundef -Wvla -Wwrite-strings -Wpedantic -fno-plt -std=gnu17 -mtls-dialect=gnu -MT lib/libcrypt_la-crypt-sha512.lo -MD -MP -MF lib/.deps/libcrypt_la-crypt-sha512.Tpo -c lib/crypt-sha512.c  -fPIC -DPIC -o lib/.libs/libcrypt_la-crypt-sha512.o
libtool: compile:  ccache gcc -DHAVE_CONFIG_H -I. -I./lib -DIN_LIBCRYPT -Wall -Wextra -Walloc-zero -Walloca -Wbad-function-cast -Wcast-align -Wcast-qual -Wconversion -Wformat=2 -Wformat-overflow=2 -Wformat-signedness -Wformat-truncation=1 -Wlogical-op -Wmissing-declarations -Wmissing-prototypes -Wnested-externs -Wnull-dereference -Wold-style-definition -Wpointer-arith -Wrestrict -Wshadow -Wstrict-overflow=2 -Wstrict-prototypes -Wundef -Wvla -Wwrite-strings -Wpedantic -fno-plt -std=gnu17 -mtls-dialect=gnu -MT lib/libcrypt_la-crypt-pbkdf1-sha1.lo -MD -MP -MF lib/.deps/libcrypt_la-crypt-pbkdf1-sha1.Tpo -c lib/crypt-pbkdf1-sha1.c -o lib/libcrypt_la-crypt-pbkdf1-sha1.o >/dev/null 2>&1
mv -f lib/.deps/libcrypt_la-crypt-bcrypt.Tpo lib/.deps/libcrypt_la-crypt-bcrypt.Plo
/bin/sh ./libtool  --tag=CC   --mode=compile ccache gcc -DHAVE_CONFIG_H -I.  -I./lib -DIN_LIBCRYPT  -Wall -Wextra -Walloc-zero -Walloca -Wbad-function-cast -Wcast-align -Wcast-qual -Wconversion -Wformat=2 -Wformat-overflow=2 -Wformat-signedness -Wformat-truncation=1 -Wlogical-op -Wmissing-declarations -Wmissing-prototypes -Wnested-externs -Wnull-dereference -Wold-style-definition -Wpointer-arith -Wrestrict -Wshadow -Wstrict-overflow=2 -Wstrict-prototypes -Wundef -Wvla -Wwrite-strings -Wpedantic -fno-plt -std=gnu17   -mtls-dialect=gnu   -MT lib/libcrypt_la-crypt-static.lo -MD -MP -MF lib/.deps/libcrypt_la-crypt-static.Tpo -c -o lib/libcrypt_la-crypt-static.lo `test -f 'lib/crypt-static.c' || echo './'`lib/crypt-static.c
libtool: compile:  ccache gcc -DHAVE_CONFIG_H -I. -I./lib -DIN_LIBCRYPT -Wall -Wextra -Walloc-zero -Walloca -Wbad-function-cast -Wcast-align -Wcast-qual -Wconversion -Wformat=2 -Wformat-overflow=2 -Wformat-signedness -Wformat-truncation=1 -Wlogical-op -Wmissing-declarations -Wmissing-prototypes -Wnested-externs -Wnull-dereference -Wold-style-definition -Wpointer-arith -Wrestrict -Wshadow -Wstrict-overflow=2 -Wstrict-prototypes -Wundef -Wvla -Wwrite-strings -Wpedantic -fno-plt -std=gnu17 -mtls-dialect=gnu -MT lib/libcrypt_la-crypt-scrypt.lo -MD -MP -MF lib/.deps/libcrypt_la-crypt-scrypt.Tpo -c lib/crypt-scrypt.c -o lib/libcrypt_la-crypt-scrypt.o >/dev/null 2>&1
libtool: compile:  ccache gcc -DHAVE_CONFIG_H -I. -I./lib -DIN_LIBCRYPT -Wall -Wextra -Walloc-zero -Walloca -Wbad-function-cast -Wcast-align -Wcast-qual -Wconversion -Wformat=2 -Wformat-overflow=2 -Wformat-signedness -Wformat-truncation=1 -Wlogical-op -Wmissing-declarations -Wmissing-prototypes -Wnested-externs -Wnull-dereference -Wold-style-definition -Wpointer-arith -Wrestrict -Wshadow -Wstrict-overflow=2 -Wstrict-prototypes -Wundef -Wvla -Wwrite-strings -Wpedantic -fno-plt -std=gnu17 -mtls-dialect=gnu -MT lib/libcrypt_la-crypt-sha256.lo -MD -MP -MF lib/.deps/libcrypt_la-crypt-sha256.Tpo -c lib/crypt-sha256.c -o lib/libcrypt_la-crypt-sha256.o >/dev/null 2>&1
mv -f lib/.deps/libcrypt_la-crypt-md5.Tpo lib/.deps/libcrypt_la-crypt-md5.Plo
mv -f lib/.deps/libcrypt_la-crypt-nthash.Tpo lib/.deps/libcrypt_la-crypt-nthash.Plo
/bin/sh ./libtool  --tag=CC   --mode=compile ccache gcc -DHAVE_CONFIG_H -I.  -I./lib -DIN_LIBCRYPT  -Wall -Wextra -Walloc-zero -Walloca -Wbad-function-cast -Wcast-align -Wcast-qual -Wconversion -Wformat=2 -Wformat-overflow=2 -Wformat-signedness -Wformat-truncation=1 -Wlogical-op -Wmissing-declarations -Wmissing-prototypes -Wnested-externs -Wnull-dereference -Wold-style-definition -Wpointer-arith -Wrestrict -Wshadow -Wstrict-overflow=2 -Wstrict-prototypes -Wundef -Wvla -Wwrite-strings -Wpedantic -fno-plt -std=gnu17   -mtls-dialect=gnu   -MT lib/libcrypt_la-crypt-sunmd5.lo -MD -MP -MF lib/.deps/libcrypt_la-crypt-sunmd5.Tpo -c -o lib/libcrypt_la-crypt-sunmd5.lo `test -f 'lib/crypt-sunmd5.c' || echo './'`lib/crypt-sunmd5.c
/bin/sh ./libtool  --tag=CC   --mode=compile ccache gcc -DHAVE_CONFIG_H -I.  -I./lib -DIN_LIBCRYPT  -Wall -Wextra -Walloc-zero -Walloca -Wbad-function-cast -Wcast-align -Wcast-qual -Wconversion -Wformat=2 -Wformat-overflow=2 -Wformat-signedness -Wformat-truncation=1 -Wlogical-op -Wmissing-declarations -Wmissing-prototypes -Wnested-externs -Wnull-dereference -Wold-style-definition -Wpointer-arith -Wrestrict -Wshadow -Wstrict-overflow=2 -Wstrict-prototypes -Wundef -Wvla -Wwrite-strings -Wpedantic -fno-plt -std=gnu17   -mtls-dialect=gnu   -MT lib/libcrypt_la-crypt-yescrypt.lo -MD -MP -MF lib/.deps/libcrypt_la-crypt-yescrypt.Tpo -c -o lib/libcrypt_la-crypt-yescrypt.lo `test -f 'lib/crypt-yescrypt.c' || echo './'`lib/crypt-yescrypt.c
libtool: compile:  ccache gcc -DHAVE_CONFIG_H -I. -I./lib -DIN_LIBCRYPT -Wall -Wextra -Walloc-zero -Walloca -Wbad-function-cast -Wcast-align -Wcast-qual -Wconversion -Wformat=2 -Wformat-overflow=2 -Wformat-signedness -Wformat-truncation=1 -Wlogical-op -Wmissing-declarations -Wmissing-prototypes -Wnested-externs -Wnull-dereference -Wold-style-definition -Wpointer-arith -Wrestrict -Wshadow -Wstrict-overflow=2 -Wstrict-prototypes -Wundef -Wvla -Wwrite-strings -Wpedantic -fno-plt -std=gnu17 -mtls-dialect=gnu -MT lib/libcrypt_la-crypt-static.lo -MD -MP -MF lib/.deps/libcrypt_la-crypt-static.Tpo -c lib/crypt-static.c  -fPIC -DPIC -o lib/.libs/libcrypt_la-crypt-static.o
mv -f lib/.deps/libcrypt_la-crypt-pbkdf1-sha1.Tpo lib/.deps/libcrypt_la-crypt-pbkdf1-sha1.Plo
libtool: compile:  ccache gcc -DHAVE_CONFIG_H -I. -I./lib -DIN_LIBCRYPT -Wall -Wextra -Walloc-zero -Walloca -Wbad-function-cast -Wcast-align -Wcast-qual -Wconversion -Wformat=2 -Wformat-overflow=2 -Wformat-signedness -Wformat-truncation=1 -Wlogical-op -Wmissing-declarations -Wmissing-prototypes -Wnested-externs -Wnull-dereference -Wold-style-definition -Wpointer-arith -Wrestrict -Wshadow -Wstrict-overflow=2 -Wstrict-prototypes -Wundef -Wvla -Wwrite-strings -Wpedantic -fno-plt -std=gnu17 -mtls-dialect=gnu -MT lib/libcrypt_la-crypt-sha512.lo -MD -MP -MF lib/.deps/libcrypt_la-crypt-sha512.Tpo -c lib/crypt-sha512.c -o lib/libcrypt_la-crypt-sha512.o >/dev/null 2>&1
/bin/sh ./libtool  --tag=CC   --mode=compile ccache gcc -DHAVE_CONFIG_H -I.  -I./lib -DIN_LIBCRYPT  -Wall -Wextra -Walloc-zero -Walloca -Wbad-function-cast -Wcast-align -Wcast-qual -Wconversion -Wformat=2 -Wformat-overflow=2 -Wformat-signedness -Wformat-truncation=1 -Wlogical-op -Wmissing-declarations -Wmissing-prototypes -Wnested-externs -Wnull-dereference -Wold-style-definition -Wpointer-arith -Wrestrict -Wshadow -Wstrict-overflow=2 -Wstrict-prototypes -Wundef -Wvla -Wwrite-strings -Wpedantic -fno-plt -std=gnu17   -mtls-dialect=gnu   -MT lib/libcrypt_la-crypt.lo -MD -MP -MF lib/.deps/libcrypt_la-crypt.Tpo -c -o lib/libcrypt_la-crypt.lo `test -f 'lib/crypt.c' || echo './'`lib/crypt.c
mv -f lib/.deps/libcrypt_la-crypt-scrypt.Tpo lib/.deps/libcrypt_la-crypt-scrypt.Plo
libtool: compile:  ccache gcc -DHAVE_CONFIG_H -I. -I./lib -DIN_LIBCRYPT -Wall -Wextra -Walloc-zero -Walloca -Wbad-function-cast -Wcast-align -Wcast-qual -Wconversion -Wformat=2 -Wformat-overflow=2 -Wformat-signedness -Wformat-truncation=1 -Wlogical-op -Wmissing-declarations -Wmissing-prototypes -Wnested-externs -Wnull-dereference -Wold-style-definition -Wpointer-arith -Wrestrict -Wshadow -Wstrict-overflow=2 -Wstrict-prototypes -Wundef -Wvla -Wwrite-strings -Wpedantic -fno-plt -std=gnu17 -mtls-dialect=gnu -MT lib/libcrypt_la-crypt-yescrypt.lo -MD -MP -MF lib/.deps/libcrypt_la-crypt-yescrypt.Tpo -c lib/crypt-yescrypt.c  -fPIC -DPIC -o lib/.libs/libcrypt_la-crypt-yescrypt.o
/bin/sh ./libtool  --tag=CC   --mode=compile ccache gcc -DHAVE_CONFIG_H -I.  -I./lib -DIN_LIBCRYPT  -Wall -Wextra -Walloc-zero -Walloca -Wbad-function-cast -Wcast-align -Wcast-qual -Wconversion -Wformat=2 -Wformat-overflow=2 -Wformat-signedness -Wformat-truncation=1 -Wlogical-op -Wmissing-declarations -Wmissing-prototypes -Wnested-externs -Wnull-dereference -Wold-style-definition -Wpointer-arith -Wrestrict -Wshadow -Wstrict-overflow=2 -Wstrict-prototypes -Wundef -Wvla -Wwrite-strings -Wpedantic -fno-plt -std=gnu17   -mtls-dialect=gnu   -MT lib/libcrypt_la-util-base64.lo -MD -MP -MF lib/.deps/libcrypt_la-util-base64.Tpo -c -o lib/libcrypt_la-util-base64.lo `test -f 'lib/util-base64.c' || echo './'`lib/util-base64.c
libtool: compile:  ccache gcc -DHAVE_CONFIG_H -I. -I./lib -DIN_LIBCRYPT -Wall -Wextra -Walloc-zero -Walloca -Wbad-function-cast -Wcast-align -Wcast-qual -Wconversion -Wformat=2 -Wformat-overflow=2 -Wformat-signedness -Wformat-truncation=1 -Wlogical-op -Wmissing-declarations -Wmissing-prototypes -Wnested-externs -Wnull-dereference -Wold-style-definition -Wpointer-arith -Wrestrict -Wshadow -Wstrict-overflow=2 -Wstrict-prototypes -Wundef -Wvla -Wwrite-strings -Wpedantic -fno-plt -std=gnu17 -mtls-dialect=gnu -MT lib/libcrypt_la-crypt-sunmd5.lo -MD -MP -MF lib/.deps/libcrypt_la-crypt-sunmd5.Tpo -c lib/crypt-sunmd5.c  -fPIC -DPIC -o lib/.libs/libcrypt_la-crypt-sunmd5.o
libtool: compile:  ccache gcc -DHAVE_CONFIG_H -I. -I./lib -DIN_LIBCRYPT -Wall -Wextra -Walloc-zero -Walloca -Wbad-function-cast -Wcast-align -Wcast-qual -Wconversion -Wformat=2 -Wformat-overflow=2 -Wformat-signedness -Wformat-truncation=1 -Wlogical-op -Wmissing-declarations -Wmissing-prototypes -Wnested-externs -Wnull-dereference -Wold-style-definition -Wpointer-arith -Wrestrict -Wshadow -Wstrict-overflow=2 -Wstrict-prototypes -Wundef -Wvla -Wwrite-strings -Wpedantic -fno-plt -std=gnu17 -mtls-dialect=gnu -MT lib/libcrypt_la-crypt-static.lo -MD -MP -MF lib/.deps/libcrypt_la-crypt-static.Tpo -c lib/crypt-static.c -o lib/libcrypt_la-crypt-static.o >/dev/null 2>&1
libtool: compile:  ccache gcc -DHAVE_CONFIG_H -I. -I./lib -DIN_LIBCRYPT -Wall -Wextra -Walloc-zero -Walloca -Wbad-function-cast -Wcast-align -Wcast-qual -Wconversion -Wformat=2 -Wformat-overflow=2 -Wformat-signedness -Wformat-truncation=1 -Wlogical-op -Wmissing-declarations -Wmissing-prototypes -Wnested-externs -Wnull-dereference -Wold-style-definition -Wpointer-arith -Wrestrict -Wshadow -Wstrict-overflow=2 -Wstrict-prototypes -Wundef -Wvla -Wwrite-strings -Wpedantic -fno-plt -std=gnu17 -mtls-dialect=gnu -MT lib/libcrypt_la-util-base64.lo -MD -MP -MF lib/.deps/libcrypt_la-util-base64.Tpo -c lib/util-base64.c  -fPIC -DPIC -o lib/.libs/libcrypt_la-util-base64.o
libtool: compile:  ccache gcc -DHAVE_CONFIG_H -I. -I./lib -DIN_LIBCRYPT -Wall -Wextra -Walloc-zero -Walloca -Wbad-function-cast -Wcast-align -Wcast-qual -Wconversion -Wformat=2 -Wformat-overflow=2 -Wformat-signedness -Wformat-truncation=1 -Wlogical-op -Wmissing-declarations -Wmissing-prototypes -Wnested-externs -Wnull-dereference -Wold-style-definition -Wpointer-arith -Wrestrict -Wshadow -Wstrict-overflow=2 -Wstrict-prototypes -Wundef -Wvla -Wwrite-strings -Wpedantic -fno-plt -std=gnu17 -mtls-dialect=gnu -MT lib/libcrypt_la-crypt.lo -MD -MP -MF lib/.deps/libcrypt_la-crypt.Tpo -c lib/crypt.c  -fPIC -DPIC -o lib/.libs/libcrypt_la-crypt.o
mv -f lib/.deps/libcrypt_la-crypt-sha256.Tpo lib/.deps/libcrypt_la-crypt-sha256.Plo
/bin/sh ./libtool  --tag=CC   --mode=compile ccache gcc -DHAVE_CONFIG_H -I.  -I./lib -DIN_LIBCRYPT  -Wall -Wextra -Walloc-zero -Walloca -Wbad-function-cast -Wcast-align -Wcast-qual -Wconversion -Wformat=2 -Wformat-overflow=2 -Wformat-signedness -Wformat-truncation=1 -Wlogical-op -Wmissing-declarations -Wmissing-prototypes -Wnested-externs -Wnull-dereference -Wold-style-definition -Wpointer-arith -Wrestrict -Wshadow -Wstrict-overflow=2 -Wstrict-prototypes -Wundef -Wvla -Wwrite-strings -Wpedantic -fno-plt -std=gnu17   -mtls-dialect=gnu   -MT lib/libcrypt_la-util-gensalt-sha.lo -MD -MP -MF lib/.deps/libcrypt_la-util-gensalt-sha.Tpo -c -o lib/libcrypt_la-util-gensalt-sha.lo `test -f 'lib/util-gensalt-sha.c' || echo './'`lib/util-gensalt-sha.c
libtool: compile:  ccache gcc -DHAVE_CONFIG_H -I. -I./lib -DIN_LIBCRYPT -Wall -Wextra -Walloc-zero -Walloca -Wbad-function-cast -Wcast-align -Wcast-qual -Wconversion -Wformat=2 -Wformat-overflow=2 -Wformat-signedness -Wformat-truncation=1 -Wlogical-op -Wmissing-declarations -Wmissing-prototypes -Wnested-externs -Wnull-dereference -Wold-style-definition -Wpointer-arith -Wrestrict -Wshadow -Wstrict-overflow=2 -Wstrict-prototypes -Wundef -Wvla -Wwrite-strings -Wpedantic -fno-plt -std=gnu17 -mtls-dialect=gnu -MT lib/libcrypt_la-crypt-sunmd5.lo -MD -MP -MF lib/.deps/libcrypt_la-crypt-sunmd5.Tpo -c lib/crypt-sunmd5.c -o lib/libcrypt_la-crypt-sunmd5.o >/dev/null 2>&1
libtool: compile:  ccache gcc -DHAVE_CONFIG_H -I. -I./lib -DIN_LIBCRYPT -Wall -Wextra -Walloc-zero -Walloca -Wbad-function-cast -Wcast-align -Wcast-qual -Wconversion -Wformat=2 -Wformat-overflow=2 -Wformat-signedness -Wformat-truncation=1 -Wlogical-op -Wmissing-declarations -Wmissing-prototypes -Wnested-externs -Wnull-dereference -Wold-style-definition -Wpointer-arith -Wrestrict -Wshadow -Wstrict-overflow=2 -Wstrict-prototypes -Wundef -Wvla -Wwrite-strings -Wpedantic -fno-plt -std=gnu17 -mtls-dialect=gnu -MT lib/libcrypt_la-crypt-yescrypt.lo -MD -MP -MF lib/.deps/libcrypt_la-crypt-yescrypt.Tpo -c lib/crypt-yescrypt.c -o lib/libcrypt_la-crypt-yescrypt.o >/dev/null 2>&1
mv -f lib/.deps/libcrypt_la-crypt-static.Tpo lib/.deps/libcrypt_la-crypt-static.Plo
/bin/sh ./libtool  --tag=CC   --mode=compile ccache gcc -DHAVE_CONFIG_H -I.  -I./lib -DIN_LIBCRYPT  -Wall -Wextra -Walloc-zero -Walloca -Wbad-function-cast -Wcast-align -Wcast-qual -Wconversion -Wformat=2 -Wformat-overflow=2 -Wformat-signedness -Wformat-truncation=1 -Wlogical-op -Wmissing-declarations -Wmissing-prototypes -Wnested-externs -Wnull-dereference -Wold-style-definition -Wpointer-arith -Wrestrict -Wshadow -Wstrict-overflow=2 -Wstrict-prototypes -Wundef -Wvla -Wwrite-strings -Wpedantic -fno-plt -std=gnu17   -mtls-dialect=gnu   -MT lib/libcrypt_la-util-get-random-bytes.lo -MD -MP -MF lib/.deps/libcrypt_la-util-get-random-bytes.Tpo -c -o lib/libcrypt_la-util-get-random-bytes.lo `test -f 'lib/util-get-random-bytes.c' || echo './'`lib/util-get-random-bytes.c
mv -f lib/.deps/libcrypt_la-crypt-sha512.Tpo lib/.deps/libcrypt_la-crypt-sha512.Plo
/bin/sh ./libtool  --tag=CC   --mode=compile ccache gcc -DHAVE_CONFIG_H -I.  -I./lib -DIN_LIBCRYPT  -Wall -Wextra -Walloc-zero -Walloca -Wbad-function-cast -Wcast-align -Wcast-qual -Wconversion -Wformat=2 -Wformat-overflow=2 -Wformat-signedness -Wformat-truncation=1 -Wlogical-op -Wmissing-declarations -Wmissing-prototypes -Wnested-externs -Wnull-dereference -Wold-style-definition -Wpointer-arith -Wrestrict -Wshadow -Wstrict-overflow=2 -Wstrict-prototypes -Wundef -Wvla -Wwrite-strings -Wpedantic -fno-plt -std=gnu17   -mtls-dialect=gnu   -MT lib/libcrypt_la-util-make-failure-token.lo -MD -MP -MF lib/.deps/libcrypt_la-util-make-failure-token.Tpo -c -o lib/libcrypt_la-util-make-failure-token.lo `test -f 'lib/util-make-failure-token.c' || echo './'`lib/util-make-failure-token.c
libtool: compile:  ccache gcc -DHAVE_CONFIG_H -I. -I./lib -DIN_LIBCRYPT -Wall -Wextra -Walloc-zero -Walloca -Wbad-function-cast -Wcast-align -Wcast-qual -Wconversion -Wformat=2 -Wformat-overflow=2 -Wformat-signedness -Wformat-truncation=1 -Wlogical-op -Wmissing-declarations -Wmissing-prototypes -Wnested-externs -Wnull-dereference -Wold-style-definition -Wpointer-arith -Wrestrict -Wshadow -Wstrict-overflow=2 -Wstrict-prototypes -Wundef -Wvla -Wwrite-strings -Wpedantic -fno-plt -std=gnu17 -mtls-dialect=gnu -MT lib/libcrypt_la-util-base64.lo -MD -MP -MF lib/.deps/libcrypt_la-util-base64.Tpo -c lib/util-base64.c -o lib/libcrypt_la-util-base64.o >/dev/null 2>&1
libtool: compile:  ccache gcc -DHAVE_CONFIG_H -I. -I./lib -DIN_LIBCRYPT -Wall -Wextra -Walloc-zero -Walloca -Wbad-function-cast -Wcast-align -Wcast-qual -Wconversion -Wformat=2 -Wformat-overflow=2 -Wformat-signedness -Wformat-truncation=1 -Wlogical-op -Wmissing-declarations -Wmissing-prototypes -Wnested-externs -Wnull-dereference -Wold-style-definition -Wpointer-arith -Wrestrict -Wshadow -Wstrict-overflow=2 -Wstrict-prototypes -Wundef -Wvla -Wwrite-strings -Wpedantic -fno-plt -std=gnu17 -mtls-dialect=gnu -MT lib/libcrypt_la-util-gensalt-sha.lo -MD -MP -MF lib/.deps/libcrypt_la-util-gensalt-sha.Tpo -c lib/util-gensalt-sha.c  -fPIC -DPIC -o lib/.libs/libcrypt_la-util-gensalt-sha.o
libtool: compile:  ccache gcc -DHAVE_CONFIG_H -I. -I./lib -DIN_LIBCRYPT -Wall -Wextra -Walloc-zero -Walloca -Wbad-function-cast -Wcast-align -Wcast-qual -Wconversion -Wformat=2 -Wformat-overflow=2 -Wformat-signedness -Wformat-truncation=1 -Wlogical-op -Wmissing-declarations -Wmissing-prototypes -Wnested-externs -Wnull-dereference -Wold-style-definition -Wpointer-arith -Wrestrict -Wshadow -Wstrict-overflow=2 -Wstrict-prototypes -Wundef -Wvla -Wwrite-strings -Wpedantic -fno-plt -std=gnu17 -mtls-dialect=gnu -MT lib/libcrypt_la-crypt.lo -MD -MP -MF lib/.deps/libcrypt_la-crypt.Tpo -c lib/crypt.c -o lib/libcrypt_la-crypt.o >/dev/null 2>&1
mv -f lib/.deps/libcrypt_la-crypt-sunmd5.Tpo lib/.deps/libcrypt_la-crypt-sunmd5.Plo
libtool: compile:  ccache gcc -DHAVE_CONFIG_H -I. -I./lib -DIN_LIBCRYPT -Wall -Wextra -Walloc-zero -Walloca -Wbad-function-cast -Wcast-align -Wcast-qual -Wconversion -Wformat=2 -Wformat-overflow=2 -Wformat-signedness -Wformat-truncation=1 -Wlogical-op -Wmissing-declarations -Wmissing-prototypes -Wnested-externs -Wnull-dereference -Wold-style-definition -Wpointer-arith -Wrestrict -Wshadow -Wstrict-overflow=2 -Wstrict-prototypes -Wundef -Wvla -Wwrite-strings -Wpedantic -fno-plt -std=gnu17 -mtls-dialect=gnu -MT lib/libcrypt_la-util-get-random-bytes.lo -MD -MP -MF lib/.deps/libcrypt_la-util-get-random-bytes.Tpo -c lib/util-get-random-bytes.c  -fPIC -DPIC -o lib/.libs/libcrypt_la-util-get-random-bytes.o
/bin/sh ./libtool  --tag=CC   --mode=compile ccache gcc -DHAVE_CONFIG_H -I.  -I./lib -DIN_LIBCRYPT  -Wall -Wextra -Walloc-zero -Walloca -Wbad-function-cast -Wcast-align -Wcast-qual -Wconversion -Wformat=2 -Wformat-overflow=2 -Wformat-signedness -Wformat-truncation=1 -Wlogical-op -Wmissing-declarations -Wmissing-prototypes -Wnested-externs -Wnull-dereference -Wold-style-definition -Wpointer-arith -Wrestrict -Wshadow -Wstrict-overflow=2 -Wstrict-prototypes -Wundef -Wvla -Wwrite-strings -Wpedantic -fno-plt -std=gnu17   -mtls-dialect=gnu   -MT lib/libcrypt_la-util-xbzero.lo -MD -MP -MF lib/.deps/libcrypt_la-util-xbzero.Tpo -c -o lib/libcrypt_la-util-xbzero.lo `test -f 'lib/util-xbzero.c' || echo './'`lib/util-xbzero.c
libtool: compile:  ccache gcc -DHAVE_CONFIG_H -I. -I./lib -DIN_LIBCRYPT -Wall -Wextra -Walloc-zero -Walloca -Wbad-function-cast -Wcast-align -Wcast-qual -Wconversion -Wformat=2 -Wformat-overflow=2 -Wformat-signedness -Wformat-truncation=1 -Wlogical-op -Wmissing-declarations -Wmissing-prototypes -Wnested-externs -Wnull-dereference -Wold-style-definition -Wpointer-arith -Wrestrict -Wshadow -Wstrict-overflow=2 -Wstrict-prototypes -Wundef -Wvla -Wwrite-strings -Wpedantic -fno-plt -std=gnu17 -mtls-dialect=gnu -MT lib/libcrypt_la-util-make-failure-token.lo -MD -MP -MF lib/.deps/libcrypt_la-util-make-failure-token.Tpo -c lib/util-make-failure-token.c  -fPIC -DPIC -o lib/.libs/libcrypt_la-util-make-failure-token.o
mv -f lib/.deps/libcrypt_la-crypt-yescrypt.Tpo lib/.deps/libcrypt_la-crypt-yescrypt.Plo
/bin/sh ./libtool  --tag=CC   --mode=compile ccache gcc -DHAVE_CONFIG_H -I.  -I./lib -DIN_LIBCRYPT  -Wall -Wextra -Walloc-zero -Walloca -Wbad-function-cast -Wcast-align -Wcast-qual -Wconversion -Wformat=2 -Wformat-overflow=2 -Wformat-signedness -Wformat-truncation=1 -Wlogical-op -Wmissing-declarations -Wmissing-prototypes -Wnested-externs -Wnull-dereference -Wold-style-definition -Wpointer-arith -Wrestrict -Wshadow -Wstrict-overflow=2 -Wstrict-prototypes -Wundef -Wvla -Wwrite-strings -Wpedantic -fno-plt -std=gnu17   -mtls-dialect=gnu   -MT lib/libcrypt_la-util-xstrcpy.lo -MD -MP -MF lib/.deps/libcrypt_la-util-xstrcpy.Tpo -c -o lib/libcrypt_la-util-xstrcpy.lo `test -f 'lib/util-xstrcpy.c' || echo './'`lib/util-xstrcpy.c
mv -f lib/.deps/libcrypt_la-util-base64.Tpo lib/.deps/libcrypt_la-util-base64.Plo
/bin/sh ./libtool  --tag=CC   --mode=link ccache gcc -Wall -Wextra -Walloc-zero -Walloca -Wbad-function-cast -Wcast-align -Wcast-qual -Wconversion -Wformat=2 -Wformat-overflow=2 -Wformat-signedness -Wformat-truncation=1 -Wlogical-op -Wmissing-declarations -Wmissing-prototypes -Wnested-externs -Wnull-dereference -Wold-style-definition -Wpointer-arith -Wrestrict -Wshadow -Wstrict-overflow=2 -Wstrict-prototypes -Wundef -Wvla -Wwrite-strings -Wpedantic -fno-plt -std=gnu17   -mtls-dialect=gnu   -Wl,-z,relro -Wl,-z,now  -o lib/gen-des-tables lib/gen-des-tables.o  
mv -f lib/.deps/libcrypt_la-alg-yescrypt-opt.Tpo lib/.deps/libcrypt_la-alg-yescrypt-opt.Plo
libtool: compile:  ccache gcc -DHAVE_CONFIG_H -I. -I./lib -DIN_LIBCRYPT -Wall -Wextra -Walloc-zero -Walloca -Wbad-function-cast -Wcast-align -Wcast-qual -Wconversion -Wformat=2 -Wformat-overflow=2 -Wformat-signedness -Wformat-truncation=1 -Wlogical-op -Wmissing-declarations -Wmissing-prototypes -Wnested-externs -Wnull-dereference -Wold-style-definition -Wpointer-arith -Wrestrict -Wshadow -Wstrict-overflow=2 -Wstrict-prototypes -Wundef -Wvla -Wwrite-strings -Wpedantic -fno-plt -std=gnu17 -mtls-dialect=gnu -MT lib/libcrypt_la-util-xbzero.lo -MD -MP -MF lib/.deps/libcrypt_la-util-xbzero.Tpo -c lib/util-xbzero.c  -fPIC -DPIC -o lib/.libs/libcrypt_la-util-xbzero.o
libtool: compile:  ccache gcc -DHAVE_CONFIG_H -I. -I./lib -DIN_LIBCRYPT -Wall -Wextra -Walloc-zero -Walloca -Wbad-function-cast -Wcast-align -Wcast-qual -Wconversion -Wformat=2 -Wformat-overflow=2 -Wformat-signedness -Wformat-truncation=1 -Wlogical-op -Wmissing-declarations -Wmissing-prototypes -Wnested-externs -Wnull-dereference -Wold-style-definition -Wpointer-arith -Wrestrict -Wshadow -Wstrict-overflow=2 -Wstrict-prototypes -Wundef -Wvla -Wwrite-strings -Wpedantic -fno-plt -std=gnu17 -mtls-dialect=gnu -MT lib/libcrypt_la-util-gensalt-sha.lo -MD -MP -MF lib/.deps/libcrypt_la-util-gensalt-sha.Tpo -c lib/util-gensalt-sha.c -o lib/libcrypt_la-util-gensalt-sha.o >/dev/null 2>&1
libtool: compile:  ccache gcc -DHAVE_CONFIG_H -I. -I./lib -DIN_LIBCRYPT -Wall -Wextra -Walloc-zero -Walloca -Wbad-function-cast -Wcast-align -Wcast-qual -Wconversion -Wformat=2 -Wformat-overflow=2 -Wformat-signedness -Wformat-truncation=1 -Wlogical-op -Wmissing-declarations -Wmissing-prototypes -Wnested-externs -Wnull-dereference -Wold-style-definition -Wpointer-arith -Wrestrict -Wshadow -Wstrict-overflow=2 -Wstrict-prototypes -Wundef -Wvla -Wwrite-strings -Wpedantic -fno-plt -std=gnu17 -mtls-dialect=gnu -MT lib/libcrypt_la-util-get-random-bytes.lo -MD -MP -MF lib/.deps/libcrypt_la-util-get-random-bytes.Tpo -c lib/util-get-random-bytes.c -o lib/libcrypt_la-util-get-random-bytes.o >/dev/null 2>&1
libtool: compile:  ccache gcc -DHAVE_CONFIG_H -I. -I./lib -DIN_LIBCRYPT -Wall -Wextra -Walloc-zero -Walloca -Wbad-function-cast -Wcast-align -Wcast-qual -Wconversion -Wformat=2 -Wformat-overflow=2 -Wformat-signedness -Wformat-truncation=1 -Wlogical-op -Wmissing-declarations -Wmissing-prototypes -Wnested-externs -Wnull-dereference -Wold-style-definition -Wpointer-arith -Wrestrict -Wshadow -Wstrict-overflow=2 -Wstrict-prototypes -Wundef -Wvla -Wwrite-strings -Wpedantic -fno-plt -std=gnu17 -mtls-dialect=gnu -MT lib/libcrypt_la-util-xstrcpy.lo -MD -MP -MF lib/.deps/libcrypt_la-util-xstrcpy.Tpo -c lib/util-xstrcpy.c  -fPIC -DPIC -o lib/.libs/libcrypt_la-util-xstrcpy.o
mv -f lib/.deps/libcrypt_la-crypt.Tpo lib/.deps/libcrypt_la-crypt.Plo
libtool: compile:  ccache gcc -DHAVE_CONFIG_H -I. -I./lib -DIN_LIBCRYPT -Wall -Wextra -Walloc-zero -Walloca -Wbad-function-cast -Wcast-align -Wcast-qual -Wconversion -Wformat=2 -Wformat-overflow=2 -Wformat-signedness -Wformat-truncation=1 -Wlogical-op -Wmissing-declarations -Wmissing-prototypes -Wnested-externs -Wnull-dereference -Wold-style-definition -Wpointer-arith -Wrestrict -Wshadow -Wstrict-overflow=2 -Wstrict-prototypes -Wundef -Wvla -Wwrite-strings -Wpedantic -fno-plt -std=gnu17 -mtls-dialect=gnu -MT lib/libcrypt_la-util-make-failure-token.lo -MD -MP -MF lib/.deps/libcrypt_la-util-make-failure-token.Tpo -c lib/util-make-failure-token.c -o lib/libcrypt_la-util-make-failure-token.o >/dev/null 2>&1
libtool: link: ccache gcc -Wall -Wextra -Walloc-zero -Walloca -Wbad-function-cast -Wcast-align -Wcast-qual -Wconversion -Wformat=2 -Wformat-overflow=2 -Wformat-signedness -Wformat-truncation=1 -Wlogical-op -Wmissing-declarations -Wmissing-prototypes -Wnested-externs -Wnull-dereference -Wold-style-definition -Wpointer-arith -Wrestrict -Wshadow -Wstrict-overflow=2 -Wstrict-prototypes -Wundef -Wvla -Wwrite-strings -Wpedantic -fno-plt -std=gnu17 -mtls-dialect=gnu -Wl,-z -Wl,relro -Wl,-z -Wl,now -o lib/gen-des-tables lib/gen-des-tables.o 
libtool: compile:  ccache gcc -DHAVE_CONFIG_H -I. -I./lib -DIN_LIBCRYPT -Wall -Wextra -Walloc-zero -Walloca -Wbad-function-cast -Wcast-align -Wcast-qual -Wconversion -Wformat=2 -Wformat-overflow=2 -Wformat-signedness -Wformat-truncation=1 -Wlogical-op -Wmissing-declarations -Wmissing-prototypes -Wnested-externs -Wnull-dereference -Wold-style-definition -Wpointer-arith -Wrestrict -Wshadow -Wstrict-overflow=2 -Wstrict-prototypes -Wundef -Wvla -Wwrite-strings -Wpedantic -fno-plt -std=gnu17 -mtls-dialect=gnu -MT lib/libcrypt_la-util-xbzero.lo -MD -MP -MF lib/.deps/libcrypt_la-util-xbzero.Tpo -c lib/util-xbzero.c -o lib/libcrypt_la-util-xbzero.o >/dev/null 2>&1
libtool: compile:  ccache gcc -DHAVE_CONFIG_H -I. -I./lib -DIN_LIBCRYPT -Wall -Wextra -Walloc-zero -Walloca -Wbad-function-cast -Wcast-align -Wcast-qual -Wconversion -Wformat=2 -Wformat-overflow=2 -Wformat-signedness -Wformat-truncation=1 -Wlogical-op -Wmissing-declarations -Wmissing-prototypes -Wnested-externs -Wnull-dereference -Wold-style-definition -Wpointer-arith -Wrestrict -Wshadow -Wstrict-overflow=2 -Wstrict-prototypes -Wundef -Wvla -Wwrite-strings -Wpedantic -fno-plt -std=gnu17 -mtls-dialect=gnu -MT lib/libcrypt_la-util-xstrcpy.lo -MD -MP -MF lib/.deps/libcrypt_la-util-xstrcpy.Tpo -c lib/util-xstrcpy.c -o lib/libcrypt_la-util-xstrcpy.o >/dev/null 2>&1
mv -f lib/.deps/libcrypt_la-util-gensalt-sha.Tpo lib/.deps/libcrypt_la-util-gensalt-sha.Plo
mv -f lib/.deps/libcrypt_la-util-make-failure-token.Tpo lib/.deps/libcrypt_la-util-make-failure-token.Plo
mv -f lib/.deps/libcrypt_la-util-get-random-bytes.Tpo lib/.deps/libcrypt_la-util-get-random-bytes.Plo
mv -f lib/.deps/libcrypt_la-util-xbzero.Tpo lib/.deps/libcrypt_la-util-xbzero.Plo
mv -f lib/.deps/libcrypt_la-util-xstrcpy.Tpo lib/.deps/libcrypt_la-util-xstrcpy.Plo
/bin/sh ./libtool  --tag=CC   --mode=link ccache gcc -Wall -Wextra -Walloc-zero -Walloca -Wbad-function-cast -Wcast-align -Wcast-qual -Wconversion -Wformat=2 -Wformat-overflow=2 -Wformat-signedness -Wformat-truncation=1 -Wlogical-op -Wmissing-declarations -Wmissing-prototypes -Wnested-externs -Wnull-dereference -Wold-style-definition -Wpointer-arith -Wrestrict -Wshadow -Wstrict-overflow=2 -Wstrict-prototypes -Wundef -Wvla -Wwrite-strings -Wpedantic -fno-plt -std=gnu17   -mtls-dialect=gnu   -version-info 2:0:0 -Wl,--version-script,./libcrypt.map -Wl,-z,defs -Wl,-z,text -Wl,-z,relro -Wl,-z,now  -o libcrypt.la -rpath /usr/lib lib/libcrypt_la-alg-des-tables.lo lib/libcrypt_la-alg-des.lo lib/libcrypt_la-alg-gost3411-2012-core.lo lib/libcrypt_la-alg-gost3411-2012-hmac.lo lib/libcrypt_la-alg-hmac-sha1.lo lib/libcrypt_la-alg-md4.lo lib/libcrypt_la-alg-md5.lo lib/libcrypt_la-alg-sha1.lo lib/libcrypt_la-alg-sha256.lo lib/libcrypt_la-alg-sha512.lo lib/libcrypt_la-alg-yescrypt-common.lo lib/libcrypt_la-alg-yescrypt-opt.lo lib/libcrypt_la-crypt-bcrypt.lo lib/libcrypt_la-crypt-des.lo lib/libcrypt_la-crypt-gensalt-static.lo lib/libcrypt_la-crypt-gost-yescrypt.lo lib/libcrypt_la-crypt-md5.lo lib/libcrypt_la-crypt-nthash.lo lib/libcrypt_la-crypt-pbkdf1-sha1.lo lib/libcrypt_la-crypt-scrypt.lo lib/libcrypt_la-crypt-sha256.lo lib/libcrypt_la-crypt-sha512.lo lib/libcrypt_la-crypt-static.lo lib/libcrypt_la-crypt-sunmd5.lo lib/libcrypt_la-crypt-yescrypt.lo lib/libcrypt_la-crypt.lo lib/libcrypt_la-util-base64.lo lib/libcrypt_la-util-gensalt-sha.lo lib/libcrypt_la-util-get-random-bytes.lo lib/libcrypt_la-util-make-failure-token.lo lib/libcrypt_la-util-xbzero.lo lib/libcrypt_la-util-xstrcpy.lo   
libtool: link: ccache gcc -shared  -fPIC -DPIC  lib/.libs/libcrypt_la-alg-des-tables.o lib/.libs/libcrypt_la-alg-des.o lib/.libs/libcrypt_la-alg-gost3411-2012-core.o lib/.libs/libcrypt_la-alg-gost3411-2012-hmac.o lib/.libs/libcrypt_la-alg-hmac-sha1.o lib/.libs/libcrypt_la-alg-md4.o lib/.libs/libcrypt_la-alg-md5.o lib/.libs/libcrypt_la-alg-sha1.o lib/.libs/libcrypt_la-alg-sha256.o lib/.libs/libcrypt_la-alg-sha512.o lib/.libs/libcrypt_la-alg-yescrypt-common.o lib/.libs/libcrypt_la-alg-yescrypt-opt.o lib/.libs/libcrypt_la-crypt-bcrypt.o lib/.libs/libcrypt_la-crypt-des.o lib/.libs/libcrypt_la-crypt-gensalt-static.o lib/.libs/libcrypt_la-crypt-gost-yescrypt.o lib/.libs/libcrypt_la-crypt-md5.o lib/.libs/libcrypt_la-crypt-nthash.o lib/.libs/libcrypt_la-crypt-pbkdf1-sha1.o lib/.libs/libcrypt_la-crypt-scrypt.o lib/.libs/libcrypt_la-crypt-sha256.o lib/.libs/libcrypt_la-crypt-sha512.o lib/.libs/libcrypt_la-crypt-static.o lib/.libs/libcrypt_la-crypt-sunmd5.o lib/.libs/libcrypt_la-crypt-yescrypt.o lib/.libs/libcrypt_la-crypt.o lib/.libs/libcrypt_la-util-base64.o lib/.libs/libcrypt_la-util-gensalt-sha.o lib/.libs/libcrypt_la-util-get-random-bytes.o lib/.libs/libcrypt_la-util-make-failure-token.o lib/.libs/libcrypt_la-util-xbzero.o lib/.libs/libcrypt_la-util-xstrcpy.o    -mtls-dialect=gnu -Wl,--version-script -Wl,./libcrypt.map -Wl,-z -Wl,defs -Wl,-z -Wl,text -Wl,-z -Wl,relro -Wl,-z -Wl,now   -Wl,-soname -Wl,libcrypt.so.2 -o .libs/libcrypt.so.2.0.0
libtool: link: (cd ".libs" && rm -f "libcrypt.so.2" && ln -s "libcrypt.so.2.0.0" "libcrypt.so.2")
libtool: link: (cd ".libs" && rm -f "libcrypt.so" && ln -s "libcrypt.so.2.0.0" "libcrypt.so")
libtool: link: ar cr .libs/libcrypt.a  lib/libcrypt_la-alg-des-tables.o lib/libcrypt_la-alg-des.o lib/libcrypt_la-alg-gost3411-2012-core.o lib/libcrypt_la-alg-gost3411-2012-hmac.o lib/libcrypt_la-alg-hmac-sha1.o lib/libcrypt_la-alg-md4.o lib/libcrypt_la-alg-md5.o lib/libcrypt_la-alg-sha1.o lib/libcrypt_la-alg-sha256.o lib/libcrypt_la-alg-sha512.o lib/libcrypt_la-alg-yescrypt-common.o lib/libcrypt_la-alg-yescrypt-opt.o lib/libcrypt_la-crypt-bcrypt.o lib/libcrypt_la-crypt-des.o lib/libcrypt_la-crypt-gensalt-static.o lib/libcrypt_la-crypt-gost-yescrypt.o lib/libcrypt_la-crypt-md5.o lib/libcrypt_la-crypt-nthash.o lib/libcrypt_la-crypt-pbkdf1-sha1.o lib/libcrypt_la-crypt-scrypt.o lib/libcrypt_la-crypt-sha256.o lib/libcrypt_la-crypt-sha512.o lib/libcrypt_la-crypt-static.o lib/libcrypt_la-crypt-sunmd5.o lib/libcrypt_la-crypt-yescrypt.o lib/libcrypt_la-crypt.o lib/libcrypt_la-util-base64.o lib/libcrypt_la-util-gensalt-sha.o lib/libcrypt_la-util-get-random-bytes.o lib/libcrypt_la-util-make-failure-token.o lib/libcrypt_la-util-xbzero.o lib/libcrypt_la-util-xstrcpy.o
libtool: link: ranlib .libs/libcrypt.a
libtool: link: ( cd ".libs" && rm -f "libcrypt.la" && ln -s "../libcrypt.la" "libcrypt.la" )
make[3]: Leaving directory '/build/arkana/src/libxcrypt-4.4.38'
make[2]: Leaving directory '/build/arkana/src/libxcrypt-4.4.38'
make[2]: Entering directory '/build/arkana/src/libxcrypt-4.4.38'
make[3]: Entering directory '/build/arkana/src/libxcrypt-4.4.38'
 /usr/bin/mkdir -p '/build/arkana/staging/usr/lib'
 /bin/sh ./libtool   --mode=install /usr/bin/install -c   libcrypt.la '/build/arkana/staging/usr/lib'
libtool: install: /usr/bin/install -c .libs/libcrypt.so.2.0.0 /build/arkana/staging/usr/lib/libcrypt.so.2.0.0
libtool: install: (cd /build/arkana/staging/usr/lib && { ln -s -f libcrypt.so.2.0.0 libcrypt.so.2 || { rm -f libcrypt.so.2 && ln -s libcrypt.so.2.0.0 libcrypt.so.2; }; })
libtool: install: (cd /build/arkana/staging/usr/lib && { ln -s -f libcrypt.so.2.0.0 libcrypt.so || { rm -f libcrypt.so && ln -s libcrypt.so.2.0.0 libcrypt.so; }; })
libtool: install: /usr/bin/install -c .libs/libcrypt.lai /build/arkana/staging/usr/lib/libcrypt.la
libtool: install: /usr/bin/install -c .libs/libcrypt.a /build/arkana/staging/usr/lib/libcrypt.a
libtool: install: chmod 644 /build/arkana/staging/usr/lib/libcrypt.a
libtool: install: ranlib /build/arkana/staging/usr/lib/libcrypt.a
libtool: warning: remember to run 'libtool --finish /usr/lib'
make  install-exec-hook
make[4]: Entering directory '/build/arkana/src/libxcrypt-4.4.38'
make[4]: Nothing to be done for 'install-exec-hook'.
make[4]: Leaving directory '/build/arkana/src/libxcrypt-4.4.38'
 /usr/bin/mkdir -p '/build/arkana/staging/usr/share/man/man3'
 /usr/bin/install -c -m 644 doc/crypt.3 doc/crypt_checksalt.3 doc/crypt_gensalt.3 doc/crypt_gensalt_ra.3 doc/crypt_gensalt_rn.3 doc/crypt_preferred_method.3 doc/crypt_r.3 doc/crypt_ra.3 doc/crypt_rn.3 '/build/arkana/staging/usr/share/man/man3'
 /usr/bin/mkdir -p '/build/arkana/staging/usr/share/man/man5'
 /usr/bin/install -c -m 644 doc/crypt.5 '/build/arkana/staging/usr/share/man/man5'
 /usr/bin/mkdir -p '/build/arkana/staging/usr/include'
 /usr/bin/install -c -m 644 crypt.h '/build/arkana/staging/usr/include'
 /usr/bin/mkdir -p '/build/arkana/staging/usr/lib/pkgconfig'
 /usr/bin/install -c -m 644 libxcrypt.pc '/build/arkana/staging/usr/lib/pkgconfig'
make  install-data-hook
make[4]: Entering directory '/build/arkana/src/libxcrypt-4.4.38'
cd /build/arkana/staging/usr/lib/pkgconfig && \
	ln -s -f libxcrypt.pc libcrypt.pc
make[4]: Leaving directory '/build/arkana/src/libxcrypt-4.4.38'
make[3]: Leaving directory '/build/arkana/src/libxcrypt-4.4.38'
make[2]: Leaving directory '/build/arkana/src/libxcrypt-4.4.38'
touch .libxcrypt-done
cd /build/arkana/src && wget -O libcap-2.76.tar.gz https://www.kernel.org/pub/linux/libs/security/linux-privs/libcap2/libcap-2.76.tar.gz && tar xf libcap-2.76.tar.gz
--2026-08-05 12:22:26--  https://www.kernel.org/pub/linux/libs/security/linux-privs/libcap2/libcap-2.76.tar.gz
Loaded CA certificate '/etc/ssl/certs/ca-certificates.crt'
Resolving www.kernel.org (www.kernel.org)... 199.232.101.55, 2a04:4e42:59::311
Connecting to www.kernel.org (www.kernel.org)|199.232.101.55|:443... connected.
HTTP request sent, awaiting response... 200 OK
Length: 266265 (260K) [application/x-gzip]
Saving to: ‘libcap-2.76.tar.gz’

     0K .......... .......... .......... .......... .......... 19%  121K 2s
    50K .......... .......... .......... .......... .......... 38%  249K 1s
   100K .......... .......... .......... .......... .......... 57%  910K 0s
   150K .......... .......... .......... .......... .......... 76% 1.78M 0s
   200K .......... .......... .......... .......... .......... 96% 4.38M 0s
   250K ..........                                            100% 11.6M=0.7s

2026-08-05 12:22:28 (367 KB/s) - ‘libcap-2.76.tar.gz’ saved [266265/266265]

touch .libcap-obtained
cd /build/arkana/src/libcap-2.76 && make -j8 prefix=/usr lib=lib && make prefix=/build/arkana/staging/usr lib=lib install
make[2]: Entering directory '/build/arkana/src/libcap-2.76'
make -C libcap all
make[3]: Entering directory '/build/arkana/src/libcap-2.76/libcap'
sed -e 's,@prefix@,/usr,' \
	-e 's,@exec_prefix@,/usr,' \
	-e 's,@libdir@,/usr/lib,' \
	-e 's,@includedir@,/usr/include,' \
	-e 's,@VERSION@,2.76,' \
	-e 's,@deps@,,' \
	libcap.pc.in >libcap.pc
=> making cap_names.list.h from /build/arkana/src/libcap-2.76/libcap/../libcap/include/uapi/linux/capability.h
grep -E '^#define\s+CAP_([^\s]+)\s+[0-9]+\s*$' include/uapi/linux/capability.h | sed -e 's/^#define\s\+/{"/' -e 's/\s*$/},/' -e 's/\s\+/",/' -e 'y/ABCDEFGHIJKLMNOPQRSTUVWXYZ/abcdefghijklmnopqrstuvwxyz/' > cap_names.list.h
make libpsx.pc
make[4]: Entering directory '/build/arkana/src/libcap-2.76/libcap'
gcc -O2 -Dlinux -Wall -Wwrite-strings -Wpointer-arith -Wcast-qual -Wcast-align -Wstrict-prototypes -Wmissing-prototypes -Wnested-externs -Winline -Wshadow -Wunreachable-code  -D_LARGEFILE64_SOURCE -D_FILE_OFFSET_BITS=64 -I/build/arkana/src/libcap-2.76/libcap/../libcap/include/uapi -I/build/arkana/src/libcap-2.76/libcap/../libcap/include _makenames.c -o _makenames
(cat cap_names.header ; sed -e 's/[\{\}"]//g' -e 's/,$//' cap_names.list.h) | gperf --ignore-case --language=ANSI-C --readonly --null-strings --global-table --hash-function-name=__cap_hash_name --lookup-function-name="__cap_lookup_name" -c -t -m20  > _caps_output.gperf
sed -e 's/unsigned int len/size_t len/' -i _caps_output.gperf
sed -e 's,@prefix@,/usr,' \
	-e 's,@exec_prefix@,/usr,' \
	-e 's,@libdir@,/usr/lib,' \
	-e 's,@includedir@,/usr/include,' \
	-e 's,@VERSION@,2.76,' \
	-e 's,@deps@,,' \
	libpsx.pc.in >libpsx.pc
make[4]: Leaving directory '/build/arkana/src/libcap-2.76/libcap'
./_makenames > cap_names.h
gcc -std=gnu17   -mtls-dialect=gnu   -Wall -Wwrite-strings -Wpointer-arith -Wcast-qual -Wcast-align -Wstrict-prototypes -Wmissing-prototypes -Wnested-externs -Winline -Wshadow -Wunreachable-code -Wall -Wwrite-strings -Wpointer-arith -Wcast-qual -Wcast-align -Wstrict-prototypes -Wmissing-prototypes -Wnested-externs -Winline -Wshadow -Wunreachable-code -fPIC -D_LIBPSX_PTHREAD_LINKAGE -Dlinux -D_LARGEFILE64_SOURCE -D_FILE_OFFSET_BITS=64 -I/build/arkana/src/libcap-2.76/libcap/../libcap/include/uapi -I/build/arkana/src/libcap-2.76/libcap/../libcap/include -c cap_alloc.c -o cap_alloc.o
gcc -std=gnu17   -mtls-dialect=gnu   -Wall -Wwrite-strings -Wpointer-arith -Wcast-qual -Wcast-align -Wstrict-prototypes -Wmissing-prototypes -Wnested-externs -Winline -Wshadow -Wunreachable-code -Wall -Wwrite-strings -Wpointer-arith -Wcast-qual -Wcast-align -Wstrict-prototypes -Wmissing-prototypes -Wnested-externs -Winline -Wshadow -Wunreachable-code -fPIC -D_LIBPSX_PTHREAD_LINKAGE -Dlinux -D_LARGEFILE64_SOURCE -D_FILE_OFFSET_BITS=64 -I/build/arkana/src/libcap-2.76/libcap/../libcap/include/uapi -I/build/arkana/src/libcap-2.76/libcap/../libcap/include -c cap_proc.c -o cap_proc.o
gcc -std=gnu17   -mtls-dialect=gnu   -Wall -Wwrite-strings -Wpointer-arith -Wcast-qual -Wcast-align -Wstrict-prototypes -Wmissing-prototypes -Wnested-externs -Winline -Wshadow -Wunreachable-code -Wall -Wwrite-strings -Wpointer-arith -Wcast-qual -Wcast-align -Wstrict-prototypes -Wmissing-prototypes -Wnested-externs -Winline -Wshadow -Wunreachable-code -fPIC -D_LIBPSX_PTHREAD_LINKAGE -Dlinux -D_LARGEFILE64_SOURCE -D_FILE_OFFSET_BITS=64 -I/build/arkana/src/libcap-2.76/libcap/../libcap/include/uapi -I/build/arkana/src/libcap-2.76/libcap/../libcap/include -c cap_extint.c -o cap_extint.o
gcc -std=gnu17   -mtls-dialect=gnu   -Wall -Wwrite-strings -Wpointer-arith -Wcast-qual -Wcast-align -Wstrict-prototypes -Wmissing-prototypes -Wnested-externs -Winline -Wshadow -Wunreachable-code -Wall -Wwrite-strings -Wpointer-arith -Wcast-qual -Wcast-align -Wstrict-prototypes -Wmissing-prototypes -Wnested-externs -Winline -Wshadow -Wunreachable-code -fPIC -D_LIBPSX_PTHREAD_LINKAGE -Dlinux -D_LARGEFILE64_SOURCE -D_FILE_OFFSET_BITS=64 -I/build/arkana/src/libcap-2.76/libcap/../libcap/include/uapi -I/build/arkana/src/libcap-2.76/libcap/../libcap/include -c cap_flag.c -o cap_flag.o
gcc -std=gnu17   -mtls-dialect=gnu   -Wall -Wwrite-strings -Wpointer-arith -Wcast-qual -Wcast-align -Wstrict-prototypes -Wmissing-prototypes -Wnested-externs -Winline -Wshadow -Wunreachable-code -Wall -Wwrite-strings -Wpointer-arith -Wcast-qual -Wcast-align -Wstrict-prototypes -Wmissing-prototypes -Wnested-externs -Winline -Wshadow -Wunreachable-code -fPIC -D_LIBPSX_PTHREAD_LINKAGE -Dlinux -D_LARGEFILE64_SOURCE -D_FILE_OFFSET_BITS=64 -I/build/arkana/src/libcap-2.76/libcap/../libcap/include/uapi -I/build/arkana/src/libcap-2.76/libcap/../libcap/include -DINCLUDE_GPERF_OUTPUT='"_caps_output.gperf"' -c cap_text.c -o cap_text.o
gcc -std=gnu17   -mtls-dialect=gnu   -Wall -Wwrite-strings -Wpointer-arith -Wcast-qual -Wcast-align -Wstrict-prototypes -Wmissing-prototypes -Wnested-externs -Winline -Wshadow -Wunreachable-code -Wall -Wwrite-strings -Wpointer-arith -Wcast-qual -Wcast-align -Wstrict-prototypes -Wmissing-prototypes -Wnested-externs -Winline -Wshadow -Wunreachable-code -fPIC -D_LIBPSX_PTHREAD_LINKAGE -Dlinux -D_LARGEFILE64_SOURCE -D_FILE_OFFSET_BITS=64 -I/build/arkana/src/libcap-2.76/libcap/../libcap/include/uapi -I/build/arkana/src/libcap-2.76/libcap/../libcap/include -c cap_file.c -o cap_file.o
gcc -std=gnu17   -mtls-dialect=gnu   -Wall -Wwrite-strings -Wpointer-arith -Wcast-qual -Wcast-align -Wstrict-prototypes -Wmissing-prototypes -Wnested-externs -Winline -Wshadow -Wunreachable-code -Wall -Wwrite-strings -Wpointer-arith -Wcast-qual -Wcast-align -Wstrict-prototypes -Wmissing-prototypes -Wnested-externs -Winline -Wshadow -Wunreachable-code -fPIC -D_LIBPSX_PTHREAD_LINKAGE -Dlinux -D_LARGEFILE64_SOURCE -D_FILE_OFFSET_BITS=64 -I/build/arkana/src/libcap-2.76/libcap/../libcap/include/uapi -I/build/arkana/src/libcap-2.76/libcap/../libcap/include -c cap_syscalls.c -o cap_syscalls.o
ar rcs libcap.a cap_alloc.o cap_proc.o cap_extint.o cap_flag.o cap_text.o cap_file.o cap_syscalls.o
ranlib libcap.a
make libcap.so
make[4]: Entering directory '/build/arkana/src/libcap-2.76/libcap'
gcc -std=gnu17   -mtls-dialect=gnu   -Wall -Wwrite-strings -Wpointer-arith -Wcast-qual -Wcast-align -Wstrict-prototypes -Wmissing-prototypes -Wnested-externs -Winline -Wshadow -Wunreachable-code -Wall -Wwrite-strings -Wpointer-arith -Wcast-qual -Wcast-align -Wstrict-prototypes -Wmissing-prototypes -Wnested-externs -Winline -Wshadow -Wunreachable-code -fPIC -D_LIBPSX_PTHREAD_LINKAGE -Wall -Wwrite-strings -Wpointer-arith -Wcast-qual -Wcast-align -Wstrict-prototypes -Wmissing-prototypes -Wnested-externs -Winline -Wshadow -Wunreachable-code -fPIC -D_LIBPSX_PTHREAD_LINKAGE -Dlinux -D_LARGEFILE64_SOURCE -D_FILE_OFFSET_BITS=64 -I/build/arkana/src/libcap-2.76/libcap/../libcap/include/uapi -I/build/arkana/src/libcap-2.76/libcap/../libcap/include  empty.c -o empty
objcopy --dump-section .interp=loader.txt empty /dev/null
gcc -std=gnu17   -mtls-dialect=gnu   -Wall -Wwrite-strings -Wpointer-arith -Wcast-qual -Wcast-align -Wstrict-prototypes -Wmissing-prototypes -Wnested-externs -Winline -Wshadow -Wunreachable-code -Wall -Wwrite-strings -Wpointer-arith -Wcast-qual -Wcast-align -Wstrict-prototypes -Wmissing-prototypes -Wnested-externs -Winline -Wshadow -Wunreachable-code -fPIC -D_LIBPSX_PTHREAD_LINKAGE -Wall -Wwrite-strings -Wpointer-arith -Wcast-qual -Wcast-align -Wstrict-prototypes -Wmissing-prototypes -Wnested-externs -Winline -Wshadow -Wunreachable-code -fPIC -D_LIBPSX_PTHREAD_LINKAGE -Dlinux -D_LARGEFILE64_SOURCE -D_FILE_OFFSET_BITS=64 -I/build/arkana/src/libcap-2.76/libcap/../libcap/include/uapi -I/build/arkana/src/libcap-2.76/libcap/../libcap/include -DLIBRARY_VERSION=\"libcap-2.76\" -DSHARED_LOADER=\"/lib64/ld-linux-x86-64.so.2\" -include ./libcap.h -c execable.c -o cap_magic.o
gcc -Wl,-x -shared -Wl,-shared -std=gnu17   -mtls-dialect=gnu   -Wall -Wwrite-strings -Wpointer-arith -Wcast-qual -Wcast-align -Wstrict-prototypes -Wmissing-prototypes -Wnested-externs -Winline -Wshadow -Wunreachable-code -Wall -Wwrite-strings -Wpointer-arith -Wcast-qual -Wcast-align -Wstrict-prototypes -Wmissing-prototypes -Wnested-externs -Winline -Wshadow -Wunreachable-code -fPIC -D_LIBPSX_PTHREAD_LINKAGE -Wall -Wwrite-strings -Wpointer-arith -Wcast-qual -Wcast-align -Wstrict-prototypes -Wmissing-prototypes -Wnested-externs -Winline -Wshadow -Wunreachable-code -fPIC -D_LIBPSX_PTHREAD_LINKAGE  -Wl,-soname,libcap.so.2 -o libcap.so.2.76 cap_alloc.o cap_proc.o cap_extint.o cap_flag.o cap_text.o cap_file.o cap_syscalls.o cap_magic.o -Wl,-e,__so_start
ln -sf libcap.so.2.76 libcap.so.2
ln -sf libcap.so.2 libcap.so
make[4]: Leaving directory '/build/arkana/src/libcap-2.76/libcap'
make libpsx.a
make[4]: Entering directory '/build/arkana/src/libcap-2.76/libcap'
gcc -std=gnu17   -mtls-dialect=gnu   -Wall -Wwrite-strings -Wpointer-arith -Wcast-qual -Wcast-align -Wstrict-prototypes -Wmissing-prototypes -Wnested-externs -Winline -Wshadow -Wunreachable-code -Wall -Wwrite-strings -Wpointer-arith -Wcast-qual -Wcast-align -Wstrict-prototypes -Wmissing-prototypes -Wnested-externs -Winline -Wshadow -Wunreachable-code -fPIC -D_LIBPSX_PTHREAD_LINKAGE -Wall -Wwrite-strings -Wpointer-arith -Wcast-qual -Wcast-align -Wstrict-prototypes -Wmissing-prototypes -Wnested-externs -Winline -Wshadow -Wunreachable-code -fPIC -D_LIBPSX_PTHREAD_LINKAGE -Dlinux -D_LARGEFILE64_SOURCE -D_FILE_OFFSET_BITS=64 -I/build/arkana/src/libcap-2.76/libcap/../libcap/include/uapi -I/build/arkana/src/libcap-2.76/libcap/../libcap/include -c ../psx/psx.c -o ../psx/psx.o
gcc -std=gnu17   -mtls-dialect=gnu   -Wall -Wwrite-strings -Wpointer-arith -Wcast-qual -Wcast-align -Wstrict-prototypes -Wmissing-prototypes -Wnested-externs -Winline -Wshadow -Wunreachable-code -Wall -Wwrite-strings -Wpointer-arith -Wcast-qual -Wcast-align -Wstrict-prototypes -Wmissing-prototypes -Wnested-externs -Winline -Wshadow -Wunreachable-code -fPIC -D_LIBPSX_PTHREAD_LINKAGE -Wall -Wwrite-strings -Wpointer-arith -Wcast-qual -Wcast-align -Wstrict-prototypes -Wmissing-prototypes -Wnested-externs -Winline -Wshadow -Wunreachable-code -fPIC -D_LIBPSX_PTHREAD_LINKAGE -Dlinux -D_LARGEFILE64_SOURCE -D_FILE_OFFSET_BITS=64 -I/build/arkana/src/libcap-2.76/libcap/../libcap/include/uapi -I/build/arkana/src/libcap-2.76/libcap/../libcap/include -c ../psx/psx_calls.c -o ../psx/psx_calls.o
gcc -std=gnu17   -mtls-dialect=gnu   -Wall -Wwrite-strings -Wpointer-arith -Wcast-qual -Wcast-align -Wstrict-prototypes -Wmissing-prototypes -Wnested-externs -Winline -Wshadow -Wunreachable-code -Wall -Wwrite-strings -Wpointer-arith -Wcast-qual -Wcast-align -Wstrict-prototypes -Wmissing-prototypes -Wnested-externs -Winline -Wshadow -Wunreachable-code -fPIC -D_LIBPSX_PTHREAD_LINKAGE -Wall -Wwrite-strings -Wpointer-arith -Wcast-qual -Wcast-align -Wstrict-prototypes -Wmissing-prototypes -Wnested-externs -Winline -Wshadow -Wunreachable-code -fPIC -D_LIBPSX_PTHREAD_LINKAGE -Dlinux -D_LARGEFILE64_SOURCE -D_FILE_OFFSET_BITS=64 -I/build/arkana/src/libcap-2.76/libcap/../libcap/include/uapi -I/build/arkana/src/libcap-2.76/libcap/../libcap/include -c ../psx/wrap/psx_wrap.c -o ../psx/wrap/psx_wrap.o
rm -f include/sys/psx_syscall.h
ln -s ../../../psx/psx_syscall.h include/sys/psx_syscall.h
ar rcs libpsx.a ../psx/psx.o ../psx/psx_calls.o ../psx/wrap/psx_wrap.o
ranlib libpsx.a
make[4]: Leaving directory '/build/arkana/src/libcap-2.76/libcap'
make libpsx.so
make[4]: Entering directory '/build/arkana/src/libcap-2.76/libcap'
gcc -std=gnu17   -mtls-dialect=gnu   -Wall -Wwrite-strings -Wpointer-arith -Wcast-qual -Wcast-align -Wstrict-prototypes -Wmissing-prototypes -Wnested-externs -Winline -Wshadow -Wunreachable-code -Wall -Wwrite-strings -Wpointer-arith -Wcast-qual -Wcast-align -Wstrict-prototypes -Wmissing-prototypes -Wnested-externs -Winline -Wshadow -Wunreachable-code -fPIC -D_LIBPSX_PTHREAD_LINKAGE -Wall -Wwrite-strings -Wpointer-arith -Wcast-qual -Wcast-align -Wstrict-prototypes -Wmissing-prototypes -Wnested-externs -Winline -Wshadow -Wunreachable-code -fPIC -D_LIBPSX_PTHREAD_LINKAGE -Dlinux -D_LARGEFILE64_SOURCE -D_FILE_OFFSET_BITS=64 -I/build/arkana/src/libcap-2.76/libcap/../libcap/include/uapi -I/build/arkana/src/libcap-2.76/libcap/../libcap/include -DLIBRARY_VERSION=\"libpsx-2.76\" -DSHARED_LOADER=\"/lib64/ld-linux-x86-64.so.2\" -c psx_exec.c -o psx_magic.o
gcc -Wl,-x -shared -Wl,-shared -std=gnu17   -mtls-dialect=gnu   -Wall -Wwrite-strings -Wpointer-arith -Wcast-qual -Wcast-align -Wstrict-prototypes -Wmissing-prototypes -Wnested-externs -Winline -Wshadow -Wunreachable-code -Wall -Wwrite-strings -Wpointer-arith -Wcast-qual -Wcast-align -Wstrict-prototypes -Wmissing-prototypes -Wnested-externs -Winline -Wshadow -Wunreachable-code -fPIC -D_LIBPSX_PTHREAD_LINKAGE -Wall -Wwrite-strings -Wpointer-arith -Wcast-qual -Wcast-align -Wstrict-prototypes -Wmissing-prototypes -Wnested-externs -Winline -Wshadow -Wunreachable-code -fPIC -D_LIBPSX_PTHREAD_LINKAGE  -Wl,-soname,libpsx.so.2 -o libpsx.so.2.76 ../psx/psx.o ../psx/psx_calls.o ../psx/wrap/psx_wrap.o psx_magic.o -Wl,-e,__so_start -lpthread
ln -sf libpsx.so.2.76 libpsx.so.2
ln -sf libpsx.so.2 libpsx.so
make[4]: Leaving directory '/build/arkana/src/libcap-2.76/libcap'
make[3]: Leaving directory '/build/arkana/src/libcap-2.76/libcap'
make -C pam_cap all
make[3]: Entering directory '/build/arkana/src/libcap-2.76/pam_cap'
gcc -std=gnu17   -mtls-dialect=gnu   -Wall -Wwrite-strings -Wpointer-arith -Wcast-qual -Wcast-align -Wstrict-prototypes -Wmissing-prototypes -Wnested-externs -Winline -Wshadow -Wunreachable-code -Wall -Wwrite-strings -Wpointer-arith -Wcast-qual -Wcast-align -Wstrict-prototypes -Wmissing-prototypes -Wnested-externs -Winline -Wshadow -Wunreachable-code -fPIC -Dlinux -D_LARGEFILE64_SOURCE -D_FILE_OFFSET_BITS=64 -I/build/arkana/src/libcap-2.76/pam_cap/../libcap/include/uapi -I/build/arkana/src/libcap-2.76/pam_cap/../libcap/include  -c -o pam_cap.o pam_cap.c
gcc -std=gnu17   -mtls-dialect=gnu   -Wall -Wwrite-strings -Wpointer-arith -Wcast-qual -Wcast-align -Wstrict-prototypes -Wmissing-prototypes -Wnested-externs -Winline -Wshadow -Wunreachable-code -Wall -Wwrite-strings -Wpointer-arith -Wcast-qual -Wcast-align -Wstrict-prototypes -Wmissing-prototypes -Wnested-externs -Winline -Wshadow -Wunreachable-code -fPIC -Dlinux -D_LARGEFILE64_SOURCE -D_FILE_OFFSET_BITS=64 -I/build/arkana/src/libcap-2.76/pam_cap/../libcap/include/uapi -I/build/arkana/src/libcap-2.76/pam_cap/../libcap/include -DLIBCAP_VERSION=\"libcap-2.76\" -DSHARED_LOADER=\"/lib64/ld-linux-x86-64.so.2\" -c execable.c -o execable.o
gcc -Wl,-x -shared -Wl,-shared -o lazylink.so -std=gnu17   -mtls-dialect=gnu   -Wall -Wwrite-strings -Wpointer-arith -Wcast-qual -Wcast-align -Wstrict-prototypes -Wmissing-prototypes -Wnested-externs -Winline -Wshadow -Wunreachable-code -Wall -Wwrite-strings -Wpointer-arith -Wcast-qual -Wcast-align -Wstrict-prototypes -Wmissing-prototypes -Wnested-externs -Winline -Wshadow -Wunreachable-code -fPIC -Dlinux -D_LARGEFILE64_SOURCE -D_FILE_OFFSET_BITS=64 -I/build/arkana/src/libcap-2.76/pam_cap/../libcap/include/uapi -I/build/arkana/src/libcap-2.76/pam_cap/../libcap/include  lazylink.c -DSHARED_LOADER=\"/lib64/ld-linux-x86-64.so.2\" -Wl,-e,__so_start
make -C ../libcap all
make[4]: Entering directory '/build/arkana/src/libcap-2.76/libcap'
make libpsx.pc
make[5]: Entering directory '/build/arkana/src/libcap-2.76/libcap'
echo "-Wl,-e,__so_start" > pam_cap_linkopts
./lazylink.so || echo "-lpam" >> pam_cap_linkopts
make[5]: 'libpsx.pc' is up to date.
make[5]: Leaving directory '/build/arkana/src/libcap-2.76/libcap'
make libcap.so
make[5]: Entering directory '/build/arkana/src/libcap-2.76/libcap'
make[5]: 'libcap.so' is up to date.
make[5]: Leaving directory '/build/arkana/src/libcap-2.76/libcap'
make libpsx.a
make[5]: Entering directory '/build/arkana/src/libcap-2.76/libcap'
make[5]: 'libpsx.a' is up to date.
make[5]: Leaving directory '/build/arkana/src/libcap-2.76/libcap'
make libpsx.so
make[5]: Entering directory '/build/arkana/src/libcap-2.76/libcap'
make[5]: 'libpsx.so' is up to date.
make[5]: Leaving directory '/build/arkana/src/libcap-2.76/libcap'
make[4]: Leaving directory '/build/arkana/src/libcap-2.76/libcap'
touch LIBCAP
cat pam_cap_linkopts | xargs -e gcc -Wl,-x -shared -Wl,-shared  -o pam_cap.so pam_cap.o execable.o -L/build/arkana/src/libcap-2.76/pam_cap/../libcap -lcap
make testlink
make[4]: Entering directory '/build/arkana/src/libcap-2.76/pam_cap'
gcc -std=gnu17   -mtls-dialect=gnu   -Wall -Wwrite-strings -Wpointer-arith -Wcast-qual -Wcast-align -Wstrict-prototypes -Wmissing-prototypes -Wnested-externs -Winline -Wshadow -Wunreachable-code -Wall -Wwrite-strings -Wpointer-arith -Wcast-qual -Wcast-align -Wstrict-prototypes -Wmissing-prototypes -Wnested-externs -Winline -Wshadow -Wunreachable-code -fPIC -Wall -Wwrite-strings -Wpointer-arith -Wcast-qual -Wcast-align -Wstrict-prototypes -Wmissing-prototypes -Wnested-externs -Winline -Wshadow -Wunreachable-code -fPIC -Dlinux -D_LARGEFILE64_SOURCE -D_FILE_OFFSET_BITS=64 -I/build/arkana/src/libcap-2.76/pam_cap/../libcap/include/uapi -I/build/arkana/src/libcap-2.76/pam_cap/../libcap/include  -c -o test.o test.c
gcc -std=gnu17   -mtls-dialect=gnu   -Wall -Wwrite-strings -Wpointer-arith -Wcast-qual -Wcast-align -Wstrict-prototypes -Wmissing-prototypes -Wnested-externs -Winline -Wshadow -Wunreachable-code -Wall -Wwrite-strings -Wpointer-arith -Wcast-qual -Wcast-align -Wstrict-prototypes -Wmissing-prototypes -Wnested-externs -Winline -Wshadow -Wunreachable-code -fPIC -Wall -Wwrite-strings -Wpointer-arith -Wcast-qual -Wcast-align -Wstrict-prototypes -Wmissing-prototypes -Wnested-externs -Winline -Wshadow -Wunreachable-code -fPIC  -o testlink test.o pam_cap.o -lpam -ldl -L/build/arkana/src/libcap-2.76/pam_cap/../libcap -lcap
make[4]: Leaving directory '/build/arkana/src/libcap-2.76/pam_cap'
make[3]: Leaving directory '/build/arkana/src/libcap-2.76/pam_cap'
make -C tests all
make[3]: Entering directory '/build/arkana/src/libcap-2.76/tests'
leave test building to test target
make[3]: Leaving directory '/build/arkana/src/libcap-2.76/tests'
make -C progs all
make[3]: Entering directory '/build/arkana/src/libcap-2.76/progs'
gcc -std=gnu17   -mtls-dialect=gnu   -Wall -Wwrite-strings -Wpointer-arith -Wcast-qual -Wcast-align -Wstrict-prototypes -Wmissing-prototypes -Wnested-externs -Winline -Wshadow -Wunreachable-code -Wall -Wwrite-strings -Wpointer-arith -Wcast-qual -Wcast-align -Wstrict-prototypes -Wmissing-prototypes -Wnested-externs -Winline -Wshadow -Wunreachable-code -Dlinux -D_LARGEFILE64_SOURCE -D_FILE_OFFSET_BITS=64 -I/build/arkana/src/libcap-2.76/progs/../libcap/include/uapi -I/build/arkana/src/libcap-2.76/progs/../libcap/include -c getpcaps.c -o getpcaps.o
gcc -std=gnu17   -mtls-dialect=gnu   -Wall -Wwrite-strings -Wpointer-arith -Wcast-qual -Wcast-align -Wstrict-prototypes -Wmissing-prototypes -Wnested-externs -Winline -Wshadow -Wunreachable-code -Wall -Wwrite-strings -Wpointer-arith -Wcast-qual -Wcast-align -Wstrict-prototypes -Wmissing-prototypes -Wnested-externs -Winline -Wshadow -Wunreachable-code -Dlinux -D_LARGEFILE64_SOURCE -D_FILE_OFFSET_BITS=64 -I/build/arkana/src/libcap-2.76/progs/../libcap/include/uapi -I/build/arkana/src/libcap-2.76/progs/../libcap/include -c getcap.c -o getcap.o
gcc -std=gnu17   -mtls-dialect=gnu   -Wall -Wwrite-strings -Wpointer-arith -Wcast-qual -Wcast-align -Wstrict-prototypes -Wmissing-prototypes -Wnested-externs -Winline -Wshadow -Wunreachable-code -Wall -Wwrite-strings -Wpointer-arith -Wcast-qual -Wcast-align -Wstrict-prototypes -Wmissing-prototypes -Wnested-externs -Winline -Wshadow -Wunreachable-code -Dlinux -D_LARGEFILE64_SOURCE -D_FILE_OFFSET_BITS=64 -I/build/arkana/src/libcap-2.76/progs/../libcap/include/uapi -I/build/arkana/src/libcap-2.76/progs/../libcap/include -c setcap.c -o setcap.o
./mkcapshdoc.sh > capshdoc.c.cf
gcc -std=gnu17   -mtls-dialect=gnu   -Wall -Wwrite-strings -Wpointer-arith -Wcast-qual -Wcast-align -Wstrict-prototypes -Wmissing-prototypes -Wnested-externs -Winline -Wshadow -Wunreachable-code -Wall -Wwrite-strings -Wpointer-arith -Wcast-qual -Wcast-align -Wstrict-prototypes -Wmissing-prototypes -Wnested-externs -Winline -Wshadow -Wunreachable-code  getpcaps.o -L/build/arkana/src/libcap-2.76/progs/../libcap -lcap  -o getpcaps
gcc -std=gnu17   -mtls-dialect=gnu   -Wall -Wwrite-strings -Wpointer-arith -Wcast-qual -Wcast-align -Wstrict-prototypes -Wmissing-prototypes -Wnested-externs -Winline -Wshadow -Wunreachable-code -Wall -Wwrite-strings -Wpointer-arith -Wcast-qual -Wcast-align -Wstrict-prototypes -Wmissing-prototypes -Wnested-externs -Winline -Wshadow -Wunreachable-code  getcap.o -L/build/arkana/src/libcap-2.76/progs/../libcap -lcap  -o getcap
gcc -std=gnu17   -mtls-dialect=gnu   -Wall -Wwrite-strings -Wpointer-arith -Wcast-qual -Wcast-align -Wstrict-prototypes -Wmissing-prototypes -Wnested-externs -Winline -Wshadow -Wunreachable-code -Wall -Wwrite-strings -Wpointer-arith -Wcast-qual -Wcast-align -Wstrict-prototypes -Wmissing-prototypes -Wnested-externs -Winline -Wshadow -Wunreachable-code  setcap.o -L/build/arkana/src/libcap-2.76/progs/../libcap -lcap  -o setcap
diff -u capshdoc.c capshdoc.c.cf || (rm capshdoc.c.cf ; exit 1)
gcc -std=gnu17   -mtls-dialect=gnu   -Wall -Wwrite-strings -Wpointer-arith -Wcast-qual -Wcast-align -Wstrict-prototypes -Wmissing-prototypes -Wnested-externs -Winline -Wshadow -Wunreachable-code -Wall -Wwrite-strings -Wpointer-arith -Wcast-qual -Wcast-align -Wstrict-prototypes -Wmissing-prototypes -Wnested-externs -Winline -Wshadow -Wunreachable-code -Dlinux -D_LARGEFILE64_SOURCE -D_FILE_OFFSET_BITS=64 -I/build/arkana/src/libcap-2.76/progs/../libcap/include/uapi -I/build/arkana/src/libcap-2.76/progs/../libcap/include   capsh.c capshdoc.c -L/build/arkana/src/libcap-2.76/progs/../libcap -lcap  -o capsh
make[3]: Leaving directory '/build/arkana/src/libcap-2.76/progs'
make -C doc all
make[3]: Entering directory '/build/arkana/src/libcap-2.76/doc'
make[3]: Nothing to be done for 'all'.
make[3]: Leaving directory '/build/arkana/src/libcap-2.76/doc'
make[2]: Leaving directory '/build/arkana/src/libcap-2.76'
make[2]: Entering directory '/build/arkana/src/libcap-2.76'
make -C libcap install
make[3]: Entering directory '/build/arkana/src/libcap-2.76/libcap'
mkdir -p -m 0755 /build/arkana/staging/usr/include/sys
mkdir -p -m 0755 /build/arkana/staging/usr/lib/pkgconfig
mkdir -p -m 0755 /build/arkana/staging/usr/lib
install -m 0644 include/sys/capability.h /build/arkana/staging/usr/include/sys
install -m 0644 libcap.pc /build/arkana/staging/usr/lib/pkgconfig/libcap.pc
install -m 0644 libcap.a /build/arkana/staging/usr/lib/libcap.a
make install-static-psx
make[4]: Entering directory '/build/arkana/src/libcap-2.76/libcap'
mkdir -p -m 0755 /build/arkana/staging/usr/include/sys
mkdir -p -m 0755 /build/arkana/staging/usr/lib/pkgconfig
mkdir -p -m 0755 /build/arkana/staging/usr/lib
install -m 0644 include/sys/psx_syscall.h /build/arkana/staging/usr/include/sys
install -m 0644 libpsx.pc /build/arkana/staging/usr/lib/pkgconfig/libpsx.pc
install -m 0644 libpsx.a /build/arkana/staging/usr/lib/libpsx.a
make[4]: Leaving directory '/build/arkana/src/libcap-2.76/libcap'
make install-shared
make[4]: Entering directory '/build/arkana/src/libcap-2.76/libcap'
mkdir -p -m 0755 /build/arkana/staging/usr/include/sys
mkdir -p -m 0755 /build/arkana/staging/usr/lib/pkgconfig
mkdir -p -m 0755 /build/arkana/staging/usr/lib
install -m 0644 include/sys/capability.h /build/arkana/staging/usr/include/sys
install -m 0644 libcap.pc /build/arkana/staging/usr/lib/pkgconfig/libcap.pc
install -m 0755 libcap.so.2.76 /build/arkana/staging/usr/lib/libcap.so.2.76
ln -sf libcap.so.2.76 /build/arkana/staging/usr/lib/libcap.so.2
ln -sf libcap.so.2 /build/arkana/staging/usr/lib/libcap.so
/sbin/ldconfig
make install-shared-psx
make[5]: Entering directory '/build/arkana/src/libcap-2.76/libcap'
mkdir -p -m 0755 /build/arkana/staging/usr/include/sys
mkdir -p -m 0755 /build/arkana/staging/usr/lib/pkgconfig
mkdir -p -m 0755 /build/arkana/staging/usr/lib
install -m 0644 include/sys/psx_syscall.h /build/arkana/staging/usr/include/sys
install -m 0644 libpsx.pc /build/arkana/staging/usr/lib/pkgconfig/libpsx.pc
install -m 0755 libpsx.so.2.76 /build/arkana/staging/usr/lib/libpsx.so.2.76
ln -sf libpsx.so.2.76 /build/arkana/staging/usr/lib/libpsx.so.2
ln -sf libpsx.so.2 /build/arkana/staging/usr/lib/libpsx.so
/sbin/ldconfig
make[5]: Leaving directory '/build/arkana/src/libcap-2.76/libcap'
make[4]: Leaving directory '/build/arkana/src/libcap-2.76/libcap'
make[3]: Leaving directory '/build/arkana/src/libcap-2.76/libcap'
make -C pam_cap install
make[3]: Entering directory '/build/arkana/src/libcap-2.76/pam_cap'
make testlink
make[4]: Entering directory '/build/arkana/src/libcap-2.76/pam_cap'
make[4]: 'testlink' is up to date.
make[4]: Leaving directory '/build/arkana/src/libcap-2.76/pam_cap'
mkdir -p -m 0755 /build/arkana/staging/usr/lib/security
install -m 0755 pam_cap.so /build/arkana/staging/usr/lib/security
make[3]: Leaving directory '/build/arkana/src/libcap-2.76/pam_cap'
make -C tests install
make[3]: Entering directory '/build/arkana/src/libcap-2.76/tests'
nothing to install from tests
make[3]: Leaving directory '/build/arkana/src/libcap-2.76/tests'
make -C progs install
make[3]: Entering directory '/build/arkana/src/libcap-2.76/progs'
mkdir -p -m 0755 /build/arkana/staging/usr/sbin
for p in getpcaps getcap setcap capsh ; do \
	install -m 0755 $p /build/arkana/staging/usr/sbin ; \
done
make[3]: Leaving directory '/build/arkana/src/libcap-2.76/progs'
make -C doc install
make[3]: Entering directory '/build/arkana/src/libcap-2.76/doc'
mkdir -p -m 755 /build/arkana/staging/usr/share/man/man1 /build/arkana/staging/usr/share/man/man3 /build/arkana/staging/usr/share/man/man5 /build/arkana/staging/usr/share/man/man7 /build/arkana/staging/usr/share/man/man8
for man in \
	/build/arkana/staging/usr/share/man/man1 capsh.1 \
	/build/arkana/staging/usr/share/man/man3 cap_init.3 cap_free.3 cap_dup.3 cap_clear.3 cap_clear_flag.3 cap_get_flag.3 cap_set_flag.3 cap_fill.3 cap_fill_flag.3 cap_max_bits.3 cap_compare.3 cap_get_proc.3 cap_get_pid.3 cap_set_proc.3 cap_get_file.3 cap_get_fd.3 cap_set_file.3 cap_set_fd.3 cap_set_nsowner.3 cap_get_nsowner.3 cap_copy_ext.3 cap_size.3 cap_copy_int.3 cap_mode.3 cap_copy_int_check.3 cap_set_syscall.3 cap_from_text.3 cap_to_text.3 cap_from_name.3 cap_to_name.3 capsetp.3 capgetp.3 libcap.3 cap_get_bound.3 cap_drop_bound.3 cap_get_mode.3 cap_set_mode.3 cap_mode_name.3 cap_get_secbits.3 cap_set_secbits.3 cap_setuid.3 cap_setgroups.3 cap_launch.3 cap_func_launcher.3 cap_launcher_callback.3 cap_launcher_set_chroot.3 cap_launcher_set_mode.3 cap_launcher_setgroups.3 cap_launcher_setuid.3 cap_launcher_set_iab.3 cap_new_launcher.3 cap_iab.3 cap_iab_init.3 cap_iab_dup.3 cap_iab_compare.3 cap_iab_get_proc.3 cap_iab_get_pid.3 cap_iab_set_proc.3 cap_iab_to_text.3 cap_iab_from_text.3 cap_iab_get_vector.3 cap_iab_set_vector.3 cap_iab_fill.3 cap_proc_root.3 cap_prctl.3 cap_prctlw.3 psx_syscall.3 psx_syscall3.3 psx_syscall6.3 psx_set_sensitivity.3 psx_load_syscalls.3 __psx_syscall.3 libpsx.3 \
	/build/arkana/staging/usr/share/man/man5 capability.conf.5 \
	/build/arkana/staging/usr/share/man/man7 cap_text_formats.7 \
	/build/arkana/staging/usr/share/man/man8 getcap.8 setcap.8 getpcaps.8 captree.8 pam_cap.8 \
	; \
do \
	case $man in \
	/*)	sub=$man ; continue ;; \
	esac; \
	install -m 644 $man $sub ; \
done
make[3]: Leaving directory '/build/arkana/src/libcap-2.76/doc'
make[2]: Leaving directory '/build/arkana/src/libcap-2.76'
cd /build/arkana/src/libcap-2.76 && make -j8 -C pam_cap && mkdir -p /build/arkana/staging/etc/security && install -v -m755 pam_cap/pam_cap.so /build/arkana/staging/usr/lib/security && \
install -v -m644 pam_cap/capability.conf /build/arkana/staging/etc/security
make[2]: Entering directory '/build/arkana/src/libcap-2.76/pam_cap'
make testlink
make[3]: Entering directory '/build/arkana/src/libcap-2.76/pam_cap'
make[3]: 'testlink' is up to date.
make[3]: Leaving directory '/build/arkana/src/libcap-2.76/pam_cap'
make[2]: Leaving directory '/build/arkana/src/libcap-2.76/pam_cap'
removed '/build/arkana/staging/usr/lib/security/pam_cap.so'
'pam_cap/pam_cap.so' -> '/build/arkana/staging/usr/lib/security/pam_cap.so'
'pam_cap/capability.conf' -> '/build/arkana/staging/etc/security/capability.conf'
touch .libcap-done
cd /build/arkana/src && wget -O libcap-ng-0.8.5.tar.gz https://github.com/stevegrubb/libcap-ng/archive/refs/tags/v0.8.5.tar.gz && tar xf libcap-ng-0.8.5.tar.gz
--2026-08-05 12:22:30--  https://github.com/stevegrubb/libcap-ng/archive/refs/tags/v0.8.5.tar.gz
Loaded CA certificate '/etc/ssl/certs/ca-certificates.crt'
Resolving github.com (github.com)... 20.207.73.82
Connecting to github.com (github.com)|20.207.73.82|:443... connected.
HTTP request sent, awaiting response... 302 Found
Location: https://codeload.github.com/stevegrubb/libcap-ng/tar.gz/refs/tags/v0.8.5 [following]
--2026-08-05 12:22:31--  https://codeload.github.com/stevegrubb/libcap-ng/tar.gz/refs/tags/v0.8.5
Resolving codeload.github.com (codeload.github.com)... 20.207.73.88
Connecting to codeload.github.com (codeload.github.com)|20.207.73.88|:443... connected.
HTTP request sent, awaiting response... 200 OK
Length: unspecified [application/x-gzip]
Saving to: ‘libcap-ng-0.8.5.tar.gz’

     0K .......... .......... .......... .......... ..........  245K
    50K .......                                                 117M=0.2s

2026-08-05 12:22:32 (283 KB/s) - ‘libcap-ng-0.8.5.tar.gz’ saved [59265]

touch .libcap-ng-obtained
cd /build/arkana/src/libcap-ng-0.8.5 && ./autogen.sh && ./configure --prefix=/usr && make -j8 && make DESTDIR=/build/arkana/staging install
+ touch NEWS
+ autoreconf -fv --install
autoreconf: export WARNINGS=
autoreconf: Entering directory '.'
autoreconf: configure.ac: no obvious need to run autopoint
autoreconf: running: aclocal --force -I m4
autoreconf: configure.ac: tracing
autoreconf: running: libtoolize --copy --force
libtoolize: putting auxiliary files in '.'.
libtoolize: copying file './ltmain.sh'
libtoolize: putting macros in AC_CONFIG_MACRO_DIRS, 'm4'.
libtoolize: copying file 'm4/libtool.m4'
libtoolize: copying file 'm4/ltoptions.m4'
libtoolize: copying file 'm4/ltsugar.m4'
libtoolize: copying file 'm4/ltversion.m4'
libtoolize: copying file 'm4/lt~obsolete.m4'
autoreconf: configure.ac: not using Intltool
autoreconf: configure.ac: not using Gtkdoc
autoreconf: configure.ac: no need to run autopoint (confirmed)
autoreconf: running: aclocal --force -I m4
autoreconf: running: /usr/bin/autoconf --force
autoreconf: running: /usr/bin/autoheader --force
autoreconf: running: automake --add-missing --copy --force-missing
configure.ac:42: installing './compile'
configure.ac:40: installing './config.guess'
configure.ac:40: installing './config.sub'
configure.ac:41: installing './install-sh'
configure.ac:41: installing './missing'
bindings/python3/Makefile.am: installing './depcomp'
bindings/python3/Makefile.am:31: installing './py-compile'
parallel-tests: installing './test-driver'
bindings/src/Makefile.am:24: warning: variable 'SWIG_SOURCES' is defined but no program or
bindings/src/Makefile.am:24: library has 'SWIG' as canonical name (possible typo)
autoreconf: './config.sub' is updated
autoreconf: './config.guess' is updated
autoreconf: configure.ac: not running make: --make not given
autoreconf: Leaving directory '.'
Configuring libcap-ng
checking build system type... x86_64-pc-linux-gnu
checking host system type... x86_64-pc-linux-gnu
checking target system type... x86_64-pc-linux-gnu
checking for a BSD-compatible install... /usr/bin/install -c
checking whether sleep supports fractional seconds... yes
checking filesystem timestamp resolution... 0.01
checking whether build environment is sane... yes
checking for a race-free mkdir -p... /usr/bin/mkdir -p
checking for gawk... gawk
checking whether make sets $(MAKE)... yes
checking whether make supports nested variables... yes
checking xargs -n works... yes
checking whether UID '0' is supported by ustar format... yes
checking whether GID '0' is supported by ustar format... yes
checking how to create a ustar tar archive... gnutar
checking how to print strings... printf
checking whether make supports the include directive... yes (GNU style)
checking for gcc... ccache gcc
checking whether the C compiler works... yes
checking for C compiler default output file name... a.out
checking for suffix of executables... 
checking whether we are cross compiling... no
checking for suffix of object files... o
checking whether the compiler supports GNU C... yes
checking whether ccache gcc accepts -g... yes
checking for ccache gcc option to enable C23 features... unsupported
checking for ccache gcc option to enable C11 features... none needed
checking whether ccache gcc understands -c and -o together... yes
checking dependency style of ccache gcc... gcc3
checking for a sed that does not truncate output... /usr/bin/sed
checking for grep that handles long lines and -e... /usr/bin/grep
checking for egrep... /usr/bin/grep -E
checking for fgrep... /usr/bin/grep -F
checking for ld used by ccache gcc... /usr/bin/ld
checking if the linker (/usr/bin/ld) is GNU ld... yes
checking for BSD- or MS-compatible name lister (nm)... /usr/bin/nm -B
checking the name lister (/usr/bin/nm -B) interface... BSD nm
checking whether ln -s works... yes
checking the maximum length of command line arguments... 1572864
checking how to convert x86_64-pc-linux-gnu file names to x86_64-pc-linux-gnu format... func_convert_file_noop
checking how to convert x86_64-pc-linux-gnu file names to toolchain format... func_convert_file_noop
checking for /usr/bin/ld option to reload object files... -r
checking for file... file
checking for objdump... objdump
checking how to recognize dependent libraries... pass_all
checking for dlltool... no
checking how to associate runtime and link libraries... printf %s\n
checking for ranlib... ranlib
checking for ar... ar
checking for archiver @FILE support... @
checking for strip... strip
checking command to parse /usr/bin/nm -B output from ccache gcc object... ok
checking for sysroot... no
checking for a working dd... /usr/bin/dd
checking how to truncate binary pipes... /usr/bin/dd bs=4096 count=1
checking for mt... no
checking if : is a manifest tool... no
checking for stdio.h... yes
checking for stdlib.h... yes
checking for string.h... yes
checking for inttypes.h... yes
checking for stdint.h... yes
checking for strings.h... yes
checking for sys/stat.h... yes
checking for sys/types.h... yes
checking for unistd.h... yes
checking for dlfcn.h... yes
checking which variant of shared library versioning to provide... (default) aix
checking for objdir... .libs
checking if ccache gcc supports -fno-rtti -fno-exceptions... no
checking for ccache gcc option to produce PIC... -fPIC -DPIC
checking if ccache gcc PIC flag -fPIC -DPIC works... yes
checking if ccache gcc static flag -static works... yes
checking if ccache gcc supports -c -o file.o... yes
checking if ccache gcc supports -c -o file.o... (cached) yes
checking whether the ccache gcc linker (/usr/bin/ld -m elf_x86_64) supports shared libraries... yes
checking whether -lc should be explicitly linked in... no
checking dynamic linker characteristics... GNU/Linux ld.so
checking how to hardcode library paths into programs... immediate
checking whether stripping libraries is possible... yes
checking if libtool supports shared libraries... yes
checking whether to build shared libraries... yes
checking whether to build static libraries... yes
.
Checking for programs
checking for gcc... (cached) ccache gcc
checking whether the compiler supports GNU C... (cached) yes
checking whether ccache gcc accepts -g... (cached) yes
checking for ccache gcc option to enable C23 features... (cached) unsupported
checking for ccache gcc option to enable C11 features... (cached) none needed
checking whether ccache gcc understands -c and -o together... (cached) yes
checking dependency style of ccache gcc... (cached) gcc3
checking for gawk... (cached) gawk
.
Checking for header files
checking for linux/capability.h... yes
checking for sys/xattr.h... yes
checking for linux/securebits.h... yes
checking for pthread.h... yes
checking for library containing pthread_atfork... none required
checking for sys/vfs.h... yes
checking for linux/magic.h... yes
checking __attr_dealloc_free support... yes
checking for -Wformat-truncation... yes
checking for sys/syscall.h... yes
checking for ccache gcc options to detect undeclared functions... none needed
checking for ccache gcc options to ignore future-version functions... none needed
checking whether PR_CAP_AMBIENT is declared... yes
checking whether VFS_CAP_REVISION_2 is declared... yes
checking whether VFS_CAP_REVISION_3 is declared... yes
checking whether CAP_EPOLLWAKEUP is declared... no
checking whether CAP_WAKE_ALARM is declared... yes
checking whether CAP_BLOCK_SUSPEND is declared... yes
checking whether CAP_AUDIT_READ is declared... yes
checking whether CAP_PERFMON is declared... yes
checking whether CAP_BPF is declared... yes
checking whether CAP_CHECKPOINT_RESTORE is declared... yes
checking for swig... no
configure: WARNING: "Swig not found - python bindings will not be made"
checking whether to create python3 bindings... investigating
checking for python3-config... /usr/bin/python3-config
Python3 bindings WILL be built
checking for a Python interpreter with version >= 3.1... python
checking for python... /usr/bin/python
checking for python version... 3.14
checking for python platform... linux
checking for GNU default python prefix... ${prefix}
checking for GNU default python exec_prefix... ${exec_prefix}
checking for python script directory (pythondir)... ${PYTHON_PREFIX}/lib/python3.14/site-packages
checking for python extension module directory (pyexecdir)... ${PYTHON_EXEC_PREFIX}/lib/python3.14/site-packages
checking that generated files are newer than configure... done
configure: creating ./config.status
config.status: creating Makefile
config.status: creating src/Makefile
config.status: creating src/libcap-ng.pc
config.status: creating src/test/Makefile
config.status: creating bindings/Makefile
config.status: creating bindings/python3/Makefile
config.status: creating bindings/src/Makefile
config.status: creating bindings/python3/test/Makefile
config.status: creating utils/Makefile
config.status: creating m4/Makefile
config.status: creating docs/Makefile
config.status: creating config.h
config.status: executing depfiles commands
config.status: executing libtool commands
.


  libcap-ng Version:      0.8.5
  Target:                 x86_64-pc-linux-gnu
  Installation prefix:    /usr
  PYTHON_PREFIX:          ${prefix}
  Compiler:               ccache gcc
  Compiler flags:
                          -std=gnu17 -mtls-dialect=gnu
  __attr_dealloc_free support:  yes

make[2]: Entering directory '/build/arkana/src/libcap-ng-0.8.5'
make  all-recursive
make[3]: Entering directory '/build/arkana/src/libcap-ng-0.8.5'
Making all in src
make[4]: Entering directory '/build/arkana/src/libcap-ng-0.8.5/src'
Making all in test
make[5]: Entering directory '/build/arkana/src/libcap-ng-0.8.5/src/test'
make[5]: Nothing to be done for 'all'.
make[5]: Leaving directory '/build/arkana/src/libcap-ng-0.8.5/src/test'
make[5]: Entering directory '/build/arkana/src/libcap-ng-0.8.5/src'
/bin/sh ../libtool  --tag=CC   --mode=compile ccache gcc -DHAVE_CONFIG_H -I. -I..  -I. -I..  -fPIC -DPIC -W -Wall -Wshadow -Wno-format-truncation -Wundef -D_GNU_SOURCE -std=gnu17   -mtls-dialect=gnu   -MT cap-ng.lo -MD -MP -MF .deps/cap-ng.Tpo -c -o cap-ng.lo cap-ng.c
/bin/sh ../libtool  --tag=CC   --mode=compile ccache gcc -DHAVE_CONFIG_H -I. -I..  -I. -I..  -fPIC -DPIC -W -Wall -Wshadow -Wno-format-truncation -Wundef -D_GNU_SOURCE -std=gnu17   -mtls-dialect=gnu   -MT lookup_table.lo -MD -MP -MF .deps/lookup_table.Tpo -c -o lookup_table.lo lookup_table.c
/bin/sh ../libtool  --tag=CC   --mode=compile ccache gcc -DHAVE_CONFIG_H -I. -I..  -I. -I..  -fPIC -DPIC -W -Wall -Wshadow -Wno-format-truncation -Wundef -D_GNU_SOURCE -std=gnu17   -mtls-dialect=gnu   -MT libdrop_ambient.lo -MD -MP -MF .deps/libdrop_ambient.Tpo -c -o libdrop_ambient.lo libdrop_ambient.c
libtool: compile:  ccache gcc -DHAVE_CONFIG_H -I. -I.. -I. -I.. -fPIC -DPIC -W -Wall -Wshadow -Wno-format-truncation -Wundef -D_GNU_SOURCE -std=gnu17 -mtls-dialect=gnu -MT cap-ng.lo -MD -MP -MF .deps/cap-ng.Tpo -c cap-ng.c  -fPIC -DPIC -o .libs/cap-ng.o
libtool: compile:  ccache gcc -DHAVE_CONFIG_H -I. -I.. -I. -I.. -fPIC -DPIC -W -Wall -Wshadow -Wno-format-truncation -Wundef -D_GNU_SOURCE -std=gnu17 -mtls-dialect=gnu -MT libdrop_ambient.lo -MD -MP -MF .deps/libdrop_ambient.Tpo -c libdrop_ambient.c  -fPIC -DPIC -o .libs/libdrop_ambient.o
libtool: compile:  ccache gcc -DHAVE_CONFIG_H -I. -I.. -I. -I.. -fPIC -DPIC -W -Wall -Wshadow -Wno-format-truncation -Wundef -D_GNU_SOURCE -std=gnu17 -mtls-dialect=gnu -MT lookup_table.lo -MD -MP -MF .deps/lookup_table.Tpo -c lookup_table.c  -fPIC -DPIC -o .libs/lookup_table.o
libtool: compile:  ccache gcc -DHAVE_CONFIG_H -I. -I.. -I. -I.. -fPIC -DPIC -W -Wall -Wshadow -Wno-format-truncation -Wundef -D_GNU_SOURCE -std=gnu17 -mtls-dialect=gnu -MT libdrop_ambient.lo -MD -MP -MF .deps/libdrop_ambient.Tpo -c libdrop_ambient.c -o libdrop_ambient.o >/dev/null 2>&1
libtool: compile:  ccache gcc -DHAVE_CONFIG_H -I. -I.. -I. -I.. -fPIC -DPIC -W -Wall -Wshadow -Wno-format-truncation -Wundef -D_GNU_SOURCE -std=gnu17 -mtls-dialect=gnu -MT lookup_table.lo -MD -MP -MF .deps/lookup_table.Tpo -c lookup_table.c -o lookup_table.o >/dev/null 2>&1
mv -f .deps/libdrop_ambient.Tpo .deps/libdrop_ambient.Plo
/bin/sh ../libtool  --tag=CC   --mode=link ccache gcc -fPIC -DPIC -W -Wall -Wshadow -Wno-format-truncation -Wundef -D_GNU_SOURCE -std=gnu17   -mtls-dialect=gnu     -o libdrop_ambient.la -rpath /usr/lib libdrop_ambient.lo  
mv -f .deps/lookup_table.Tpo .deps/lookup_table.Plo
libtool: compile:  ccache gcc -DHAVE_CONFIG_H -I. -I.. -I. -I.. -fPIC -DPIC -W -Wall -Wshadow -Wno-format-truncation -Wundef -D_GNU_SOURCE -std=gnu17 -mtls-dialect=gnu -MT cap-ng.lo -MD -MP -MF .deps/cap-ng.Tpo -c cap-ng.c -o cap-ng.o >/dev/null 2>&1
libtool: link: ccache gcc -shared  -fPIC -DPIC  .libs/libdrop_ambient.o    -W -Wall -Wshadow -Wno-format-truncation -Wundef -mtls-dialect=gnu   -Wl,-soname -Wl,libdrop_ambient.so.0 -o .libs/libdrop_ambient.so.0.0.0
libtool: link: (cd ".libs" && rm -f "libdrop_ambient.so.0" && ln -s "libdrop_ambient.so.0.0.0" "libdrop_ambient.so.0")
libtool: link: (cd ".libs" && rm -f "libdrop_ambient.so" && ln -s "libdrop_ambient.so.0.0.0" "libdrop_ambient.so")
libtool: link: ar cr .libs/libdrop_ambient.a libdrop_ambient.o
libtool: link: ranlib .libs/libdrop_ambient.a
libtool: link: ( cd ".libs" && rm -f "libdrop_ambient.la" && ln -s "../libdrop_ambient.la" "libdrop_ambient.la" )
mv -f .deps/cap-ng.Tpo .deps/cap-ng.Plo
/bin/sh ../libtool  --tag=CC   --mode=link ccache gcc -fPIC -DPIC -W -Wall -Wshadow -Wno-format-truncation -Wundef -D_GNU_SOURCE -std=gnu17   -mtls-dialect=gnu   -Wl,-z,relro  -o libcap-ng.la -rpath /usr/lib cap-ng.lo lookup_table.lo  
libtool: link: ccache gcc -shared  -fPIC -DPIC  .libs/cap-ng.o .libs/lookup_table.o    -W -Wall -Wshadow -Wno-format-truncation -Wundef -mtls-dialect=gnu -Wl,-z -Wl,relro   -Wl,-soname -Wl,libcap-ng.so.0 -o .libs/libcap-ng.so.0.0.0
libtool: link: (cd ".libs" && rm -f "libcap-ng.so.0" && ln -s "libcap-ng.so.0.0.0" "libcap-ng.so.0")
libtool: link: (cd ".libs" && rm -f "libcap-ng.so" && ln -s "libcap-ng.so.0.0.0" "libcap-ng.so")
libtool: link: ar cr .libs/libcap-ng.a cap-ng.o lookup_table.o
libtool: link: ranlib .libs/libcap-ng.a
libtool: link: ( cd ".libs" && rm -f "libcap-ng.la" && ln -s "../libcap-ng.la" "libcap-ng.la" )
make[5]: Leaving directory '/build/arkana/src/libcap-ng-0.8.5/src'
make[4]: Leaving directory '/build/arkana/src/libcap-ng-0.8.5/src'
Making all in utils
make[4]: Entering directory '/build/arkana/src/libcap-ng-0.8.5/utils'
ccache gcc -DHAVE_CONFIG_H -I. -I..  -I.. -I../src  -W -Wall -Wshadow -Wno-format-truncation -Wundef -D_GNU_SOURCE -std=gnu17   -mtls-dialect=gnu   -c -o pscap.o pscap.c
ccache gcc -DHAVE_CONFIG_H -I. -I..  -I.. -I../src  -W -Wall -Wshadow -Wno-format-truncation -Wundef -D_GNU_SOURCE -std=gnu17   -mtls-dialect=gnu   -c -o netcap.o netcap.c
ccache gcc -DHAVE_CONFIG_H -I. -I..  -I.. -I../src  -W -Wall -Wshadow -Wno-format-truncation -Wundef -D_GNU_SOURCE -std=gnu17   -mtls-dialect=gnu   -c -o proc-llist.o proc-llist.c
ccache gcc -DHAVE_CONFIG_H -I. -I..  -I.. -I../src  -W -Wall -Wshadow -Wno-format-truncation -Wundef -D_GNU_SOURCE -std=gnu17   -mtls-dialect=gnu   -c -o filecap.o filecap.c
ccache gcc -DHAVE_CONFIG_H -I. -I..  -I.. -I../src  -W -Wall -Wshadow -Wno-format-truncation -Wundef -D_GNU_SOURCE -std=gnu17   -mtls-dialect=gnu   -c -o captest.o captest.c
/bin/sh ../libtool  --tag=CC   --mode=link ccache gcc -W -Wall -Wshadow -Wno-format-truncation -Wundef -D_GNU_SOURCE -std=gnu17   -mtls-dialect=gnu     -o filecap filecap.o ../src/libcap-ng.la 
/bin/sh ../libtool  --tag=CC   --mode=link ccache gcc -W -Wall -Wshadow -Wno-format-truncation -Wundef -D_GNU_SOURCE -std=gnu17   -mtls-dialect=gnu     -o captest captest.o ../src/libcap-ng.la 
/bin/sh ../libtool  --tag=CC   --mode=link ccache gcc -W -Wall -Wshadow -Wno-format-truncation -Wundef -D_GNU_SOURCE -std=gnu17   -mtls-dialect=gnu     -o pscap pscap.o ../src/libcap-ng.la 
/bin/sh ../libtool  --tag=CC   --mode=link ccache gcc -W -Wall -Wshadow -Wno-format-truncation -Wundef -D_GNU_SOURCE -std=gnu17   -mtls-dialect=gnu     -o netcap netcap.o proc-llist.o ../src/libcap-ng.la 
libtool: link: ccache gcc -W -Wall -Wshadow -Wno-format-truncation -Wundef -D_GNU_SOURCE -std=gnu17 -mtls-dialect=gnu -o .libs/captest captest.o  ../src/.libs/libcap-ng.so
libtool: link: ccache gcc -W -Wall -Wshadow -Wno-format-truncation -Wundef -D_GNU_SOURCE -std=gnu17 -mtls-dialect=gnu -o .libs/filecap filecap.o  ../src/.libs/libcap-ng.so
libtool: link: ccache gcc -W -Wall -Wshadow -Wno-format-truncation -Wundef -D_GNU_SOURCE -std=gnu17 -mtls-dialect=gnu -o .libs/pscap pscap.o  ../src/.libs/libcap-ng.so
libtool: link: ccache gcc -W -Wall -Wshadow -Wno-format-truncation -Wundef -D_GNU_SOURCE -std=gnu17 -mtls-dialect=gnu -o .libs/netcap netcap.o proc-llist.o  ../src/.libs/libcap-ng.so
make[4]: Leaving directory '/build/arkana/src/libcap-ng-0.8.5/utils'
Making all in m4
make[4]: Entering directory '/build/arkana/src/libcap-ng-0.8.5/m4'
make[4]: Nothing to be done for 'all'.
make[4]: Leaving directory '/build/arkana/src/libcap-ng-0.8.5/m4'
Making all in docs
make[4]: Entering directory '/build/arkana/src/libcap-ng-0.8.5/docs'
make[4]: Nothing to be done for 'all'.
make[4]: Leaving directory '/build/arkana/src/libcap-ng-0.8.5/docs'
make[4]: Entering directory '/build/arkana/src/libcap-ng-0.8.5'
make[4]: Leaving directory '/build/arkana/src/libcap-ng-0.8.5'
make[3]: Leaving directory '/build/arkana/src/libcap-ng-0.8.5'
make[2]: Leaving directory '/build/arkana/src/libcap-ng-0.8.5'
make[2]: Entering directory '/build/arkana/src/libcap-ng-0.8.5'
Making install in src
make[3]: Entering directory '/build/arkana/src/libcap-ng-0.8.5/src'
Making install in test
make[4]: Entering directory '/build/arkana/src/libcap-ng-0.8.5/src/test'
make[5]: Entering directory '/build/arkana/src/libcap-ng-0.8.5/src/test'
make[5]: Nothing to be done for 'install-exec-am'.
make[5]: Nothing to be done for 'install-data-am'.
make[5]: Leaving directory '/build/arkana/src/libcap-ng-0.8.5/src/test'
make[4]: Leaving directory '/build/arkana/src/libcap-ng-0.8.5/src/test'
make[4]: Entering directory '/build/arkana/src/libcap-ng-0.8.5/src'
make[5]: Entering directory '/build/arkana/src/libcap-ng-0.8.5/src'
 /usr/bin/mkdir -p '/build/arkana/staging/usr/lib'
 /bin/sh ../libtool   --mode=install /usr/bin/install -c   libcap-ng.la libdrop_ambient.la '/build/arkana/staging/usr/lib'
libtool: install: /usr/bin/install -c .libs/libcap-ng.so.0.0.0 /build/arkana/staging/usr/lib/libcap-ng.so.0.0.0
libtool: install: (cd /build/arkana/staging/usr/lib && { ln -s -f libcap-ng.so.0.0.0 libcap-ng.so.0 || { rm -f libcap-ng.so.0 && ln -s libcap-ng.so.0.0.0 libcap-ng.so.0; }; })
libtool: install: (cd /build/arkana/staging/usr/lib && { ln -s -f libcap-ng.so.0.0.0 libcap-ng.so || { rm -f libcap-ng.so && ln -s libcap-ng.so.0.0.0 libcap-ng.so; }; })
libtool: install: /usr/bin/install -c .libs/libcap-ng.lai /build/arkana/staging/usr/lib/libcap-ng.la
libtool: install: /usr/bin/install -c .libs/libdrop_ambient.so.0.0.0 /build/arkana/staging/usr/lib/libdrop_ambient.so.0.0.0
libtool: install: (cd /build/arkana/staging/usr/lib && { ln -s -f libdrop_ambient.so.0.0.0 libdrop_ambient.so.0 || { rm -f libdrop_ambient.so.0 && ln -s libdrop_ambient.so.0.0.0 libdrop_ambient.so.0; }; })
libtool: install: (cd /build/arkana/staging/usr/lib && { ln -s -f libdrop_ambient.so.0.0.0 libdrop_ambient.so || { rm -f libdrop_ambient.so && ln -s libdrop_ambient.so.0.0.0 libdrop_ambient.so; }; })
libtool: install: /usr/bin/install -c .libs/libdrop_ambient.lai /build/arkana/staging/usr/lib/libdrop_ambient.la
libtool: install: /usr/bin/install -c .libs/libcap-ng.a /build/arkana/staging/usr/lib/libcap-ng.a
libtool: install: chmod 644 /build/arkana/staging/usr/lib/libcap-ng.a
libtool: install: ranlib /build/arkana/staging/usr/lib/libcap-ng.a
libtool: install: /usr/bin/install -c .libs/libdrop_ambient.a /build/arkana/staging/usr/lib/libdrop_ambient.a
libtool: install: chmod 644 /build/arkana/staging/usr/lib/libdrop_ambient.a
libtool: install: ranlib /build/arkana/staging/usr/lib/libdrop_ambient.a
libtool: warning: remember to run 'libtool --finish /usr/lib'
 /usr/bin/mkdir -p '/build/arkana/staging/usr/include'
 /usr/bin/install -c -m 644 cap-ng.h '/build/arkana/staging/usr/include'
 /usr/bin/mkdir -p '/build/arkana/staging/usr/lib/pkgconfig'
 /usr/bin/install -c -m 644 libcap-ng.pc '/build/arkana/staging/usr/lib/pkgconfig'
make[5]: Leaving directory '/build/arkana/src/libcap-ng-0.8.5/src'
make[4]: Leaving directory '/build/arkana/src/libcap-ng-0.8.5/src'
make[3]: Leaving directory '/build/arkana/src/libcap-ng-0.8.5/src'
Making install in utils
make[3]: Entering directory '/build/arkana/src/libcap-ng-0.8.5/utils'
make[4]: Entering directory '/build/arkana/src/libcap-ng-0.8.5/utils'
 /usr/bin/mkdir -p '/build/arkana/staging/usr/bin'
  /bin/sh ../libtool   --mode=install /usr/bin/install -c pscap netcap filecap captest '/build/arkana/staging/usr/bin'
libtool: warning: '../src/libcap-ng.la' has not been installed in '/usr/lib'
libtool: install: /usr/bin/install -c .libs/pscap /build/arkana/staging/usr/bin/pscap
libtool: warning: '../src/libcap-ng.la' has not been installed in '/usr/lib'
libtool: install: /usr/bin/install -c .libs/netcap /build/arkana/staging/usr/bin/netcap
libtool: warning: '../src/libcap-ng.la' has not been installed in '/usr/lib'
libtool: install: /usr/bin/install -c .libs/filecap /build/arkana/staging/usr/bin/filecap
libtool: warning: '../src/libcap-ng.la' has not been installed in '/usr/lib'
libtool: install: /usr/bin/install -c .libs/captest /build/arkana/staging/usr/bin/captest
 /usr/bin/mkdir -p '/build/arkana/staging/usr/share/man/man8'
 /usr/bin/install -c -m 644 pscap.8 netcap.8 filecap.8 captest.8 '/build/arkana/staging/usr/share/man/man8'
make[4]: Leaving directory '/build/arkana/src/libcap-ng-0.8.5/utils'
make[3]: Leaving directory '/build/arkana/src/libcap-ng-0.8.5/utils'
Making install in m4
make[3]: Entering directory '/build/arkana/src/libcap-ng-0.8.5/m4'
make[4]: Entering directory '/build/arkana/src/libcap-ng-0.8.5/m4'
make[4]: Nothing to be done for 'install-exec-am'.
 /usr/bin/mkdir -p '/build/arkana/staging/usr/share/aclocal'
 /usr/bin/install -c -m 644 cap-ng.m4 '/build/arkana/staging/usr/share/aclocal'
make[4]: Leaving directory '/build/arkana/src/libcap-ng-0.8.5/m4'
make[3]: Leaving directory '/build/arkana/src/libcap-ng-0.8.5/m4'
Making install in docs
make[3]: Entering directory '/build/arkana/src/libcap-ng-0.8.5/docs'
make[4]: Entering directory '/build/arkana/src/libcap-ng-0.8.5/docs'
make[4]: Nothing to be done for 'install-exec-am'.
 /usr/bin/mkdir -p '/build/arkana/staging/usr/share/man/man3'
 /usr/bin/install -c -m 644 capng_clear.3 capng_fill.3 capng_setpid.3 capng_get_caps_process.3 capng_update.3 capng_updatev.3 capng_apply.3 capng_lock.3 capng_change_id.3 capng_get_caps_fd.3 capng_apply_caps_fd.3 capng_have_capabilities.3 capng_get_rootid.3 capng_set_rootid.3 capng_have_capability.3 capng_print_caps_numeric.3 capng_print_caps_text.3 capng_name_to_capability.3 capng_capability_to_name.3 capng_save_state.3 capng_restore_state.3 '/build/arkana/staging/usr/share/man/man3'
 /usr/bin/mkdir -p '/build/arkana/staging/usr/share/man/man7'
 /usr/bin/install -c -m 644 libdrop_ambient.7 '/build/arkana/staging/usr/share/man/man7'
make[4]: Leaving directory '/build/arkana/src/libcap-ng-0.8.5/docs'
make[3]: Leaving directory '/build/arkana/src/libcap-ng-0.8.5/docs'
make[3]: Entering directory '/build/arkana/src/libcap-ng-0.8.5'
make[4]: Entering directory '/build/arkana/src/libcap-ng-0.8.5'
make[4]: Nothing to be done for 'install-exec-am'.
make[4]: Nothing to be done for 'install-data-am'.
make[4]: Leaving directory '/build/arkana/src/libcap-ng-0.8.5'
make[3]: Leaving directory '/build/arkana/src/libcap-ng-0.8.5'
make[2]: Leaving directory '/build/arkana/src/libcap-ng-0.8.5'
touch .libcap-ng-done
cd /build/arkana/src && wget -O acl-2.3.2.tar.gz https://download-mirror.savannah.gnu.org/releases/acl/acl-2.3.2.tar.gz && tar xf acl-2.3.2.tar.gz
--2026-08-05 12:22:39--  https://download-mirror.savannah.gnu.org/releases/acl/acl-2.3.2.tar.gz
Loaded CA certificate '/etc/ssl/certs/ca-certificates.crt'
Resolving download-mirror.savannah.gnu.org (download-mirror.savannah.gnu.org)... 209.51.188.200, 2001:470:142:5::200
Connecting to download-mirror.savannah.gnu.org (download-mirror.savannah.gnu.org)|209.51.188.200|:443... connected.
HTTP request sent, awaiting response... 200 OK
Length: 555754 (543K) [application/octet-stream]
Saving to: ‘acl-2.3.2.tar.gz’

     0K .......... .......... .......... .......... ..........  9%  190K 3s
    50K .......... .......... .......... .......... .......... 18%  122K 3s
   100K .......... .......... .......... .......... .......... 27%  122K 3s
   150K .......... .......... .......... .......... .......... 36%  311M 2s
   200K .......... .......... .......... .......... .......... 46%  122K 2s
   250K .......... .......... .......... .......... .......... 55%  658M 1s
   300K .......... .......... .......... .......... .......... 64% 23.3M 1s
   350K .......... .......... .......... .......... .......... 73% 66.0M 1s
   400K .......... .......... .......... .......... .......... 82%  102K 0s
   450K .......... .......... .......... .......... .......... 92%  220M 0s
   500K .......... .......... .......... .......... ..        100%  494M=2.0s

2026-08-05 12:22:44 (273 KB/s) - ‘acl-2.3.2.tar.gz’ saved [555754/555754]

touch .acl-obtained
cd /build/arkana/src/acl-2.3.2 && ./configure --prefix=/usr --docdir=/usr/share/doc/acl-2.3.2 && \
make -j8 && make DESTDIR=/build/arkana/staging install
checking for a BSD-compatible install... /usr/bin/install -c
checking whether build environment is sane... yes
checking for a race-free mkdir -p... /usr/bin/mkdir -p
checking for gawk... gawk
checking whether make sets $(MAKE)... yes
checking whether make supports nested variables... yes
checking whether make supports nested variables... (cached) yes
checking for gcc... ccache gcc
checking whether the C compiler works... yes
checking for C compiler default output file name... a.out
checking for suffix of executables... 
checking whether we are cross compiling... no
checking for suffix of object files... o
checking whether the compiler supports GNU C... yes
checking whether ccache gcc accepts -g... yes
checking for ccache gcc option to enable C11 features... none needed
checking whether ccache gcc understands -c and -o together... yes
checking whether make supports the include directive... yes (GNU style)
checking dependency style of ccache gcc... gcc3
checking for stdio.h... yes
checking for stdlib.h... yes
checking for string.h... yes
checking for inttypes.h... yes
checking for stdint.h... yes
checking for strings.h... yes
checking for sys/stat.h... yes
checking for sys/types.h... yes
checking for unistd.h... yes
checking for wchar.h... yes
checking for minix/config.h... no
checking whether it is safe to define __EXTENSIONS__... yes
checking whether _XOPEN_SOURCE should be defined... no
checking whether __attribute__((visibility())) is supported... yes
checking whether byte ordering is bigendian... no
checking for ccache gcc option to enable large file support... none needed
checking for ar... ar
checking the archiver (ar) interface... ar
checking build system type... x86_64-pc-linux-gnu
checking host system type... x86_64-pc-linux-gnu
checking how to print strings... printf
checking for a sed that does not truncate output... /usr/bin/sed
checking for grep that handles long lines and -e... /usr/bin/grep
checking for egrep... /usr/bin/grep -E
checking for fgrep... /usr/bin/grep -F
checking for ld used by ccache gcc... /usr/bin/ld
checking if the linker (/usr/bin/ld) is GNU ld... yes
checking for BSD- or MS-compatible name lister (nm)... /usr/bin/nm -B
checking the name lister (/usr/bin/nm -B) interface... BSD nm
checking whether ln -s works... yes
checking the maximum length of command line arguments... 1572864
checking how to convert x86_64-pc-linux-gnu file names to x86_64-pc-linux-gnu format... func_convert_file_noop
checking how to convert x86_64-pc-linux-gnu file names to toolchain format... func_convert_file_noop
checking for /usr/bin/ld option to reload object files... -r
checking for file... file
checking for objdump... objdump
checking how to recognize dependent libraries... pass_all
checking for dlltool... no
checking how to associate runtime and link libraries... printf %s\n
checking for archiver @FILE support... @
checking for strip... strip
checking for ranlib... ranlib
checking command to parse /usr/bin/nm -B output from ccache gcc object... ok
checking for sysroot... no
checking for a working dd... /usr/bin/dd
checking how to truncate binary pipes... /usr/bin/dd bs=4096 count=1
checking for mt... no
checking if : is a manifest tool... no
checking for dlfcn.h... yes
checking for objdir... .libs
checking if ccache gcc supports -fno-rtti -fno-exceptions... no
checking for ccache gcc option to produce PIC... -fPIC -DPIC
checking if ccache gcc PIC flag -fPIC -DPIC works... yes
checking if ccache gcc static flag -static works... yes
checking if ccache gcc supports -c -o file.o... yes
checking if ccache gcc supports -c -o file.o... (cached) yes
checking whether the ccache gcc linker (/usr/bin/ld -m elf_x86_64) supports shared libraries... yes
checking whether -lc should be explicitly linked in... no
checking dynamic linker characteristics... GNU/Linux ld.so
checking how to hardcode library paths into programs... immediate
checking whether stripping libraries is possible... yes
checking if libtool supports shared libraries... yes
checking whether to build shared libraries... yes
checking whether to build static libraries... yes
checking whether NLS is requested... yes
checking for msgfmt... /usr/bin/msgfmt
checking for gmsgfmt... /usr/bin/msgfmt
checking for xgettext... /usr/bin/xgettext
checking for msgmerge... /usr/bin/msgmerge
checking for ld... /usr/bin/ld -m elf_x86_64
checking if the linker (/usr/bin/ld -m elf_x86_64) is GNU ld... yes
checking for shared library run path origin... done
checking 32-bit host C ABI... no
checking how to run the C preprocessor... ccache gcc -E
checking for egrep -e... (cached) /usr/bin/grep -E
checking for ELF binary format... yes
checking for the common suffixes of directories in the library search path... lib,lib,lib64
checking for CFPreferencesCopyAppValue... no
checking for CFLocaleCopyPreferredLanguages... no
checking for GNU gettext in libc... yes
checking whether to use NLS... yes
checking where the gettext function comes from... libc
checking for attr/error_context.h... yes
checking for getxattr in -lattr... yes
checking that generated files are newer than configure... done
configure: creating ./config.status
config.status: creating libacl.pc
config.status: creating Makefile
config.status: creating po/Makefile.in
config.status: creating include/config.h
config.status: executing depfiles commands
config.status: executing libtool commands
config.status: executing po-directories commands
config.status: creating po/POTFILES
config.status: creating po/Makefile
config.status: executing include/acl commands
config.status: executing include/sys commands
make[2]: Entering directory '/build/arkana/src/acl-2.3.2'
Making all in po
make[3]: Entering directory '/build/arkana/src/acl-2.3.2/po'
make[3]: Nothing to be done for 'all'.
make[3]: Leaving directory '/build/arkana/src/acl-2.3.2/po'
make[3]: Entering directory '/build/arkana/src/acl-2.3.2'
  CC       libacl/la-acl_clear_perms.lo
  CC       libacl/la-acl_copy_ext.lo
  CC       libacl/la-acl_add_perm.lo
  CC       libacl/la-acl_copy_int.lo
  CC       libacl/la-acl_copy_entry.lo
  CC       tools/chacl.o
  CC       libacl/la-acl_calc_mask.lo
  CC       libacl/la-acl_create_entry.lo
  CC       libacl/la-acl_delete_def_file.lo
  CC       libacl/la-acl_delete_entry.lo
  CC       libacl/la-acl_delete_perm.lo
  CC       libacl/la-acl_dup.lo
  CC       libacl/la-acl_free.lo
  CC       libacl/la-acl_from_text.lo
  CC       libacl/la-acl_get_entry.lo
  CC       libacl/la-acl_get_fd.lo
  CC       libacl/la-acl_get_file.lo
  CC       libacl/la-acl_get_perm.lo
  CC       libacl/la-acl_get_permset.lo
  CC       libacl/la-acl_get_qualifier.lo
  CC       libacl/la-acl_get_tag_type.lo
  CC       libacl/la-acl_init.lo
  CC       libacl/la-acl_set_fd.lo
  CC       libacl/la-acl_set_file.lo
  CC       libacl/la-acl_set_permset.lo
  CC       libacl/la-acl_set_qualifier.lo
  CC       libacl/la-acl_set_tag_type.lo
  CC       libacl/la-acl_size.lo
  CC       libacl/la-acl_to_text.lo
  CC       libacl/la-acl_valid.lo
  CC       libacl/la-acl_check.lo
  CC       libacl/la-acl_cmp.lo
  CC       libacl/la-acl_equiv_mode.lo
  CC       libacl/la-acl_entries.lo
  CC       libacl/la-acl_error.lo
  CC       libacl/la-acl_extended_fd.lo
  CC       libacl/la-acl_extended_file.lo
  CC       libacl/la-acl_extended_file_nofollow.lo
  CC       libacl/la-acl_from_mode.lo
  CC       libacl/la-acl_to_any_text.lo
  CC       libacl/la-__acl_extended_file.lo
  CC       libacl/la-__acl_from_xattr.lo
  CC       libacl/la-__acl_reorder_obj_p.lo
  CC       libacl/la-__acl_to_any_text.lo
  CC       libacl/la-__acl_to_xattr.lo
  CC       libacl/la-__apply_mask_to_mode.lo
  CC       libacl/la-__libobj.lo
  CC       libacl/la-perm_copy_fd.lo
  CC       libacl/la-perm_copy_file.lo
  CC       libmisc/uid_gid_lookup.lo
  CC       libmisc/high_water_alloc.lo
  CC       libmisc/next_line.lo
  CC       libmisc/quote.lo
  CC       libmisc/unquote.lo
  CC       libmisc/walk_tree.lo
  CC       tools/getfacl.o
  CC       tools/user_group.o
  CC       tools/do_set.o
  CC       tools/parse.o
  CC       tools/sequence.o
  CC       tools/setfacl.o
  CCLD     libmisc.la
  CCLD     libacl.la
  CCLD     chacl
  CCLD     setfacl
  CCLD     getfacl
make[3]: Leaving directory '/build/arkana/src/acl-2.3.2'
make[2]: Leaving directory '/build/arkana/src/acl-2.3.2'
make[2]: Entering directory '/build/arkana/src/acl-2.3.2'
Making install in po
make[3]: Entering directory '/build/arkana/src/acl-2.3.2/po'
installing de.gmo as /build/arkana/staging/usr/share/locale/de/LC_MESSAGES/acl.mo
installing es.gmo as /build/arkana/staging/usr/share/locale/es/LC_MESSAGES/acl.mo
installing fr.gmo as /build/arkana/staging/usr/share/locale/fr/LC_MESSAGES/acl.mo
installing gl.gmo as /build/arkana/staging/usr/share/locale/gl/LC_MESSAGES/acl.mo
installing ka.gmo as /build/arkana/staging/usr/share/locale/ka/LC_MESSAGES/acl.mo
installing pl.gmo as /build/arkana/staging/usr/share/locale/pl/LC_MESSAGES/acl.mo
installing sv.gmo as /build/arkana/staging/usr/share/locale/sv/LC_MESSAGES/acl.mo
installing en@boldquot.gmo as /build/arkana/staging/usr/share/locale/en@boldquot/LC_MESSAGES/acl.mo
installing en@quot.gmo as /build/arkana/staging/usr/share/locale/en@quot/LC_MESSAGES/acl.mo
if test "acl" = "gettext-tools"; then \
  /usr/bin/mkdir -p /build/arkana/staging/usr/share/gettext/po; \
  for file in Makefile.in.in remove-potcdate.sin quot.sed boldquot.sed en@quot.header en@boldquot.header insert-header.sin Rules-quot   Makevars.template; do \
    /usr/bin/install -c -m 644 ./$file \
		    /build/arkana/staging/usr/share/gettext/po/$file; \
  done; \
  for file in Makevars; do \
    rm -f /build/arkana/staging/usr/share/gettext/po/$file; \
  done; \
else \
  : ; \
fi
make[3]: Leaving directory '/build/arkana/src/acl-2.3.2/po'
make[3]: Entering directory '/build/arkana/src/acl-2.3.2'
make[4]: Entering directory '/build/arkana/src/acl-2.3.2'
 /usr/bin/mkdir -p '/build/arkana/staging/usr/lib'
 /bin/sh ./libtool   --mode=install /usr/bin/install -c   libacl.la '/build/arkana/staging/usr/lib'
libtool: install: /usr/bin/install -c .libs/libacl.so.1.1.2302 /build/arkana/staging/usr/lib/libacl.so.1.1.2302
libtool: install: (cd /build/arkana/staging/usr/lib && { ln -s -f libacl.so.1.1.2302 libacl.so.1 || { rm -f libacl.so.1 && ln -s libacl.so.1.1.2302 libacl.so.1; }; })
libtool: install: (cd /build/arkana/staging/usr/lib && { ln -s -f libacl.so.1.1.2302 libacl.so || { rm -f libacl.so && ln -s libacl.so.1.1.2302 libacl.so; }; })
libtool: install: /usr/bin/install -c .libs/libacl.lai /build/arkana/staging/usr/lib/libacl.la
libtool: install: /usr/bin/install -c .libs/libacl.a /build/arkana/staging/usr/lib/libacl.a
libtool: install: chmod 644 /build/arkana/staging/usr/lib/libacl.a
libtool: install: ranlib /build/arkana/staging/usr/lib/libacl.a
libtool: warning: remember to run 'libtool --finish /usr/lib'
 /usr/bin/mkdir -p '/build/arkana/staging/usr/bin'
  /bin/sh ./libtool   --mode=install /usr/bin/install -c chacl getfacl setfacl '/build/arkana/staging/usr/bin'
libtool: warning: 'libacl.la' has not been installed in '/usr/lib'
libtool: install: /usr/bin/install -c .libs/chacl /build/arkana/staging/usr/bin/chacl
libtool: warning: 'libacl.la' has not been installed in '/usr/lib'
libtool: install: /usr/bin/install -c .libs/getfacl /build/arkana/staging/usr/bin/getfacl
libtool: warning: 'libacl.la' has not been installed in '/usr/lib'
libtool: install: /usr/bin/install -c .libs/setfacl /build/arkana/staging/usr/bin/setfacl
subst_install_header() { file=`echo "$1" | sed -e 's,^.*/,,'`; /usr/bin/sed -e "s/\<EXPORT\>/extern/" < "$1" > "include/$file.t" || exit 1; /usr/bin/mkdir -p "$2" || exit 1; /usr/bin/install -c -m 644 "include/$file.t" "$2/$file" || exit 1; rm -f "include/$file.t"; }; subst_install_header "include/libacl.h" "/build/arkana/staging/usr/include/acl"
subst_install_header() { file=`echo "$1" | sed -e 's,^.*/,,'`; /usr/bin/sed -e "s/\<EXPORT\>/extern/" < "$1" > "include/$file.t" || exit 1; /usr/bin/mkdir -p "$2" || exit 1; /usr/bin/install -c -m 644 "include/$file.t" "$2/$file" || exit 1; rm -f "include/$file.t"; }; subst_install_header "include/acl.h" "/build/arkana/staging/usr/include/sys"
 /usr/bin/mkdir -p '/build/arkana/staging/usr/share/doc/acl-2.3.2'
 /usr/bin/install -c -m 644 doc/CHANGES doc/COPYING doc/COPYING.LGPL doc/extensions.txt doc/libacl.txt '/build/arkana/staging/usr/share/doc/acl-2.3.2'
 /usr/bin/mkdir -p '/build/arkana/staging/usr/share/man/man1'
 /usr/bin/install -c -m 644 man/man1/chacl.1 man/man1/getfacl.1 man/man1/setfacl.1 '/build/arkana/staging/usr/share/man/man1'
 /usr/bin/mkdir -p '/build/arkana/staging/usr/share/man/man3'
 /usr/bin/install -c -m 644 man/man3/acl_add_perm.3 man/man3/acl_calc_mask.3 man/man3/acl_check.3 man/man3/acl_clear_perms.3 man/man3/acl_cmp.3 man/man3/acl_copy_entry.3 man/man3/acl_copy_ext.3 man/man3/acl_copy_int.3 man/man3/acl_create_entry.3 man/man3/acl_delete_def_file.3 man/man3/acl_delete_entry.3 man/man3/acl_delete_perm.3 man/man3/acl_dup.3 man/man3/acl_entries.3 man/man3/acl_equiv_mode.3 man/man3/acl_error.3 man/man3/acl_extended_fd.3 man/man3/acl_extended_file.3 man/man3/acl_extended_file_nofollow.3 man/man3/acl_free.3 man/man3/acl_from_mode.3 man/man3/acl_from_text.3 man/man3/acl_get_entry.3 man/man3/acl_get_fd.3 man/man3/acl_get_file.3 man/man3/acl_get_perm.3 man/man3/acl_get_permset.3 man/man3/acl_get_qualifier.3 man/man3/acl_get_tag_type.3 man/man3/acl_init.3 man/man3/acl_set_fd.3 man/man3/acl_set_file.3 man/man3/acl_set_permset.3 man/man3/acl_set_qualifier.3 man/man3/acl_set_tag_type.3 man/man3/acl_size.3 man/man3/acl_to_any_text.3 man/man3/acl_to_text.3 man/man3/acl_valid.3 '/build/arkana/staging/usr/share/man/man3'
 /usr/bin/mkdir -p '/build/arkana/staging/usr/share/man/man5'
 /usr/bin/install -c -m 644 man/man5/acl.5 '/build/arkana/staging/usr/share/man/man5'
 /usr/bin/mkdir -p '/build/arkana/staging/usr/lib/pkgconfig'
 /usr/bin/install -c -m 644 libacl.pc '/build/arkana/staging/usr/lib/pkgconfig'
make[4]: Leaving directory '/build/arkana/src/acl-2.3.2'
make[3]: Leaving directory '/build/arkana/src/acl-2.3.2'
make[2]: Leaving directory '/build/arkana/src/acl-2.3.2'
touch .acl-done
cd /build/arkana/src && wget -O attr-2.5.2.tar.gz https://download-mirror.savannah.gnu.org/releases/attr/attr-2.5.2.tar.gz && tar xf attr-2.5.2.tar.gz
--2026-08-05 12:22:49--  https://download-mirror.savannah.gnu.org/releases/attr/attr-2.5.2.tar.gz
Loaded CA certificate '/etc/ssl/certs/ca-certificates.crt'
Resolving download-mirror.savannah.gnu.org (download-mirror.savannah.gnu.org)... 209.51.188.200, 2001:470:142:5::200
Connecting to download-mirror.savannah.gnu.org (download-mirror.savannah.gnu.org)|209.51.188.200|:443... connected.
HTTP request sent, awaiting response... 200 OK
Length: 492539 (481K) [application/octet-stream]
Saving to: ‘attr-2.5.2.tar.gz’

     0K .......... .......... .......... .......... .......... 10%  122K 4s
    50K .......... .......... .......... .......... .......... 20%  122K 3s
   100K .......... .......... .......... .......... .......... 31%  244K 2s
   150K .......... .......... .......... .......... .......... 41%  243K 2s
   200K .......... .......... .......... .......... .......... 51% 32.8M 1s
   250K .......... .......... .......... .......... .......... 62%  247K 1s
   300K .......... .......... .......... .......... .......... 72% 42.6M 1s
   350K .......... .......... .......... .......... .......... 83%  485K 0s
   400K .......... .......... .......... .......... .......... 93%  551M 0s
   450K .......... .......... ..........                      100% 58.8M=1.5s

2026-08-05 12:22:54 (313 KB/s) - ‘attr-2.5.2.tar.gz’ saved [492539/492539]

touch .attr-obtained
cd /build/arkana/src/attr-2.5.2 && ./configure --prefix=/usr --sysconfdir=/etc --docdir=/usr/share/doc/attr-2.5.2 && make -j8 && \
make DESTDIR=/build/arkana/staging install
checking for a BSD-compatible install... /usr/bin/install -c
checking whether build environment is sane... yes
checking for a race-free mkdir -p... /usr/bin/mkdir -p
checking for gawk... gawk
checking whether make sets $(MAKE)... yes
checking whether make supports nested variables... yes
checking whether make supports nested variables... (cached) yes
checking build system type... x86_64-pc-linux-gnu
checking host system type... x86_64-pc-linux-gnu
checking for gcc... ccache gcc
checking whether the C compiler works... yes
checking for C compiler default output file name... a.out
checking for suffix of executables... 
checking whether we are cross compiling... no
checking for suffix of object files... o
checking whether the compiler supports GNU C... yes
checking whether ccache gcc accepts -g... yes
checking for ccache gcc option to enable C11 features... none needed
checking whether ccache gcc understands -c and -o together... yes
checking whether make supports the include directive... yes (GNU style)
checking dependency style of ccache gcc... gcc3
checking for stdio.h... yes
checking for stdlib.h... yes
checking for string.h... yes
checking for inttypes.h... yes
checking for stdint.h... yes
checking for strings.h... yes
checking for sys/stat.h... yes
checking for sys/types.h... yes
checking for unistd.h... yes
checking for wchar.h... yes
checking for minix/config.h... no
checking whether it is safe to define __EXTENSIONS__... yes
checking whether _XOPEN_SOURCE should be defined... no
checking for an ANSI C-conforming const... yes
checking for mode_t... yes
checking for size_t... yes
checking for working alloca.h... yes
checking for alloca... yes
checking whether __attribute__((visibility())) is supported... yes
checking for special C compiler options needed for large files... no
checking for _FILE_OFFSET_BITS value needed for large files... no
checking for ar... ar
checking the archiver (ar) interface... ar
checking how to print strings... printf
checking for a sed that does not truncate output... /usr/bin/sed
checking for grep that handles long lines and -e... /usr/bin/grep
checking for egrep... /usr/bin/grep -E
checking for fgrep... /usr/bin/grep -F
checking for ld used by ccache gcc... /usr/bin/ld
checking if the linker (/usr/bin/ld) is GNU ld... yes
checking for BSD- or MS-compatible name lister (nm)... /usr/bin/nm -B
checking the name lister (/usr/bin/nm -B) interface... BSD nm
checking whether ln -s works... yes
checking the maximum length of command line arguments... 1572864
checking how to convert x86_64-pc-linux-gnu file names to x86_64-pc-linux-gnu format... func_convert_file_noop
checking how to convert x86_64-pc-linux-gnu file names to toolchain format... func_convert_file_noop
checking for /usr/bin/ld option to reload object files... -r
checking for file... file
checking for objdump... objdump
checking how to recognize dependent libraries... pass_all
checking for dlltool... no
checking how to associate runtime and link libraries... printf %s\n
checking for archiver @FILE support... @
checking for strip... strip
checking for ranlib... ranlib
checking command to parse /usr/bin/nm -B output from ccache gcc object... ok
checking for sysroot... no
checking for a working dd... /usr/bin/dd
checking how to truncate binary pipes... /usr/bin/dd bs=4096 count=1
checking for mt... no
checking if : is a manifest tool... no
checking for dlfcn.h... yes
checking for objdir... .libs
checking if ccache gcc supports -fno-rtti -fno-exceptions... no
checking for ccache gcc option to produce PIC... -fPIC -DPIC
checking if ccache gcc PIC flag -fPIC -DPIC works... yes
checking if ccache gcc static flag -static works... yes
checking if ccache gcc supports -c -o file.o... yes
checking if ccache gcc supports -c -o file.o... (cached) yes
checking whether the ccache gcc linker (/usr/bin/ld -m elf_x86_64) supports shared libraries... yes
checking whether -lc should be explicitly linked in... no
checking dynamic linker characteristics... GNU/Linux ld.so
checking how to hardcode library paths into programs... immediate
checking whether stripping libraries is possible... yes
checking if libtool supports shared libraries... yes
checking whether to build shared libraries... yes
checking whether to build static libraries... yes
checking whether NLS is requested... yes
checking for msgfmt... /usr/bin/msgfmt
checking for gmsgfmt... /usr/bin/msgfmt
checking for xgettext... /usr/bin/xgettext
checking for msgmerge... /usr/bin/msgmerge
checking for ld used by ccache gcc... /usr/bin/ld -m elf_x86_64
checking if the linker (/usr/bin/ld -m elf_x86_64) is GNU ld... yes
checking for shared library run path origin... done
checking how to run the C preprocessor... ccache gcc -E
checking for CFPreferencesCopyAppValue... no
checking for CFLocaleCopyCurrent... no
checking for GNU gettext in libc... yes
checking whether to use NLS... yes
checking where the gettext function comes from... libc
checking that generated files are newer than configure... done
configure: creating ./config.status
config.status: creating libattr.pc
config.status: creating Makefile
config.status: creating po/Makefile.in
config.status: creating include/config.h
config.status: executing depfiles commands
config.status: executing libtool commands
config.status: executing po-directories commands
config.status: creating po/POTFILES
config.status: creating po/Makefile
config.status: executing include/attr commands
make[2]: Entering directory '/build/arkana/src/attr-2.5.2'
Making all in po
make[3]: Entering directory '/build/arkana/src/attr-2.5.2/po'
make[3]: Nothing to be done for 'all'.
make[3]: Leaving directory '/build/arkana/src/attr-2.5.2/po'
make[3]: Entering directory '/build/arkana/src/attr-2.5.2'
  CC       libattr/la-attr_copy_check.lo
  CC       tools/attr.o
  CC       tools/setfattr.o
  CC       libattr/la-attr_copy_action.lo
  CC       tools/getfattr.o
  CC       libattr/la-attr_copy_fd.lo
  CC       libattr/la-attr_copy_file.lo
  CC       libattr/la-libattr.lo
  CC       libattr/la-syscalls.lo
  CC       libmisc/high_water_alloc.lo
  CC       libmisc/next_line.lo
  CC       libmisc/quote.lo
  CC       libmisc/unquote.lo
  CC       libmisc/walk_tree.lo
  CCLD     libattr.la
  CCLD     libmisc.la
  CCLD     getfattr
  CCLD     attr
  CCLD     setfattr
make[3]: Leaving directory '/build/arkana/src/attr-2.5.2'
make[2]: Leaving directory '/build/arkana/src/attr-2.5.2'
make[2]: Entering directory '/build/arkana/src/attr-2.5.2'
Making install in po
make[3]: Entering directory '/build/arkana/src/attr-2.5.2/po'
installing cs.gmo as /build/arkana/staging/usr/share/locale/cs/LC_MESSAGES/attr.mo
installing de.gmo as /build/arkana/staging/usr/share/locale/de/LC_MESSAGES/attr.mo
installing es.gmo as /build/arkana/staging/usr/share/locale/es/LC_MESSAGES/attr.mo
installing fr.gmo as /build/arkana/staging/usr/share/locale/fr/LC_MESSAGES/attr.mo
installing gl.gmo as /build/arkana/staging/usr/share/locale/gl/LC_MESSAGES/attr.mo
installing ka.gmo as /build/arkana/staging/usr/share/locale/ka/LC_MESSAGES/attr.mo
installing nl.gmo as /build/arkana/staging/usr/share/locale/nl/LC_MESSAGES/attr.mo
installing pl.gmo as /build/arkana/staging/usr/share/locale/pl/LC_MESSAGES/attr.mo
installing sv.gmo as /build/arkana/staging/usr/share/locale/sv/LC_MESSAGES/attr.mo
installing en@boldquot.gmo as /build/arkana/staging/usr/share/locale/en@boldquot/LC_MESSAGES/attr.mo
installing en@quot.gmo as /build/arkana/staging/usr/share/locale/en@quot/LC_MESSAGES/attr.mo
if test "attr" = "gettext-tools"; then \
  /usr/bin/mkdir -p /build/arkana/staging/usr/share/gettext/po; \
  for file in Makefile.in.in remove-potcdate.sin quot.sed boldquot.sed en@quot.header en@boldquot.header insert-header.sin Rules-quot   Makevars.template; do \
    /usr/bin/install -c -m 644 ./$file \
		    /build/arkana/staging/usr/share/gettext/po/$file; \
  done; \
  for file in Makevars; do \
    rm -f /build/arkana/staging/usr/share/gettext/po/$file; \
  done; \
else \
  : ; \
fi
make[3]: Leaving directory '/build/arkana/src/attr-2.5.2/po'
make[3]: Entering directory '/build/arkana/src/attr-2.5.2'
make[4]: Entering directory '/build/arkana/src/attr-2.5.2'
 /usr/bin/mkdir -p '/build/arkana/staging/usr/lib'
 /bin/sh ./libtool   --mode=install /usr/bin/install -c   libattr.la '/build/arkana/staging/usr/lib'
libtool: install: /usr/bin/install -c .libs/libattr.so.1.1.2502 /build/arkana/staging/usr/lib/libattr.so.1.1.2502
libtool: install: (cd /build/arkana/staging/usr/lib && { ln -s -f libattr.so.1.1.2502 libattr.so.1 || { rm -f libattr.so.1 && ln -s libattr.so.1.1.2502 libattr.so.1; }; })
libtool: install: (cd /build/arkana/staging/usr/lib && { ln -s -f libattr.so.1.1.2502 libattr.so || { rm -f libattr.so && ln -s libattr.so.1.1.2502 libattr.so; }; })
libtool: install: /usr/bin/install -c .libs/libattr.lai /build/arkana/staging/usr/lib/libattr.la
libtool: install: /usr/bin/install -c .libs/libattr.a /build/arkana/staging/usr/lib/libattr.a
libtool: install: chmod 644 /build/arkana/staging/usr/lib/libattr.a
libtool: install: ranlib /build/arkana/staging/usr/lib/libattr.a
libtool: warning: remember to run 'libtool --finish /usr/lib'
 /usr/bin/mkdir -p '/build/arkana/staging/usr/bin'
  /bin/sh ./libtool   --mode=install /usr/bin/install -c attr getfattr setfattr '/build/arkana/staging/usr/bin'
libtool: warning: 'libattr.la' has not been installed in '/usr/lib'
libtool: install: /usr/bin/install -c .libs/attr /build/arkana/staging/usr/bin/attr
libtool: warning: 'libattr.la' has not been installed in '/usr/lib'
libtool: install: /usr/bin/install -c .libs/getfattr /build/arkana/staging/usr/bin/getfattr
libtool: warning: 'libattr.la' has not been installed in '/usr/lib'
libtool: install: /usr/bin/install -c .libs/setfattr /build/arkana/staging/usr/bin/setfattr
 /usr/bin/mkdir -p '/build/arkana/staging/etc'
 /usr/bin/install -c -m 644 xattr.conf '/build/arkana/staging/etc'
subst_install_header() { file=`echo "$1" | sed -e 's,^.*/,,'`; /usr/bin/sed -e "s/\<EXPORT\>/extern/" < "$1" > "include/$file.t" || exit 1; /usr/bin/mkdir -p "$2" || exit 1; /usr/bin/install -c -m 644 "include/$file.t" "$2/$file" || exit 1; rm -f "include/$file.t"; }; subst_install_header "include/attributes.h" "/build/arkana/staging/usr/include/attr"
subst_install_header() { file=`echo "$1" | sed -e 's,^.*/,,'`; /usr/bin/sed -e "s/\<EXPORT\>/extern/" < "$1" > "include/$file.t" || exit 1; /usr/bin/mkdir -p "$2" || exit 1; /usr/bin/install -c -m 644 "include/$file.t" "$2/$file" || exit 1; rm -f "include/$file.t"; }; subst_install_header "include/error_context.h" "/build/arkana/staging/usr/include/attr"
subst_install_header() { file=`echo "$1" | sed -e 's,^.*/,,'`; /usr/bin/sed -e "s/\<EXPORT\>/extern/" < "$1" > "include/$file.t" || exit 1; /usr/bin/mkdir -p "$2" || exit 1; /usr/bin/install -c -m 644 "include/$file.t" "$2/$file" || exit 1; rm -f "include/$file.t"; }; subst_install_header "include/libattr.h" "/build/arkana/staging/usr/include/attr"
 /usr/bin/mkdir -p '/build/arkana/staging/usr/share/doc/attr-2.5.2'
 /usr/bin/install -c -m 644 doc/CHANGES doc/COPYING doc/COPYING.LGPL '/build/arkana/staging/usr/share/doc/attr-2.5.2'
 /usr/bin/mkdir -p '/build/arkana/staging/usr/share/man/man1'
 /usr/bin/install -c -m 644 man/man1/attr.1 man/man1/getfattr.1 man/man1/setfattr.1 '/build/arkana/staging/usr/share/man/man1'
 /usr/bin/mkdir -p '/build/arkana/staging/usr/share/man/man3'
 /usr/bin/install -c -m 644 man/man3/attr_get.3 man/man3/attr_list.3 man/man3/attr_multi.3 man/man3/attr_remove.3 man/man3/attr_set.3 '/build/arkana/staging/usr/share/man/man3'
 /usr/bin/mkdir -p '/build/arkana/staging/usr/lib/pkgconfig'
 /usr/bin/install -c -m 644 libattr.pc '/build/arkana/staging/usr/lib/pkgconfig'
make  install-data-hook
make[5]: Entering directory '/build/arkana/src/attr-2.5.2'
set -e; \
cd "/build/arkana/staging/usr/share/man"; \
for d in man/man1/attr.1 man/man1/getfattr.1 man/man1/setfattr.1 man/man3/attr_get.3 man/man3/attr_list.3 man/man3/attr_multi.3 man/man3/attr_remove.3 man/man3/attr_set.3; do \
	man_section=${d##*.}; \
	d=${d#man/}; \
	dst=${d##*/}; \
	for m in `gawk \
		'/^\.S[h|H] NAME/ {ok=1; next} ok {print; exit}' $d \
		| /usr/bin/sed \
			-e 's/^\.Nm //' -e 's/,/ /g' -e 's/\\-.*//' \
			-e 's/\\\f[0-9]//g' -e 's/  / /g;q'`; \
	do \
		[ "$m" = "\\" ] && continue; \
		ln="man$man_section/$m.$man_section"; \
		[ -e "$ln" ] && continue; \
		echo ln -s $dst $ln; \
		ln -s $dst $ln; \
	done; \
done
ln -s attr_get.3 man3/attr_getf.3
ln -s attr_list.3 man3/attr_listf.3
ln -s attr_multi.3 man3/attr_multif.3
ln -s attr_remove.3 man3/attr_removef.3
ln -s attr_set.3 man3/attr_setf.3
make[5]: Leaving directory '/build/arkana/src/attr-2.5.2'
make[4]: Leaving directory '/build/arkana/src/attr-2.5.2'
make[3]: Leaving directory '/build/arkana/src/attr-2.5.2'
make[2]: Leaving directory '/build/arkana/src/attr-2.5.2'
touch .attr-done
cd /build/arkana/src && wget -O libaio-0.3.113.tar.gz https://sources.buildroot.net/libaio/libaio-0.3.113.tar.gz && tar xf libaio-0.3.113.tar.gz
--2026-08-05 12:22:57--  https://sources.buildroot.net/libaio/libaio-0.3.113.tar.gz
Loaded CA certificate '/etc/ssl/certs/ca-certificates.crt'
Resolving sources.buildroot.net (sources.buildroot.net)... 104.26.1.37, 172.67.72.56, 104.26.0.37, ...
Connecting to sources.buildroot.net (sources.buildroot.net)|104.26.1.37|:443... connected.
HTTP request sent, awaiting response... 200 OK
Length: 49980 (49K) [application/x-gtar-compressed]
Saving to: ‘libaio-0.3.113.tar.gz’

     0K .......... .......... .......... .......... ........  100%  113M=0s

2026-08-05 12:22:58 (113 MB/s) - ‘libaio-0.3.113.tar.gz’ saved [49980/49980]

touch .libaio-obtained
cd /build/arkana/src/libaio-0.3.113 && make && make -j8 DESTDIR=/build/arkana/staging install
make[2]: Entering directory '/build/arkana/src/libaio-0.3.113'
make[3]: Entering directory '/build/arkana/src/libaio-0.3.113/src'
ccache gcc -std=gnu17   -mtls-dialect=gnu   -Wall -I. -fPIC -c -o io_queue_init.ol io_queue_init.c
ccache gcc -std=gnu17   -mtls-dialect=gnu   -Wall -I. -fPIC -c -o io_queue_release.ol io_queue_release.c
ccache gcc -std=gnu17   -mtls-dialect=gnu   -Wall -I. -fPIC -c -o io_queue_wait.ol io_queue_wait.c
ccache gcc -std=gnu17   -mtls-dialect=gnu   -Wall -I. -fPIC -c -o io_queue_run.ol io_queue_run.c
ccache gcc -std=gnu17   -mtls-dialect=gnu   -Wall -I. -fPIC -c -o io_getevents.ol io_getevents.c
ccache gcc -std=gnu17   -mtls-dialect=gnu   -Wall -I. -fPIC -c -o io_submit.ol io_submit.c
ccache gcc -std=gnu17   -mtls-dialect=gnu   -Wall -I. -fPIC -c -o io_cancel.ol io_cancel.c
ccache gcc -std=gnu17   -mtls-dialect=gnu   -Wall -I. -fPIC -c -o io_setup.ol io_setup.c
ccache gcc -std=gnu17   -mtls-dialect=gnu   -Wall -I. -fPIC -c -o io_destroy.ol io_destroy.c
ccache gcc -std=gnu17   -mtls-dialect=gnu   -Wall -I. -fPIC -c -o io_pgetevents.ol io_pgetevents.c
ccache gcc -std=gnu17   -mtls-dialect=gnu   -Wall -I. -fPIC -c -o raw_syscall.ol raw_syscall.c
ccache gcc -std=gnu17   -mtls-dialect=gnu   -Wall -I. -fPIC -c -o compat-0_1.ol compat-0_1.c
rm -f libaio.a
ar r libaio.a io_queue_init.ol io_queue_release.ol io_queue_wait.ol io_queue_run.ol io_getevents.ol io_submit.ol io_cancel.ol io_setup.ol io_destroy.ol io_pgetevents.ol raw_syscall.ol compat-0_1.ol
ar: creating libaio.a
ranlib libaio.a
ccache gcc -shared -std=gnu17   -mtls-dialect=gnu   -Wall -I. -fPIC -c -o io_queue_init.os io_queue_init.c
ccache gcc -shared -std=gnu17   -mtls-dialect=gnu   -Wall -I. -fPIC -c -o io_queue_release.os io_queue_release.c
ccache gcc -shared -std=gnu17   -mtls-dialect=gnu   -Wall -I. -fPIC -c -o io_queue_wait.os io_queue_wait.c
ccache gcc -shared -std=gnu17   -mtls-dialect=gnu   -Wall -I. -fPIC -c -o io_queue_run.os io_queue_run.c
ccache gcc -shared -std=gnu17   -mtls-dialect=gnu   -Wall -I. -fPIC -c -o io_getevents.os io_getevents.c
ccache gcc -shared -std=gnu17   -mtls-dialect=gnu   -Wall -I. -fPIC -c -o io_submit.os io_submit.c
ccache gcc -shared -std=gnu17   -mtls-dialect=gnu   -Wall -I. -fPIC -c -o io_cancel.os io_cancel.c
ccache gcc -shared -std=gnu17   -mtls-dialect=gnu   -Wall -I. -fPIC -c -o io_setup.os io_setup.c
ccache gcc -shared -std=gnu17   -mtls-dialect=gnu   -Wall -I. -fPIC -c -o io_destroy.os io_destroy.c
ccache gcc -shared -std=gnu17   -mtls-dialect=gnu   -Wall -I. -fPIC -c -o io_pgetevents.os io_pgetevents.c
ccache gcc -shared -std=gnu17   -mtls-dialect=gnu   -Wall -I. -fPIC -c -o raw_syscall.os raw_syscall.c
ccache gcc -shared -std=gnu17   -mtls-dialect=gnu   -Wall -I. -fPIC -c -o compat-0_1.os compat-0_1.c
ccache gcc -std=gnu17   -mtls-dialect=gnu   -Wall -I. -fPIC -c struct_offsets.c
ccache gcc -shared -std=gnu17   -mtls-dialect=gnu   -Wall -I. -fPIC -Wl,--version-script=libaio.map -Wl,-soname=libaio.so.1 -o libaio.so.1.0.2 io_queue_init.os io_queue_release.os io_queue_wait.os io_queue_run.os io_getevents.os io_submit.os io_cancel.os io_setup.os io_destroy.os io_pgetevents.os raw_syscall.os compat-0_1.os 
make[3]: Leaving directory '/build/arkana/src/libaio-0.3.113/src'
make[2]: Leaving directory '/build/arkana/src/libaio-0.3.113'
make[2]: Entering directory '/build/arkana/src/libaio-0.3.113'
make[3]: Entering directory '/build/arkana/src/libaio-0.3.113/src'
install -D -m 644 libaio.h /build/arkana/staging/usr/include/libaio.h
install -D -m 644 libaio.a /build/arkana/staging/usr/lib/libaio.a
install -D -m 755 libaio.so.1.0.2 /build/arkana/staging/usr/lib/libaio.so.1.0.2
ln -sf libaio.so.1.0.2 /build/arkana/staging/usr/lib/libaio.so.1
ln -sf libaio.so.1.0.2 /build/arkana/staging/usr/lib/libaio.so
make[3]: Leaving directory '/build/arkana/src/libaio-0.3.113/src'
make[2]: Leaving directory '/build/arkana/src/libaio-0.3.113'
touch .libaio-done
cd /build/arkana/src && wget -O libtirpc-1.3.7.tar.bz2 https://downloads.sourceforge.net/libtirpc/libtirpc-1.3.7.tar.bz2 && tar xf libtirpc-1.3.7.tar.bz2
--2026-08-05 12:22:59--  https://downloads.sourceforge.net/libtirpc/libtirpc-1.3.7.tar.bz2
Loaded CA certificate '/etc/ssl/certs/ca-certificates.crt'
Resolving downloads.sourceforge.net (downloads.sourceforge.net)... 104.18.13.149, 104.18.12.149, 2606:4700:9c61:498:fc5:0:8280:21e3
Connecting to downloads.sourceforge.net (downloads.sourceforge.net)|104.18.13.149|:443... connected.
HTTP request sent, awaiting response... 